[2026-01-29T14:20:05.831+0000] {local_task_job_runner.py:120} INFO - ::group::Pre task execution logs
[2026-01-29T14:20:06.457+0000] {taskinstance.py:2076} INFO - Dependencies all met for dep_context=non-requeueable deps ti=<TaskInstance: minio_to_snowflake.download_minio scheduled__2026-01-29T14:19:00+00:00 [queued]>
[2026-01-29T14:20:06.481+0000] {taskinstance.py:2076} INFO - Dependencies all met for dep_context=requeueable deps ti=<TaskInstance: minio_to_snowflake.download_minio scheduled__2026-01-29T14:19:00+00:00 [queued]>
[2026-01-29T14:20:06.510+0000] {taskinstance.py:2306} INFO - Starting attempt 1 of 2
[2026-01-29T14:20:06.574+0000] {taskinstance.py:2330} INFO - Executing <Task(PythonOperator): download_minio> on 2026-01-29 14:19:00+00:00
[2026-01-29T14:20:06.633+0000] {logging_mixin.py:188} WARNING - /home/***/.local/lib/python3.12/site-packages/***/task/task_runner/standard_task_runner.py:62 DeprecationWarning: This process (pid=44783) is multi-threaded, use of fork() may lead to deadlocks in the child.
[2026-01-29T14:20:06.645+0000] {standard_task_runner.py:64} INFO - Started process 44845 to run task
[2026-01-29T14:20:06.643+0000] {standard_task_runner.py:90} INFO - Running: ['***', 'tasks', 'run', 'minio_to_snowflake', 'download_minio', 'scheduled__2026-01-29T14:19:00+00:00', '--job-id', '312', '--raw', '--subdir', 'DAGS_FOLDER/minio_to_snowflake.py', '--cfg-path', '/tmp/tmpcnrlsfy2']
[2026-01-29T14:20:06.659+0000] {standard_task_runner.py:91} INFO - Job 312: Subtask download_minio
[2026-01-29T14:20:07.063+0000] {task_command.py:426} INFO - Running <TaskInstance: minio_to_snowflake.download_minio scheduled__2026-01-29T14:19:00+00:00 [running]> on host 035a00487d49
[2026-01-29T14:20:07.539+0000] {taskinstance.py:2648} INFO - Exporting env vars: AIRFLOW_CTX_DAG_OWNER='***' AIRFLOW_CTX_DAG_ID='minio_to_snowflake' AIRFLOW_CTX_TASK_ID='download_minio' AIRFLOW_CTX_EXECUTION_DATE='2026-01-29T14:19:00+00:00' AIRFLOW_CTX_TRY_NUMBER='1' AIRFLOW_CTX_DAG_RUN_ID='scheduled__2026-01-29T14:19:00+00:00'
[2026-01-29T14:20:07.545+0000] {taskinstance.py:430} INFO - ::endgroup::
[2026-01-29T14:20:08.908+0000] {logging_mixin.py:188} INFO - Downloaded AAPL/1769692353.json
[2026-01-29T14:20:08.937+0000] {logging_mixin.py:188} INFO - Downloaded AAPL/1769692366.json
[2026-01-29T14:20:08.969+0000] {logging_mixin.py:188} INFO - Downloaded AAPL/1769692380.json
[2026-01-29T14:20:08.990+0000] {logging_mixin.py:188} INFO - Downloaded AAPL/1769692392.json
[2026-01-29T14:20:09.014+0000] {logging_mixin.py:188} INFO - Downloaded AAPL/1769692403.json
[2026-01-29T14:20:09.038+0000] {logging_mixin.py:188} INFO - Downloaded AAPL/1769692416.json
[2026-01-29T14:20:09.059+0000] {logging_mixin.py:188} INFO - Downloaded AAPL/1769692432.json
[2026-01-29T14:20:09.090+0000] {logging_mixin.py:188} INFO - Downloaded AAPL/1769692444.json
[2026-01-29T14:20:09.118+0000] {logging_mixin.py:188} INFO - Downloaded AAPL/1769692457.json
[2026-01-29T14:20:09.149+0000] {logging_mixin.py:188} INFO - Downloaded AAPL/1769692469.json
[2026-01-29T14:20:09.174+0000] {logging_mixin.py:188} INFO - Downloaded AAPL/1769692482.json
[2026-01-29T14:20:09.192+0000] {logging_mixin.py:188} INFO - Downloaded AAPL/1769692495.json
[2026-01-29T14:20:09.211+0000] {logging_mixin.py:188} INFO - Downloaded AAPL/1769692508.json
[2026-01-29T14:20:09.231+0000] {logging_mixin.py:188} INFO - Downloaded AAPL/1769692521.json
[2026-01-29T14:20:09.252+0000] {logging_mixin.py:188} INFO - Downloaded AAPL/1769692535.json
[2026-01-29T14:20:09.282+0000] {logging_mixin.py:188} INFO - Downloaded AAPL/1769692548.json
[2026-01-29T14:20:09.303+0000] {logging_mixin.py:188} INFO - Downloaded AAPL/1769692560.json
[2026-01-29T14:20:09.324+0000] {logging_mixin.py:188} INFO - Downloaded AAPL/1769692573.json
[2026-01-29T14:20:09.346+0000] {logging_mixin.py:188} INFO - Downloaded AAPL/1769692584.json
[2026-01-29T14:20:09.366+0000] {logging_mixin.py:188} INFO - Downloaded AAPL/1769692602.json
[2026-01-29T14:20:09.385+0000] {logging_mixin.py:188} INFO - Downloaded AAPL/1769692623.json
[2026-01-29T14:20:09.404+0000] {logging_mixin.py:188} INFO - Downloaded AAPL/1769692636.json
[2026-01-29T14:20:09.428+0000] {logging_mixin.py:188} INFO - Downloaded AAPL/1769692648.json
[2026-01-29T14:20:09.451+0000] {logging_mixin.py:188} INFO - Downloaded AAPL/1769692661.json
[2026-01-29T14:20:09.469+0000] {logging_mixin.py:188} INFO - Downloaded AAPL/1769692676.json
[2026-01-29T14:20:09.487+0000] {logging_mixin.py:188} INFO - Downloaded AAPL/1769692688.json
[2026-01-29T14:20:09.510+0000] {logging_mixin.py:188} INFO - Downloaded AAPL/1769692700.json
[2026-01-29T14:20:09.532+0000] {logging_mixin.py:188} INFO - Downloaded AAPL/1769692719.json
[2026-01-29T14:20:09.553+0000] {logging_mixin.py:188} INFO - Downloaded AAPL/1769692733.json
[2026-01-29T14:20:09.573+0000] {logging_mixin.py:188} INFO - Downloaded AAPL/1769692747.json
[2026-01-29T14:20:09.596+0000] {logging_mixin.py:188} INFO - Downloaded AAPL/1769692760.json
[2026-01-29T14:20:09.631+0000] {logging_mixin.py:188} INFO - Downloaded AAPL/1769692778.json
[2026-01-29T14:20:09.651+0000] {logging_mixin.py:188} INFO - Downloaded AAPL/1769692793.json
[2026-01-29T14:20:09.675+0000] {logging_mixin.py:188} INFO - Downloaded AAPL/1769692812.json
[2026-01-29T14:20:09.699+0000] {logging_mixin.py:188} INFO - Downloaded AAPL/1769692827.json
[2026-01-29T14:20:09.719+0000] {logging_mixin.py:188} INFO - Downloaded AAPL/1769692839.json
[2026-01-29T14:20:09.744+0000] {logging_mixin.py:188} INFO - Downloaded AAPL/1769692856.json
[2026-01-29T14:20:09.768+0000] {logging_mixin.py:188} INFO - Downloaded AAPL/1769692873.json
[2026-01-29T14:20:09.796+0000] {logging_mixin.py:188} INFO - Downloaded AAPL/1769692887.json
[2026-01-29T14:20:09.828+0000] {logging_mixin.py:188} INFO - Downloaded AAPL/1769692909.json
[2026-01-29T14:20:09.852+0000] {logging_mixin.py:188} INFO - Downloaded AAPL/1769692921.json
[2026-01-29T14:20:09.872+0000] {logging_mixin.py:188} INFO - Downloaded AAPL/1769692940.json
[2026-01-29T14:20:09.890+0000] {logging_mixin.py:188} INFO - Downloaded AAPL/1769692953.json
[2026-01-29T14:20:09.917+0000] {logging_mixin.py:188} INFO - Downloaded AAPL/1769692969.json
[2026-01-29T14:20:09.942+0000] {logging_mixin.py:188} INFO - Downloaded AAPL/1769692980.json
[2026-01-29T14:20:09.963+0000] {logging_mixin.py:188} INFO - Downloaded AAPL/1769692991.json
[2026-01-29T14:20:09.984+0000] {logging_mixin.py:188} INFO - Downloaded AAPL/1769693003.json
[2026-01-29T14:20:10.007+0000] {logging_mixin.py:188} INFO - Downloaded AAPL/1769693016.json
[2026-01-29T14:20:10.029+0000] {logging_mixin.py:188} INFO - Downloaded AAPL/1769693028.json
[2026-01-29T14:20:10.054+0000] {logging_mixin.py:188} INFO - Downloaded AAPL/1769693040.json
[2026-01-29T14:20:10.078+0000] {logging_mixin.py:188} INFO - Downloaded AAPL/1769693054.json
[2026-01-29T14:20:10.097+0000] {logging_mixin.py:188} INFO - Downloaded AAPL/1769693066.json
[2026-01-29T14:20:10.122+0000] {logging_mixin.py:188} INFO - Downloaded AAPL/1769693079.json
[2026-01-29T14:20:10.147+0000] {logging_mixin.py:188} INFO - Downloaded AAPL/1769693090.json
[2026-01-29T14:20:10.177+0000] {logging_mixin.py:188} INFO - Downloaded AAPL/1769693105.json
[2026-01-29T14:20:10.206+0000] {logging_mixin.py:188} INFO - Downloaded AAPL/1769693118.json
[2026-01-29T14:20:10.237+0000] {logging_mixin.py:188} INFO - Downloaded AAPL/1769693132.json
[2026-01-29T14:20:10.263+0000] {logging_mixin.py:188} INFO - Downloaded AAPL/1769693144.json
[2026-01-29T14:20:10.290+0000] {logging_mixin.py:188} INFO - Downloaded AAPL/1769693155.json
[2026-01-29T14:20:10.313+0000] {logging_mixin.py:188} INFO - Downloaded AAPL/1769693167.json
[2026-01-29T14:20:10.337+0000] {logging_mixin.py:188} INFO - Downloaded AAPL/1769693180.json
[2026-01-29T14:20:10.357+0000] {logging_mixin.py:188} INFO - Downloaded AAPL/1769693191.json
[2026-01-29T14:20:10.378+0000] {logging_mixin.py:188} INFO - Downloaded AAPL/1769693202.json
[2026-01-29T14:20:10.399+0000] {logging_mixin.py:188} INFO - Downloaded AAPL/1769693213.json
[2026-01-29T14:20:10.418+0000] {logging_mixin.py:188} INFO - Downloaded AAPL/1769693226.json
[2026-01-29T14:20:10.436+0000] {logging_mixin.py:188} INFO - Downloaded AAPL/1769693238.json
[2026-01-29T14:20:10.456+0000] {logging_mixin.py:188} INFO - Downloaded AAPL/1769693249.json
[2026-01-29T14:20:10.475+0000] {logging_mixin.py:188} INFO - Downloaded AAPL/1769693262.json
[2026-01-29T14:20:10.494+0000] {logging_mixin.py:188} INFO - Downloaded AAPL/1769693273.json
[2026-01-29T14:20:10.514+0000] {logging_mixin.py:188} INFO - Downloaded AAPL/1769693286.json
[2026-01-29T14:20:10.536+0000] {logging_mixin.py:188} INFO - Downloaded AAPL/1769693298.json
[2026-01-29T14:20:10.555+0000] {logging_mixin.py:188} INFO - Downloaded AAPL/1769693309.json
[2026-01-29T14:20:10.575+0000] {logging_mixin.py:188} INFO - Downloaded AAPL/1769693321.json
[2026-01-29T14:20:10.593+0000] {logging_mixin.py:188} INFO - Downloaded AAPL/1769693334.json
[2026-01-29T14:20:10.620+0000] {logging_mixin.py:188} INFO - Downloaded AAPL/1769693348.json
[2026-01-29T14:20:10.641+0000] {logging_mixin.py:188} INFO - Downloaded AAPL/1769693359.json
[2026-01-29T14:20:10.661+0000] {logging_mixin.py:188} INFO - Downloaded AAPL/1769693370.json
[2026-01-29T14:20:10.688+0000] {logging_mixin.py:188} INFO - Downloaded AAPL/1769693381.json
[2026-01-29T14:20:10.708+0000] {logging_mixin.py:188} INFO - Downloaded AAPL/1769693392.json
[2026-01-29T14:20:10.727+0000] {logging_mixin.py:188} INFO - Downloaded AAPL/1769693406.json
[2026-01-29T14:20:10.751+0000] {logging_mixin.py:188} INFO - Downloaded AAPL/1769693419.json
[2026-01-29T14:20:10.770+0000] {logging_mixin.py:188} INFO - Downloaded AAPL/1769693432.json
[2026-01-29T14:20:10.789+0000] {logging_mixin.py:188} INFO - Downloaded AAPL/1769693444.json
[2026-01-29T14:20:10.813+0000] {logging_mixin.py:188} INFO - Downloaded AAPL/1769693456.json
[2026-01-29T14:20:10.835+0000] {logging_mixin.py:188} INFO - Downloaded AAPL/1769693467.json
[2026-01-29T14:20:10.858+0000] {logging_mixin.py:188} INFO - Downloaded AAPL/1769693480.json
[2026-01-29T14:20:10.877+0000] {logging_mixin.py:188} INFO - Downloaded AAPL/1769693491.json
[2026-01-29T14:20:10.895+0000] {logging_mixin.py:188} INFO - Downloaded AAPL/1769693504.json
[2026-01-29T14:20:10.912+0000] {logging_mixin.py:188} INFO - Downloaded AAPL/1769693516.json
[2026-01-29T14:20:10.930+0000] {logging_mixin.py:188} INFO - Downloaded AAPL/1769693530.json
[2026-01-29T14:20:10.949+0000] {logging_mixin.py:188} INFO - Downloaded AAPL/1769693543.json
[2026-01-29T14:20:10.969+0000] {logging_mixin.py:188} INFO - Downloaded AAPL/1769693558.json
[2026-01-29T14:20:10.991+0000] {logging_mixin.py:188} INFO - Downloaded AAPL/1769693571.json
[2026-01-29T14:20:11.016+0000] {logging_mixin.py:188} INFO - Downloaded AAPL/1769693584.json
[2026-01-29T14:20:11.059+0000] {logging_mixin.py:188} INFO - Downloaded AAPL/1769693597.json
[2026-01-29T14:20:11.084+0000] {logging_mixin.py:188} INFO - Downloaded AAPL/1769693612.json
[2026-01-29T14:20:11.110+0000] {logging_mixin.py:188} INFO - Downloaded AAPL/1769693629.json
[2026-01-29T14:20:11.137+0000] {logging_mixin.py:188} INFO - Downloaded AMZN/1769692359.json
[2026-01-29T14:20:11.160+0000] {logging_mixin.py:188} INFO - Downloaded AMZN/1769692372.json
[2026-01-29T14:20:11.186+0000] {logging_mixin.py:188} INFO - Downloaded AMZN/1769692385.json
[2026-01-29T14:20:11.209+0000] {logging_mixin.py:188} INFO - Downloaded AMZN/1769692396.json
[2026-01-29T14:20:11.233+0000] {logging_mixin.py:188} INFO - Downloaded AMZN/1769692409.json
[2026-01-29T14:20:11.259+0000] {logging_mixin.py:188} INFO - Downloaded AMZN/1769692424.json
[2026-01-29T14:20:11.383+0000] {logging_mixin.py:188} INFO - Downloaded AMZN/1769692437.json
[2026-01-29T14:20:11.429+0000] {logging_mixin.py:188} INFO - Downloaded AMZN/1769692450.json
[2026-01-29T14:20:11.473+0000] {logging_mixin.py:188} INFO - Downloaded AMZN/1769692462.json
[2026-01-29T14:20:11.504+0000] {logging_mixin.py:188} INFO - Downloaded AMZN/1769692475.json
[2026-01-29T14:20:11.531+0000] {logging_mixin.py:188} INFO - Downloaded AMZN/1769692486.json
[2026-01-29T14:20:11.565+0000] {logging_mixin.py:188} INFO - Downloaded AMZN/1769692501.json
[2026-01-29T14:20:11.592+0000] {logging_mixin.py:188} INFO - Downloaded AMZN/1769692513.json
[2026-01-29T14:20:11.614+0000] {logging_mixin.py:188} INFO - Downloaded AMZN/1769692528.json
[2026-01-29T14:20:11.636+0000] {logging_mixin.py:188} INFO - Downloaded AMZN/1769692540.json
[2026-01-29T14:20:11.658+0000] {logging_mixin.py:188} INFO - Downloaded AMZN/1769692553.json
[2026-01-29T14:20:11.679+0000] {logging_mixin.py:188} INFO - Downloaded AMZN/1769692565.json
[2026-01-29T14:20:11.698+0000] {logging_mixin.py:188} INFO - Downloaded AMZN/1769692577.json
[2026-01-29T14:20:11.724+0000] {logging_mixin.py:188} INFO - Downloaded AMZN/1769692591.json
[2026-01-29T14:20:11.751+0000] {logging_mixin.py:188} INFO - Downloaded AMZN/1769692616.json
[2026-01-29T14:20:11.772+0000] {logging_mixin.py:188} INFO - Downloaded AMZN/1769692628.json
[2026-01-29T14:20:11.791+0000] {logging_mixin.py:188} INFO - Downloaded AMZN/1769692641.json
[2026-01-29T14:20:11.813+0000] {logging_mixin.py:188} INFO - Downloaded AMZN/1769692654.json
[2026-01-29T14:20:11.838+0000] {logging_mixin.py:188} INFO - Downloaded AMZN/1769692669.json
[2026-01-29T14:20:11.867+0000] {logging_mixin.py:188} INFO - Downloaded AMZN/1769692681.json
[2026-01-29T14:20:11.886+0000] {logging_mixin.py:188} INFO - Downloaded AMZN/1769692693.json
[2026-01-29T14:20:11.909+0000] {logging_mixin.py:188} INFO - Downloaded AMZN/1769692711.json
[2026-01-29T14:20:11.929+0000] {logging_mixin.py:188} INFO - Downloaded AMZN/1769692725.json
[2026-01-29T14:20:11.953+0000] {logging_mixin.py:188} INFO - Downloaded AMZN/1769692740.json
[2026-01-29T14:20:11.972+0000] {logging_mixin.py:188} INFO - Downloaded AMZN/1769692753.json
[2026-01-29T14:20:11.996+0000] {logging_mixin.py:188} INFO - Downloaded AMZN/1769692769.json
[2026-01-29T14:20:12.016+0000] {logging_mixin.py:188} INFO - Downloaded AMZN/1769692785.json
[2026-01-29T14:20:12.037+0000] {logging_mixin.py:188} INFO - Downloaded AMZN/1769692804.json
[2026-01-29T14:20:12.056+0000] {logging_mixin.py:188} INFO - Downloaded AMZN/1769692819.json
[2026-01-29T14:20:12.080+0000] {logging_mixin.py:188} INFO - Downloaded AMZN/1769692832.json
[2026-01-29T14:20:12.104+0000] {logging_mixin.py:188} INFO - Downloaded AMZN/1769692847.json
[2026-01-29T14:20:12.124+0000] {logging_mixin.py:188} INFO - Downloaded AMZN/1769692866.json
[2026-01-29T14:20:12.148+0000] {logging_mixin.py:188} INFO - Downloaded AMZN/1769692880.json
[2026-01-29T14:20:12.172+0000] {logging_mixin.py:188} INFO - Downloaded AMZN/1769692902.json
[2026-01-29T14:20:12.193+0000] {logging_mixin.py:188} INFO - Downloaded AMZN/1769692914.json
[2026-01-29T14:20:12.215+0000] {logging_mixin.py:188} INFO - Downloaded AMZN/1769692929.json
[2026-01-29T14:20:12.235+0000] {logging_mixin.py:188} INFO - Downloaded AMZN/1769692946.json
[2026-01-29T14:20:12.255+0000] {logging_mixin.py:188} INFO - Downloaded AMZN/1769692961.json
[2026-01-29T14:20:12.274+0000] {logging_mixin.py:188} INFO - Downloaded AMZN/1769692973.json
[2026-01-29T14:20:12.296+0000] {logging_mixin.py:188} INFO - Downloaded AMZN/1769692984.json
[2026-01-29T14:20:12.315+0000] {logging_mixin.py:188} INFO - Downloaded AMZN/1769692995.json
[2026-01-29T14:20:12.334+0000] {logging_mixin.py:188} INFO - Downloaded AMZN/1769693008.json
[2026-01-29T14:20:12.355+0000] {logging_mixin.py:188} INFO - Downloaded AMZN/1769693021.json
[2026-01-29T14:20:12.375+0000] {logging_mixin.py:188} INFO - Downloaded AMZN/1769693033.json
[2026-01-29T14:20:12.394+0000] {logging_mixin.py:188} INFO - Downloaded AMZN/1769693047.json
[2026-01-29T14:20:12.418+0000] {logging_mixin.py:188} INFO - Downloaded AMZN/1769693059.json
[2026-01-29T14:20:12.440+0000] {logging_mixin.py:188} INFO - Downloaded AMZN/1769693072.json
[2026-01-29T14:20:12.472+0000] {logging_mixin.py:188} INFO - Downloaded AMZN/1769693083.json
[2026-01-29T14:20:12.497+0000] {logging_mixin.py:188} INFO - Downloaded AMZN/1769693095.json
[2026-01-29T14:20:12.516+0000] {logging_mixin.py:188} INFO - Downloaded AMZN/1769693110.json
[2026-01-29T14:20:12.538+0000] {logging_mixin.py:188} INFO - Downloaded AMZN/1769693125.json
[2026-01-29T14:20:12.578+0000] {logging_mixin.py:188} INFO - Downloaded AMZN/1769693136.json
[2026-01-29T14:20:12.620+0000] {logging_mixin.py:188} INFO - Downloaded AMZN/1769693148.json
[2026-01-29T14:20:12.673+0000] {logging_mixin.py:188} INFO - Downloaded AMZN/1769693160.json
[2026-01-29T14:20:12.737+0000] {logging_mixin.py:188} INFO - Downloaded AMZN/1769693173.json
[2026-01-29T14:20:12.785+0000] {logging_mixin.py:188} INFO - Downloaded AMZN/1769693184.json
[2026-01-29T14:20:12.853+0000] {logging_mixin.py:188} INFO - Downloaded AMZN/1769693195.json
[2026-01-29T14:20:12.892+0000] {logging_mixin.py:188} INFO - Downloaded AMZN/1769693206.json
[2026-01-29T14:20:12.913+0000] {logging_mixin.py:188} INFO - Downloaded AMZN/1769693219.json
[2026-01-29T14:20:12.974+0000] {logging_mixin.py:188} INFO - Downloaded AMZN/1769693230.json
[2026-01-29T14:20:12.998+0000] {logging_mixin.py:188} INFO - Downloaded AMZN/1769693242.json
[2026-01-29T14:20:13.026+0000] {logging_mixin.py:188} INFO - Downloaded AMZN/1769693255.json
[2026-01-29T14:20:13.061+0000] {logging_mixin.py:188} INFO - Downloaded AMZN/1769693266.json
[2026-01-29T14:20:13.095+0000] {logging_mixin.py:188} INFO - Downloaded AMZN/1769693279.json
[2026-01-29T14:20:13.133+0000] {logging_mixin.py:188} INFO - Downloaded AMZN/1769693290.json
[2026-01-29T14:20:13.171+0000] {logging_mixin.py:188} INFO - Downloaded AMZN/1769693302.json
[2026-01-29T14:20:13.235+0000] {logging_mixin.py:188} INFO - Downloaded AMZN/1769693314.json
[2026-01-29T14:20:13.267+0000] {logging_mixin.py:188} INFO - Downloaded AMZN/1769693326.json
[2026-01-29T14:20:13.296+0000] {logging_mixin.py:188} INFO - Downloaded AMZN/1769693340.json
[2026-01-29T14:20:13.329+0000] {logging_mixin.py:188} INFO - Downloaded AMZN/1769693352.json
[2026-01-29T14:20:13.375+0000] {logging_mixin.py:188} INFO - Downloaded AMZN/1769693363.json
[2026-01-29T14:20:13.413+0000] {logging_mixin.py:188} INFO - Downloaded AMZN/1769693374.json
[2026-01-29T14:20:13.451+0000] {logging_mixin.py:188} INFO - Downloaded AMZN/1769693385.json
[2026-01-29T14:20:13.483+0000] {logging_mixin.py:188} INFO - Downloaded AMZN/1769693399.json
[2026-01-29T14:20:13.521+0000] {logging_mixin.py:188} INFO - Downloaded AMZN/1769693411.json
[2026-01-29T14:20:13.550+0000] {logging_mixin.py:188} INFO - Downloaded AMZN/1769693425.json
[2026-01-29T14:20:13.579+0000] {logging_mixin.py:188} INFO - Downloaded AMZN/1769693437.json
[2026-01-29T14:20:13.613+0000] {logging_mixin.py:188} INFO - Downloaded AMZN/1769693449.json
[2026-01-29T14:20:13.637+0000] {logging_mixin.py:188} INFO - Downloaded AMZN/1769693460.json
[2026-01-29T14:20:13.656+0000] {logging_mixin.py:188} INFO - Downloaded AMZN/1769693473.json
[2026-01-29T14:20:13.677+0000] {logging_mixin.py:188} INFO - Downloaded AMZN/1769693484.json
[2026-01-29T14:20:13.696+0000] {logging_mixin.py:188} INFO - Downloaded AMZN/1769693496.json
[2026-01-29T14:20:13.717+0000] {logging_mixin.py:188} INFO - Downloaded AMZN/1769693508.json
[2026-01-29T14:20:13.746+0000] {logging_mixin.py:188} INFO - Downloaded AMZN/1769693522.json
[2026-01-29T14:20:13.773+0000] {logging_mixin.py:188} INFO - Downloaded AMZN/1769693536.json
[2026-01-29T14:20:13.808+0000] {logging_mixin.py:188} INFO - Downloaded AMZN/1769693549.json
[2026-01-29T14:20:13.863+0000] {logging_mixin.py:188} INFO - Downloaded AMZN/1769693564.json
[2026-01-29T14:20:13.890+0000] {logging_mixin.py:188} INFO - Downloaded AMZN/1769693577.json
[2026-01-29T14:20:13.924+0000] {logging_mixin.py:188} INFO - Downloaded AMZN/1769693590.json
[2026-01-29T14:20:13.945+0000] {logging_mixin.py:188} INFO - Downloaded AMZN/1769693604.json
[2026-01-29T14:20:14.040+0000] {logging_mixin.py:188} INFO - Downloaded AMZN/1769693616.json
[2026-01-29T14:20:14.059+0000] {logging_mixin.py:188} INFO - Downloaded GOOGL/1769692357.json
[2026-01-29T14:20:14.079+0000] {logging_mixin.py:188} INFO - Downloaded GOOGL/1769692370.json
[2026-01-29T14:20:14.097+0000] {logging_mixin.py:188} INFO - Downloaded GOOGL/1769692383.json
[2026-01-29T14:20:14.118+0000] {logging_mixin.py:188} INFO - Downloaded GOOGL/1769692395.json
[2026-01-29T14:20:14.137+0000] {logging_mixin.py:188} INFO - Downloaded GOOGL/1769692407.json
[2026-01-29T14:20:14.161+0000] {logging_mixin.py:188} INFO - Downloaded GOOGL/1769692422.json
[2026-01-29T14:20:14.181+0000] {logging_mixin.py:188} INFO - Downloaded GOOGL/1769692436.json
[2026-01-29T14:20:14.204+0000] {logging_mixin.py:188} INFO - Downloaded GOOGL/1769692448.json
[2026-01-29T14:20:14.226+0000] {logging_mixin.py:188} INFO - Downloaded GOOGL/1769692461.json
[2026-01-29T14:20:14.247+0000] {logging_mixin.py:188} INFO - Downloaded GOOGL/1769692473.json
[2026-01-29T14:20:14.267+0000] {logging_mixin.py:188} INFO - Downloaded GOOGL/1769692485.json
[2026-01-29T14:20:14.288+0000] {logging_mixin.py:188} INFO - Downloaded GOOGL/1769692499.json
[2026-01-29T14:20:14.310+0000] {logging_mixin.py:188} INFO - Downloaded GOOGL/1769692513.json
[2026-01-29T14:20:14.330+0000] {logging_mixin.py:188} INFO - Downloaded GOOGL/1769692524.json
[2026-01-29T14:20:14.354+0000] {logging_mixin.py:188} INFO - Downloaded GOOGL/1769692538.json
[2026-01-29T14:20:14.373+0000] {logging_mixin.py:188} INFO - Downloaded GOOGL/1769692551.json
[2026-01-29T14:20:14.391+0000] {logging_mixin.py:188} INFO - Downloaded GOOGL/1769692564.json
[2026-01-29T14:20:14.421+0000] {logging_mixin.py:188} INFO - Downloaded GOOGL/1769692576.json
[2026-01-29T14:20:14.444+0000] {logging_mixin.py:188} INFO - Downloaded GOOGL/1769692589.json
[2026-01-29T14:20:14.467+0000] {logging_mixin.py:188} INFO - Downloaded GOOGL/1769692615.json
[2026-01-29T14:20:14.491+0000] {logging_mixin.py:188} INFO - Downloaded GOOGL/1769692627.json
[2026-01-29T14:20:14.511+0000] {logging_mixin.py:188} INFO - Downloaded GOOGL/1769692640.json
[2026-01-29T14:20:14.530+0000] {logging_mixin.py:188} INFO - Downloaded GOOGL/1769692652.json
[2026-01-29T14:20:14.548+0000] {logging_mixin.py:188} INFO - Downloaded GOOGL/1769692668.json
[2026-01-29T14:20:14.567+0000] {logging_mixin.py:188} INFO - Downloaded GOOGL/1769692680.json
[2026-01-29T14:20:14.586+0000] {logging_mixin.py:188} INFO - Downloaded GOOGL/1769692692.json
[2026-01-29T14:20:14.605+0000] {logging_mixin.py:188} INFO - Downloaded GOOGL/1769692710.json
[2026-01-29T14:20:14.627+0000] {logging_mixin.py:188} INFO - Downloaded GOOGL/1769692723.json
[2026-01-29T14:20:14.649+0000] {logging_mixin.py:188} INFO - Downloaded GOOGL/1769692739.json
[2026-01-29T14:20:14.672+0000] {logging_mixin.py:188} INFO - Downloaded GOOGL/1769692752.json
[2026-01-29T14:20:14.693+0000] {logging_mixin.py:188} INFO - Downloaded GOOGL/1769692765.json
[2026-01-29T14:20:14.715+0000] {logging_mixin.py:188} INFO - Downloaded GOOGL/1769692784.json
[2026-01-29T14:20:14.737+0000] {logging_mixin.py:188} INFO - Downloaded GOOGL/1769692803.json
[2026-01-29T14:20:14.758+0000] {logging_mixin.py:188} INFO - Downloaded GOOGL/1769692817.json
[2026-01-29T14:20:14.871+0000] {logging_mixin.py:188} INFO - Downloaded GOOGL/1769692831.json
[2026-01-29T14:20:14.892+0000] {logging_mixin.py:188} INFO - Downloaded GOOGL/1769692846.json
[2026-01-29T14:20:14.914+0000] {logging_mixin.py:188} INFO - Downloaded GOOGL/1769692864.json
[2026-01-29T14:20:14.933+0000] {logging_mixin.py:188} INFO - Downloaded GOOGL/1769692878.json
[2026-01-29T14:20:14.954+0000] {logging_mixin.py:188} INFO - Downloaded GOOGL/1769692913.json
[2026-01-29T14:20:14.978+0000] {logging_mixin.py:188} INFO - Downloaded GOOGL/1769692928.json
[2026-01-29T14:20:15.002+0000] {logging_mixin.py:188} INFO - Downloaded GOOGL/1769692944.json
[2026-01-29T14:20:15.028+0000] {logging_mixin.py:188} INFO - Downloaded GOOGL/1769692960.json
[2026-01-29T14:20:15.053+0000] {logging_mixin.py:188} INFO - Downloaded GOOGL/1769692972.json
[2026-01-29T14:20:15.075+0000] {logging_mixin.py:188} INFO - Downloaded GOOGL/1769692983.json
[2026-01-29T14:20:15.100+0000] {logging_mixin.py:188} INFO - Downloaded GOOGL/1769692994.json
[2026-01-29T14:20:15.123+0000] {logging_mixin.py:188} INFO - Downloaded GOOGL/1769693007.json
[2026-01-29T14:20:15.144+0000] {logging_mixin.py:188} INFO - Downloaded GOOGL/1769693020.json
[2026-01-29T14:20:15.162+0000] {logging_mixin.py:188} INFO - Downloaded GOOGL/1769693032.json
[2026-01-29T14:20:15.181+0000] {logging_mixin.py:188} INFO - Downloaded GOOGL/1769693044.json
[2026-01-29T14:20:15.200+0000] {logging_mixin.py:188} INFO - Downloaded GOOGL/1769693058.json
[2026-01-29T14:20:15.227+0000] {logging_mixin.py:188} INFO - Downloaded GOOGL/1769693071.json
[2026-01-29T14:20:15.250+0000] {logging_mixin.py:188} INFO - Downloaded GOOGL/1769693082.json
[2026-01-29T14:20:15.272+0000] {logging_mixin.py:188} INFO - Downloaded GOOGL/1769693094.json
[2026-01-29T14:20:15.291+0000] {logging_mixin.py:188} INFO - Downloaded GOOGL/1769693109.json
[2026-01-29T14:20:15.311+0000] {logging_mixin.py:188} INFO - Downloaded GOOGL/1769693124.json
[2026-01-29T14:20:15.331+0000] {logging_mixin.py:188} INFO - Downloaded GOOGL/1769693135.json
[2026-01-29T14:20:15.355+0000] {logging_mixin.py:188} INFO - Downloaded GOOGL/1769693147.json
[2026-01-29T14:20:15.380+0000] {logging_mixin.py:188} INFO - Downloaded GOOGL/1769693158.json
[2026-01-29T14:20:15.409+0000] {logging_mixin.py:188} INFO - Downloaded GOOGL/1769693172.json
[2026-01-29T14:20:15.433+0000] {logging_mixin.py:188} INFO - Downloaded GOOGL/1769693183.json
[2026-01-29T14:20:15.465+0000] {logging_mixin.py:188} INFO - Downloaded GOOGL/1769693194.json
[2026-01-29T14:20:15.510+0000] {logging_mixin.py:188} INFO - Downloaded GOOGL/1769693205.json
[2026-01-29T14:20:15.531+0000] {logging_mixin.py:188} INFO - Downloaded GOOGL/1769693218.json
[2026-01-29T14:20:15.554+0000] {logging_mixin.py:188} INFO - Downloaded GOOGL/1769693229.json
[2026-01-29T14:20:15.573+0000] {logging_mixin.py:188} INFO - Downloaded GOOGL/1769693241.json
[2026-01-29T14:20:15.593+0000] {logging_mixin.py:188} INFO - Downloaded GOOGL/1769693254.json
[2026-01-29T14:20:15.614+0000] {logging_mixin.py:188} INFO - Downloaded GOOGL/1769693265.json
[2026-01-29T14:20:15.632+0000] {logging_mixin.py:188} INFO - Downloaded GOOGL/1769693277.json
[2026-01-29T14:20:15.653+0000] {logging_mixin.py:188} INFO - Downloaded GOOGL/1769693289.json
[2026-01-29T14:20:15.672+0000] {logging_mixin.py:188} INFO - Downloaded GOOGL/1769693301.json
[2026-01-29T14:20:15.693+0000] {logging_mixin.py:188} INFO - Downloaded GOOGL/1769693313.json
[2026-01-29T14:20:15.712+0000] {logging_mixin.py:188} INFO - Downloaded GOOGL/1769693324.json
[2026-01-29T14:20:15.732+0000] {logging_mixin.py:188} INFO - Downloaded GOOGL/1769693339.json
[2026-01-29T14:20:15.753+0000] {logging_mixin.py:188} INFO - Downloaded GOOGL/1769693351.json
[2026-01-29T14:20:15.773+0000] {logging_mixin.py:188} INFO - Downloaded GOOGL/1769693362.json
[2026-01-29T14:20:15.793+0000] {logging_mixin.py:188} INFO - Downloaded GOOGL/1769693373.json
[2026-01-29T14:20:15.815+0000] {logging_mixin.py:188} INFO - Downloaded GOOGL/1769693384.json
[2026-01-29T14:20:15.837+0000] {logging_mixin.py:188} INFO - Downloaded GOOGL/1769693398.json
[2026-01-29T14:20:15.860+0000] {logging_mixin.py:188} INFO - Downloaded GOOGL/1769693410.json
[2026-01-29T14:20:15.882+0000] {logging_mixin.py:188} INFO - Downloaded GOOGL/1769693422.json
[2026-01-29T14:20:15.905+0000] {logging_mixin.py:188} INFO - Downloaded GOOGL/1769693436.json
[2026-01-29T14:20:15.925+0000] {logging_mixin.py:188} INFO - Downloaded GOOGL/1769693447.json
[2026-01-29T14:20:15.944+0000] {logging_mixin.py:188} INFO - Downloaded GOOGL/1769693459.json
[2026-01-29T14:20:15.965+0000] {logging_mixin.py:188} INFO - Downloaded GOOGL/1769693471.json
[2026-01-29T14:20:15.988+0000] {logging_mixin.py:188} INFO - Downloaded GOOGL/1769693483.json
[2026-01-29T14:20:16.024+0000] {logging_mixin.py:188} INFO - Downloaded GOOGL/1769693495.json
[2026-01-29T14:20:16.070+0000] {logging_mixin.py:188} INFO - Downloaded GOOGL/1769693507.json
[2026-01-29T14:20:16.098+0000] {logging_mixin.py:188} INFO - Downloaded GOOGL/1769693520.json
[2026-01-29T14:20:16.131+0000] {logging_mixin.py:188} INFO - Downloaded GOOGL/1769693533.json
[2026-01-29T14:20:16.167+0000] {logging_mixin.py:188} INFO - Downloaded GOOGL/1769693547.json
[2026-01-29T14:20:16.196+0000] {logging_mixin.py:188} INFO - Downloaded GOOGL/1769693562.json
[2026-01-29T14:20:16.236+0000] {logging_mixin.py:188} INFO - Downloaded GOOGL/1769693576.json
[2026-01-29T14:20:16.274+0000] {logging_mixin.py:188} INFO - Downloaded GOOGL/1769693587.json
[2026-01-29T14:20:16.316+0000] {logging_mixin.py:188} INFO - Downloaded GOOGL/1769693603.json
[2026-01-29T14:20:16.341+0000] {logging_mixin.py:188} INFO - Downloaded GOOGL/1769693615.json
[2026-01-29T14:20:16.366+0000] {logging_mixin.py:188} INFO - Downloaded MSFT/1769692355.json
[2026-01-29T14:20:16.396+0000] {logging_mixin.py:188} INFO - Downloaded MSFT/1769692368.json
[2026-01-29T14:20:16.420+0000] {logging_mixin.py:188} INFO - Downloaded MSFT/1769692381.json
[2026-01-29T14:20:16.449+0000] {logging_mixin.py:188} INFO - Downloaded MSFT/1769692393.json
[2026-01-29T14:20:16.473+0000] {logging_mixin.py:188} INFO - Downloaded MSFT/1769692405.json
[2026-01-29T14:20:16.493+0000] {logging_mixin.py:188} INFO - Downloaded MSFT/1769692417.json
[2026-01-29T14:20:16.514+0000] {logging_mixin.py:188} INFO - Downloaded MSFT/1769692433.json
[2026-01-29T14:20:16.538+0000] {logging_mixin.py:188} INFO - Downloaded MSFT/1769692446.json
[2026-01-29T14:20:16.566+0000] {logging_mixin.py:188} INFO - Downloaded MSFT/1769692458.json
[2026-01-29T14:20:16.592+0000] {logging_mixin.py:188} INFO - Downloaded MSFT/1769692471.json
[2026-01-29T14:20:16.614+0000] {logging_mixin.py:188} INFO - Downloaded MSFT/1769692483.json
[2026-01-29T14:20:16.653+0000] {logging_mixin.py:188} INFO - Downloaded MSFT/1769692497.json
[2026-01-29T14:20:16.677+0000] {logging_mixin.py:188} INFO - Downloaded MSFT/1769692511.json
[2026-01-29T14:20:16.706+0000] {logging_mixin.py:188} INFO - Downloaded MSFT/1769692522.json
[2026-01-29T14:20:16.729+0000] {logging_mixin.py:188} INFO - Downloaded MSFT/1769692536.json
[2026-01-29T14:20:16.752+0000] {logging_mixin.py:188} INFO - Downloaded MSFT/1769692549.json
[2026-01-29T14:20:16.777+0000] {logging_mixin.py:188} INFO - Downloaded MSFT/1769692561.json
[2026-01-29T14:20:16.807+0000] {logging_mixin.py:188} INFO - Downloaded MSFT/1769692574.json
[2026-01-29T14:20:16.832+0000] {logging_mixin.py:188} INFO - Downloaded MSFT/1769692586.json
[2026-01-29T14:20:16.858+0000] {logging_mixin.py:188} INFO - Downloaded MSFT/1769692605.json
[2026-01-29T14:20:16.885+0000] {logging_mixin.py:188} INFO - Downloaded MSFT/1769692624.json
[2026-01-29T14:20:16.908+0000] {logging_mixin.py:188} INFO - Downloaded MSFT/1769692638.json
[2026-01-29T14:20:16.929+0000] {logging_mixin.py:188} INFO - Downloaded MSFT/1769692649.json
[2026-01-29T14:20:16.952+0000] {logging_mixin.py:188} INFO - Downloaded MSFT/1769692663.json
[2026-01-29T14:20:16.979+0000] {logging_mixin.py:188} INFO - Downloaded MSFT/1769692678.json
[2026-01-29T14:20:17.007+0000] {logging_mixin.py:188} INFO - Downloaded MSFT/1769692690.json
[2026-01-29T14:20:17.030+0000] {logging_mixin.py:188} INFO - Downloaded MSFT/1769692701.json
[2026-01-29T14:20:17.054+0000] {logging_mixin.py:188} INFO - Downloaded MSFT/1769692721.json
[2026-01-29T14:20:17.075+0000] {logging_mixin.py:188} INFO - Downloaded MSFT/1769692736.json
[2026-01-29T14:20:17.098+0000] {logging_mixin.py:188} INFO - Downloaded MSFT/1769692749.json
[2026-01-29T14:20:17.123+0000] {logging_mixin.py:188} INFO - Downloaded MSFT/1769692762.json
[2026-01-29T14:20:17.147+0000] {logging_mixin.py:188} INFO - Downloaded MSFT/1769692780.json
[2026-01-29T14:20:17.171+0000] {logging_mixin.py:188} INFO - Downloaded MSFT/1769692798.json
[2026-01-29T14:20:17.190+0000] {logging_mixin.py:188} INFO - Downloaded MSFT/1769692813.json
[2026-01-29T14:20:17.211+0000] {logging_mixin.py:188} INFO - Downloaded MSFT/1769692828.json
[2026-01-29T14:20:17.232+0000] {logging_mixin.py:188} INFO - Downloaded MSFT/1769692844.json
[2026-01-29T14:20:17.258+0000] {logging_mixin.py:188} INFO - Downloaded MSFT/1769692860.json
[2026-01-29T14:20:17.283+0000] {logging_mixin.py:188} INFO - Downloaded MSFT/1769692874.json
[2026-01-29T14:20:17.310+0000] {logging_mixin.py:188} INFO - Downloaded MSFT/1769692889.json
[2026-01-29T14:20:17.342+0000] {logging_mixin.py:188} INFO - Downloaded MSFT/1769692910.json
[2026-01-29T14:20:17.369+0000] {logging_mixin.py:188} INFO - Downloaded MSFT/1769692926.json
[2026-01-29T14:20:17.393+0000] {logging_mixin.py:188} INFO - Downloaded MSFT/1769692941.json
[2026-01-29T14:20:17.439+0000] {logging_mixin.py:188} INFO - Downloaded MSFT/1769692954.json
[2026-01-29T14:20:17.501+0000] {logging_mixin.py:188} INFO - Downloaded MSFT/1769692970.json
[2026-01-29T14:20:17.541+0000] {logging_mixin.py:188} INFO - Downloaded MSFT/1769692981.json
[2026-01-29T14:20:17.564+0000] {logging_mixin.py:188} INFO - Downloaded MSFT/1769692992.json
[2026-01-29T14:20:17.596+0000] {logging_mixin.py:188} INFO - Downloaded MSFT/1769693004.json
[2026-01-29T14:20:17.621+0000] {logging_mixin.py:188} INFO - Downloaded MSFT/1769693017.json
[2026-01-29T14:20:17.646+0000] {logging_mixin.py:188} INFO - Downloaded MSFT/1769693030.json
[2026-01-29T14:20:17.667+0000] {logging_mixin.py:188} INFO - Downloaded MSFT/1769693041.json
[2026-01-29T14:20:17.687+0000] {logging_mixin.py:188} INFO - Downloaded MSFT/1769693055.json
[2026-01-29T14:20:17.711+0000] {logging_mixin.py:188} INFO - Downloaded MSFT/1769693067.json
[2026-01-29T14:20:17.734+0000] {logging_mixin.py:188} INFO - Downloaded MSFT/1769693080.json
[2026-01-29T14:20:17.769+0000] {logging_mixin.py:188} INFO - Downloaded MSFT/1769693092.json
[2026-01-29T14:20:17.793+0000] {logging_mixin.py:188} INFO - Downloaded MSFT/1769693107.json
[2026-01-29T14:20:17.815+0000] {logging_mixin.py:188} INFO - Downloaded MSFT/1769693119.json
[2026-01-29T14:20:17.834+0000] {logging_mixin.py:188} INFO - Downloaded MSFT/1769693133.json
[2026-01-29T14:20:17.853+0000] {logging_mixin.py:188} INFO - Downloaded MSFT/1769693145.json
[2026-01-29T14:20:17.874+0000] {logging_mixin.py:188} INFO - Downloaded MSFT/1769693156.json
[2026-01-29T14:20:17.895+0000] {logging_mixin.py:188} INFO - Downloaded MSFT/1769693168.json
[2026-01-29T14:20:17.918+0000] {logging_mixin.py:188} INFO - Downloaded MSFT/1769693181.json
[2026-01-29T14:20:17.941+0000] {logging_mixin.py:188} INFO - Downloaded MSFT/1769693192.json
[2026-01-29T14:20:17.965+0000] {logging_mixin.py:188} INFO - Downloaded MSFT/1769693203.json
[2026-01-29T14:20:17.989+0000] {logging_mixin.py:188} INFO - Downloaded MSFT/1769693215.json
[2026-01-29T14:20:18.008+0000] {logging_mixin.py:188} INFO - Downloaded MSFT/1769693227.json
[2026-01-29T14:20:18.030+0000] {logging_mixin.py:188} INFO - Downloaded MSFT/1769693239.json
[2026-01-29T14:20:18.050+0000] {logging_mixin.py:188} INFO - Downloaded MSFT/1769693250.json
[2026-01-29T14:20:18.073+0000] {logging_mixin.py:188} INFO - Downloaded MSFT/1769693263.json
[2026-01-29T14:20:18.096+0000] {logging_mixin.py:188} INFO - Downloaded MSFT/1769693275.json
[2026-01-29T14:20:18.117+0000] {logging_mixin.py:188} INFO - Downloaded MSFT/1769693287.json
[2026-01-29T14:20:18.142+0000] {logging_mixin.py:188} INFO - Downloaded MSFT/1769693299.json
[2026-01-29T14:20:18.162+0000] {logging_mixin.py:188} INFO - Downloaded MSFT/1769693310.json
[2026-01-29T14:20:18.186+0000] {logging_mixin.py:188} INFO - Downloaded MSFT/1769693322.json
[2026-01-29T14:20:18.211+0000] {logging_mixin.py:188} INFO - Downloaded MSFT/1769693335.json
[2026-01-29T14:20:18.233+0000] {logging_mixin.py:188} INFO - Downloaded MSFT/1769693349.json
[2026-01-29T14:20:18.257+0000] {logging_mixin.py:188} INFO - Downloaded MSFT/1769693360.json
[2026-01-29T14:20:18.280+0000] {logging_mixin.py:188} INFO - Downloaded MSFT/1769693371.json
[2026-01-29T14:20:18.305+0000] {logging_mixin.py:188} INFO - Downloaded MSFT/1769693382.json
[2026-01-29T14:20:18.331+0000] {logging_mixin.py:188} INFO - Downloaded MSFT/1769693394.json
[2026-01-29T14:20:18.513+0000] {logging_mixin.py:188} INFO - Downloaded MSFT/1769693407.json
[2026-01-29T14:20:18.542+0000] {logging_mixin.py:188} INFO - Downloaded MSFT/1769693420.json
[2026-01-29T14:20:18.570+0000] {logging_mixin.py:188} INFO - Downloaded MSFT/1769693434.json
[2026-01-29T14:20:18.607+0000] {logging_mixin.py:188} INFO - Downloaded MSFT/1769693445.json
[2026-01-29T14:20:18.639+0000] {logging_mixin.py:188} INFO - Downloaded MSFT/1769693457.json
[2026-01-29T14:20:18.679+0000] {logging_mixin.py:188} INFO - Downloaded MSFT/1769693469.json
[2026-01-29T14:20:18.714+0000] {logging_mixin.py:188} INFO - Downloaded MSFT/1769693481.json
[2026-01-29T14:20:18.748+0000] {logging_mixin.py:188} INFO - Downloaded MSFT/1769693492.json
[2026-01-29T14:20:18.779+0000] {logging_mixin.py:188} INFO - Downloaded MSFT/1769693505.json
[2026-01-29T14:20:18.804+0000] {logging_mixin.py:188} INFO - Downloaded MSFT/1769693517.json
[2026-01-29T14:20:18.827+0000] {logging_mixin.py:188} INFO - Downloaded MSFT/1769693531.json
[2026-01-29T14:20:18.851+0000] {logging_mixin.py:188} INFO - Downloaded MSFT/1769693544.json
[2026-01-29T14:20:18.875+0000] {logging_mixin.py:188} INFO - Downloaded MSFT/1769693559.json
[2026-01-29T14:20:18.900+0000] {logging_mixin.py:188} INFO - Downloaded MSFT/1769693574.json
[2026-01-29T14:20:18.923+0000] {logging_mixin.py:188} INFO - Downloaded MSFT/1769693585.json
[2026-01-29T14:20:18.945+0000] {logging_mixin.py:188} INFO - Downloaded MSFT/1769693600.json
[2026-01-29T14:20:18.969+0000] {logging_mixin.py:188} INFO - Downloaded MSFT/1769693613.json
[2026-01-29T14:20:18.991+0000] {logging_mixin.py:188} INFO - Downloaded TSLA/1769692356.json
[2026-01-29T14:20:19.015+0000] {logging_mixin.py:188} INFO - Downloaded TSLA/1769692369.json
[2026-01-29T14:20:19.041+0000] {logging_mixin.py:188} INFO - Downloaded TSLA/1769692382.json
[2026-01-29T14:20:19.069+0000] {logging_mixin.py:188} INFO - Downloaded TSLA/1769692394.json
[2026-01-29T14:20:19.089+0000] {logging_mixin.py:188} INFO - Downloaded TSLA/1769692406.json
[2026-01-29T14:20:19.111+0000] {logging_mixin.py:188} INFO - Downloaded TSLA/1769692419.json
[2026-01-29T14:20:19.131+0000] {logging_mixin.py:188} INFO - Downloaded TSLA/1769692434.json
[2026-01-29T14:20:19.152+0000] {logging_mixin.py:188} INFO - Downloaded TSLA/1769692447.json
[2026-01-29T14:20:19.172+0000] {logging_mixin.py:188} INFO - Downloaded TSLA/1769692460.json
[2026-01-29T14:20:19.197+0000] {logging_mixin.py:188} INFO - Downloaded TSLA/1769692472.json
[2026-01-29T14:20:19.219+0000] {logging_mixin.py:188} INFO - Downloaded TSLA/1769692484.json
[2026-01-29T14:20:19.246+0000] {logging_mixin.py:188} INFO - Downloaded TSLA/1769692498.json
[2026-01-29T14:20:19.267+0000] {logging_mixin.py:188} INFO - Downloaded TSLA/1769692512.json
[2026-01-29T14:20:19.288+0000] {logging_mixin.py:188} INFO - Downloaded TSLA/1769692523.json
[2026-01-29T14:20:19.307+0000] {logging_mixin.py:188} INFO - Downloaded TSLA/1769692537.json
[2026-01-29T14:20:19.328+0000] {logging_mixin.py:188} INFO - Downloaded TSLA/1769692550.json
[2026-01-29T14:20:19.347+0000] {logging_mixin.py:188} INFO - Downloaded TSLA/1769692563.json
[2026-01-29T14:20:19.370+0000] {logging_mixin.py:188} INFO - Downloaded TSLA/1769692575.json
[2026-01-29T14:20:19.390+0000] {logging_mixin.py:188} INFO - Downloaded TSLA/1769692588.json
[2026-01-29T14:20:19.412+0000] {logging_mixin.py:188} INFO - Downloaded TSLA/1769692610.json
[2026-01-29T14:20:19.438+0000] {logging_mixin.py:188} INFO - Downloaded TSLA/1769692626.json
[2026-01-29T14:20:19.461+0000] {logging_mixin.py:188} INFO - Downloaded TSLA/1769692639.json
[2026-01-29T14:20:19.486+0000] {logging_mixin.py:188} INFO - Downloaded TSLA/1769692651.json
[2026-01-29T14:20:19.512+0000] {logging_mixin.py:188} INFO - Downloaded TSLA/1769692666.json
[2026-01-29T14:20:19.530+0000] {logging_mixin.py:188} INFO - Downloaded TSLA/1769692679.json
[2026-01-29T14:20:19.548+0000] {logging_mixin.py:188} INFO - Downloaded TSLA/1769692691.json
[2026-01-29T14:20:19.568+0000] {logging_mixin.py:188} INFO - Downloaded TSLA/1769692708.json
[2026-01-29T14:20:19.588+0000] {logging_mixin.py:188} INFO - Downloaded TSLA/1769692722.json
[2026-01-29T14:20:19.612+0000] {logging_mixin.py:188} INFO - Downloaded TSLA/1769692737.json
[2026-01-29T14:20:19.645+0000] {logging_mixin.py:188} INFO - Downloaded TSLA/1769692750.json
[2026-01-29T14:20:19.670+0000] {logging_mixin.py:188} INFO - Downloaded TSLA/1769692763.json
[2026-01-29T14:20:19.694+0000] {logging_mixin.py:188} INFO - Downloaded TSLA/1769692782.json
[2026-01-29T14:20:19.721+0000] {logging_mixin.py:188} INFO - Downloaded TSLA/1769692802.json
[2026-01-29T14:20:19.748+0000] {logging_mixin.py:188} INFO - Downloaded TSLA/1769692816.json
[2026-01-29T14:20:19.790+0000] {logging_mixin.py:188} INFO - Downloaded TSLA/1769692830.json
[2026-01-29T14:20:19.821+0000] {logging_mixin.py:188} INFO - Downloaded TSLA/1769692845.json
[2026-01-29T14:20:19.849+0000] {logging_mixin.py:188} INFO - Downloaded TSLA/1769692861.json
[2026-01-29T14:20:19.879+0000] {logging_mixin.py:188} INFO - Downloaded TSLA/1769692875.json
[2026-01-29T14:20:19.901+0000] {logging_mixin.py:188} INFO - Downloaded TSLA/1769692890.json
[2026-01-29T14:20:19.923+0000] {logging_mixin.py:188} INFO - Downloaded TSLA/1769692912.json
[2026-01-29T14:20:19.944+0000] {logging_mixin.py:188} INFO - Downloaded TSLA/1769692927.json
[2026-01-29T14:20:19.968+0000] {logging_mixin.py:188} INFO - Downloaded TSLA/1769692942.json
[2026-01-29T14:20:19.996+0000] {logging_mixin.py:188} INFO - Downloaded TSLA/1769692956.json
[2026-01-29T14:20:20.023+0000] {logging_mixin.py:188} INFO - Downloaded TSLA/1769692971.json
[2026-01-29T14:20:20.048+0000] {logging_mixin.py:188} INFO - Downloaded TSLA/1769692982.json
[2026-01-29T14:20:20.071+0000] {logging_mixin.py:188} INFO - Downloaded TSLA/1769692993.json
[2026-01-29T14:20:20.104+0000] {logging_mixin.py:188} INFO - Downloaded TSLA/1769693006.json
[2026-01-29T14:20:20.128+0000] {logging_mixin.py:188} INFO - Downloaded TSLA/1769693018.json
[2026-01-29T14:20:20.149+0000] {logging_mixin.py:188} INFO - Downloaded TSLA/1769693031.json
[2026-01-29T14:20:20.173+0000] {logging_mixin.py:188} INFO - Downloaded TSLA/1769693043.json
[2026-01-29T14:20:20.201+0000] {logging_mixin.py:188} INFO - Downloaded TSLA/1769693056.json
[2026-01-29T14:20:20.227+0000] {logging_mixin.py:188} INFO - Downloaded TSLA/1769693069.json
[2026-01-29T14:20:20.249+0000] {logging_mixin.py:188} INFO - Downloaded TSLA/1769693081.json
[2026-01-29T14:20:20.269+0000] {logging_mixin.py:188} INFO - Downloaded TSLA/1769693093.json
[2026-01-29T14:20:20.291+0000] {logging_mixin.py:188} INFO - Downloaded TSLA/1769693108.json
[2026-01-29T14:20:20.311+0000] {logging_mixin.py:188} INFO - Downloaded TSLA/1769693122.json
[2026-01-29T14:20:20.332+0000] {logging_mixin.py:188} INFO - Downloaded TSLA/1769693134.json
[2026-01-29T14:20:20.353+0000] {logging_mixin.py:188} INFO - Downloaded TSLA/1769693146.json
[2026-01-29T14:20:20.376+0000] {logging_mixin.py:188} INFO - Downloaded TSLA/1769693157.json
[2026-01-29T14:20:20.407+0000] {logging_mixin.py:188} INFO - Downloaded TSLA/1769693169.json
[2026-01-29T14:20:20.430+0000] {logging_mixin.py:188} INFO - Downloaded TSLA/1769693181.json
[2026-01-29T14:20:20.451+0000] {logging_mixin.py:188} INFO - Downloaded TSLA/1769693193.json
[2026-01-29T14:20:20.473+0000] {logging_mixin.py:188} INFO - Downloaded TSLA/1769693204.json
[2026-01-29T14:20:20.492+0000] {logging_mixin.py:188} INFO - Downloaded TSLA/1769693216.json
[2026-01-29T14:20:20.516+0000] {logging_mixin.py:188} INFO - Downloaded TSLA/1769693228.json
[2026-01-29T14:20:20.539+0000] {logging_mixin.py:188} INFO - Downloaded TSLA/1769693240.json
[2026-01-29T14:20:20.571+0000] {logging_mixin.py:188} INFO - Downloaded TSLA/1769693253.json
[2026-01-29T14:20:20.599+0000] {logging_mixin.py:188} INFO - Downloaded TSLA/1769693264.json
[2026-01-29T14:20:20.628+0000] {logging_mixin.py:188} INFO - Downloaded TSLA/1769693276.json
[2026-01-29T14:20:20.654+0000] {logging_mixin.py:188} INFO - Downloaded TSLA/1769693288.json
[2026-01-29T14:20:20.678+0000] {logging_mixin.py:188} INFO - Downloaded TSLA/1769693300.json
[2026-01-29T14:20:20.700+0000] {logging_mixin.py:188} INFO - Downloaded TSLA/1769693312.json
[2026-01-29T14:20:20.735+0000] {logging_mixin.py:188} INFO - Downloaded TSLA/1769693323.json
[2026-01-29T14:20:20.754+0000] {logging_mixin.py:188} INFO - Downloaded TSLA/1769693337.json
[2026-01-29T14:20:20.774+0000] {logging_mixin.py:188} INFO - Downloaded TSLA/1769693350.json
[2026-01-29T14:20:20.798+0000] {logging_mixin.py:188} INFO - Downloaded TSLA/1769693361.json
[2026-01-29T14:20:20.825+0000] {logging_mixin.py:188} INFO - Downloaded TSLA/1769693372.json
[2026-01-29T14:20:20.855+0000] {logging_mixin.py:188} INFO - Downloaded TSLA/1769693383.json
[2026-01-29T14:20:20.879+0000] {logging_mixin.py:188} INFO - Downloaded TSLA/1769693396.json
[2026-01-29T14:20:20.910+0000] {logging_mixin.py:188} INFO - Downloaded TSLA/1769693409.json
[2026-01-29T14:20:20.942+0000] {logging_mixin.py:188} INFO - Downloaded TSLA/1769693421.json
[2026-01-29T14:20:20.969+0000] {logging_mixin.py:188} INFO - Downloaded TSLA/1769693435.json
[2026-01-29T14:20:21.003+0000] {logging_mixin.py:188} INFO - Downloaded TSLA/1769693446.json
[2026-01-29T14:20:21.030+0000] {logging_mixin.py:188} INFO - Downloaded TSLA/1769693458.json
[2026-01-29T14:20:21.063+0000] {logging_mixin.py:188} INFO - Downloaded TSLA/1769693470.json
[2026-01-29T14:20:21.088+0000] {logging_mixin.py:188} INFO - Downloaded TSLA/1769693482.json
[2026-01-29T14:20:21.111+0000] {logging_mixin.py:188} INFO - Downloaded TSLA/1769693493.json
[2026-01-29T14:20:21.133+0000] {logging_mixin.py:188} INFO - Downloaded TSLA/1769693506.json
[2026-01-29T14:20:21.156+0000] {logging_mixin.py:188} INFO - Downloaded TSLA/1769693518.json
[2026-01-29T14:20:21.175+0000] {logging_mixin.py:188} INFO - Downloaded TSLA/1769693532.json
[2026-01-29T14:20:21.196+0000] {logging_mixin.py:188} INFO - Downloaded TSLA/1769693545.json
[2026-01-29T14:20:21.217+0000] {logging_mixin.py:188} INFO - Downloaded TSLA/1769693560.json
[2026-01-29T14:20:21.243+0000] {logging_mixin.py:188} INFO - Downloaded TSLA/1769693575.json
[2026-01-29T14:20:21.265+0000] {logging_mixin.py:188} INFO - Downloaded TSLA/1769693586.json
[2026-01-29T14:20:21.295+0000] {logging_mixin.py:188} INFO - Downloaded TSLA/1769693602.json
[2026-01-29T14:20:21.320+0000] {logging_mixin.py:188} INFO - Downloaded TSLA/1769693614.json
[2026-01-29T14:20:21.325+0000] {python.py:237} INFO - Done. Returned value was: ['/opt/***/data/minio/1769692353.json', '/opt/***/data/minio/1769692366.json', '/opt/***/data/minio/1769692380.json', '/opt/***/data/minio/1769692392.json', '/opt/***/data/minio/1769692403.json', '/opt/***/data/minio/1769692416.json', '/opt/***/data/minio/1769692432.json', '/opt/***/data/minio/1769692444.json', '/opt/***/data/minio/1769692457.json', '/opt/***/data/minio/1769692469.json', '/opt/***/data/minio/1769692482.json', '/opt/***/data/minio/1769692495.json', '/opt/***/data/minio/1769692508.json', '/opt/***/data/minio/1769692521.json', '/opt/***/data/minio/1769692535.json', '/opt/***/data/minio/1769692548.json', '/opt/***/data/minio/1769692560.json', '/opt/***/data/minio/1769692573.json', '/opt/***/data/minio/1769692584.json', '/opt/***/data/minio/1769692602.json', '/opt/***/data/minio/1769692623.json', '/opt/***/data/minio/1769692636.json', '/opt/***/data/minio/1769692648.json', '/opt/***/data/minio/1769692661.json', '/opt/***/data/minio/1769692676.json', '/opt/***/data/minio/1769692688.json', '/opt/***/data/minio/1769692700.json', '/opt/***/data/minio/1769692719.json', '/opt/***/data/minio/1769692733.json', '/opt/***/data/minio/1769692747.json', '/opt/***/data/minio/1769692760.json', '/opt/***/data/minio/1769692778.json', '/opt/***/data/minio/1769692793.json', '/opt/***/data/minio/1769692812.json', '/opt/***/data/minio/1769692827.json', '/opt/***/data/minio/1769692839.json', '/opt/***/data/minio/1769692856.json', '/opt/***/data/minio/1769692873.json', '/opt/***/data/minio/1769692887.json', '/opt/***/data/minio/1769692909.json', '/opt/***/data/minio/1769692921.json', '/opt/***/data/minio/1769692940.json', '/opt/***/data/minio/1769692953.json', '/opt/***/data/minio/1769692969.json', '/opt/***/data/minio/1769692980.json', '/opt/***/data/minio/1769692991.json', '/opt/***/data/minio/1769693003.json', '/opt/***/data/minio/1769693016.json', '/opt/***/data/minio/1769693028.json', '/opt/***/data/minio/1769693040.json', '/opt/***/data/minio/1769693054.json', '/opt/***/data/minio/1769693066.json', '/opt/***/data/minio/1769693079.json', '/opt/***/data/minio/1769693090.json', '/opt/***/data/minio/1769693105.json', '/opt/***/data/minio/1769693118.json', '/opt/***/data/minio/1769693132.json', '/opt/***/data/minio/1769693144.json', '/opt/***/data/minio/1769693155.json', '/opt/***/data/minio/1769693167.json', '/opt/***/data/minio/1769693180.json', '/opt/***/data/minio/1769693191.json', '/opt/***/data/minio/1769693202.json', '/opt/***/data/minio/1769693213.json', '/opt/***/data/minio/1769693226.json', '/opt/***/data/minio/1769693238.json', '/opt/***/data/minio/1769693249.json', '/opt/***/data/minio/1769693262.json', '/opt/***/data/minio/1769693273.json', '/opt/***/data/minio/1769693286.json', '/opt/***/data/minio/1769693298.json', '/opt/***/data/minio/1769693309.json', '/opt/***/data/minio/1769693321.json', '/opt/***/data/minio/1769693334.json', '/opt/***/data/minio/1769693348.json', '/opt/***/data/minio/1769693359.json', '/opt/***/data/minio/1769693370.json', '/opt/***/data/minio/1769693381.json', '/opt/***/data/minio/1769693392.json', '/opt/***/data/minio/1769693406.json', '/opt/***/data/minio/1769693419.json', '/opt/***/data/minio/1769693432.json', '/opt/***/data/minio/1769693444.json', '/opt/***/data/minio/1769693456.json', '/opt/***/data/minio/1769693467.json', '/opt/***/data/minio/1769693480.json', '/opt/***/data/minio/1769693491.json', '/opt/***/data/minio/1769693504.json', '/opt/***/data/minio/1769693516.json', '/opt/***/data/minio/1769693530.json', '/opt/***/data/minio/1769693543.json', '/opt/***/data/minio/1769693558.json', '/opt/***/data/minio/1769693571.json', '/opt/***/data/minio/1769693584.json', '/opt/***/data/minio/1769693597.json', '/opt/***/data/minio/1769693612.json', '/opt/***/data/minio/1769693629.json', '/opt/***/data/minio/1769692359.json', '/opt/***/data/minio/1769692372.json', '/opt/***/data/minio/1769692385.json', '/opt/***/data/minio/1769692396.json', '/opt/***/data/minio/1769692409.json', '/opt/***/data/minio/1769692424.json', '/opt/***/data/minio/1769692437.json', '/opt/***/data/minio/1769692450.json', '/opt/***/data/minio/1769692462.json', '/opt/***/data/minio/1769692475.json', '/opt/***/data/minio/1769692486.json', '/opt/***/data/minio/1769692501.json', '/opt/***/data/minio/1769692513.json', '/opt/***/data/minio/1769692528.json', '/opt/***/data/minio/1769692540.json', '/opt/***/data/minio/1769692553.json', '/opt/***/data/minio/1769692565.json', '/opt/***/data/minio/1769692577.json', '/opt/***/data/minio/1769692591.json', '/opt/***/data/minio/1769692616.json', '/opt/***/data/minio/1769692628.json', '/opt/***/data/minio/1769692641.json', '/opt/***/data/minio/1769692654.json', '/opt/***/data/minio/1769692669.json', '/opt/***/data/minio/1769692681.json', '/opt/***/data/minio/1769692693.json', '/opt/***/data/minio/1769692711.json', '/opt/***/data/minio/1769692725.json', '/opt/***/data/minio/1769692740.json', '/opt/***/data/minio/1769692753.json', '/opt/***/data/minio/1769692769.json', '/opt/***/data/minio/1769692785.json', '/opt/***/data/minio/1769692804.json', '/opt/***/data/minio/1769692819.json', '/opt/***/data/minio/1769692832.json', '/opt/***/data/minio/1769692847.json', '/opt/***/data/minio/1769692866.json', '/opt/***/data/minio/1769692880.json', '/opt/***/data/minio/1769692902.json', '/opt/***/data/minio/1769692914.json', '/opt/***/data/minio/1769692929.json', '/opt/***/data/minio/1769692946.json', '/opt/***/data/minio/1769692961.json', '/opt/***/data/minio/1769692973.json', '/opt/***/data/minio/1769692984.json', '/opt/***/data/minio/1769692995.json', '/opt/***/data/minio/1769693008.json', '/opt/***/data/minio/1769693021.json', '/opt/***/data/minio/1769693033.json', '/opt/***/data/minio/1769693047.json', '/opt/***/data/minio/1769693059.json', '/opt/***/data/minio/1769693072.json', '/opt/***/data/minio/1769693083.json', '/opt/***/data/minio/1769693095.json', '/opt/***/data/minio/1769693110.json', '/opt/***/data/minio/1769693125.json', '/opt/***/data/minio/1769693136.json', '/opt/***/data/minio/1769693148.json', '/opt/***/data/minio/1769693160.json', '/opt/***/data/minio/1769693173.json', '/opt/***/data/minio/1769693184.json', '/opt/***/data/minio/1769693195.json', '/opt/***/data/minio/1769693206.json', '/opt/***/data/minio/1769693219.json', '/opt/***/data/minio/1769693230.json', '/opt/***/data/minio/1769693242.json', '/opt/***/data/minio/1769693255.json', '/opt/***/data/minio/1769693266.json', '/opt/***/data/minio/1769693279.json', '/opt/***/data/minio/1769693290.json', '/opt/***/data/minio/1769693302.json', '/opt/***/data/minio/1769693314.json', '/opt/***/data/minio/1769693326.json', '/opt/***/data/minio/1769693340.json', '/opt/***/data/minio/1769693352.json', '/opt/***/data/minio/1769693363.json', '/opt/***/data/minio/1769693374.json', '/opt/***/data/minio/1769693385.json', '/opt/***/data/minio/1769693399.json', '/opt/***/data/minio/1769693411.json', '/opt/***/data/minio/1769693425.json', '/opt/***/data/minio/1769693437.json', '/opt/***/data/minio/1769693449.json', '/opt/***/data/minio/1769693460.json', '/opt/***/data/minio/1769693473.json', '/opt/***/data/minio/1769693484.json', '/opt/***/data/minio/1769693496.json', '/opt/***/data/minio/1769693508.json', '/opt/***/data/minio/1769693522.json', '/opt/***/data/minio/1769693536.json', '/opt/***/data/minio/1769693549.json', '/opt/***/data/minio/1769693564.json', '/opt/***/data/minio/1769693577.json', '/opt/***/data/minio/1769693590.json', '/opt/***/data/minio/1769693604.json', '/opt/***/data/minio/1769693616.json', '/opt/***/data/minio/1769692357.json', '/opt/***/data/minio/1769692370.json', '/opt/***/data/minio/1769692383.json', '/opt/***/data/minio/1769692395.json', '/opt/***/data/minio/1769692407.json', '/opt/***/data/minio/1769692422.json', '/opt/***/data/minio/1769692436.json', '/opt/***/data/minio/1769692448.json', '/opt/***/data/minio/1769692461.json', '/opt/***/data/minio/1769692473.json', '/opt/***/data/minio/1769692485.json', '/opt/***/data/minio/1769692499.json', '/opt/***/data/minio/1769692513.json', '/opt/***/data/minio/1769692524.json', '/opt/***/data/minio/1769692538.json', '/opt/***/data/minio/1769692551.json', '/opt/***/data/minio/1769692564.json', '/opt/***/data/minio/1769692576.json', '/opt/***/data/minio/1769692589.json', '/opt/***/data/minio/1769692615.json', '/opt/***/data/minio/1769692627.json', '/opt/***/data/minio/1769692640.json', '/opt/***/data/minio/1769692652.json', '/opt/***/data/minio/1769692668.json', '/opt/***/data/minio/1769692680.json', '/opt/***/data/minio/1769692692.json', '/opt/***/data/minio/1769692710.json', '/opt/***/data/minio/1769692723.json', '/opt/***/data/minio/1769692739.json', '/opt/***/data/minio/1769692752.json', '/opt/***/data/minio/1769692765.json', '/opt/***/data/minio/1769692784.json', '/opt/***/data/minio/1769692803.json', '/opt/***/data/minio/1769692817.json', '/opt/***/data/minio/1769692831.json', '/opt/***/data/minio/1769692846.json', '/opt/***/data/minio/1769692864.json', '/opt/***/data/minio/1769692878.json', '/opt/***/data/minio/1769692913.json', '/opt/***/data/minio/1769692928.json', '/opt/***/data/minio/1769692944.json', '/opt/***/data/minio/1769692960.json', '/opt/***/data/minio/1769692972.json', '/opt/***/data/minio/1769692983.json', '/opt/***/data/minio/1769692994.json', '/opt/***/data/minio/1769693007.json', '/opt/***/data/minio/1769693020.json', '/opt/***/data/minio/1769693032.json', '/opt/***/data/minio/1769693044.json', '/opt/***/data/minio/1769693058.json', '/opt/***/data/minio/1769693071.json', '/opt/***/data/minio/1769693082.json', '/opt/***/data/minio/1769693094.json', '/opt/***/data/minio/1769693109.json', '/opt/***/data/minio/1769693124.json', '/opt/***/data/minio/1769693135.json', '/opt/***/data/minio/1769693147.json', '/opt/***/data/minio/1769693158.json', '/opt/***/data/minio/1769693172.json', '/opt/***/data/minio/1769693183.json', '/opt/***/data/minio/1769693194.json', '/opt/***/data/minio/1769693205.json', '/opt/***/data/minio/1769693218.json', '/opt/***/data/minio/1769693229.json', '/opt/***/data/minio/1769693241.json', '/opt/***/data/minio/1769693254.json', '/opt/***/data/minio/1769693265.json', '/opt/***/data/minio/1769693277.json', '/opt/***/data/minio/1769693289.json', '/opt/***/data/minio/1769693301.json', '/opt/***/data/minio/1769693313.json', '/opt/***/data/minio/1769693324.json', '/opt/***/data/minio/1769693339.json', '/opt/***/data/minio/1769693351.json', '/opt/***/data/minio/1769693362.json', '/opt/***/data/minio/1769693373.json', '/opt/***/data/minio/1769693384.json', '/opt/***/data/minio/1769693398.json', '/opt/***/data/minio/1769693410.json', '/opt/***/data/minio/1769693422.json', '/opt/***/data/minio/1769693436.json', '/opt/***/data/minio/1769693447.json', '/opt/***/data/minio/1769693459.json', '/opt/***/data/minio/1769693471.json', '/opt/***/data/minio/1769693483.json', '/opt/***/data/minio/1769693495.json', '/opt/***/data/minio/1769693507.json', '/opt/***/data/minio/1769693520.json', '/opt/***/data/minio/1769693533.json', '/opt/***/data/minio/1769693547.json', '/opt/***/data/minio/1769693562.json', '/opt/***/data/minio/1769693576.json', '/opt/***/data/minio/1769693587.json', '/opt/***/data/minio/1769693603.json', '/opt/***/data/minio/1769693615.json', '/opt/***/data/minio/1769692355.json', '/opt/***/data/minio/1769692368.json', '/opt/***/data/minio/1769692381.json', '/opt/***/data/minio/1769692393.json', '/opt/***/data/minio/1769692405.json', '/opt/***/data/minio/1769692417.json', '/opt/***/data/minio/1769692433.json', '/opt/***/data/minio/1769692446.json', '/opt/***/data/minio/1769692458.json', '/opt/***/data/minio/1769692471.json', '/opt/***/data/minio/1769692483.json', '/opt/***/data/minio/1769692497.json', '/opt/***/data/minio/1769692511.json', '/opt/***/data/minio/1769692522.json', '/opt/***/data/minio/1769692536.json', '/opt/***/data/minio/1769692549.json', '/opt/***/data/minio/1769692561.json', '/opt/***/data/minio/1769692574.json', '/opt/***/data/minio/1769692586.json', '/opt/***/data/minio/1769692605.json', '/opt/***/data/minio/1769692624.json', '/opt/***/data/minio/1769692638.json', '/opt/***/data/minio/1769692649.json', '/opt/***/data/minio/1769692663.json', '/opt/***/data/minio/1769692678.json', '/opt/***/data/minio/1769692690.json', '/opt/***/data/minio/1769692701.json', '/opt/***/data/minio/1769692721.json', '/opt/***/data/minio/1769692736.json', '/opt/***/data/minio/1769692749.json', '/opt/***/data/minio/1769692762.json', '/opt/***/data/minio/1769692780.json', '/opt/***/data/minio/1769692798.json', '/opt/***/data/minio/1769692813.json', '/opt/***/data/minio/1769692828.json', '/opt/***/data/minio/1769692844.json', '/opt/***/data/minio/1769692860.json', '/opt/***/data/minio/1769692874.json', '/opt/***/data/minio/1769692889.json', '/opt/***/data/minio/1769692910.json', '/opt/***/data/minio/1769692926.json', '/opt/***/data/minio/1769692941.json', '/opt/***/data/minio/1769692954.json', '/opt/***/data/minio/1769692970.json', '/opt/***/data/minio/1769692981.json', '/opt/***/data/minio/1769692992.json', '/opt/***/data/minio/1769693004.json', '/opt/***/data/minio/1769693017.json', '/opt/***/data/minio/1769693030.json', '/opt/***/data/minio/1769693041.json', '/opt/***/data/minio/1769693055.json', '/opt/***/data/minio/1769693067.json', '/opt/***/data/minio/1769693080.json', '/opt/***/data/minio/1769693092.json', '/opt/***/data/minio/1769693107.json', '/opt/***/data/minio/1769693119.json', '/opt/***/data/minio/1769693133.json', '/opt/***/data/minio/1769693145.json', '/opt/***/data/minio/1769693156.json', '/opt/***/data/minio/1769693168.json', '/opt/***/data/minio/1769693181.json', '/opt/***/data/minio/1769693192.json', '/opt/***/data/minio/1769693203.json', '/opt/***/data/minio/1769693215.json', '/opt/***/data/minio/1769693227.json', '/opt/***/data/minio/1769693239.json', '/opt/***/data/minio/1769693250.json', '/opt/***/data/minio/1769693263.json', '/opt/***/data/minio/1769693275.json', '/opt/***/data/minio/1769693287.json', '/opt/***/data/minio/1769693299.json', '/opt/***/data/minio/1769693310.json', '/opt/***/data/minio/1769693322.json', '/opt/***/data/minio/1769693335.json', '/opt/***/data/minio/1769693349.json', '/opt/***/data/minio/1769693360.json', '/opt/***/data/minio/1769693371.json', '/opt/***/data/minio/1769693382.json', '/opt/***/data/minio/1769693394.json', '/opt/***/data/minio/1769693407.json', '/opt/***/data/minio/1769693420.json', '/opt/***/data/minio/1769693434.json', '/opt/***/data/minio/1769693445.json', '/opt/***/data/minio/1769693457.json', '/opt/***/data/minio/1769693469.json', '/opt/***/data/minio/1769693481.json', '/opt/***/data/minio/1769693492.json', '/opt/***/data/minio/1769693505.json', '/opt/***/data/minio/1769693517.json', '/opt/***/data/minio/1769693531.json', '/opt/***/data/minio/1769693544.json', '/opt/***/data/minio/1769693559.json', '/opt/***/data/minio/1769693574.json', '/opt/***/data/minio/1769693585.json', '/opt/***/data/minio/1769693600.json', '/opt/***/data/minio/1769693613.json', '/opt/***/data/minio/1769692356.json', '/opt/***/data/minio/1769692369.json', '/opt/***/data/minio/1769692382.json', '/opt/***/data/minio/1769692394.json', '/opt/***/data/minio/1769692406.json', '/opt/***/data/minio/1769692419.json', '/opt/***/data/minio/1769692434.json', '/opt/***/data/minio/1769692447.json', '/opt/***/data/minio/1769692460.json', '/opt/***/data/minio/1769692472.json', '/opt/***/data/minio/1769692484.json', '/opt/***/data/minio/1769692498.json', '/opt/***/data/minio/1769692512.json', '/opt/***/data/minio/1769692523.json', '/opt/***/data/minio/1769692537.json', '/opt/***/data/minio/1769692550.json', '/opt/***/data/minio/1769692563.json', '/opt/***/data/minio/1769692575.json', '/opt/***/data/minio/1769692588.json', '/opt/***/data/minio/1769692610.json', '/opt/***/data/minio/1769692626.json', '/opt/***/data/minio/1769692639.json', '/opt/***/data/minio/1769692651.json', '/opt/***/data/minio/1769692666.json', '/opt/***/data/minio/1769692679.json', '/opt/***/data/minio/1769692691.json', '/opt/***/data/minio/1769692708.json', '/opt/***/data/minio/1769692722.json', '/opt/***/data/minio/1769692737.json', '/opt/***/data/minio/1769692750.json', '/opt/***/data/minio/1769692763.json', '/opt/***/data/minio/1769692782.json', '/opt/***/data/minio/1769692802.json', '/opt/***/data/minio/1769692816.json', '/opt/***/data/minio/1769692830.json', '/opt/***/data/minio/1769692845.json', '/opt/***/data/minio/1769692861.json', '/opt/***/data/minio/1769692875.json', '/opt/***/data/minio/1769692890.json', '/opt/***/data/minio/1769692912.json', '/opt/***/data/minio/1769692927.json', '/opt/***/data/minio/1769692942.json', '/opt/***/data/minio/1769692956.json', '/opt/***/data/minio/1769692971.json', '/opt/***/data/minio/1769692982.json', '/opt/***/data/minio/1769692993.json', '/opt/***/data/minio/1769693006.json', '/opt/***/data/minio/1769693018.json', '/opt/***/data/minio/1769693031.json', '/opt/***/data/minio/1769693043.json', '/opt/***/data/minio/1769693056.json', '/opt/***/data/minio/1769693069.json', '/opt/***/data/minio/1769693081.json', '/opt/***/data/minio/1769693093.json', '/opt/***/data/minio/1769693108.json', '/opt/***/data/minio/1769693122.json', '/opt/***/data/minio/1769693134.json', '/opt/***/data/minio/1769693146.json', '/opt/***/data/minio/1769693157.json', '/opt/***/data/minio/1769693169.json', '/opt/***/data/minio/1769693181.json', '/opt/***/data/minio/1769693193.json', '/opt/***/data/minio/1769693204.json', '/opt/***/data/minio/1769693216.json', '/opt/***/data/minio/1769693228.json', '/opt/***/data/minio/1769693240.json', '/opt/***/data/minio/1769693253.json', '/opt/***/data/minio/1769693264.json', '/opt/***/data/minio/1769693276.json', '/opt/***/data/minio/1769693288.json', '/opt/***/data/minio/1769693300.json', '/opt/***/data/minio/1769693312.json', '/opt/***/data/minio/1769693323.json', '/opt/***/data/minio/1769693337.json', '/opt/***/data/minio/1769693350.json', '/opt/***/data/minio/1769693361.json', '/opt/***/data/minio/1769693372.json', '/opt/***/data/minio/1769693383.json', '/opt/***/data/minio/1769693396.json', '/opt/***/data/minio/1769693409.json', '/opt/***/data/minio/1769693421.json', '/opt/***/data/minio/1769693435.json', '/opt/***/data/minio/1769693446.json', '/opt/***/data/minio/1769693458.json', '/opt/***/data/minio/1769693470.json', '/opt/***/data/minio/1769693482.json', '/opt/***/data/minio/1769693493.json', '/opt/***/data/minio/1769693506.json', '/opt/***/data/minio/1769693518.json', '/opt/***/data/minio/1769693532.json', '/opt/***/data/minio/1769693545.json', '/opt/***/data/minio/1769693560.json', '/opt/***/data/minio/1769693575.json', '/opt/***/data/minio/1769693586.json', '/opt/***/data/minio/1769693602.json', '/opt/***/data/minio/1769693614.json']
[2026-01-29T14:20:21.346+0000] {taskinstance.py:441} INFO - ::group::Post task execution logs
[2026-01-29T14:20:21.437+0000] {taskinstance.py:1206} INFO - Marking task as SUCCESS. dag_id=minio_to_snowflake, task_id=download_minio, run_id=scheduled__2026-01-29T14:19:00+00:00, execution_date=20260129T141900, start_date=20260129T142006, end_date=20260129T142021
[2026-01-29T14:20:21.518+0000] {local_task_job_runner.py:243} INFO - Task exited with return code 0
[2026-01-29T14:20:21.575+0000] {taskinstance.py:3503} INFO - 1 downstream tasks scheduled from follow-on schedule check
[2026-01-29T14:20:21.580+0000] {local_task_job_runner.py:222} INFO - ::endgroup::
