[2026-02-11T07:55:04.100+0000] {local_task_job_runner.py:120} INFO - ::group::Pre task execution logs
[2026-02-11T07:55:04.182+0000] {taskinstance.py:2076} INFO - Dependencies all met for dep_context=non-requeueable deps ti=<TaskInstance: minio_to_snowflake.download_minio scheduled__2026-02-11T07:54:00+00:00 [queued]>
[2026-02-11T07:55:04.203+0000] {taskinstance.py:2076} INFO - Dependencies all met for dep_context=requeueable deps ti=<TaskInstance: minio_to_snowflake.download_minio scheduled__2026-02-11T07:54:00+00:00 [queued]>
[2026-02-11T07:55:04.204+0000] {taskinstance.py:2306} INFO - Starting attempt 1 of 2
[2026-02-11T07:55:04.240+0000] {taskinstance.py:2330} INFO - Executing <Task(PythonOperator): download_minio> on 2026-02-11 07:54:00+00:00
[2026-02-11T07:55:04.268+0000] {logging_mixin.py:188} WARNING - /home/***/.local/lib/python3.12/site-packages/***/task/task_runner/standard_task_runner.py:62 DeprecationWarning: This process (pid=6809) is multi-threaded, use of fork() may lead to deadlocks in the child.
[2026-02-11T07:55:04.272+0000] {standard_task_runner.py:64} INFO - Started process 6823 to run task
[2026-02-11T07:55:04.267+0000] {standard_task_runner.py:90} INFO - Running: ['***', 'tasks', 'run', 'minio_to_snowflake', 'download_minio', 'scheduled__2026-02-11T07:54:00+00:00', '--job-id', '1026', '--raw', '--subdir', 'DAGS_FOLDER/minio_to_snowflake.py', '--cfg-path', '/tmp/tmp1h10ffbd']
[2026-02-11T07:55:04.275+0000] {standard_task_runner.py:91} INFO - Job 1026: Subtask download_minio
[2026-02-11T07:55:04.558+0000] {task_command.py:426} INFO - Running <TaskInstance: minio_to_snowflake.download_minio scheduled__2026-02-11T07:54:00+00:00 [running]> on host 6729b10e6876
[2026-02-11T07:55:04.983+0000] {taskinstance.py:2648} INFO - Exporting env vars: AIRFLOW_CTX_DAG_OWNER='***' AIRFLOW_CTX_DAG_ID='minio_to_snowflake' AIRFLOW_CTX_TASK_ID='download_minio' AIRFLOW_CTX_EXECUTION_DATE='2026-02-11T07:54:00+00:00' AIRFLOW_CTX_TRY_NUMBER='1' AIRFLOW_CTX_DAG_RUN_ID='scheduled__2026-02-11T07:54:00+00:00'
[2026-02-11T07:55:04.989+0000] {taskinstance.py:430} INFO - ::endgroup::
[2026-02-11T07:55:05.444+0000] {logging_mixin.py:188} INFO - Downloaded AAPL/1770795801.json
[2026-02-11T07:55:05.464+0000] {logging_mixin.py:188} INFO - Downloaded AAPL/1770795811.json
[2026-02-11T07:55:05.482+0000] {logging_mixin.py:188} INFO - Downloaded AAPL/1770795821.json
[2026-02-11T07:55:05.501+0000] {logging_mixin.py:188} INFO - Downloaded AAPL/1770795832.json
[2026-02-11T07:55:05.520+0000] {logging_mixin.py:188} INFO - Downloaded AAPL/1770795843.json
[2026-02-11T07:55:05.542+0000] {logging_mixin.py:188} INFO - Downloaded AAPL/1770795854.json
[2026-02-11T07:55:05.561+0000] {logging_mixin.py:188} INFO - Downloaded AAPL/1770795864.json
[2026-02-11T07:55:05.580+0000] {logging_mixin.py:188} INFO - Downloaded AAPL/1770795875.json
[2026-02-11T07:55:05.599+0000] {logging_mixin.py:188} INFO - Downloaded AAPL/1770795889.json
[2026-02-11T07:55:05.617+0000] {logging_mixin.py:188} INFO - Downloaded AAPL/1770795899.json
[2026-02-11T07:55:05.634+0000] {logging_mixin.py:188} INFO - Downloaded AAPL/1770795910.json
[2026-02-11T07:55:05.655+0000] {logging_mixin.py:188} INFO - Downloaded AAPL/1770795920.json
[2026-02-11T07:55:05.674+0000] {logging_mixin.py:188} INFO - Downloaded AAPL/1770795931.json
[2026-02-11T07:55:05.693+0000] {logging_mixin.py:188} INFO - Downloaded AAPL/1770795942.json
[2026-02-11T07:55:05.712+0000] {logging_mixin.py:188} INFO - Downloaded AAPL/1770795952.json
[2026-02-11T07:55:05.737+0000] {logging_mixin.py:188} INFO - Downloaded AAPL/1770795962.json
[2026-02-11T07:55:05.764+0000] {logging_mixin.py:188} INFO - Downloaded AAPL/1770795973.json
[2026-02-11T07:55:05.787+0000] {logging_mixin.py:188} INFO - Downloaded AAPL/1770795984.json
[2026-02-11T07:55:05.807+0000] {logging_mixin.py:188} INFO - Downloaded AAPL/1770795995.json
[2026-02-11T07:55:05.828+0000] {logging_mixin.py:188} INFO - Downloaded AAPL/1770796006.json
[2026-02-11T07:55:05.854+0000] {logging_mixin.py:188} INFO - Downloaded AAPL/1770796016.json
[2026-02-11T07:55:05.895+0000] {logging_mixin.py:188} INFO - Downloaded AAPL/1770796027.json
[2026-02-11T07:55:05.923+0000] {logging_mixin.py:188} INFO - Downloaded AAPL/1770796038.json
[2026-02-11T07:55:05.943+0000] {logging_mixin.py:188} INFO - Downloaded AAPL/1770796048.json
[2026-02-11T07:55:05.963+0000] {logging_mixin.py:188} INFO - Downloaded AAPL/1770796059.json
[2026-02-11T07:55:05.983+0000] {logging_mixin.py:188} INFO - Downloaded AAPL/1770796069.json
[2026-02-11T07:55:06.003+0000] {logging_mixin.py:188} INFO - Downloaded AAPL/1770796079.json
[2026-02-11T07:55:06.023+0000] {logging_mixin.py:188} INFO - Downloaded AAPL/1770796091.json
[2026-02-11T07:55:06.045+0000] {logging_mixin.py:188} INFO - Downloaded AAPL/1770796102.json
[2026-02-11T07:55:06.065+0000] {logging_mixin.py:188} INFO - Downloaded AAPL/1770796113.json
[2026-02-11T07:55:06.084+0000] {logging_mixin.py:188} INFO - Downloaded AAPL/1770796123.json
[2026-02-11T07:55:06.104+0000] {logging_mixin.py:188} INFO - Downloaded AAPL/1770796133.json
[2026-02-11T07:55:06.125+0000] {logging_mixin.py:188} INFO - Downloaded AAPL/1770796143.json
[2026-02-11T07:55:06.145+0000] {logging_mixin.py:188} INFO - Downloaded AAPL/1770796156.json
[2026-02-11T07:55:06.162+0000] {logging_mixin.py:188} INFO - Downloaded AAPL/1770796166.json
[2026-02-11T07:55:06.184+0000] {logging_mixin.py:188} INFO - Downloaded AAPL/1770796178.json
[2026-02-11T07:55:06.207+0000] {logging_mixin.py:188} INFO - Downloaded AAPL/1770796188.json
[2026-02-11T07:55:06.229+0000] {logging_mixin.py:188} INFO - Downloaded AAPL/1770796200.json
[2026-02-11T07:55:06.249+0000] {logging_mixin.py:188} INFO - Downloaded AAPL/1770796211.json
[2026-02-11T07:55:06.271+0000] {logging_mixin.py:188} INFO - Downloaded AAPL/1770796222.json
[2026-02-11T07:55:06.291+0000] {logging_mixin.py:188} INFO - Downloaded AAPL/1770796233.json
[2026-02-11T07:55:06.309+0000] {logging_mixin.py:188} INFO - Downloaded AAPL/1770796243.json
[2026-02-11T07:55:06.327+0000] {logging_mixin.py:188} INFO - Downloaded AAPL/1770796253.json
[2026-02-11T07:55:06.346+0000] {logging_mixin.py:188} INFO - Downloaded AAPL/1770796264.json
[2026-02-11T07:55:06.364+0000] {logging_mixin.py:188} INFO - Downloaded AAPL/1770796275.json
[2026-02-11T07:55:06.381+0000] {logging_mixin.py:188} INFO - Downloaded AAPL/1770796286.json
[2026-02-11T07:55:06.400+0000] {logging_mixin.py:188} INFO - Downloaded AAPL/1770796297.json
[2026-02-11T07:55:06.419+0000] {logging_mixin.py:188} INFO - Downloaded AAPL/1770796307.json
[2026-02-11T07:55:06.441+0000] {logging_mixin.py:188} INFO - Downloaded AAPL/1770796318.json
[2026-02-11T07:55:06.463+0000] {logging_mixin.py:188} INFO - Downloaded AAPL/1770796328.json
[2026-02-11T07:55:06.488+0000] {logging_mixin.py:188} INFO - Downloaded AAPL/1770796339.json
[2026-02-11T07:55:06.507+0000] {logging_mixin.py:188} INFO - Downloaded AAPL/1770796350.json
[2026-02-11T07:55:06.527+0000] {logging_mixin.py:188} INFO - Downloaded AAPL/1770796360.json
[2026-02-11T07:55:06.545+0000] {logging_mixin.py:188} INFO - Downloaded AAPL/1770796371.json
[2026-02-11T07:55:06.563+0000] {logging_mixin.py:188} INFO - Downloaded AAPL/1770796381.json
[2026-02-11T07:55:06.581+0000] {logging_mixin.py:188} INFO - Downloaded AAPL/1770796392.json
[2026-02-11T07:55:06.602+0000] {logging_mixin.py:188} INFO - Downloaded AAPL/1770796402.json
[2026-02-11T07:55:06.620+0000] {logging_mixin.py:188} INFO - Downloaded AAPL/1770796413.json
[2026-02-11T07:55:06.640+0000] {logging_mixin.py:188} INFO - Downloaded AAPL/1770796424.json
[2026-02-11T07:55:06.661+0000] {logging_mixin.py:188} INFO - Downloaded AAPL/1770796435.json
[2026-02-11T07:55:06.679+0000] {logging_mixin.py:188} INFO - Downloaded AAPL/1770796446.json
[2026-02-11T07:55:06.698+0000] {logging_mixin.py:188} INFO - Downloaded AAPL/1770796456.json
[2026-02-11T07:55:06.715+0000] {logging_mixin.py:188} INFO - Downloaded AAPL/1770796467.json
[2026-02-11T07:55:06.734+0000] {logging_mixin.py:188} INFO - Downloaded AAPL/1770796478.json
[2026-02-11T07:55:06.753+0000] {logging_mixin.py:188} INFO - Downloaded AAPL/1770796488.json
[2026-02-11T07:55:06.773+0000] {logging_mixin.py:188} INFO - Downloaded AAPL/1770796499.json
[2026-02-11T07:55:06.802+0000] {logging_mixin.py:188} INFO - Downloaded AMZN/1770795804.json
[2026-02-11T07:55:06.839+0000] {logging_mixin.py:188} INFO - Downloaded AMZN/1770795815.json
[2026-02-11T07:55:06.866+0000] {logging_mixin.py:188} INFO - Downloaded AMZN/1770795825.json
[2026-02-11T07:55:06.894+0000] {logging_mixin.py:188} INFO - Downloaded AMZN/1770795836.json
[2026-02-11T07:55:06.934+0000] {logging_mixin.py:188} INFO - Downloaded AMZN/1770795847.json
[2026-02-11T07:55:06.989+0000] {logging_mixin.py:188} INFO - Downloaded AMZN/1770795857.json
[2026-02-11T07:55:07.019+0000] {logging_mixin.py:188} INFO - Downloaded AMZN/1770795868.json
[2026-02-11T07:55:07.040+0000] {logging_mixin.py:188} INFO - Downloaded AMZN/1770795882.json
[2026-02-11T07:55:07.063+0000] {logging_mixin.py:188} INFO - Downloaded AMZN/1770795892.json
[2026-02-11T07:55:07.087+0000] {logging_mixin.py:188} INFO - Downloaded AMZN/1770795903.json
[2026-02-11T07:55:07.105+0000] {logging_mixin.py:188} INFO - Downloaded AMZN/1770795913.json
[2026-02-11T07:55:07.129+0000] {logging_mixin.py:188} INFO - Downloaded AMZN/1770795924.json
[2026-02-11T07:55:07.151+0000] {logging_mixin.py:188} INFO - Downloaded AMZN/1770795935.json
[2026-02-11T07:55:07.170+0000] {logging_mixin.py:188} INFO - Downloaded AMZN/1770795945.json
[2026-02-11T07:55:07.188+0000] {logging_mixin.py:188} INFO - Downloaded AMZN/1770795955.json
[2026-02-11T07:55:07.211+0000] {logging_mixin.py:188} INFO - Downloaded AMZN/1770795966.json
[2026-02-11T07:55:07.244+0000] {logging_mixin.py:188} INFO - Downloaded AMZN/1770795977.json
[2026-02-11T07:55:07.287+0000] {logging_mixin.py:188} INFO - Downloaded AMZN/1770795988.json
[2026-02-11T07:55:07.308+0000] {logging_mixin.py:188} INFO - Downloaded AMZN/1770795999.json
[2026-02-11T07:55:07.329+0000] {logging_mixin.py:188} INFO - Downloaded AMZN/1770796009.json
[2026-02-11T07:55:07.350+0000] {logging_mixin.py:188} INFO - Downloaded AMZN/1770796020.json
[2026-02-11T07:55:07.378+0000] {logging_mixin.py:188} INFO - Downloaded AMZN/1770796031.json
[2026-02-11T07:55:07.420+0000] {logging_mixin.py:188} INFO - Downloaded AMZN/1770796041.json
[2026-02-11T07:55:07.453+0000] {logging_mixin.py:188} INFO - Downloaded AMZN/1770796052.json
[2026-02-11T07:55:07.494+0000] {logging_mixin.py:188} INFO - Downloaded AMZN/1770796062.json
[2026-02-11T07:55:07.556+0000] {logging_mixin.py:188} INFO - Downloaded AMZN/1770796072.json
[2026-02-11T07:55:07.593+0000] {logging_mixin.py:188} INFO - Downloaded AMZN/1770796084.json
[2026-02-11T07:55:07.638+0000] {logging_mixin.py:188} INFO - Downloaded AMZN/1770796095.json
[2026-02-11T07:55:07.682+0000] {logging_mixin.py:188} INFO - Downloaded AMZN/1770796106.json
[2026-02-11T07:55:07.725+0000] {logging_mixin.py:188} INFO - Downloaded AMZN/1770796116.json
[2026-02-11T07:55:07.769+0000] {logging_mixin.py:188} INFO - Downloaded AMZN/1770796126.json
[2026-02-11T07:55:07.812+0000] {logging_mixin.py:188} INFO - Downloaded AMZN/1770796136.json
[2026-02-11T07:55:07.858+0000] {logging_mixin.py:188} INFO - Downloaded AMZN/1770796149.json
[2026-02-11T07:55:07.905+0000] {logging_mixin.py:188} INFO - Downloaded AMZN/1770796159.json
[2026-02-11T07:55:07.942+0000] {logging_mixin.py:188} INFO - Downloaded AMZN/1770796171.json
[2026-02-11T07:55:07.991+0000] {logging_mixin.py:188} INFO - Downloaded AMZN/1770796181.json
[2026-02-11T07:55:08.028+0000] {logging_mixin.py:188} INFO - Downloaded AMZN/1770796192.json
[2026-02-11T07:55:08.058+0000] {logging_mixin.py:188} INFO - Downloaded AMZN/1770796204.json
[2026-02-11T07:55:08.086+0000] {logging_mixin.py:188} INFO - Downloaded AMZN/1770796215.json
[2026-02-11T07:55:08.125+0000] {logging_mixin.py:188} INFO - Downloaded AMZN/1770796226.json
[2026-02-11T07:55:08.174+0000] {logging_mixin.py:188} INFO - Downloaded AMZN/1770796236.json
[2026-02-11T07:55:08.210+0000] {logging_mixin.py:188} INFO - Downloaded AMZN/1770796247.json
[2026-02-11T07:55:08.245+0000] {logging_mixin.py:188} INFO - Downloaded AMZN/1770796257.json
[2026-02-11T07:55:08.277+0000] {logging_mixin.py:188} INFO - Downloaded AMZN/1770796268.json
[2026-02-11T07:55:08.312+0000] {logging_mixin.py:188} INFO - Downloaded AMZN/1770796279.json
[2026-02-11T07:55:08.355+0000] {logging_mixin.py:188} INFO - Downloaded AMZN/1770796290.json
[2026-02-11T07:55:08.401+0000] {logging_mixin.py:188} INFO - Downloaded AMZN/1770796300.json
[2026-02-11T07:55:08.448+0000] {logging_mixin.py:188} INFO - Downloaded AMZN/1770796311.json
[2026-02-11T07:55:08.482+0000] {logging_mixin.py:188} INFO - Downloaded AMZN/1770796321.json
[2026-02-11T07:55:08.504+0000] {logging_mixin.py:188} INFO - Downloaded AMZN/1770796332.json
[2026-02-11T07:55:08.523+0000] {logging_mixin.py:188} INFO - Downloaded AMZN/1770796343.json
[2026-02-11T07:55:08.544+0000] {logging_mixin.py:188} INFO - Downloaded AMZN/1770796353.json
[2026-02-11T07:55:08.567+0000] {logging_mixin.py:188} INFO - Downloaded AMZN/1770796364.json
[2026-02-11T07:55:08.586+0000] {logging_mixin.py:188} INFO - Downloaded AMZN/1770796375.json
[2026-02-11T07:55:08.605+0000] {logging_mixin.py:188} INFO - Downloaded AMZN/1770796385.json
[2026-02-11T07:55:08.622+0000] {logging_mixin.py:188} INFO - Downloaded AMZN/1770796396.json
[2026-02-11T07:55:08.640+0000] {logging_mixin.py:188} INFO - Downloaded AMZN/1770796406.json
[2026-02-11T07:55:08.659+0000] {logging_mixin.py:188} INFO - Downloaded AMZN/1770796417.json
[2026-02-11T07:55:08.678+0000] {logging_mixin.py:188} INFO - Downloaded AMZN/1770796428.json
[2026-02-11T07:55:08.696+0000] {logging_mixin.py:188} INFO - Downloaded AMZN/1770796438.json
[2026-02-11T07:55:08.716+0000] {logging_mixin.py:188} INFO - Downloaded AMZN/1770796450.json
[2026-02-11T07:55:08.737+0000] {logging_mixin.py:188} INFO - Downloaded AMZN/1770796460.json
[2026-02-11T07:55:08.756+0000] {logging_mixin.py:188} INFO - Downloaded AMZN/1770796471.json
[2026-02-11T07:55:08.773+0000] {logging_mixin.py:188} INFO - Downloaded AMZN/1770796481.json
[2026-02-11T07:55:08.792+0000] {logging_mixin.py:188} INFO - Downloaded AMZN/1770796492.json
[2026-02-11T07:55:08.811+0000] {logging_mixin.py:188} INFO - Downloaded AMZN/1770796503.json
[2026-02-11T07:55:08.830+0000] {logging_mixin.py:188} INFO - Downloaded GOOGL/1770795803.json
[2026-02-11T07:55:08.847+0000] {logging_mixin.py:188} INFO - Downloaded GOOGL/1770795814.json
[2026-02-11T07:55:08.866+0000] {logging_mixin.py:188} INFO - Downloaded GOOGL/1770795824.json
[2026-02-11T07:55:08.885+0000] {logging_mixin.py:188} INFO - Downloaded GOOGL/1770795835.json
[2026-02-11T07:55:08.903+0000] {logging_mixin.py:188} INFO - Downloaded GOOGL/1770795846.json
[2026-02-11T07:55:08.919+0000] {logging_mixin.py:188} INFO - Downloaded GOOGL/1770795857.json
[2026-02-11T07:55:08.938+0000] {logging_mixin.py:188} INFO - Downloaded GOOGL/1770795867.json
[2026-02-11T07:55:08.957+0000] {logging_mixin.py:188} INFO - Downloaded GOOGL/1770795879.json
[2026-02-11T07:55:08.975+0000] {logging_mixin.py:188} INFO - Downloaded GOOGL/1770795891.json
[2026-02-11T07:55:08.995+0000] {logging_mixin.py:188} INFO - Downloaded GOOGL/1770795902.json
[2026-02-11T07:55:09.013+0000] {logging_mixin.py:188} INFO - Downloaded GOOGL/1770795912.json
[2026-02-11T07:55:09.034+0000] {logging_mixin.py:188} INFO - Downloaded GOOGL/1770795923.json
[2026-02-11T07:55:09.078+0000] {logging_mixin.py:188} INFO - Downloaded GOOGL/1770795934.json
[2026-02-11T07:55:09.103+0000] {logging_mixin.py:188} INFO - Downloaded GOOGL/1770795944.json
[2026-02-11T07:55:09.121+0000] {logging_mixin.py:188} INFO - Downloaded GOOGL/1770795954.json
[2026-02-11T07:55:09.140+0000] {logging_mixin.py:188} INFO - Downloaded GOOGL/1770795965.json
[2026-02-11T07:55:09.157+0000] {logging_mixin.py:188} INFO - Downloaded GOOGL/1770795976.json
[2026-02-11T07:55:09.175+0000] {logging_mixin.py:188} INFO - Downloaded GOOGL/1770795987.json
[2026-02-11T07:55:09.194+0000] {logging_mixin.py:188} INFO - Downloaded GOOGL/1770795998.json
[2026-02-11T07:55:09.212+0000] {logging_mixin.py:188} INFO - Downloaded GOOGL/1770796008.json
[2026-02-11T07:55:09.231+0000] {logging_mixin.py:188} INFO - Downloaded GOOGL/1770796019.json
[2026-02-11T07:55:09.249+0000] {logging_mixin.py:188} INFO - Downloaded GOOGL/1770796030.json
[2026-02-11T07:55:09.268+0000] {logging_mixin.py:188} INFO - Downloaded GOOGL/1770796040.json
[2026-02-11T07:55:09.287+0000] {logging_mixin.py:188} INFO - Downloaded GOOGL/1770796051.json
[2026-02-11T07:55:09.315+0000] {logging_mixin.py:188} INFO - Downloaded GOOGL/1770796061.json
[2026-02-11T07:55:09.344+0000] {logging_mixin.py:188} INFO - Downloaded GOOGL/1770796071.json
[2026-02-11T07:55:09.373+0000] {logging_mixin.py:188} INFO - Downloaded GOOGL/1770796083.json
[2026-02-11T07:55:09.398+0000] {logging_mixin.py:188} INFO - Downloaded GOOGL/1770796094.json
[2026-02-11T07:55:09.419+0000] {logging_mixin.py:188} INFO - Downloaded GOOGL/1770796105.json
[2026-02-11T07:55:09.446+0000] {logging_mixin.py:188} INFO - Downloaded GOOGL/1770796115.json
[2026-02-11T07:55:09.478+0000] {logging_mixin.py:188} INFO - Downloaded GOOGL/1770796125.json
[2026-02-11T07:55:09.511+0000] {logging_mixin.py:188} INFO - Downloaded GOOGL/1770796136.json
[2026-02-11T07:55:09.545+0000] {logging_mixin.py:188} INFO - Downloaded GOOGL/1770796147.json
[2026-02-11T07:55:09.572+0000] {logging_mixin.py:188} INFO - Downloaded GOOGL/1770796158.json
[2026-02-11T07:55:09.607+0000] {logging_mixin.py:188} INFO - Downloaded GOOGL/1770796170.json
[2026-02-11T07:55:09.643+0000] {logging_mixin.py:188} INFO - Downloaded GOOGL/1770796180.json
[2026-02-11T07:55:09.681+0000] {logging_mixin.py:188} INFO - Downloaded GOOGL/1770796191.json
[2026-02-11T07:55:09.719+0000] {logging_mixin.py:188} INFO - Downloaded GOOGL/1770796203.json
[2026-02-11T07:55:09.742+0000] {logging_mixin.py:188} INFO - Downloaded GOOGL/1770796214.json
[2026-02-11T07:55:09.766+0000] {logging_mixin.py:188} INFO - Downloaded GOOGL/1770796225.json
[2026-02-11T07:55:09.790+0000] {logging_mixin.py:188} INFO - Downloaded GOOGL/1770796236.json
[2026-02-11T07:55:09.812+0000] {logging_mixin.py:188} INFO - Downloaded GOOGL/1770796246.json
[2026-02-11T07:55:09.833+0000] {logging_mixin.py:188} INFO - Downloaded GOOGL/1770796256.json
[2026-02-11T07:55:09.858+0000] {logging_mixin.py:188} INFO - Downloaded GOOGL/1770796267.json
[2026-02-11T07:55:09.882+0000] {logging_mixin.py:188} INFO - Downloaded GOOGL/1770796277.json
[2026-02-11T07:55:09.906+0000] {logging_mixin.py:188} INFO - Downloaded GOOGL/1770796289.json
[2026-02-11T07:55:09.931+0000] {logging_mixin.py:188} INFO - Downloaded GOOGL/1770796299.json
[2026-02-11T07:55:09.962+0000] {logging_mixin.py:188} INFO - Downloaded GOOGL/1770796310.json
[2026-02-11T07:55:09.992+0000] {logging_mixin.py:188} INFO - Downloaded GOOGL/1770796321.json
[2026-02-11T07:55:10.032+0000] {logging_mixin.py:188} INFO - Downloaded GOOGL/1770796331.json
[2026-02-11T07:55:10.062+0000] {logging_mixin.py:188} INFO - Downloaded GOOGL/1770796342.json
[2026-02-11T07:55:10.092+0000] {logging_mixin.py:188} INFO - Downloaded GOOGL/1770796352.json
[2026-02-11T07:55:10.138+0000] {logging_mixin.py:188} INFO - Downloaded GOOGL/1770796363.json
[2026-02-11T07:55:10.173+0000] {logging_mixin.py:188} INFO - Downloaded GOOGL/1770796374.json
[2026-02-11T07:55:10.197+0000] {logging_mixin.py:188} INFO - Downloaded GOOGL/1770796384.json
[2026-02-11T07:55:10.216+0000] {logging_mixin.py:188} INFO - Downloaded GOOGL/1770796395.json
[2026-02-11T07:55:10.239+0000] {logging_mixin.py:188} INFO - Downloaded GOOGL/1770796406.json
[2026-02-11T07:55:10.264+0000] {logging_mixin.py:188} INFO - Downloaded GOOGL/1770796416.json
[2026-02-11T07:55:10.284+0000] {logging_mixin.py:188} INFO - Downloaded GOOGL/1770796427.json
[2026-02-11T07:55:10.305+0000] {logging_mixin.py:188} INFO - Downloaded GOOGL/1770796438.json
[2026-02-11T07:55:10.325+0000] {logging_mixin.py:188} INFO - Downloaded GOOGL/1770796449.json
[2026-02-11T07:55:10.349+0000] {logging_mixin.py:188} INFO - Downloaded GOOGL/1770796459.json
[2026-02-11T07:55:10.377+0000] {logging_mixin.py:188} INFO - Downloaded GOOGL/1770796470.json
[2026-02-11T07:55:10.399+0000] {logging_mixin.py:188} INFO - Downloaded GOOGL/1770796480.json
[2026-02-11T07:55:10.420+0000] {logging_mixin.py:188} INFO - Downloaded GOOGL/1770796491.json
[2026-02-11T07:55:10.438+0000] {logging_mixin.py:188} INFO - Downloaded GOOGL/1770796502.json
[2026-02-11T07:55:10.462+0000] {logging_mixin.py:188} INFO - Downloaded MSFT/1770795802.json
[2026-02-11T07:55:10.482+0000] {logging_mixin.py:188} INFO - Downloaded MSFT/1770795812.json
[2026-02-11T07:55:10.502+0000] {logging_mixin.py:188} INFO - Downloaded MSFT/1770795822.json
[2026-02-11T07:55:10.524+0000] {logging_mixin.py:188} INFO - Downloaded MSFT/1770795833.json
[2026-02-11T07:55:10.546+0000] {logging_mixin.py:188} INFO - Downloaded MSFT/1770795844.json
[2026-02-11T07:55:10.572+0000] {logging_mixin.py:188} INFO - Downloaded MSFT/1770795855.json
[2026-02-11T07:55:10.598+0000] {logging_mixin.py:188} INFO - Downloaded MSFT/1770795865.json
[2026-02-11T07:55:10.623+0000] {logging_mixin.py:188} INFO - Downloaded MSFT/1770795876.json
[2026-02-11T07:55:10.646+0000] {logging_mixin.py:188} INFO - Downloaded MSFT/1770795890.json
[2026-02-11T07:55:10.671+0000] {logging_mixin.py:188} INFO - Downloaded MSFT/1770795900.json
[2026-02-11T07:55:10.700+0000] {logging_mixin.py:188} INFO - Downloaded MSFT/1770795910.json
[2026-02-11T07:55:10.726+0000] {logging_mixin.py:188} INFO - Downloaded MSFT/1770795921.json
[2026-02-11T07:55:10.753+0000] {logging_mixin.py:188} INFO - Downloaded MSFT/1770795932.json
[2026-02-11T07:55:10.793+0000] {logging_mixin.py:188} INFO - Downloaded MSFT/1770795942.json
[2026-02-11T07:55:10.822+0000] {logging_mixin.py:188} INFO - Downloaded MSFT/1770795953.json
[2026-02-11T07:55:10.859+0000] {logging_mixin.py:188} INFO - Downloaded MSFT/1770795963.json
[2026-02-11T07:55:10.893+0000] {logging_mixin.py:188} INFO - Downloaded MSFT/1770795974.json
[2026-02-11T07:55:10.918+0000] {logging_mixin.py:188} INFO - Downloaded MSFT/1770795985.json
[2026-02-11T07:55:10.940+0000] {logging_mixin.py:188} INFO - Downloaded MSFT/1770795996.json
[2026-02-11T07:55:10.960+0000] {logging_mixin.py:188} INFO - Downloaded MSFT/1770796007.json
[2026-02-11T07:55:11.283+0000] {logging_mixin.py:188} INFO - Downloaded MSFT/1770796017.json
[2026-02-11T07:55:11.308+0000] {logging_mixin.py:188} INFO - Downloaded MSFT/1770796028.json
[2026-02-11T07:55:11.333+0000] {logging_mixin.py:188} INFO - Downloaded MSFT/1770796039.json
[2026-02-11T07:55:11.356+0000] {logging_mixin.py:188} INFO - Downloaded MSFT/1770796049.json
[2026-02-11T07:55:11.379+0000] {logging_mixin.py:188} INFO - Downloaded MSFT/1770796060.json
[2026-02-11T07:55:11.410+0000] {logging_mixin.py:188} INFO - Downloaded MSFT/1770796070.json
[2026-02-11T07:55:11.437+0000] {logging_mixin.py:188} INFO - Downloaded MSFT/1770796080.json
[2026-02-11T07:55:11.468+0000] {logging_mixin.py:188} INFO - Downloaded MSFT/1770796092.json
[2026-02-11T07:55:11.489+0000] {logging_mixin.py:188} INFO - Downloaded MSFT/1770796103.json
[2026-02-11T07:55:11.507+0000] {logging_mixin.py:188} INFO - Downloaded MSFT/1770796113.json
[2026-02-11T07:55:11.525+0000] {logging_mixin.py:188} INFO - Downloaded MSFT/1770796123.json
[2026-02-11T07:55:11.542+0000] {logging_mixin.py:188} INFO - Downloaded MSFT/1770796134.json
[2026-02-11T07:55:11.563+0000] {logging_mixin.py:188} INFO - Downloaded MSFT/1770796145.json
[2026-02-11T07:55:11.585+0000] {logging_mixin.py:188} INFO - Downloaded MSFT/1770796157.json
[2026-02-11T07:55:11.608+0000] {logging_mixin.py:188} INFO - Downloaded MSFT/1770796167.json
[2026-02-11T07:55:11.628+0000] {logging_mixin.py:188} INFO - Downloaded MSFT/1770796179.json
[2026-02-11T07:55:11.649+0000] {logging_mixin.py:188} INFO - Downloaded MSFT/1770796189.json
[2026-02-11T07:55:11.669+0000] {logging_mixin.py:188} INFO - Downloaded MSFT/1770796201.json
[2026-02-11T07:55:11.694+0000] {logging_mixin.py:188} INFO - Downloaded MSFT/1770796212.json
[2026-02-11T07:55:11.723+0000] {logging_mixin.py:188} INFO - Downloaded MSFT/1770796223.json
[2026-02-11T07:55:11.747+0000] {logging_mixin.py:188} INFO - Downloaded MSFT/1770796234.json
[2026-02-11T07:55:11.768+0000] {logging_mixin.py:188} INFO - Downloaded MSFT/1770796244.json
[2026-02-11T07:55:11.787+0000] {logging_mixin.py:188} INFO - Downloaded MSFT/1770796254.json
[2026-02-11T07:55:11.807+0000] {logging_mixin.py:188} INFO - Downloaded MSFT/1770796265.json
[2026-02-11T07:55:11.824+0000] {logging_mixin.py:188} INFO - Downloaded MSFT/1770796276.json
[2026-02-11T07:55:11.843+0000] {logging_mixin.py:188} INFO - Downloaded MSFT/1770796287.json
[2026-02-11T07:55:11.861+0000] {logging_mixin.py:188} INFO - Downloaded MSFT/1770796297.json
[2026-02-11T07:55:11.884+0000] {logging_mixin.py:188} INFO - Downloaded MSFT/1770796308.json
[2026-02-11T07:55:11.903+0000] {logging_mixin.py:188} INFO - Downloaded MSFT/1770796319.json
[2026-02-11T07:55:11.921+0000] {logging_mixin.py:188} INFO - Downloaded MSFT/1770796329.json
[2026-02-11T07:55:11.943+0000] {logging_mixin.py:188} INFO - Downloaded MSFT/1770796340.json
[2026-02-11T07:55:11.973+0000] {logging_mixin.py:188} INFO - Downloaded MSFT/1770796351.json
[2026-02-11T07:55:12.001+0000] {logging_mixin.py:188} INFO - Downloaded MSFT/1770796361.json
[2026-02-11T07:55:12.029+0000] {logging_mixin.py:188} INFO - Downloaded MSFT/1770796372.json
[2026-02-11T07:55:12.055+0000] {logging_mixin.py:188} INFO - Downloaded MSFT/1770796382.json
[2026-02-11T07:55:12.090+0000] {logging_mixin.py:188} INFO - Downloaded MSFT/1770796393.json
[2026-02-11T07:55:12.119+0000] {logging_mixin.py:188} INFO - Downloaded MSFT/1770796403.json
[2026-02-11T07:55:12.147+0000] {logging_mixin.py:188} INFO - Downloaded MSFT/1770796414.json
[2026-02-11T07:55:12.172+0000] {logging_mixin.py:188} INFO - Downloaded MSFT/1770796425.json
[2026-02-11T07:55:12.198+0000] {logging_mixin.py:188} INFO - Downloaded MSFT/1770796435.json
[2026-02-11T07:55:12.227+0000] {logging_mixin.py:188} INFO - Downloaded MSFT/1770796446.json
[2026-02-11T07:55:12.249+0000] {logging_mixin.py:188} INFO - Downloaded MSFT/1770796457.json
[2026-02-11T07:55:12.271+0000] {logging_mixin.py:188} INFO - Downloaded MSFT/1770796468.json
[2026-02-11T07:55:12.291+0000] {logging_mixin.py:188} INFO - Downloaded MSFT/1770796478.json
[2026-02-11T07:55:12.311+0000] {logging_mixin.py:188} INFO - Downloaded MSFT/1770796489.json
[2026-02-11T07:55:12.330+0000] {logging_mixin.py:188} INFO - Downloaded MSFT/1770796500.json
[2026-02-11T07:55:12.351+0000] {logging_mixin.py:188} INFO - Downloaded TSLA/1770795803.json
[2026-02-11T07:55:12.379+0000] {logging_mixin.py:188} INFO - Downloaded TSLA/1770795813.json
[2026-02-11T07:55:12.402+0000] {logging_mixin.py:188} INFO - Downloaded TSLA/1770795823.json
[2026-02-11T07:55:12.422+0000] {logging_mixin.py:188} INFO - Downloaded TSLA/1770795834.json
[2026-02-11T07:55:12.443+0000] {logging_mixin.py:188} INFO - Downloaded TSLA/1770795845.json
[2026-02-11T07:55:12.464+0000] {logging_mixin.py:188} INFO - Downloaded TSLA/1770795856.json
[2026-02-11T07:55:12.486+0000] {logging_mixin.py:188} INFO - Downloaded TSLA/1770795866.json
[2026-02-11T07:55:12.508+0000] {logging_mixin.py:188} INFO - Downloaded TSLA/1770795878.json
[2026-02-11T07:55:12.531+0000] {logging_mixin.py:188} INFO - Downloaded TSLA/1770795891.json
[2026-02-11T07:55:12.561+0000] {logging_mixin.py:188} INFO - Downloaded TSLA/1770795901.json
[2026-02-11T07:55:12.581+0000] {logging_mixin.py:188} INFO - Downloaded TSLA/1770795911.json
[2026-02-11T07:55:12.604+0000] {logging_mixin.py:188} INFO - Downloaded TSLA/1770795922.json
[2026-02-11T07:55:12.626+0000] {logging_mixin.py:188} INFO - Downloaded TSLA/1770795933.json
[2026-02-11T07:55:12.649+0000] {logging_mixin.py:188} INFO - Downloaded TSLA/1770795943.json
[2026-02-11T07:55:12.671+0000] {logging_mixin.py:188} INFO - Downloaded TSLA/1770795953.json
[2026-02-11T07:55:12.692+0000] {logging_mixin.py:188} INFO - Downloaded TSLA/1770795964.json
[2026-02-11T07:55:12.712+0000] {logging_mixin.py:188} INFO - Downloaded TSLA/1770795975.json
[2026-02-11T07:55:12.734+0000] {logging_mixin.py:188} INFO - Downloaded TSLA/1770795986.json
[2026-02-11T07:55:12.752+0000] {logging_mixin.py:188} INFO - Downloaded TSLA/1770795997.json
[2026-02-11T07:55:12.771+0000] {logging_mixin.py:188} INFO - Downloaded TSLA/1770796007.json
[2026-02-11T07:55:12.788+0000] {logging_mixin.py:188} INFO - Downloaded TSLA/1770796018.json
[2026-02-11T07:55:12.806+0000] {logging_mixin.py:188} INFO - Downloaded TSLA/1770796029.json
[2026-02-11T07:55:12.827+0000] {logging_mixin.py:188} INFO - Downloaded TSLA/1770796039.json
[2026-02-11T07:55:12.848+0000] {logging_mixin.py:188} INFO - Downloaded TSLA/1770796050.json
[2026-02-11T07:55:12.866+0000] {logging_mixin.py:188} INFO - Downloaded TSLA/1770796060.json
[2026-02-11T07:55:12.883+0000] {logging_mixin.py:188} INFO - Downloaded TSLA/1770796071.json
[2026-02-11T07:55:12.903+0000] {logging_mixin.py:188} INFO - Downloaded TSLA/1770796081.json
[2026-02-11T07:55:12.923+0000] {logging_mixin.py:188} INFO - Downloaded TSLA/1770796093.json
[2026-02-11T07:55:12.941+0000] {logging_mixin.py:188} INFO - Downloaded TSLA/1770796104.json
[2026-02-11T07:55:12.958+0000] {logging_mixin.py:188} INFO - Downloaded TSLA/1770796114.json
[2026-02-11T07:55:12.977+0000] {logging_mixin.py:188} INFO - Downloaded TSLA/1770796124.json
[2026-02-11T07:55:12.995+0000] {logging_mixin.py:188} INFO - Downloaded TSLA/1770796135.json
[2026-02-11T07:55:13.015+0000] {logging_mixin.py:188} INFO - Downloaded TSLA/1770796146.json
[2026-02-11T07:55:13.038+0000] {logging_mixin.py:188} INFO - Downloaded TSLA/1770796157.json
[2026-02-11T07:55:13.062+0000] {logging_mixin.py:188} INFO - Downloaded TSLA/1770796169.json
[2026-02-11T07:55:13.086+0000] {logging_mixin.py:188} INFO - Downloaded TSLA/1770796180.json
[2026-02-11T07:55:13.106+0000] {logging_mixin.py:188} INFO - Downloaded TSLA/1770796190.json
[2026-02-11T07:55:13.128+0000] {logging_mixin.py:188} INFO - Downloaded TSLA/1770796202.json
[2026-02-11T07:55:13.147+0000] {logging_mixin.py:188} INFO - Downloaded TSLA/1770796213.json
[2026-02-11T07:55:13.298+0000] {logging_mixin.py:188} INFO - Downloaded TSLA/1770796224.json
[2026-02-11T07:55:13.396+0000] {logging_mixin.py:188} INFO - Downloaded TSLA/1770796235.json
[2026-02-11T07:55:13.490+0000] {logging_mixin.py:188} INFO - Downloaded TSLA/1770796245.json
[2026-02-11T07:55:13.558+0000] {logging_mixin.py:188} INFO - Downloaded TSLA/1770796255.json
[2026-02-11T07:55:13.583+0000] {logging_mixin.py:188} INFO - Downloaded TSLA/1770796266.json
[2026-02-11T07:55:13.603+0000] {logging_mixin.py:188} INFO - Downloaded TSLA/1770796277.json
[2026-02-11T07:55:13.623+0000] {logging_mixin.py:188} INFO - Downloaded TSLA/1770796288.json
[2026-02-11T07:55:13.643+0000] {logging_mixin.py:188} INFO - Downloaded TSLA/1770796298.json
[2026-02-11T07:55:13.661+0000] {logging_mixin.py:188} INFO - Downloaded TSLA/1770796309.json
[2026-02-11T07:55:13.679+0000] {logging_mixin.py:188} INFO - Downloaded TSLA/1770796320.json
[2026-02-11T07:55:13.700+0000] {logging_mixin.py:188} INFO - Downloaded TSLA/1770796330.json
[2026-02-11T07:55:13.719+0000] {logging_mixin.py:188} INFO - Downloaded TSLA/1770796341.json
[2026-02-11T07:55:13.737+0000] {logging_mixin.py:188} INFO - Downloaded TSLA/1770796352.json
[2026-02-11T07:55:13.755+0000] {logging_mixin.py:188} INFO - Downloaded TSLA/1770796362.json
[2026-02-11T07:55:13.783+0000] {logging_mixin.py:188} INFO - Downloaded TSLA/1770796373.json
[2026-02-11T07:55:13.801+0000] {logging_mixin.py:188} INFO - Downloaded TSLA/1770796383.json
[2026-02-11T07:55:13.819+0000] {logging_mixin.py:188} INFO - Downloaded TSLA/1770796394.json
[2026-02-11T07:55:13.837+0000] {logging_mixin.py:188} INFO - Downloaded TSLA/1770796404.json
[2026-02-11T07:55:13.859+0000] {logging_mixin.py:188} INFO - Downloaded TSLA/1770796415.json
[2026-02-11T07:55:13.880+0000] {logging_mixin.py:188} INFO - Downloaded TSLA/1770796426.json
[2026-02-11T07:55:13.900+0000] {logging_mixin.py:188} INFO - Downloaded TSLA/1770796437.json
[2026-02-11T07:55:13.920+0000] {logging_mixin.py:188} INFO - Downloaded TSLA/1770796448.json
[2026-02-11T07:55:13.938+0000] {logging_mixin.py:188} INFO - Downloaded TSLA/1770796458.json
[2026-02-11T07:55:13.957+0000] {logging_mixin.py:188} INFO - Downloaded TSLA/1770796469.json
[2026-02-11T07:55:13.975+0000] {logging_mixin.py:188} INFO - Downloaded TSLA/1770796479.json
[2026-02-11T07:55:13.993+0000] {logging_mixin.py:188} INFO - Downloaded TSLA/1770796490.json
[2026-02-11T07:55:14.013+0000] {logging_mixin.py:188} INFO - Downloaded TSLA/1770796501.json
[2026-02-11T07:55:14.016+0000] {python.py:237} INFO - Done. Returned value was: ['/opt/***/data/minio/1770795801.json', '/opt/***/data/minio/1770795811.json', '/opt/***/data/minio/1770795821.json', '/opt/***/data/minio/1770795832.json', '/opt/***/data/minio/1770795843.json', '/opt/***/data/minio/1770795854.json', '/opt/***/data/minio/1770795864.json', '/opt/***/data/minio/1770795875.json', '/opt/***/data/minio/1770795889.json', '/opt/***/data/minio/1770795899.json', '/opt/***/data/minio/1770795910.json', '/opt/***/data/minio/1770795920.json', '/opt/***/data/minio/1770795931.json', '/opt/***/data/minio/1770795942.json', '/opt/***/data/minio/1770795952.json', '/opt/***/data/minio/1770795962.json', '/opt/***/data/minio/1770795973.json', '/opt/***/data/minio/1770795984.json', '/opt/***/data/minio/1770795995.json', '/opt/***/data/minio/1770796006.json', '/opt/***/data/minio/1770796016.json', '/opt/***/data/minio/1770796027.json', '/opt/***/data/minio/1770796038.json', '/opt/***/data/minio/1770796048.json', '/opt/***/data/minio/1770796059.json', '/opt/***/data/minio/1770796069.json', '/opt/***/data/minio/1770796079.json', '/opt/***/data/minio/1770796091.json', '/opt/***/data/minio/1770796102.json', '/opt/***/data/minio/1770796113.json', '/opt/***/data/minio/1770796123.json', '/opt/***/data/minio/1770796133.json', '/opt/***/data/minio/1770796143.json', '/opt/***/data/minio/1770796156.json', '/opt/***/data/minio/1770796166.json', '/opt/***/data/minio/1770796178.json', '/opt/***/data/minio/1770796188.json', '/opt/***/data/minio/1770796200.json', '/opt/***/data/minio/1770796211.json', '/opt/***/data/minio/1770796222.json', '/opt/***/data/minio/1770796233.json', '/opt/***/data/minio/1770796243.json', '/opt/***/data/minio/1770796253.json', '/opt/***/data/minio/1770796264.json', '/opt/***/data/minio/1770796275.json', '/opt/***/data/minio/1770796286.json', '/opt/***/data/minio/1770796297.json', '/opt/***/data/minio/1770796307.json', '/opt/***/data/minio/1770796318.json', '/opt/***/data/minio/1770796328.json', '/opt/***/data/minio/1770796339.json', '/opt/***/data/minio/1770796350.json', '/opt/***/data/minio/1770796360.json', '/opt/***/data/minio/1770796371.json', '/opt/***/data/minio/1770796381.json', '/opt/***/data/minio/1770796392.json', '/opt/***/data/minio/1770796402.json', '/opt/***/data/minio/1770796413.json', '/opt/***/data/minio/1770796424.json', '/opt/***/data/minio/1770796435.json', '/opt/***/data/minio/1770796446.json', '/opt/***/data/minio/1770796456.json', '/opt/***/data/minio/1770796467.json', '/opt/***/data/minio/1770796478.json', '/opt/***/data/minio/1770796488.json', '/opt/***/data/minio/1770796499.json', '/opt/***/data/minio/1770795804.json', '/opt/***/data/minio/1770795815.json', '/opt/***/data/minio/1770795825.json', '/opt/***/data/minio/1770795836.json', '/opt/***/data/minio/1770795847.json', '/opt/***/data/minio/1770795857.json', '/opt/***/data/minio/1770795868.json', '/opt/***/data/minio/1770795882.json', '/opt/***/data/minio/1770795892.json', '/opt/***/data/minio/1770795903.json', '/opt/***/data/minio/1770795913.json', '/opt/***/data/minio/1770795924.json', '/opt/***/data/minio/1770795935.json', '/opt/***/data/minio/1770795945.json', '/opt/***/data/minio/1770795955.json', '/opt/***/data/minio/1770795966.json', '/opt/***/data/minio/1770795977.json', '/opt/***/data/minio/1770795988.json', '/opt/***/data/minio/1770795999.json', '/opt/***/data/minio/1770796009.json', '/opt/***/data/minio/1770796020.json', '/opt/***/data/minio/1770796031.json', '/opt/***/data/minio/1770796041.json', '/opt/***/data/minio/1770796052.json', '/opt/***/data/minio/1770796062.json', '/opt/***/data/minio/1770796072.json', '/opt/***/data/minio/1770796084.json', '/opt/***/data/minio/1770796095.json', '/opt/***/data/minio/1770796106.json', '/opt/***/data/minio/1770796116.json', '/opt/***/data/minio/1770796126.json', '/opt/***/data/minio/1770796136.json', '/opt/***/data/minio/1770796149.json', '/opt/***/data/minio/1770796159.json', '/opt/***/data/minio/1770796171.json', '/opt/***/data/minio/1770796181.json', '/opt/***/data/minio/1770796192.json', '/opt/***/data/minio/1770796204.json', '/opt/***/data/minio/1770796215.json', '/opt/***/data/minio/1770796226.json', '/opt/***/data/minio/1770796236.json', '/opt/***/data/minio/1770796247.json', '/opt/***/data/minio/1770796257.json', '/opt/***/data/minio/1770796268.json', '/opt/***/data/minio/1770796279.json', '/opt/***/data/minio/1770796290.json', '/opt/***/data/minio/1770796300.json', '/opt/***/data/minio/1770796311.json', '/opt/***/data/minio/1770796321.json', '/opt/***/data/minio/1770796332.json', '/opt/***/data/minio/1770796343.json', '/opt/***/data/minio/1770796353.json', '/opt/***/data/minio/1770796364.json', '/opt/***/data/minio/1770796375.json', '/opt/***/data/minio/1770796385.json', '/opt/***/data/minio/1770796396.json', '/opt/***/data/minio/1770796406.json', '/opt/***/data/minio/1770796417.json', '/opt/***/data/minio/1770796428.json', '/opt/***/data/minio/1770796438.json', '/opt/***/data/minio/1770796450.json', '/opt/***/data/minio/1770796460.json', '/opt/***/data/minio/1770796471.json', '/opt/***/data/minio/1770796481.json', '/opt/***/data/minio/1770796492.json', '/opt/***/data/minio/1770796503.json', '/opt/***/data/minio/1770795803.json', '/opt/***/data/minio/1770795814.json', '/opt/***/data/minio/1770795824.json', '/opt/***/data/minio/1770795835.json', '/opt/***/data/minio/1770795846.json', '/opt/***/data/minio/1770795857.json', '/opt/***/data/minio/1770795867.json', '/opt/***/data/minio/1770795879.json', '/opt/***/data/minio/1770795891.json', '/opt/***/data/minio/1770795902.json', '/opt/***/data/minio/1770795912.json', '/opt/***/data/minio/1770795923.json', '/opt/***/data/minio/1770795934.json', '/opt/***/data/minio/1770795944.json', '/opt/***/data/minio/1770795954.json', '/opt/***/data/minio/1770795965.json', '/opt/***/data/minio/1770795976.json', '/opt/***/data/minio/1770795987.json', '/opt/***/data/minio/1770795998.json', '/opt/***/data/minio/1770796008.json', '/opt/***/data/minio/1770796019.json', '/opt/***/data/minio/1770796030.json', '/opt/***/data/minio/1770796040.json', '/opt/***/data/minio/1770796051.json', '/opt/***/data/minio/1770796061.json', '/opt/***/data/minio/1770796071.json', '/opt/***/data/minio/1770796083.json', '/opt/***/data/minio/1770796094.json', '/opt/***/data/minio/1770796105.json', '/opt/***/data/minio/1770796115.json', '/opt/***/data/minio/1770796125.json', '/opt/***/data/minio/1770796136.json', '/opt/***/data/minio/1770796147.json', '/opt/***/data/minio/1770796158.json', '/opt/***/data/minio/1770796170.json', '/opt/***/data/minio/1770796180.json', '/opt/***/data/minio/1770796191.json', '/opt/***/data/minio/1770796203.json', '/opt/***/data/minio/1770796214.json', '/opt/***/data/minio/1770796225.json', '/opt/***/data/minio/1770796236.json', '/opt/***/data/minio/1770796246.json', '/opt/***/data/minio/1770796256.json', '/opt/***/data/minio/1770796267.json', '/opt/***/data/minio/1770796277.json', '/opt/***/data/minio/1770796289.json', '/opt/***/data/minio/1770796299.json', '/opt/***/data/minio/1770796310.json', '/opt/***/data/minio/1770796321.json', '/opt/***/data/minio/1770796331.json', '/opt/***/data/minio/1770796342.json', '/opt/***/data/minio/1770796352.json', '/opt/***/data/minio/1770796363.json', '/opt/***/data/minio/1770796374.json', '/opt/***/data/minio/1770796384.json', '/opt/***/data/minio/1770796395.json', '/opt/***/data/minio/1770796406.json', '/opt/***/data/minio/1770796416.json', '/opt/***/data/minio/1770796427.json', '/opt/***/data/minio/1770796438.json', '/opt/***/data/minio/1770796449.json', '/opt/***/data/minio/1770796459.json', '/opt/***/data/minio/1770796470.json', '/opt/***/data/minio/1770796480.json', '/opt/***/data/minio/1770796491.json', '/opt/***/data/minio/1770796502.json', '/opt/***/data/minio/1770795802.json', '/opt/***/data/minio/1770795812.json', '/opt/***/data/minio/1770795822.json', '/opt/***/data/minio/1770795833.json', '/opt/***/data/minio/1770795844.json', '/opt/***/data/minio/1770795855.json', '/opt/***/data/minio/1770795865.json', '/opt/***/data/minio/1770795876.json', '/opt/***/data/minio/1770795890.json', '/opt/***/data/minio/1770795900.json', '/opt/***/data/minio/1770795910.json', '/opt/***/data/minio/1770795921.json', '/opt/***/data/minio/1770795932.json', '/opt/***/data/minio/1770795942.json', '/opt/***/data/minio/1770795953.json', '/opt/***/data/minio/1770795963.json', '/opt/***/data/minio/1770795974.json', '/opt/***/data/minio/1770795985.json', '/opt/***/data/minio/1770795996.json', '/opt/***/data/minio/1770796007.json', '/opt/***/data/minio/1770796017.json', '/opt/***/data/minio/1770796028.json', '/opt/***/data/minio/1770796039.json', '/opt/***/data/minio/1770796049.json', '/opt/***/data/minio/1770796060.json', '/opt/***/data/minio/1770796070.json', '/opt/***/data/minio/1770796080.json', '/opt/***/data/minio/1770796092.json', '/opt/***/data/minio/1770796103.json', '/opt/***/data/minio/1770796113.json', '/opt/***/data/minio/1770796123.json', '/opt/***/data/minio/1770796134.json', '/opt/***/data/minio/1770796145.json', '/opt/***/data/minio/1770796157.json', '/opt/***/data/minio/1770796167.json', '/opt/***/data/minio/1770796179.json', '/opt/***/data/minio/1770796189.json', '/opt/***/data/minio/1770796201.json', '/opt/***/data/minio/1770796212.json', '/opt/***/data/minio/1770796223.json', '/opt/***/data/minio/1770796234.json', '/opt/***/data/minio/1770796244.json', '/opt/***/data/minio/1770796254.json', '/opt/***/data/minio/1770796265.json', '/opt/***/data/minio/1770796276.json', '/opt/***/data/minio/1770796287.json', '/opt/***/data/minio/1770796297.json', '/opt/***/data/minio/1770796308.json', '/opt/***/data/minio/1770796319.json', '/opt/***/data/minio/1770796329.json', '/opt/***/data/minio/1770796340.json', '/opt/***/data/minio/1770796351.json', '/opt/***/data/minio/1770796361.json', '/opt/***/data/minio/1770796372.json', '/opt/***/data/minio/1770796382.json', '/opt/***/data/minio/1770796393.json', '/opt/***/data/minio/1770796403.json', '/opt/***/data/minio/1770796414.json', '/opt/***/data/minio/1770796425.json', '/opt/***/data/minio/1770796435.json', '/opt/***/data/minio/1770796446.json', '/opt/***/data/minio/1770796457.json', '/opt/***/data/minio/1770796468.json', '/opt/***/data/minio/1770796478.json', '/opt/***/data/minio/1770796489.json', '/opt/***/data/minio/1770796500.json', '/opt/***/data/minio/1770795803.json', '/opt/***/data/minio/1770795813.json', '/opt/***/data/minio/1770795823.json', '/opt/***/data/minio/1770795834.json', '/opt/***/data/minio/1770795845.json', '/opt/***/data/minio/1770795856.json', '/opt/***/data/minio/1770795866.json', '/opt/***/data/minio/1770795878.json', '/opt/***/data/minio/1770795891.json', '/opt/***/data/minio/1770795901.json', '/opt/***/data/minio/1770795911.json', '/opt/***/data/minio/1770795922.json', '/opt/***/data/minio/1770795933.json', '/opt/***/data/minio/1770795943.json', '/opt/***/data/minio/1770795953.json', '/opt/***/data/minio/1770795964.json', '/opt/***/data/minio/1770795975.json', '/opt/***/data/minio/1770795986.json', '/opt/***/data/minio/1770795997.json', '/opt/***/data/minio/1770796007.json', '/opt/***/data/minio/1770796018.json', '/opt/***/data/minio/1770796029.json', '/opt/***/data/minio/1770796039.json', '/opt/***/data/minio/1770796050.json', '/opt/***/data/minio/1770796060.json', '/opt/***/data/minio/1770796071.json', '/opt/***/data/minio/1770796081.json', '/opt/***/data/minio/1770796093.json', '/opt/***/data/minio/1770796104.json', '/opt/***/data/minio/1770796114.json', '/opt/***/data/minio/1770796124.json', '/opt/***/data/minio/1770796135.json', '/opt/***/data/minio/1770796146.json', '/opt/***/data/minio/1770796157.json', '/opt/***/data/minio/1770796169.json', '/opt/***/data/minio/1770796180.json', '/opt/***/data/minio/1770796190.json', '/opt/***/data/minio/1770796202.json', '/opt/***/data/minio/1770796213.json', '/opt/***/data/minio/1770796224.json', '/opt/***/data/minio/1770796235.json', '/opt/***/data/minio/1770796245.json', '/opt/***/data/minio/1770796255.json', '/opt/***/data/minio/1770796266.json', '/opt/***/data/minio/1770796277.json', '/opt/***/data/minio/1770796288.json', '/opt/***/data/minio/1770796298.json', '/opt/***/data/minio/1770796309.json', '/opt/***/data/minio/1770796320.json', '/opt/***/data/minio/1770796330.json', '/opt/***/data/minio/1770796341.json', '/opt/***/data/minio/1770796352.json', '/opt/***/data/minio/1770796362.json', '/opt/***/data/minio/1770796373.json', '/opt/***/data/minio/1770796383.json', '/opt/***/data/minio/1770796394.json', '/opt/***/data/minio/1770796404.json', '/opt/***/data/minio/1770796415.json', '/opt/***/data/minio/1770796426.json', '/opt/***/data/minio/1770796437.json', '/opt/***/data/minio/1770796448.json', '/opt/***/data/minio/1770796458.json', '/opt/***/data/minio/1770796469.json', '/opt/***/data/minio/1770796479.json', '/opt/***/data/minio/1770796490.json', '/opt/***/data/minio/1770796501.json']
[2026-02-11T07:55:14.029+0000] {taskinstance.py:441} INFO - ::group::Post task execution logs
[2026-02-11T07:55:14.119+0000] {taskinstance.py:1206} INFO - Marking task as SUCCESS. dag_id=minio_to_snowflake, task_id=download_minio, run_id=scheduled__2026-02-11T07:54:00+00:00, execution_date=20260211T075400, start_date=20260211T075504, end_date=20260211T075514
[2026-02-11T07:55:14.181+0000] {local_task_job_runner.py:243} INFO - Task exited with return code 0
[2026-02-11T07:55:14.239+0000] {taskinstance.py:3503} INFO - 1 downstream tasks scheduled from follow-on schedule check
[2026-02-11T07:55:14.244+0000] {local_task_job_runner.py:222} INFO - ::endgroup::
