[2026-02-04T08:16:02.707+0000] {local_task_job_runner.py:120} INFO - ::group::Pre task execution logs
[2026-02-04T08:16:02.758+0000] {taskinstance.py:2076} INFO - Dependencies all met for dep_context=non-requeueable deps ti=<TaskInstance: minio_to_snowflake.download_minio scheduled__2026-02-04T08:15:00+00:00 [queued]>
[2026-02-04T08:16:02.770+0000] {taskinstance.py:2076} INFO - Dependencies all met for dep_context=requeueable deps ti=<TaskInstance: minio_to_snowflake.download_minio scheduled__2026-02-04T08:15:00+00:00 [queued]>
[2026-02-04T08:16:02.771+0000] {taskinstance.py:2306} INFO - Starting attempt 1 of 2
[2026-02-04T08:16:02.791+0000] {taskinstance.py:2330} INFO - Executing <Task(PythonOperator): download_minio> on 2026-02-04 08:15:00+00:00
[2026-02-04T08:16:02.806+0000] {logging_mixin.py:188} WARNING - /home/***/.local/lib/python3.12/site-packages/***/task/task_runner/standard_task_runner.py:62 DeprecationWarning: This process (pid=56452) is multi-threaded, use of fork() may lead to deadlocks in the child.
[2026-02-04T08:16:02.808+0000] {standard_task_runner.py:64} INFO - Started process 56477 to run task
[2026-02-04T08:16:02.806+0000] {standard_task_runner.py:90} INFO - Running: ['***', 'tasks', 'run', 'minio_to_snowflake', 'download_minio', 'scheduled__2026-02-04T08:15:00+00:00', '--job-id', '745', '--raw', '--subdir', 'DAGS_FOLDER/minio_to_snowflake.py', '--cfg-path', '/tmp/tmpbgizrqqf']
[2026-02-04T08:16:02.810+0000] {standard_task_runner.py:91} INFO - Job 745: Subtask download_minio
[2026-02-04T08:16:02.959+0000] {task_command.py:426} INFO - Running <TaskInstance: minio_to_snowflake.download_minio scheduled__2026-02-04T08:15:00+00:00 [running]> on host 1a57f62d265e
[2026-02-04T08:16:03.637+0000] {taskinstance.py:2648} INFO - Exporting env vars: AIRFLOW_CTX_DAG_OWNER='***' AIRFLOW_CTX_DAG_ID='minio_to_snowflake' AIRFLOW_CTX_TASK_ID='download_minio' AIRFLOW_CTX_EXECUTION_DATE='2026-02-04T08:15:00+00:00' AIRFLOW_CTX_TRY_NUMBER='1' AIRFLOW_CTX_DAG_RUN_ID='scheduled__2026-02-04T08:15:00+00:00'
[2026-02-04T08:16:03.640+0000] {taskinstance.py:430} INFO - ::endgroup::
[2026-02-04T08:16:03.931+0000] {logging_mixin.py:188} INFO - Downloaded AAPL/1770190211.json
[2026-02-04T08:16:03.943+0000] {logging_mixin.py:188} INFO - Downloaded AAPL/1770190221.json
[2026-02-04T08:16:03.956+0000] {logging_mixin.py:188} INFO - Downloaded AAPL/1770190233.json
[2026-02-04T08:16:03.967+0000] {logging_mixin.py:188} INFO - Downloaded AAPL/1770190244.json
[2026-02-04T08:16:03.978+0000] {logging_mixin.py:188} INFO - Downloaded AAPL/1770190256.json
[2026-02-04T08:16:03.990+0000] {logging_mixin.py:188} INFO - Downloaded AAPL/1770190268.json
[2026-02-04T08:16:04.014+0000] {logging_mixin.py:188} INFO - Downloaded AAPL/1770190278.json
[2026-02-04T08:16:04.030+0000] {logging_mixin.py:188} INFO - Downloaded AAPL/1770190289.json
[2026-02-04T08:16:04.043+0000] {logging_mixin.py:188} INFO - Downloaded AAPL/1770190300.json
[2026-02-04T08:16:04.057+0000] {logging_mixin.py:188} INFO - Downloaded AAPL/1770190310.json
[2026-02-04T08:16:04.069+0000] {logging_mixin.py:188} INFO - Downloaded AAPL/1770190323.json
[2026-02-04T08:16:04.080+0000] {logging_mixin.py:188} INFO - Downloaded AAPL/1770190333.json
[2026-02-04T08:16:04.095+0000] {logging_mixin.py:188} INFO - Downloaded AAPL/1770190344.json
[2026-02-04T08:16:04.108+0000] {logging_mixin.py:188} INFO - Downloaded AAPL/1770190356.json
[2026-02-04T08:16:04.121+0000] {logging_mixin.py:188} INFO - Downloaded AAPL/1770190368.json
[2026-02-04T08:16:04.133+0000] {logging_mixin.py:188} INFO - Downloaded AAPL/1770190378.json
[2026-02-04T08:16:04.146+0000] {logging_mixin.py:188} INFO - Downloaded AAPL/1770190388.json
[2026-02-04T08:16:04.159+0000] {logging_mixin.py:188} INFO - Downloaded AAPL/1770190399.json
[2026-02-04T08:16:04.171+0000] {logging_mixin.py:188} INFO - Downloaded AAPL/1770190410.json
[2026-02-04T08:16:04.181+0000] {logging_mixin.py:188} INFO - Downloaded AAPL/1770190421.json
[2026-02-04T08:16:04.193+0000] {logging_mixin.py:188} INFO - Downloaded AAPL/1770190432.json
[2026-02-04T08:16:04.205+0000] {logging_mixin.py:188} INFO - Downloaded AAPL/1770190442.json
[2026-02-04T08:16:04.217+0000] {logging_mixin.py:188} INFO - Downloaded AAPL/1770190453.json
[2026-02-04T08:16:04.228+0000] {logging_mixin.py:188} INFO - Downloaded AAPL/1770190463.json
[2026-02-04T08:16:04.241+0000] {logging_mixin.py:188} INFO - Downloaded AAPL/1770190474.json
[2026-02-04T08:16:04.255+0000] {logging_mixin.py:188} INFO - Downloaded AAPL/1770190485.json
[2026-02-04T08:16:04.265+0000] {logging_mixin.py:188} INFO - Downloaded AAPL/1770190495.json
[2026-02-04T08:16:04.277+0000] {logging_mixin.py:188} INFO - Downloaded AAPL/1770190506.json
[2026-02-04T08:16:04.288+0000] {logging_mixin.py:188} INFO - Downloaded AAPL/1770190516.json
[2026-02-04T08:16:04.297+0000] {logging_mixin.py:188} INFO - Downloaded AAPL/1770190527.json
[2026-02-04T08:16:04.308+0000] {logging_mixin.py:188} INFO - Downloaded AAPL/1770190537.json
[2026-02-04T08:16:04.321+0000] {logging_mixin.py:188} INFO - Downloaded AAPL/1770190548.json
[2026-02-04T08:16:04.332+0000] {logging_mixin.py:188} INFO - Downloaded AAPL/1770190559.json
[2026-02-04T08:16:04.343+0000] {logging_mixin.py:188} INFO - Downloaded AAPL/1770190569.json
[2026-02-04T08:16:04.353+0000] {logging_mixin.py:188} INFO - Downloaded AAPL/1770190580.json
[2026-02-04T08:16:04.362+0000] {logging_mixin.py:188} INFO - Downloaded AAPL/1770190590.json
[2026-02-04T08:16:04.374+0000] {logging_mixin.py:188} INFO - Downloaded AAPL/1770190600.json
[2026-02-04T08:16:04.383+0000] {logging_mixin.py:188} INFO - Downloaded AAPL/1770190611.json
[2026-02-04T08:16:04.400+0000] {logging_mixin.py:188} INFO - Downloaded AAPL/1770190621.json
[2026-02-04T08:16:04.517+0000] {logging_mixin.py:188} INFO - Downloaded AAPL/1770190632.json
[2026-02-04T08:16:04.557+0000] {logging_mixin.py:188} INFO - Downloaded AAPL/1770190642.json
[2026-02-04T08:16:04.577+0000] {logging_mixin.py:188} INFO - Downloaded AAPL/1770190652.json
[2026-02-04T08:16:04.609+0000] {logging_mixin.py:188} INFO - Downloaded AAPL/1770190663.json
[2026-02-04T08:16:04.625+0000] {logging_mixin.py:188} INFO - Downloaded AAPL/1770190673.json
[2026-02-04T08:16:04.642+0000] {logging_mixin.py:188} INFO - Downloaded AAPL/1770190683.json
[2026-02-04T08:16:04.659+0000] {logging_mixin.py:188} INFO - Downloaded AAPL/1770190694.json
[2026-02-04T08:16:04.672+0000] {logging_mixin.py:188} INFO - Downloaded AAPL/1770190704.json
[2026-02-04T08:16:04.686+0000] {logging_mixin.py:188} INFO - Downloaded AAPL/1770190715.json
[2026-02-04T08:16:04.703+0000] {logging_mixin.py:188} INFO - Downloaded AAPL/1770190725.json
[2026-02-04T08:16:04.715+0000] {logging_mixin.py:188} INFO - Downloaded AAPL/1770190736.json
[2026-02-04T08:16:04.730+0000] {logging_mixin.py:188} INFO - Downloaded AAPL/1770190746.json
[2026-02-04T08:16:04.744+0000] {logging_mixin.py:188} INFO - Downloaded AAPL/1770190757.json
[2026-02-04T08:16:04.758+0000] {logging_mixin.py:188} INFO - Downloaded AAPL/1770190767.json
[2026-02-04T08:16:04.779+0000] {logging_mixin.py:188} INFO - Downloaded AAPL/1770190778.json
[2026-02-04T08:16:04.797+0000] {logging_mixin.py:188} INFO - Downloaded AAPL/1770190788.json
[2026-02-04T08:16:04.813+0000] {logging_mixin.py:188} INFO - Downloaded AAPL/1770190799.json
[2026-02-04T08:16:04.824+0000] {logging_mixin.py:188} INFO - Downloaded AAPL/1770190810.json
[2026-02-04T08:16:04.845+0000] {logging_mixin.py:188} INFO - Downloaded AAPL/1770190820.json
[2026-02-04T08:16:04.875+0000] {logging_mixin.py:188} INFO - Downloaded AAPL/1770190831.json
[2026-02-04T08:16:04.898+0000] {logging_mixin.py:188} INFO - Downloaded AAPL/1770190842.json
[2026-02-04T08:16:04.934+0000] {logging_mixin.py:188} INFO - Downloaded AAPL/1770190852.json
[2026-02-04T08:16:04.964+0000] {logging_mixin.py:188} INFO - Downloaded AAPL/1770190863.json
[2026-02-04T08:16:04.991+0000] {logging_mixin.py:188} INFO - Downloaded AAPL/1770190873.json
[2026-02-04T08:16:05.022+0000] {logging_mixin.py:188} INFO - Downloaded AAPL/1770190884.json
[2026-02-04T08:16:05.052+0000] {logging_mixin.py:188} INFO - Downloaded AAPL/1770190895.json
[2026-02-04T08:16:05.089+0000] {logging_mixin.py:188} INFO - Downloaded AAPL/1770190908.json
[2026-02-04T08:16:05.137+0000] {logging_mixin.py:188} INFO - Downloaded AAPL/1770190919.json
[2026-02-04T08:16:05.180+0000] {logging_mixin.py:188} INFO - Downloaded AAPL/1770190929.json
[2026-02-04T08:16:05.212+0000] {logging_mixin.py:188} INFO - Downloaded AAPL/1770190940.json
[2026-02-04T08:16:05.243+0000] {logging_mixin.py:188} INFO - Downloaded AAPL/1770190951.json
[2026-02-04T08:16:05.275+0000] {logging_mixin.py:188} INFO - Downloaded AAPL/1770190962.json
[2026-02-04T08:16:05.318+0000] {logging_mixin.py:188} INFO - Downloaded AAPL/1770190972.json
[2026-02-04T08:16:05.356+0000] {logging_mixin.py:188} INFO - Downloaded AAPL/1770190983.json
[2026-02-04T08:16:05.383+0000] {logging_mixin.py:188} INFO - Downloaded AAPL/1770190995.json
[2026-02-04T08:16:05.416+0000] {logging_mixin.py:188} INFO - Downloaded AAPL/1770191006.json
[2026-02-04T08:16:05.459+0000] {logging_mixin.py:188} INFO - Downloaded AAPL/1770191017.json
[2026-02-04T08:16:05.506+0000] {logging_mixin.py:188} INFO - Downloaded AAPL/1770191028.json
[2026-02-04T08:16:05.532+0000] {logging_mixin.py:188} INFO - Downloaded AAPL/1770191039.json
[2026-02-04T08:16:05.558+0000] {logging_mixin.py:188} INFO - Downloaded AAPL/1770191049.json
[2026-02-04T08:16:05.585+0000] {logging_mixin.py:188} INFO - Downloaded AAPL/1770191060.json
[2026-02-04T08:16:05.618+0000] {logging_mixin.py:188} INFO - Downloaded AAPL/1770191070.json
[2026-02-04T08:16:05.648+0000] {logging_mixin.py:188} INFO - Downloaded AAPL/1770191081.json
[2026-02-04T08:16:05.676+0000] {logging_mixin.py:188} INFO - Downloaded AAPL/1770191091.json
[2026-02-04T08:16:05.707+0000] {logging_mixin.py:188} INFO - Downloaded AAPL/1770191101.json
[2026-02-04T08:16:05.738+0000] {logging_mixin.py:188} INFO - Downloaded AAPL/1770191111.json
[2026-02-04T08:16:05.769+0000] {logging_mixin.py:188} INFO - Downloaded AAPL/1770191122.json
[2026-02-04T08:16:05.797+0000] {logging_mixin.py:188} INFO - Downloaded AAPL/1770191133.json
[2026-02-04T08:16:05.824+0000] {logging_mixin.py:188} INFO - Downloaded AAPL/1770191144.json
[2026-02-04T08:16:05.843+0000] {logging_mixin.py:188} INFO - Downloaded AAPL/1770191154.json
[2026-02-04T08:16:05.876+0000] {logging_mixin.py:188} INFO - Downloaded AAPL/1770191165.json
[2026-02-04T08:16:05.911+0000] {logging_mixin.py:188} INFO - Downloaded AAPL/1770191175.json
[2026-02-04T08:16:05.936+0000] {logging_mixin.py:188} INFO - Downloaded AAPL/1770191186.json
[2026-02-04T08:16:05.961+0000] {logging_mixin.py:188} INFO - Downloaded AAPL/1770191197.json
[2026-02-04T08:16:05.986+0000] {logging_mixin.py:188} INFO - Downloaded AAPL/1770191207.json
[2026-02-04T08:16:06.009+0000] {logging_mixin.py:188} INFO - Downloaded AAPL/1770191218.json
[2026-02-04T08:16:06.031+0000] {logging_mixin.py:188} INFO - Downloaded AAPL/1770191229.json
[2026-02-04T08:16:06.051+0000] {logging_mixin.py:188} INFO - Downloaded AAPL/1770191240.json
[2026-02-04T08:16:06.078+0000] {logging_mixin.py:188} INFO - Downloaded AAPL/1770191251.json
[2026-02-04T08:16:06.103+0000] {logging_mixin.py:188} INFO - Downloaded AAPL/1770191261.json
[2026-02-04T08:16:06.123+0000] {logging_mixin.py:188} INFO - Downloaded AAPL/1770191272.json
[2026-02-04T08:16:06.144+0000] {logging_mixin.py:188} INFO - Downloaded AAPL/1770191283.json
[2026-02-04T08:16:06.165+0000] {logging_mixin.py:188} INFO - Downloaded AAPL/1770191293.json
[2026-02-04T08:16:06.188+0000] {logging_mixin.py:188} INFO - Downloaded AMZN/1770190215.json
[2026-02-04T08:16:06.208+0000] {logging_mixin.py:188} INFO - Downloaded AMZN/1770190226.json
[2026-02-04T08:16:06.228+0000] {logging_mixin.py:188} INFO - Downloaded AMZN/1770190237.json
[2026-02-04T08:16:06.252+0000] {logging_mixin.py:188} INFO - Downloaded AMZN/1770190249.json
[2026-02-04T08:16:06.272+0000] {logging_mixin.py:188} INFO - Downloaded AMZN/1770190261.json
[2026-02-04T08:16:06.291+0000] {logging_mixin.py:188} INFO - Downloaded AMZN/1770190271.json
[2026-02-04T08:16:06.311+0000] {logging_mixin.py:188} INFO - Downloaded AMZN/1770190282.json
[2026-02-04T08:16:06.336+0000] {logging_mixin.py:188} INFO - Downloaded AMZN/1770190293.json
[2026-02-04T08:16:06.359+0000] {logging_mixin.py:188} INFO - Downloaded AMZN/1770190303.json
[2026-02-04T08:16:06.381+0000] {logging_mixin.py:188} INFO - Downloaded AMZN/1770190316.json
[2026-02-04T08:16:06.409+0000] {logging_mixin.py:188} INFO - Downloaded AMZN/1770190326.json
[2026-02-04T08:16:06.428+0000] {logging_mixin.py:188} INFO - Downloaded AMZN/1770190337.json
[2026-02-04T08:16:06.447+0000] {logging_mixin.py:188} INFO - Downloaded AMZN/1770190348.json
[2026-02-04T08:16:06.467+0000] {logging_mixin.py:188} INFO - Downloaded AMZN/1770190360.json
[2026-02-04T08:16:06.490+0000] {logging_mixin.py:188} INFO - Downloaded AMZN/1770190371.json
[2026-02-04T08:16:06.517+0000] {logging_mixin.py:188} INFO - Downloaded AMZN/1770190381.json
[2026-02-04T08:16:06.540+0000] {logging_mixin.py:188} INFO - Downloaded AMZN/1770190392.json
[2026-02-04T08:16:06.563+0000] {logging_mixin.py:188} INFO - Downloaded AMZN/1770190403.json
[2026-02-04T08:16:06.586+0000] {logging_mixin.py:188} INFO - Downloaded AMZN/1770190414.json
[2026-02-04T08:16:06.611+0000] {logging_mixin.py:188} INFO - Downloaded AMZN/1770190425.json
[2026-02-04T08:16:06.631+0000] {logging_mixin.py:188} INFO - Downloaded AMZN/1770190435.json
[2026-02-04T08:16:06.652+0000] {logging_mixin.py:188} INFO - Downloaded AMZN/1770190446.json
[2026-02-04T08:16:06.675+0000] {logging_mixin.py:188} INFO - Downloaded AMZN/1770190456.json
[2026-02-04T08:16:06.697+0000] {logging_mixin.py:188} INFO - Downloaded AMZN/1770190467.json
[2026-02-04T08:16:06.722+0000] {logging_mixin.py:188} INFO - Downloaded AMZN/1770190477.json
[2026-02-04T08:16:06.747+0000] {logging_mixin.py:188} INFO - Downloaded AMZN/1770190488.json
[2026-02-04T08:16:06.769+0000] {logging_mixin.py:188} INFO - Downloaded AMZN/1770190499.json
[2026-02-04T08:16:06.794+0000] {logging_mixin.py:188} INFO - Downloaded AMZN/1770190509.json
[2026-02-04T08:16:06.820+0000] {logging_mixin.py:188} INFO - Downloaded AMZN/1770190520.json
[2026-02-04T08:16:06.842+0000] {logging_mixin.py:188} INFO - Downloaded AMZN/1770190531.json
[2026-02-04T08:16:06.886+0000] {logging_mixin.py:188} INFO - Downloaded AMZN/1770190541.json
[2026-02-04T08:16:06.921+0000] {logging_mixin.py:188} INFO - Downloaded AMZN/1770190552.json
[2026-02-04T08:16:06.960+0000] {logging_mixin.py:188} INFO - Downloaded AMZN/1770190562.json
[2026-02-04T08:16:06.989+0000] {logging_mixin.py:188} INFO - Downloaded AMZN/1770190573.json
[2026-02-04T08:16:07.029+0000] {logging_mixin.py:188} INFO - Downloaded AMZN/1770190583.json
[2026-02-04T08:16:07.061+0000] {logging_mixin.py:188} INFO - Downloaded AMZN/1770190593.json
[2026-02-04T08:16:07.097+0000] {logging_mixin.py:188} INFO - Downloaded AMZN/1770190604.json
[2026-02-04T08:16:07.134+0000] {logging_mixin.py:188} INFO - Downloaded AMZN/1770190615.json
[2026-02-04T08:16:07.164+0000] {logging_mixin.py:188} INFO - Downloaded AMZN/1770190625.json
[2026-02-04T08:16:07.204+0000] {logging_mixin.py:188} INFO - Downloaded AMZN/1770190635.json
[2026-02-04T08:16:07.242+0000] {logging_mixin.py:188} INFO - Downloaded AMZN/1770190645.json
[2026-02-04T08:16:07.273+0000] {logging_mixin.py:188} INFO - Downloaded AMZN/1770190656.json
[2026-02-04T08:16:07.313+0000] {logging_mixin.py:188} INFO - Downloaded AMZN/1770190666.json
[2026-02-04T08:16:07.346+0000] {logging_mixin.py:188} INFO - Downloaded AMZN/1770190677.json
[2026-02-04T08:16:07.379+0000] {logging_mixin.py:188} INFO - Downloaded AMZN/1770190687.json
[2026-02-04T08:16:07.415+0000] {logging_mixin.py:188} INFO - Downloaded AMZN/1770190697.json
[2026-02-04T08:16:07.457+0000] {logging_mixin.py:188} INFO - Downloaded AMZN/1770190708.json
[2026-02-04T08:16:07.506+0000] {logging_mixin.py:188} INFO - Downloaded AMZN/1770190718.json
[2026-02-04T08:16:07.537+0000] {logging_mixin.py:188} INFO - Downloaded AMZN/1770190729.json
[2026-02-04T08:16:07.560+0000] {logging_mixin.py:188} INFO - Downloaded AMZN/1770190739.json
[2026-02-04T08:16:07.582+0000] {logging_mixin.py:188} INFO - Downloaded AMZN/1770190750.json
[2026-02-04T08:16:07.602+0000] {logging_mixin.py:188} INFO - Downloaded AMZN/1770190760.json
[2026-02-04T08:16:07.624+0000] {logging_mixin.py:188} INFO - Downloaded AMZN/1770190771.json
[2026-02-04T08:16:07.648+0000] {logging_mixin.py:188} INFO - Downloaded AMZN/1770190781.json
[2026-02-04T08:16:07.672+0000] {logging_mixin.py:188} INFO - Downloaded AMZN/1770190792.json
[2026-02-04T08:16:07.699+0000] {logging_mixin.py:188} INFO - Downloaded AMZN/1770190803.json
[2026-02-04T08:16:07.720+0000] {logging_mixin.py:188} INFO - Downloaded AMZN/1770190813.json
[2026-02-04T08:16:07.739+0000] {logging_mixin.py:188} INFO - Downloaded AMZN/1770190824.json
[2026-02-04T08:16:07.759+0000] {logging_mixin.py:188} INFO - Downloaded AMZN/1770190835.json
[2026-02-04T08:16:07.780+0000] {logging_mixin.py:188} INFO - Downloaded AMZN/1770190845.json
[2026-02-04T08:16:07.804+0000] {logging_mixin.py:188} INFO - Downloaded AMZN/1770190856.json
[2026-02-04T08:16:07.835+0000] {logging_mixin.py:188} INFO - Downloaded AMZN/1770190866.json
[2026-02-04T08:16:07.864+0000] {logging_mixin.py:188} INFO - Downloaded AMZN/1770190877.json
[2026-02-04T08:16:07.886+0000] {logging_mixin.py:188} INFO - Downloaded AMZN/1770190888.json
[2026-02-04T08:16:07.910+0000] {logging_mixin.py:188} INFO - Downloaded AMZN/1770190901.json
[2026-02-04T08:16:07.935+0000] {logging_mixin.py:188} INFO - Downloaded AMZN/1770190912.json
[2026-02-04T08:16:07.956+0000] {logging_mixin.py:188} INFO - Downloaded AMZN/1770190923.json
[2026-02-04T08:16:07.978+0000] {logging_mixin.py:188} INFO - Downloaded AMZN/1770190933.json
[2026-02-04T08:16:08.000+0000] {logging_mixin.py:188} INFO - Downloaded AMZN/1770190944.json
[2026-02-04T08:16:08.019+0000] {logging_mixin.py:188} INFO - Downloaded AMZN/1770190955.json
[2026-02-04T08:16:08.040+0000] {logging_mixin.py:188} INFO - Downloaded AMZN/1770190965.json
[2026-02-04T08:16:08.061+0000] {logging_mixin.py:188} INFO - Downloaded AMZN/1770190976.json
[2026-02-04T08:16:08.087+0000] {logging_mixin.py:188} INFO - Downloaded AMZN/1770190988.json
[2026-02-04T08:16:08.112+0000] {logging_mixin.py:188} INFO - Downloaded AMZN/1770190999.json
[2026-02-04T08:16:08.138+0000] {logging_mixin.py:188} INFO - Downloaded AMZN/1770191010.json
[2026-02-04T08:16:08.166+0000] {logging_mixin.py:188} INFO - Downloaded AMZN/1770191021.json
[2026-02-04T08:16:08.194+0000] {logging_mixin.py:188} INFO - Downloaded AMZN/1770191032.json
[2026-02-04T08:16:08.220+0000] {logging_mixin.py:188} INFO - Downloaded AMZN/1770191042.json
[2026-02-04T08:16:08.241+0000] {logging_mixin.py:188} INFO - Downloaded AMZN/1770191053.json
[2026-02-04T08:16:08.261+0000] {logging_mixin.py:188} INFO - Downloaded AMZN/1770191063.json
[2026-02-04T08:16:08.279+0000] {logging_mixin.py:188} INFO - Downloaded AMZN/1770191074.json
[2026-02-04T08:16:08.298+0000] {logging_mixin.py:188} INFO - Downloaded AMZN/1770191084.json
[2026-02-04T08:16:08.317+0000] {logging_mixin.py:188} INFO - Downloaded AMZN/1770191094.json
[2026-02-04T08:16:08.342+0000] {logging_mixin.py:188} INFO - Downloaded AMZN/1770191105.json
[2026-02-04T08:16:08.364+0000] {logging_mixin.py:188} INFO - Downloaded AMZN/1770191115.json
[2026-02-04T08:16:08.383+0000] {logging_mixin.py:188} INFO - Downloaded AMZN/1770191126.json
[2026-02-04T08:16:08.402+0000] {logging_mixin.py:188} INFO - Downloaded AMZN/1770191137.json
[2026-02-04T08:16:08.421+0000] {logging_mixin.py:188} INFO - Downloaded AMZN/1770191147.json
[2026-02-04T08:16:08.440+0000] {logging_mixin.py:188} INFO - Downloaded AMZN/1770191158.json
[2026-02-04T08:16:08.462+0000] {logging_mixin.py:188} INFO - Downloaded AMZN/1770191168.json
[2026-02-04T08:16:08.488+0000] {logging_mixin.py:188} INFO - Downloaded AMZN/1770191179.json
[2026-02-04T08:16:08.509+0000] {logging_mixin.py:188} INFO - Downloaded AMZN/1770191190.json
[2026-02-04T08:16:08.531+0000] {logging_mixin.py:188} INFO - Downloaded AMZN/1770191200.json
[2026-02-04T08:16:08.555+0000] {logging_mixin.py:188} INFO - Downloaded AMZN/1770191211.json
[2026-02-04T08:16:08.575+0000] {logging_mixin.py:188} INFO - Downloaded AMZN/1770191222.json
[2026-02-04T08:16:08.593+0000] {logging_mixin.py:188} INFO - Downloaded AMZN/1770191233.json
[2026-02-04T08:16:08.611+0000] {logging_mixin.py:188} INFO - Downloaded AMZN/1770191244.json
[2026-02-04T08:16:08.629+0000] {logging_mixin.py:188} INFO - Downloaded AMZN/1770191254.json
[2026-02-04T08:16:08.650+0000] {logging_mixin.py:188} INFO - Downloaded AMZN/1770191265.json
[2026-02-04T08:16:08.673+0000] {logging_mixin.py:188} INFO - Downloaded AMZN/1770191276.json
[2026-02-04T08:16:08.694+0000] {logging_mixin.py:188} INFO - Downloaded AMZN/1770191286.json
[2026-02-04T08:16:08.714+0000] {logging_mixin.py:188} INFO - Downloaded GOOGL/1770190214.json
[2026-02-04T08:16:08.733+0000] {logging_mixin.py:188} INFO - Downloaded GOOGL/1770190224.json
[2026-02-04T08:16:08.753+0000] {logging_mixin.py:188} INFO - Downloaded GOOGL/1770190236.json
[2026-02-04T08:16:08.773+0000] {logging_mixin.py:188} INFO - Downloaded GOOGL/1770190248.json
[2026-02-04T08:16:08.795+0000] {logging_mixin.py:188} INFO - Downloaded GOOGL/1770190260.json
[2026-02-04T08:16:08.819+0000] {logging_mixin.py:188} INFO - Downloaded GOOGL/1770190270.json
[2026-02-04T08:16:08.851+0000] {logging_mixin.py:188} INFO - Downloaded GOOGL/1770190281.json
[2026-02-04T08:16:08.874+0000] {logging_mixin.py:188} INFO - Downloaded GOOGL/1770190292.json
[2026-02-04T08:16:08.899+0000] {logging_mixin.py:188} INFO - Downloaded GOOGL/1770190302.json
[2026-02-04T08:16:08.921+0000] {logging_mixin.py:188} INFO - Downloaded GOOGL/1770190315.json
[2026-02-04T08:16:08.942+0000] {logging_mixin.py:188} INFO - Downloaded GOOGL/1770190325.json
[2026-02-04T08:16:08.970+0000] {logging_mixin.py:188} INFO - Downloaded GOOGL/1770190336.json
[2026-02-04T08:16:08.992+0000] {logging_mixin.py:188} INFO - Downloaded GOOGL/1770190347.json
[2026-02-04T08:16:09.017+0000] {logging_mixin.py:188} INFO - Downloaded GOOGL/1770190359.json
[2026-02-04T08:16:09.039+0000] {logging_mixin.py:188} INFO - Downloaded GOOGL/1770190370.json
[2026-02-04T08:16:09.060+0000] {logging_mixin.py:188} INFO - Downloaded GOOGL/1770190380.json
[2026-02-04T08:16:09.082+0000] {logging_mixin.py:188} INFO - Downloaded GOOGL/1770190391.json
[2026-02-04T08:16:09.107+0000] {logging_mixin.py:188} INFO - Downloaded GOOGL/1770190402.json
[2026-02-04T08:16:09.129+0000] {logging_mixin.py:188} INFO - Downloaded GOOGL/1770190413.json
[2026-02-04T08:16:09.148+0000] {logging_mixin.py:188} INFO - Downloaded GOOGL/1770190424.json
[2026-02-04T08:16:09.170+0000] {logging_mixin.py:188} INFO - Downloaded GOOGL/1770190434.json
[2026-02-04T08:16:09.191+0000] {logging_mixin.py:188} INFO - Downloaded GOOGL/1770190445.json
[2026-02-04T08:16:09.210+0000] {logging_mixin.py:188} INFO - Downloaded GOOGL/1770190455.json
[2026-02-04T08:16:09.230+0000] {logging_mixin.py:188} INFO - Downloaded GOOGL/1770190466.json
[2026-02-04T08:16:09.253+0000] {logging_mixin.py:188} INFO - Downloaded GOOGL/1770190477.json
[2026-02-04T08:16:09.277+0000] {logging_mixin.py:188} INFO - Downloaded GOOGL/1770190487.json
[2026-02-04T08:16:09.301+0000] {logging_mixin.py:188} INFO - Downloaded GOOGL/1770190498.json
[2026-02-04T08:16:09.325+0000] {logging_mixin.py:188} INFO - Downloaded GOOGL/1770190508.json
[2026-02-04T08:16:09.351+0000] {logging_mixin.py:188} INFO - Downloaded GOOGL/1770190519.json
[2026-02-04T08:16:09.375+0000] {logging_mixin.py:188} INFO - Downloaded GOOGL/1770190529.json
[2026-02-04T08:16:09.399+0000] {logging_mixin.py:188} INFO - Downloaded GOOGL/1770190540.json
[2026-02-04T08:16:09.427+0000] {logging_mixin.py:188} INFO - Downloaded GOOGL/1770190551.json
[2026-02-04T08:16:09.461+0000] {logging_mixin.py:188} INFO - Downloaded GOOGL/1770190561.json
[2026-02-04T08:16:09.484+0000] {logging_mixin.py:188} INFO - Downloaded GOOGL/1770190572.json
[2026-02-04T08:16:09.517+0000] {logging_mixin.py:188} INFO - Downloaded GOOGL/1770190582.json
[2026-02-04T08:16:09.548+0000] {logging_mixin.py:188} INFO - Downloaded GOOGL/1770190592.json
[2026-02-04T08:16:09.569+0000] {logging_mixin.py:188} INFO - Downloaded GOOGL/1770190603.json
[2026-02-04T08:16:09.588+0000] {logging_mixin.py:188} INFO - Downloaded GOOGL/1770190614.json
[2026-02-04T08:16:09.609+0000] {logging_mixin.py:188} INFO - Downloaded GOOGL/1770190624.json
[2026-02-04T08:16:09.631+0000] {logging_mixin.py:188} INFO - Downloaded GOOGL/1770190634.json
[2026-02-04T08:16:09.650+0000] {logging_mixin.py:188} INFO - Downloaded GOOGL/1770190645.json
[2026-02-04T08:16:09.669+0000] {logging_mixin.py:188} INFO - Downloaded GOOGL/1770190655.json
[2026-02-04T08:16:09.689+0000] {logging_mixin.py:188} INFO - Downloaded GOOGL/1770190665.json
[2026-02-04T08:16:09.712+0000] {logging_mixin.py:188} INFO - Downloaded GOOGL/1770190676.json
[2026-02-04T08:16:09.738+0000] {logging_mixin.py:188} INFO - Downloaded GOOGL/1770190686.json
[2026-02-04T08:16:09.760+0000] {logging_mixin.py:188} INFO - Downloaded GOOGL/1770190697.json
[2026-02-04T08:16:09.783+0000] {logging_mixin.py:188} INFO - Downloaded GOOGL/1770190707.json
[2026-02-04T08:16:09.802+0000] {logging_mixin.py:188} INFO - Downloaded GOOGL/1770190718.json
[2026-02-04T08:16:09.821+0000] {logging_mixin.py:188} INFO - Downloaded GOOGL/1770190728.json
[2026-02-04T08:16:09.844+0000] {logging_mixin.py:188} INFO - Downloaded GOOGL/1770190738.json
[2026-02-04T08:16:09.863+0000] {logging_mixin.py:188} INFO - Downloaded GOOGL/1770190749.json
[2026-02-04T08:16:09.885+0000] {logging_mixin.py:188} INFO - Downloaded GOOGL/1770190760.json
[2026-02-04T08:16:09.909+0000] {logging_mixin.py:188} INFO - Downloaded GOOGL/1770190770.json
[2026-02-04T08:16:09.933+0000] {logging_mixin.py:188} INFO - Downloaded GOOGL/1770190780.json
[2026-02-04T08:16:09.954+0000] {logging_mixin.py:188} INFO - Downloaded GOOGL/1770190791.json
[2026-02-04T08:16:09.973+0000] {logging_mixin.py:188} INFO - Downloaded GOOGL/1770190802.json
[2026-02-04T08:16:09.999+0000] {logging_mixin.py:188} INFO - Downloaded GOOGL/1770190813.json
[2026-02-04T08:16:10.023+0000] {logging_mixin.py:188} INFO - Downloaded GOOGL/1770190823.json
[2026-02-04T08:16:10.050+0000] {logging_mixin.py:188} INFO - Downloaded GOOGL/1770190834.json
[2026-02-04T08:16:10.074+0000] {logging_mixin.py:188} INFO - Downloaded GOOGL/1770190844.json
[2026-02-04T08:16:10.096+0000] {logging_mixin.py:188} INFO - Downloaded GOOGL/1770190855.json
[2026-02-04T08:16:10.116+0000] {logging_mixin.py:188} INFO - Downloaded GOOGL/1770190865.json
[2026-02-04T08:16:10.136+0000] {logging_mixin.py:188} INFO - Downloaded GOOGL/1770190876.json
[2026-02-04T08:16:10.156+0000] {logging_mixin.py:188} INFO - Downloaded GOOGL/1770190887.json
[2026-02-04T08:16:10.178+0000] {logging_mixin.py:188} INFO - Downloaded GOOGL/1770190899.json
[2026-02-04T08:16:10.206+0000] {logging_mixin.py:188} INFO - Downloaded GOOGL/1770190911.json
[2026-02-04T08:16:10.227+0000] {logging_mixin.py:188} INFO - Downloaded GOOGL/1770190922.json
[2026-02-04T08:16:10.251+0000] {logging_mixin.py:188} INFO - Downloaded GOOGL/1770190932.json
[2026-02-04T08:16:10.276+0000] {logging_mixin.py:188} INFO - Downloaded GOOGL/1770190943.json
[2026-02-04T08:16:10.297+0000] {logging_mixin.py:188} INFO - Downloaded GOOGL/1770190954.json
[2026-02-04T08:16:10.321+0000] {logging_mixin.py:188} INFO - Downloaded GOOGL/1770190965.json
[2026-02-04T08:16:10.340+0000] {logging_mixin.py:188} INFO - Downloaded GOOGL/1770190975.json
[2026-02-04T08:16:10.362+0000] {logging_mixin.py:188} INFO - Downloaded GOOGL/1770190987.json
[2026-02-04T08:16:10.386+0000] {logging_mixin.py:188} INFO - Downloaded GOOGL/1770190998.json
[2026-02-04T08:16:10.408+0000] {logging_mixin.py:188} INFO - Downloaded GOOGL/1770191009.json
[2026-02-04T08:16:10.427+0000] {logging_mixin.py:188} INFO - Downloaded GOOGL/1770191020.json
[2026-02-04T08:16:10.446+0000] {logging_mixin.py:188} INFO - Downloaded GOOGL/1770191031.json
[2026-02-04T08:16:10.467+0000] {logging_mixin.py:188} INFO - Downloaded GOOGL/1770191041.json
[2026-02-04T08:16:10.492+0000] {logging_mixin.py:188} INFO - Downloaded GOOGL/1770191052.json
[2026-02-04T08:16:10.519+0000] {logging_mixin.py:188} INFO - Downloaded GOOGL/1770191062.json
[2026-02-04T08:16:10.547+0000] {logging_mixin.py:188} INFO - Downloaded GOOGL/1770191073.json
[2026-02-04T08:16:10.572+0000] {logging_mixin.py:188} INFO - Downloaded GOOGL/1770191083.json
[2026-02-04T08:16:10.595+0000] {logging_mixin.py:188} INFO - Downloaded GOOGL/1770191094.json
[2026-02-04T08:16:10.618+0000] {logging_mixin.py:188} INFO - Downloaded GOOGL/1770191104.json
[2026-02-04T08:16:10.648+0000] {logging_mixin.py:188} INFO - Downloaded GOOGL/1770191114.json
[2026-02-04T08:16:10.674+0000] {logging_mixin.py:188} INFO - Downloaded GOOGL/1770191125.json
[2026-02-04T08:16:10.698+0000] {logging_mixin.py:188} INFO - Downloaded GOOGL/1770191136.json
[2026-02-04T08:16:10.724+0000] {logging_mixin.py:188} INFO - Downloaded GOOGL/1770191146.json
[2026-02-04T08:16:10.742+0000] {logging_mixin.py:188} INFO - Downloaded GOOGL/1770191157.json
[2026-02-04T08:16:10.763+0000] {logging_mixin.py:188} INFO - Downloaded GOOGL/1770191167.json
[2026-02-04T08:16:10.785+0000] {logging_mixin.py:188} INFO - Downloaded GOOGL/1770191178.json
[2026-02-04T08:16:10.807+0000] {logging_mixin.py:188} INFO - Downloaded GOOGL/1770191189.json
[2026-02-04T08:16:10.830+0000] {logging_mixin.py:188} INFO - Downloaded GOOGL/1770191200.json
[2026-02-04T08:16:10.850+0000] {logging_mixin.py:188} INFO - Downloaded GOOGL/1770191210.json
[2026-02-04T08:16:10.871+0000] {logging_mixin.py:188} INFO - Downloaded GOOGL/1770191221.json
[2026-02-04T08:16:10.890+0000] {logging_mixin.py:188} INFO - Downloaded GOOGL/1770191232.json
[2026-02-04T08:16:10.912+0000] {logging_mixin.py:188} INFO - Downloaded GOOGL/1770191243.json
[2026-02-04T08:16:10.933+0000] {logging_mixin.py:188} INFO - Downloaded GOOGL/1770191253.json
[2026-02-04T08:16:10.954+0000] {logging_mixin.py:188} INFO - Downloaded GOOGL/1770191264.json
[2026-02-04T08:16:10.975+0000] {logging_mixin.py:188} INFO - Downloaded GOOGL/1770191275.json
[2026-02-04T08:16:10.996+0000] {logging_mixin.py:188} INFO - Downloaded GOOGL/1770191285.json
[2026-02-04T08:16:11.017+0000] {logging_mixin.py:188} INFO - Downloaded MSFT/1770190212.json
[2026-02-04T08:16:11.036+0000] {logging_mixin.py:188} INFO - Downloaded MSFT/1770190222.json
[2026-02-04T08:16:11.059+0000] {logging_mixin.py:188} INFO - Downloaded MSFT/1770190234.json
[2026-02-04T08:16:11.086+0000] {logging_mixin.py:188} INFO - Downloaded MSFT/1770190246.json
[2026-02-04T08:16:11.107+0000] {logging_mixin.py:188} INFO - Downloaded MSFT/1770190257.json
[2026-02-04T08:16:11.128+0000] {logging_mixin.py:188} INFO - Downloaded MSFT/1770190268.json
[2026-02-04T08:16:11.152+0000] {logging_mixin.py:188} INFO - Downloaded MSFT/1770190279.json
[2026-02-04T08:16:11.174+0000] {logging_mixin.py:188} INFO - Downloaded MSFT/1770190290.json
[2026-02-04T08:16:11.194+0000] {logging_mixin.py:188} INFO - Downloaded MSFT/1770190301.json
[2026-02-04T08:16:11.215+0000] {logging_mixin.py:188} INFO - Downloaded MSFT/1770190311.json
[2026-02-04T08:16:11.234+0000] {logging_mixin.py:188} INFO - Downloaded MSFT/1770190324.json
[2026-02-04T08:16:11.257+0000] {logging_mixin.py:188} INFO - Downloaded MSFT/1770190334.json
[2026-02-04T08:16:11.276+0000] {logging_mixin.py:188} INFO - Downloaded MSFT/1770190345.json
[2026-02-04T08:16:11.294+0000] {logging_mixin.py:188} INFO - Downloaded MSFT/1770190357.json
[2026-02-04T08:16:11.315+0000] {logging_mixin.py:188} INFO - Downloaded MSFT/1770190368.json
[2026-02-04T08:16:11.336+0000] {logging_mixin.py:188} INFO - Downloaded MSFT/1770190379.json
[2026-02-04T08:16:11.358+0000] {logging_mixin.py:188} INFO - Downloaded MSFT/1770190389.json
[2026-02-04T08:16:11.378+0000] {logging_mixin.py:188} INFO - Downloaded MSFT/1770190400.json
[2026-02-04T08:16:11.399+0000] {logging_mixin.py:188} INFO - Downloaded MSFT/1770190411.json
[2026-02-04T08:16:11.417+0000] {logging_mixin.py:188} INFO - Downloaded MSFT/1770190422.json
[2026-02-04T08:16:11.435+0000] {logging_mixin.py:188} INFO - Downloaded MSFT/1770190433.json
[2026-02-04T08:16:11.456+0000] {logging_mixin.py:188} INFO - Downloaded MSFT/1770190443.json
[2026-02-04T08:16:11.477+0000] {logging_mixin.py:188} INFO - Downloaded MSFT/1770190454.json
[2026-02-04T08:16:11.498+0000] {logging_mixin.py:188} INFO - Downloaded MSFT/1770190464.json
[2026-02-04T08:16:11.518+0000] {logging_mixin.py:188} INFO - Downloaded MSFT/1770190475.json
[2026-02-04T08:16:11.540+0000] {logging_mixin.py:188} INFO - Downloaded MSFT/1770190486.json
[2026-02-04T08:16:11.564+0000] {logging_mixin.py:188} INFO - Downloaded MSFT/1770190496.json
[2026-02-04T08:16:11.583+0000] {logging_mixin.py:188} INFO - Downloaded MSFT/1770190507.json
[2026-02-04T08:16:11.605+0000] {logging_mixin.py:188} INFO - Downloaded MSFT/1770190517.json
[2026-02-04T08:16:11.626+0000] {logging_mixin.py:188} INFO - Downloaded MSFT/1770190528.json
[2026-02-04T08:16:11.648+0000] {logging_mixin.py:188} INFO - Downloaded MSFT/1770190538.json
[2026-02-04T08:16:11.669+0000] {logging_mixin.py:188} INFO - Downloaded MSFT/1770190549.json
[2026-02-04T08:16:11.693+0000] {logging_mixin.py:188} INFO - Downloaded MSFT/1770190559.json
[2026-02-04T08:16:11.729+0000] {logging_mixin.py:188} INFO - Downloaded MSFT/1770190570.json
[2026-02-04T08:16:11.757+0000] {logging_mixin.py:188} INFO - Downloaded MSFT/1770190580.json
[2026-02-04T08:16:11.787+0000] {logging_mixin.py:188} INFO - Downloaded MSFT/1770190591.json
[2026-02-04T08:16:11.827+0000] {logging_mixin.py:188} INFO - Downloaded MSFT/1770190601.json
[2026-02-04T08:16:11.863+0000] {logging_mixin.py:188} INFO - Downloaded MSFT/1770190612.json
[2026-02-04T08:16:11.908+0000] {logging_mixin.py:188} INFO - Downloaded MSFT/1770190622.json
[2026-02-04T08:16:11.943+0000] {logging_mixin.py:188} INFO - Downloaded MSFT/1770190632.json
[2026-02-04T08:16:11.978+0000] {logging_mixin.py:188} INFO - Downloaded MSFT/1770190643.json
[2026-02-04T08:16:12.014+0000] {logging_mixin.py:188} INFO - Downloaded MSFT/1770190653.json
[2026-02-04T08:16:12.053+0000] {logging_mixin.py:188} INFO - Downloaded MSFT/1770190663.json
[2026-02-04T08:16:12.104+0000] {logging_mixin.py:188} INFO - Downloaded MSFT/1770190674.json
[2026-02-04T08:16:12.148+0000] {logging_mixin.py:188} INFO - Downloaded MSFT/1770190684.json
[2026-02-04T08:16:12.186+0000] {logging_mixin.py:188} INFO - Downloaded MSFT/1770190695.json
[2026-02-04T08:16:12.224+0000] {logging_mixin.py:188} INFO - Downloaded MSFT/1770190705.json
[2026-02-04T08:16:12.276+0000] {logging_mixin.py:188} INFO - Downloaded MSFT/1770190716.json
[2026-02-04T08:16:12.308+0000] {logging_mixin.py:188} INFO - Downloaded MSFT/1770190726.json
[2026-02-04T08:16:12.343+0000] {logging_mixin.py:188} INFO - Downloaded MSFT/1770190737.json
[2026-02-04T08:16:12.383+0000] {logging_mixin.py:188} INFO - Downloaded MSFT/1770190747.json
[2026-02-04T08:16:12.432+0000] {logging_mixin.py:188} INFO - Downloaded MSFT/1770190758.json
[2026-02-04T08:16:12.460+0000] {logging_mixin.py:188} INFO - Downloaded MSFT/1770190768.json
[2026-02-04T08:16:12.489+0000] {logging_mixin.py:188} INFO - Downloaded MSFT/1770190779.json
[2026-02-04T08:16:12.525+0000] {logging_mixin.py:188} INFO - Downloaded MSFT/1770190789.json
[2026-02-04T08:16:12.554+0000] {logging_mixin.py:188} INFO - Downloaded MSFT/1770190800.json
[2026-02-04T08:16:12.577+0000] {logging_mixin.py:188} INFO - Downloaded MSFT/1770190811.json
[2026-02-04T08:16:12.596+0000] {logging_mixin.py:188} INFO - Downloaded MSFT/1770190821.json
[2026-02-04T08:16:12.615+0000] {logging_mixin.py:188} INFO - Downloaded MSFT/1770190832.json
[2026-02-04T08:16:12.634+0000] {logging_mixin.py:188} INFO - Downloaded MSFT/1770190842.json
[2026-02-04T08:16:12.652+0000] {logging_mixin.py:188} INFO - Downloaded MSFT/1770190853.json
[2026-02-04T08:16:12.671+0000] {logging_mixin.py:188} INFO - Downloaded MSFT/1770190863.json
[2026-02-04T08:16:12.690+0000] {logging_mixin.py:188} INFO - Downloaded MSFT/1770190874.json
[2026-02-04T08:16:12.708+0000] {logging_mixin.py:188} INFO - Downloaded MSFT/1770190885.json
[2026-02-04T08:16:12.729+0000] {logging_mixin.py:188} INFO - Downloaded MSFT/1770190896.json
[2026-02-04T08:16:12.750+0000] {logging_mixin.py:188} INFO - Downloaded MSFT/1770190909.json
[2026-02-04T08:16:12.775+0000] {logging_mixin.py:188} INFO - Downloaded MSFT/1770190920.json
[2026-02-04T08:16:12.805+0000] {logging_mixin.py:188} INFO - Downloaded MSFT/1770190930.json
[2026-02-04T08:16:12.829+0000] {logging_mixin.py:188} INFO - Downloaded MSFT/1770190941.json
[2026-02-04T08:16:12.849+0000] {logging_mixin.py:188} INFO - Downloaded MSFT/1770190952.json
[2026-02-04T08:16:12.871+0000] {logging_mixin.py:188} INFO - Downloaded MSFT/1770190963.json
[2026-02-04T08:16:12.891+0000] {logging_mixin.py:188} INFO - Downloaded MSFT/1770190973.json
[2026-02-04T08:16:12.912+0000] {logging_mixin.py:188} INFO - Downloaded MSFT/1770190984.json
[2026-02-04T08:16:12.937+0000] {logging_mixin.py:188} INFO - Downloaded MSFT/1770190996.json
[2026-02-04T08:16:12.980+0000] {logging_mixin.py:188} INFO - Downloaded MSFT/1770191007.json
[2026-02-04T08:16:13.009+0000] {logging_mixin.py:188} INFO - Downloaded MSFT/1770191018.json
[2026-02-04T08:16:13.034+0000] {logging_mixin.py:188} INFO - Downloaded MSFT/1770191029.json
[2026-02-04T08:16:13.068+0000] {logging_mixin.py:188} INFO - Downloaded MSFT/1770191040.json
[2026-02-04T08:16:13.088+0000] {logging_mixin.py:188} INFO - Downloaded MSFT/1770191050.json
[2026-02-04T08:16:13.113+0000] {logging_mixin.py:188} INFO - Downloaded MSFT/1770191061.json
[2026-02-04T08:16:13.137+0000] {logging_mixin.py:188} INFO - Downloaded MSFT/1770191071.json
[2026-02-04T08:16:13.163+0000] {logging_mixin.py:188} INFO - Downloaded MSFT/1770191081.json
[2026-02-04T08:16:13.183+0000] {logging_mixin.py:188} INFO - Downloaded MSFT/1770191092.json
[2026-02-04T08:16:13.206+0000] {logging_mixin.py:188} INFO - Downloaded MSFT/1770191102.json
[2026-02-04T08:16:13.226+0000] {logging_mixin.py:188} INFO - Downloaded MSFT/1770191112.json
[2026-02-04T08:16:13.245+0000] {logging_mixin.py:188} INFO - Downloaded MSFT/1770191123.json
[2026-02-04T08:16:13.266+0000] {logging_mixin.py:188} INFO - Downloaded MSFT/1770191134.json
[2026-02-04T08:16:13.284+0000] {logging_mixin.py:188} INFO - Downloaded MSFT/1770191145.json
[2026-02-04T08:16:13.303+0000] {logging_mixin.py:188} INFO - Downloaded MSFT/1770191155.json
[2026-02-04T08:16:13.322+0000] {logging_mixin.py:188} INFO - Downloaded MSFT/1770191165.json
[2026-02-04T08:16:13.340+0000] {logging_mixin.py:188} INFO - Downloaded MSFT/1770191176.json
[2026-02-04T08:16:13.359+0000] {logging_mixin.py:188} INFO - Downloaded MSFT/1770191187.json
[2026-02-04T08:16:13.380+0000] {logging_mixin.py:188} INFO - Downloaded MSFT/1770191198.json
[2026-02-04T08:16:13.399+0000] {logging_mixin.py:188} INFO - Downloaded MSFT/1770191209.json
[2026-02-04T08:16:13.448+0000] {logging_mixin.py:188} INFO - Downloaded MSFT/1770191219.json
[2026-02-04T08:16:13.475+0000] {logging_mixin.py:188} INFO - Downloaded MSFT/1770191230.json
[2026-02-04T08:16:13.500+0000] {logging_mixin.py:188} INFO - Downloaded MSFT/1770191241.json
[2026-02-04T08:16:13.522+0000] {logging_mixin.py:188} INFO - Downloaded MSFT/1770191252.json
[2026-02-04T08:16:13.542+0000] {logging_mixin.py:188} INFO - Downloaded MSFT/1770191262.json
[2026-02-04T08:16:13.564+0000] {logging_mixin.py:188} INFO - Downloaded MSFT/1770191273.json
[2026-02-04T08:16:13.587+0000] {logging_mixin.py:188} INFO - Downloaded MSFT/1770191284.json
[2026-02-04T08:16:13.609+0000] {logging_mixin.py:188} INFO - Downloaded TSLA/1770190213.json
[2026-02-04T08:16:13.633+0000] {logging_mixin.py:188} INFO - Downloaded TSLA/1770190223.json
[2026-02-04T08:16:13.652+0000] {logging_mixin.py:188} INFO - Downloaded TSLA/1770190235.json
[2026-02-04T08:16:13.674+0000] {logging_mixin.py:188} INFO - Downloaded TSLA/1770190247.json
[2026-02-04T08:16:13.696+0000] {logging_mixin.py:188} INFO - Downloaded TSLA/1770190259.json
[2026-02-04T08:16:13.717+0000] {logging_mixin.py:188} INFO - Downloaded TSLA/1770190269.json
[2026-02-04T08:16:13.737+0000] {logging_mixin.py:188} INFO - Downloaded TSLA/1770190280.json
[2026-02-04T08:16:13.767+0000] {logging_mixin.py:188} INFO - Downloaded TSLA/1770190291.json
[2026-02-04T08:16:13.790+0000] {logging_mixin.py:188} INFO - Downloaded TSLA/1770190302.json
[2026-02-04T08:16:13.809+0000] {logging_mixin.py:188} INFO - Downloaded TSLA/1770190314.json
[2026-02-04T08:16:13.826+0000] {logging_mixin.py:188} INFO - Downloaded TSLA/1770190325.json
[2026-02-04T08:16:13.844+0000] {logging_mixin.py:188} INFO - Downloaded TSLA/1770190335.json
[2026-02-04T08:16:13.864+0000] {logging_mixin.py:188} INFO - Downloaded TSLA/1770190346.json
[2026-02-04T08:16:13.884+0000] {logging_mixin.py:188} INFO - Downloaded TSLA/1770190358.json
[2026-02-04T08:16:13.904+0000] {logging_mixin.py:188} INFO - Downloaded TSLA/1770190369.json
[2026-02-04T08:16:13.923+0000] {logging_mixin.py:188} INFO - Downloaded TSLA/1770190380.json
[2026-02-04T08:16:13.946+0000] {logging_mixin.py:188} INFO - Downloaded TSLA/1770190390.json
[2026-02-04T08:16:13.971+0000] {logging_mixin.py:188} INFO - Downloaded TSLA/1770190401.json
[2026-02-04T08:16:13.992+0000] {logging_mixin.py:188} INFO - Downloaded TSLA/1770190412.json
[2026-02-04T08:16:14.013+0000] {logging_mixin.py:188} INFO - Downloaded TSLA/1770190423.json
[2026-02-04T08:16:14.037+0000] {logging_mixin.py:188} INFO - Downloaded TSLA/1770190433.json
[2026-02-04T08:16:14.055+0000] {logging_mixin.py:188} INFO - Downloaded TSLA/1770190444.json
[2026-02-04T08:16:14.075+0000] {logging_mixin.py:188} INFO - Downloaded TSLA/1770190455.json
[2026-02-04T08:16:14.095+0000] {logging_mixin.py:188} INFO - Downloaded TSLA/1770190465.json
[2026-02-04T08:16:14.115+0000] {logging_mixin.py:188} INFO - Downloaded TSLA/1770190476.json
[2026-02-04T08:16:14.133+0000] {logging_mixin.py:188} INFO - Downloaded TSLA/1770190486.json
[2026-02-04T08:16:14.154+0000] {logging_mixin.py:188} INFO - Downloaded TSLA/1770190497.json
[2026-02-04T08:16:14.178+0000] {logging_mixin.py:188} INFO - Downloaded TSLA/1770190508.json
[2026-02-04T08:16:14.202+0000] {logging_mixin.py:188} INFO - Downloaded TSLA/1770190518.json
[2026-02-04T08:16:14.226+0000] {logging_mixin.py:188} INFO - Downloaded TSLA/1770190529.json
[2026-02-04T08:16:14.248+0000] {logging_mixin.py:188} INFO - Downloaded TSLA/1770190539.json
[2026-02-04T08:16:14.273+0000] {logging_mixin.py:188} INFO - Downloaded TSLA/1770190550.json
[2026-02-04T08:16:14.296+0000] {logging_mixin.py:188} INFO - Downloaded TSLA/1770190560.json
[2026-02-04T08:16:14.318+0000] {logging_mixin.py:188} INFO - Downloaded TSLA/1770190571.json
[2026-02-04T08:16:14.341+0000] {logging_mixin.py:188} INFO - Downloaded TSLA/1770190581.json
[2026-02-04T08:16:14.361+0000] {logging_mixin.py:188} INFO - Downloaded TSLA/1770190592.json
[2026-02-04T08:16:14.380+0000] {logging_mixin.py:188} INFO - Downloaded TSLA/1770190602.json
[2026-02-04T08:16:14.399+0000] {logging_mixin.py:188} INFO - Downloaded TSLA/1770190613.json
[2026-02-04T08:16:14.424+0000] {logging_mixin.py:188} INFO - Downloaded TSLA/1770190623.json
[2026-02-04T08:16:14.445+0000] {logging_mixin.py:188} INFO - Downloaded TSLA/1770190633.json
[2026-02-04T08:16:14.472+0000] {logging_mixin.py:188} INFO - Downloaded TSLA/1770190644.json
[2026-02-04T08:16:14.509+0000] {logging_mixin.py:188} INFO - Downloaded TSLA/1770190654.json
[2026-02-04T08:16:14.540+0000] {logging_mixin.py:188} INFO - Downloaded TSLA/1770190664.json
[2026-02-04T08:16:14.561+0000] {logging_mixin.py:188} INFO - Downloaded TSLA/1770190675.json
[2026-02-04T08:16:14.582+0000] {logging_mixin.py:188} INFO - Downloaded TSLA/1770190685.json
[2026-02-04T08:16:14.600+0000] {logging_mixin.py:188} INFO - Downloaded TSLA/1770190696.json
[2026-02-04T08:16:14.620+0000] {logging_mixin.py:188} INFO - Downloaded TSLA/1770190706.json
[2026-02-04T08:16:14.638+0000] {logging_mixin.py:188} INFO - Downloaded TSLA/1770190717.json
[2026-02-04T08:16:14.656+0000] {logging_mixin.py:188} INFO - Downloaded TSLA/1770190727.json
[2026-02-04T08:16:14.676+0000] {logging_mixin.py:188} INFO - Downloaded TSLA/1770190738.json
[2026-02-04T08:16:14.696+0000] {logging_mixin.py:188} INFO - Downloaded TSLA/1770190748.json
[2026-02-04T08:16:14.715+0000] {logging_mixin.py:188} INFO - Downloaded TSLA/1770190759.json
[2026-02-04T08:16:14.734+0000] {logging_mixin.py:188} INFO - Downloaded TSLA/1770190769.json
[2026-02-04T08:16:14.755+0000] {logging_mixin.py:188} INFO - Downloaded TSLA/1770190779.json
[2026-02-04T08:16:14.777+0000] {logging_mixin.py:188} INFO - Downloaded TSLA/1770190790.json
[2026-02-04T08:16:14.800+0000] {logging_mixin.py:188} INFO - Downloaded TSLA/1770190801.json
[2026-02-04T08:16:14.824+0000] {logging_mixin.py:188} INFO - Downloaded TSLA/1770190812.json
[2026-02-04T08:16:14.844+0000] {logging_mixin.py:188} INFO - Downloaded TSLA/1770190822.json
[2026-02-04T08:16:14.864+0000] {logging_mixin.py:188} INFO - Downloaded TSLA/1770190833.json
[2026-02-04T08:16:14.884+0000] {logging_mixin.py:188} INFO - Downloaded TSLA/1770190843.json
[2026-02-04T08:16:14.904+0000] {logging_mixin.py:188} INFO - Downloaded TSLA/1770190854.json
[2026-02-04T08:16:14.925+0000] {logging_mixin.py:188} INFO - Downloaded TSLA/1770190864.json
[2026-02-04T08:16:14.944+0000] {logging_mixin.py:188} INFO - Downloaded TSLA/1770190875.json
[2026-02-04T08:16:14.966+0000] {logging_mixin.py:188} INFO - Downloaded TSLA/1770190886.json
[2026-02-04T08:16:14.990+0000] {logging_mixin.py:188} INFO - Downloaded TSLA/1770190898.json
[2026-02-04T08:16:15.013+0000] {logging_mixin.py:188} INFO - Downloaded TSLA/1770190910.json
[2026-02-04T08:16:15.040+0000] {logging_mixin.py:188} INFO - Downloaded TSLA/1770190921.json
[2026-02-04T08:16:15.078+0000] {logging_mixin.py:188} INFO - Downloaded TSLA/1770190931.json
[2026-02-04T08:16:15.108+0000] {logging_mixin.py:188} INFO - Downloaded TSLA/1770190942.json
[2026-02-04T08:16:15.138+0000] {logging_mixin.py:188} INFO - Downloaded TSLA/1770190953.json
[2026-02-04T08:16:15.164+0000] {logging_mixin.py:188} INFO - Downloaded TSLA/1770190964.json
[2026-02-04T08:16:15.188+0000] {logging_mixin.py:188} INFO - Downloaded TSLA/1770190974.json
[2026-02-04T08:16:15.215+0000] {logging_mixin.py:188} INFO - Downloaded TSLA/1770190985.json
[2026-02-04T08:16:15.237+0000] {logging_mixin.py:188} INFO - Downloaded TSLA/1770190997.json
[2026-02-04T08:16:15.258+0000] {logging_mixin.py:188} INFO - Downloaded TSLA/1770191008.json
[2026-02-04T08:16:15.281+0000] {logging_mixin.py:188} INFO - Downloaded TSLA/1770191019.json
[2026-02-04T08:16:15.305+0000] {logging_mixin.py:188} INFO - Downloaded TSLA/1770191030.json
[2026-02-04T08:16:15.328+0000] {logging_mixin.py:188} INFO - Downloaded TSLA/1770191041.json
[2026-02-04T08:16:15.366+0000] {logging_mixin.py:188} INFO - Downloaded TSLA/1770191051.json
[2026-02-04T08:16:15.401+0000] {logging_mixin.py:188} INFO - Downloaded TSLA/1770191061.json
[2026-02-04T08:16:15.431+0000] {logging_mixin.py:188} INFO - Downloaded TSLA/1770191072.json
[2026-02-04T08:16:15.459+0000] {logging_mixin.py:188} INFO - Downloaded TSLA/1770191082.json
[2026-02-04T08:16:15.489+0000] {logging_mixin.py:188} INFO - Downloaded TSLA/1770191093.json
[2026-02-04T08:16:15.516+0000] {logging_mixin.py:188} INFO - Downloaded TSLA/1770191103.json
[2026-02-04T08:16:15.543+0000] {logging_mixin.py:188} INFO - Downloaded TSLA/1770191113.json
[2026-02-04T08:16:15.570+0000] {logging_mixin.py:188} INFO - Downloaded TSLA/1770191124.json
[2026-02-04T08:16:15.593+0000] {logging_mixin.py:188} INFO - Downloaded TSLA/1770191135.json
[2026-02-04T08:16:15.616+0000] {logging_mixin.py:188} INFO - Downloaded TSLA/1770191145.json
[2026-02-04T08:16:15.638+0000] {logging_mixin.py:188} INFO - Downloaded TSLA/1770191156.json
[2026-02-04T08:16:15.665+0000] {logging_mixin.py:188} INFO - Downloaded TSLA/1770191166.json
[2026-02-04T08:16:15.701+0000] {logging_mixin.py:188} INFO - Downloaded TSLA/1770191177.json
[2026-02-04T08:16:15.729+0000] {logging_mixin.py:188} INFO - Downloaded TSLA/1770191188.json
[2026-02-04T08:16:15.754+0000] {logging_mixin.py:188} INFO - Downloaded TSLA/1770191199.json
[2026-02-04T08:16:15.784+0000] {logging_mixin.py:188} INFO - Downloaded TSLA/1770191209.json
[2026-02-04T08:16:15.815+0000] {logging_mixin.py:188} INFO - Downloaded TSLA/1770191220.json
[2026-02-04T08:16:15.862+0000] {logging_mixin.py:188} INFO - Downloaded TSLA/1770191231.json
[2026-02-04T08:16:15.896+0000] {logging_mixin.py:188} INFO - Downloaded TSLA/1770191242.json
[2026-02-04T08:16:15.934+0000] {logging_mixin.py:188} INFO - Downloaded TSLA/1770191252.json
[2026-02-04T08:16:15.969+0000] {logging_mixin.py:188} INFO - Downloaded TSLA/1770191263.json
[2026-02-04T08:16:16.010+0000] {logging_mixin.py:188} INFO - Downloaded TSLA/1770191274.json
[2026-02-04T08:16:16.042+0000] {logging_mixin.py:188} INFO - Downloaded TSLA/1770191284.json
[2026-02-04T08:16:16.045+0000] {python.py:237} INFO - Done. Returned value was: ['/opt/***/data/minio/1770190211.json', '/opt/***/data/minio/1770190221.json', '/opt/***/data/minio/1770190233.json', '/opt/***/data/minio/1770190244.json', '/opt/***/data/minio/1770190256.json', '/opt/***/data/minio/1770190268.json', '/opt/***/data/minio/1770190278.json', '/opt/***/data/minio/1770190289.json', '/opt/***/data/minio/1770190300.json', '/opt/***/data/minio/1770190310.json', '/opt/***/data/minio/1770190323.json', '/opt/***/data/minio/1770190333.json', '/opt/***/data/minio/1770190344.json', '/opt/***/data/minio/1770190356.json', '/opt/***/data/minio/1770190368.json', '/opt/***/data/minio/1770190378.json', '/opt/***/data/minio/1770190388.json', '/opt/***/data/minio/1770190399.json', '/opt/***/data/minio/1770190410.json', '/opt/***/data/minio/1770190421.json', '/opt/***/data/minio/1770190432.json', '/opt/***/data/minio/1770190442.json', '/opt/***/data/minio/1770190453.json', '/opt/***/data/minio/1770190463.json', '/opt/***/data/minio/1770190474.json', '/opt/***/data/minio/1770190485.json', '/opt/***/data/minio/1770190495.json', '/opt/***/data/minio/1770190506.json', '/opt/***/data/minio/1770190516.json', '/opt/***/data/minio/1770190527.json', '/opt/***/data/minio/1770190537.json', '/opt/***/data/minio/1770190548.json', '/opt/***/data/minio/1770190559.json', '/opt/***/data/minio/1770190569.json', '/opt/***/data/minio/1770190580.json', '/opt/***/data/minio/1770190590.json', '/opt/***/data/minio/1770190600.json', '/opt/***/data/minio/1770190611.json', '/opt/***/data/minio/1770190621.json', '/opt/***/data/minio/1770190632.json', '/opt/***/data/minio/1770190642.json', '/opt/***/data/minio/1770190652.json', '/opt/***/data/minio/1770190663.json', '/opt/***/data/minio/1770190673.json', '/opt/***/data/minio/1770190683.json', '/opt/***/data/minio/1770190694.json', '/opt/***/data/minio/1770190704.json', '/opt/***/data/minio/1770190715.json', '/opt/***/data/minio/1770190725.json', '/opt/***/data/minio/1770190736.json', '/opt/***/data/minio/1770190746.json', '/opt/***/data/minio/1770190757.json', '/opt/***/data/minio/1770190767.json', '/opt/***/data/minio/1770190778.json', '/opt/***/data/minio/1770190788.json', '/opt/***/data/minio/1770190799.json', '/opt/***/data/minio/1770190810.json', '/opt/***/data/minio/1770190820.json', '/opt/***/data/minio/1770190831.json', '/opt/***/data/minio/1770190842.json', '/opt/***/data/minio/1770190852.json', '/opt/***/data/minio/1770190863.json', '/opt/***/data/minio/1770190873.json', '/opt/***/data/minio/1770190884.json', '/opt/***/data/minio/1770190895.json', '/opt/***/data/minio/1770190908.json', '/opt/***/data/minio/1770190919.json', '/opt/***/data/minio/1770190929.json', '/opt/***/data/minio/1770190940.json', '/opt/***/data/minio/1770190951.json', '/opt/***/data/minio/1770190962.json', '/opt/***/data/minio/1770190972.json', '/opt/***/data/minio/1770190983.json', '/opt/***/data/minio/1770190995.json', '/opt/***/data/minio/1770191006.json', '/opt/***/data/minio/1770191017.json', '/opt/***/data/minio/1770191028.json', '/opt/***/data/minio/1770191039.json', '/opt/***/data/minio/1770191049.json', '/opt/***/data/minio/1770191060.json', '/opt/***/data/minio/1770191070.json', '/opt/***/data/minio/1770191081.json', '/opt/***/data/minio/1770191091.json', '/opt/***/data/minio/1770191101.json', '/opt/***/data/minio/1770191111.json', '/opt/***/data/minio/1770191122.json', '/opt/***/data/minio/1770191133.json', '/opt/***/data/minio/1770191144.json', '/opt/***/data/minio/1770191154.json', '/opt/***/data/minio/1770191165.json', '/opt/***/data/minio/1770191175.json', '/opt/***/data/minio/1770191186.json', '/opt/***/data/minio/1770191197.json', '/opt/***/data/minio/1770191207.json', '/opt/***/data/minio/1770191218.json', '/opt/***/data/minio/1770191229.json', '/opt/***/data/minio/1770191240.json', '/opt/***/data/minio/1770191251.json', '/opt/***/data/minio/1770191261.json', '/opt/***/data/minio/1770191272.json', '/opt/***/data/minio/1770191283.json', '/opt/***/data/minio/1770191293.json', '/opt/***/data/minio/1770190215.json', '/opt/***/data/minio/1770190226.json', '/opt/***/data/minio/1770190237.json', '/opt/***/data/minio/1770190249.json', '/opt/***/data/minio/1770190261.json', '/opt/***/data/minio/1770190271.json', '/opt/***/data/minio/1770190282.json', '/opt/***/data/minio/1770190293.json', '/opt/***/data/minio/1770190303.json', '/opt/***/data/minio/1770190316.json', '/opt/***/data/minio/1770190326.json', '/opt/***/data/minio/1770190337.json', '/opt/***/data/minio/1770190348.json', '/opt/***/data/minio/1770190360.json', '/opt/***/data/minio/1770190371.json', '/opt/***/data/minio/1770190381.json', '/opt/***/data/minio/1770190392.json', '/opt/***/data/minio/1770190403.json', '/opt/***/data/minio/1770190414.json', '/opt/***/data/minio/1770190425.json', '/opt/***/data/minio/1770190435.json', '/opt/***/data/minio/1770190446.json', '/opt/***/data/minio/1770190456.json', '/opt/***/data/minio/1770190467.json', '/opt/***/data/minio/1770190477.json', '/opt/***/data/minio/1770190488.json', '/opt/***/data/minio/1770190499.json', '/opt/***/data/minio/1770190509.json', '/opt/***/data/minio/1770190520.json', '/opt/***/data/minio/1770190531.json', '/opt/***/data/minio/1770190541.json', '/opt/***/data/minio/1770190552.json', '/opt/***/data/minio/1770190562.json', '/opt/***/data/minio/1770190573.json', '/opt/***/data/minio/1770190583.json', '/opt/***/data/minio/1770190593.json', '/opt/***/data/minio/1770190604.json', '/opt/***/data/minio/1770190615.json', '/opt/***/data/minio/1770190625.json', '/opt/***/data/minio/1770190635.json', '/opt/***/data/minio/1770190645.json', '/opt/***/data/minio/1770190656.json', '/opt/***/data/minio/1770190666.json', '/opt/***/data/minio/1770190677.json', '/opt/***/data/minio/1770190687.json', '/opt/***/data/minio/1770190697.json', '/opt/***/data/minio/1770190708.json', '/opt/***/data/minio/1770190718.json', '/opt/***/data/minio/1770190729.json', '/opt/***/data/minio/1770190739.json', '/opt/***/data/minio/1770190750.json', '/opt/***/data/minio/1770190760.json', '/opt/***/data/minio/1770190771.json', '/opt/***/data/minio/1770190781.json', '/opt/***/data/minio/1770190792.json', '/opt/***/data/minio/1770190803.json', '/opt/***/data/minio/1770190813.json', '/opt/***/data/minio/1770190824.json', '/opt/***/data/minio/1770190835.json', '/opt/***/data/minio/1770190845.json', '/opt/***/data/minio/1770190856.json', '/opt/***/data/minio/1770190866.json', '/opt/***/data/minio/1770190877.json', '/opt/***/data/minio/1770190888.json', '/opt/***/data/minio/1770190901.json', '/opt/***/data/minio/1770190912.json', '/opt/***/data/minio/1770190923.json', '/opt/***/data/minio/1770190933.json', '/opt/***/data/minio/1770190944.json', '/opt/***/data/minio/1770190955.json', '/opt/***/data/minio/1770190965.json', '/opt/***/data/minio/1770190976.json', '/opt/***/data/minio/1770190988.json', '/opt/***/data/minio/1770190999.json', '/opt/***/data/minio/1770191010.json', '/opt/***/data/minio/1770191021.json', '/opt/***/data/minio/1770191032.json', '/opt/***/data/minio/1770191042.json', '/opt/***/data/minio/1770191053.json', '/opt/***/data/minio/1770191063.json', '/opt/***/data/minio/1770191074.json', '/opt/***/data/minio/1770191084.json', '/opt/***/data/minio/1770191094.json', '/opt/***/data/minio/1770191105.json', '/opt/***/data/minio/1770191115.json', '/opt/***/data/minio/1770191126.json', '/opt/***/data/minio/1770191137.json', '/opt/***/data/minio/1770191147.json', '/opt/***/data/minio/1770191158.json', '/opt/***/data/minio/1770191168.json', '/opt/***/data/minio/1770191179.json', '/opt/***/data/minio/1770191190.json', '/opt/***/data/minio/1770191200.json', '/opt/***/data/minio/1770191211.json', '/opt/***/data/minio/1770191222.json', '/opt/***/data/minio/1770191233.json', '/opt/***/data/minio/1770191244.json', '/opt/***/data/minio/1770191254.json', '/opt/***/data/minio/1770191265.json', '/opt/***/data/minio/1770191276.json', '/opt/***/data/minio/1770191286.json', '/opt/***/data/minio/1770190214.json', '/opt/***/data/minio/1770190224.json', '/opt/***/data/minio/1770190236.json', '/opt/***/data/minio/1770190248.json', '/opt/***/data/minio/1770190260.json', '/opt/***/data/minio/1770190270.json', '/opt/***/data/minio/1770190281.json', '/opt/***/data/minio/1770190292.json', '/opt/***/data/minio/1770190302.json', '/opt/***/data/minio/1770190315.json', '/opt/***/data/minio/1770190325.json', '/opt/***/data/minio/1770190336.json', '/opt/***/data/minio/1770190347.json', '/opt/***/data/minio/1770190359.json', '/opt/***/data/minio/1770190370.json', '/opt/***/data/minio/1770190380.json', '/opt/***/data/minio/1770190391.json', '/opt/***/data/minio/1770190402.json', '/opt/***/data/minio/1770190413.json', '/opt/***/data/minio/1770190424.json', '/opt/***/data/minio/1770190434.json', '/opt/***/data/minio/1770190445.json', '/opt/***/data/minio/1770190455.json', '/opt/***/data/minio/1770190466.json', '/opt/***/data/minio/1770190477.json', '/opt/***/data/minio/1770190487.json', '/opt/***/data/minio/1770190498.json', '/opt/***/data/minio/1770190508.json', '/opt/***/data/minio/1770190519.json', '/opt/***/data/minio/1770190529.json', '/opt/***/data/minio/1770190540.json', '/opt/***/data/minio/1770190551.json', '/opt/***/data/minio/1770190561.json', '/opt/***/data/minio/1770190572.json', '/opt/***/data/minio/1770190582.json', '/opt/***/data/minio/1770190592.json', '/opt/***/data/minio/1770190603.json', '/opt/***/data/minio/1770190614.json', '/opt/***/data/minio/1770190624.json', '/opt/***/data/minio/1770190634.json', '/opt/***/data/minio/1770190645.json', '/opt/***/data/minio/1770190655.json', '/opt/***/data/minio/1770190665.json', '/opt/***/data/minio/1770190676.json', '/opt/***/data/minio/1770190686.json', '/opt/***/data/minio/1770190697.json', '/opt/***/data/minio/1770190707.json', '/opt/***/data/minio/1770190718.json', '/opt/***/data/minio/1770190728.json', '/opt/***/data/minio/1770190738.json', '/opt/***/data/minio/1770190749.json', '/opt/***/data/minio/1770190760.json', '/opt/***/data/minio/1770190770.json', '/opt/***/data/minio/1770190780.json', '/opt/***/data/minio/1770190791.json', '/opt/***/data/minio/1770190802.json', '/opt/***/data/minio/1770190813.json', '/opt/***/data/minio/1770190823.json', '/opt/***/data/minio/1770190834.json', '/opt/***/data/minio/1770190844.json', '/opt/***/data/minio/1770190855.json', '/opt/***/data/minio/1770190865.json', '/opt/***/data/minio/1770190876.json', '/opt/***/data/minio/1770190887.json', '/opt/***/data/minio/1770190899.json', '/opt/***/data/minio/1770190911.json', '/opt/***/data/minio/1770190922.json', '/opt/***/data/minio/1770190932.json', '/opt/***/data/minio/1770190943.json', '/opt/***/data/minio/1770190954.json', '/opt/***/data/minio/1770190965.json', '/opt/***/data/minio/1770190975.json', '/opt/***/data/minio/1770190987.json', '/opt/***/data/minio/1770190998.json', '/opt/***/data/minio/1770191009.json', '/opt/***/data/minio/1770191020.json', '/opt/***/data/minio/1770191031.json', '/opt/***/data/minio/1770191041.json', '/opt/***/data/minio/1770191052.json', '/opt/***/data/minio/1770191062.json', '/opt/***/data/minio/1770191073.json', '/opt/***/data/minio/1770191083.json', '/opt/***/data/minio/1770191094.json', '/opt/***/data/minio/1770191104.json', '/opt/***/data/minio/1770191114.json', '/opt/***/data/minio/1770191125.json', '/opt/***/data/minio/1770191136.json', '/opt/***/data/minio/1770191146.json', '/opt/***/data/minio/1770191157.json', '/opt/***/data/minio/1770191167.json', '/opt/***/data/minio/1770191178.json', '/opt/***/data/minio/1770191189.json', '/opt/***/data/minio/1770191200.json', '/opt/***/data/minio/1770191210.json', '/opt/***/data/minio/1770191221.json', '/opt/***/data/minio/1770191232.json', '/opt/***/data/minio/1770191243.json', '/opt/***/data/minio/1770191253.json', '/opt/***/data/minio/1770191264.json', '/opt/***/data/minio/1770191275.json', '/opt/***/data/minio/1770191285.json', '/opt/***/data/minio/1770190212.json', '/opt/***/data/minio/1770190222.json', '/opt/***/data/minio/1770190234.json', '/opt/***/data/minio/1770190246.json', '/opt/***/data/minio/1770190257.json', '/opt/***/data/minio/1770190268.json', '/opt/***/data/minio/1770190279.json', '/opt/***/data/minio/1770190290.json', '/opt/***/data/minio/1770190301.json', '/opt/***/data/minio/1770190311.json', '/opt/***/data/minio/1770190324.json', '/opt/***/data/minio/1770190334.json', '/opt/***/data/minio/1770190345.json', '/opt/***/data/minio/1770190357.json', '/opt/***/data/minio/1770190368.json', '/opt/***/data/minio/1770190379.json', '/opt/***/data/minio/1770190389.json', '/opt/***/data/minio/1770190400.json', '/opt/***/data/minio/1770190411.json', '/opt/***/data/minio/1770190422.json', '/opt/***/data/minio/1770190433.json', '/opt/***/data/minio/1770190443.json', '/opt/***/data/minio/1770190454.json', '/opt/***/data/minio/1770190464.json', '/opt/***/data/minio/1770190475.json', '/opt/***/data/minio/1770190486.json', '/opt/***/data/minio/1770190496.json', '/opt/***/data/minio/1770190507.json', '/opt/***/data/minio/1770190517.json', '/opt/***/data/minio/1770190528.json', '/opt/***/data/minio/1770190538.json', '/opt/***/data/minio/1770190549.json', '/opt/***/data/minio/1770190559.json', '/opt/***/data/minio/1770190570.json', '/opt/***/data/minio/1770190580.json', '/opt/***/data/minio/1770190591.json', '/opt/***/data/minio/1770190601.json', '/opt/***/data/minio/1770190612.json', '/opt/***/data/minio/1770190622.json', '/opt/***/data/minio/1770190632.json', '/opt/***/data/minio/1770190643.json', '/opt/***/data/minio/1770190653.json', '/opt/***/data/minio/1770190663.json', '/opt/***/data/minio/1770190674.json', '/opt/***/data/minio/1770190684.json', '/opt/***/data/minio/1770190695.json', '/opt/***/data/minio/1770190705.json', '/opt/***/data/minio/1770190716.json', '/opt/***/data/minio/1770190726.json', '/opt/***/data/minio/1770190737.json', '/opt/***/data/minio/1770190747.json', '/opt/***/data/minio/1770190758.json', '/opt/***/data/minio/1770190768.json', '/opt/***/data/minio/1770190779.json', '/opt/***/data/minio/1770190789.json', '/opt/***/data/minio/1770190800.json', '/opt/***/data/minio/1770190811.json', '/opt/***/data/minio/1770190821.json', '/opt/***/data/minio/1770190832.json', '/opt/***/data/minio/1770190842.json', '/opt/***/data/minio/1770190853.json', '/opt/***/data/minio/1770190863.json', '/opt/***/data/minio/1770190874.json', '/opt/***/data/minio/1770190885.json', '/opt/***/data/minio/1770190896.json', '/opt/***/data/minio/1770190909.json', '/opt/***/data/minio/1770190920.json', '/opt/***/data/minio/1770190930.json', '/opt/***/data/minio/1770190941.json', '/opt/***/data/minio/1770190952.json', '/opt/***/data/minio/1770190963.json', '/opt/***/data/minio/1770190973.json', '/opt/***/data/minio/1770190984.json', '/opt/***/data/minio/1770190996.json', '/opt/***/data/minio/1770191007.json', '/opt/***/data/minio/1770191018.json', '/opt/***/data/minio/1770191029.json', '/opt/***/data/minio/1770191040.json', '/opt/***/data/minio/1770191050.json', '/opt/***/data/minio/1770191061.json', '/opt/***/data/minio/1770191071.json', '/opt/***/data/minio/1770191081.json', '/opt/***/data/minio/1770191092.json', '/opt/***/data/minio/1770191102.json', '/opt/***/data/minio/1770191112.json', '/opt/***/data/minio/1770191123.json', '/opt/***/data/minio/1770191134.json', '/opt/***/data/minio/1770191145.json', '/opt/***/data/minio/1770191155.json', '/opt/***/data/minio/1770191165.json', '/opt/***/data/minio/1770191176.json', '/opt/***/data/minio/1770191187.json', '/opt/***/data/minio/1770191198.json', '/opt/***/data/minio/1770191209.json', '/opt/***/data/minio/1770191219.json', '/opt/***/data/minio/1770191230.json', '/opt/***/data/minio/1770191241.json', '/opt/***/data/minio/1770191252.json', '/opt/***/data/minio/1770191262.json', '/opt/***/data/minio/1770191273.json', '/opt/***/data/minio/1770191284.json', '/opt/***/data/minio/1770190213.json', '/opt/***/data/minio/1770190223.json', '/opt/***/data/minio/1770190235.json', '/opt/***/data/minio/1770190247.json', '/opt/***/data/minio/1770190259.json', '/opt/***/data/minio/1770190269.json', '/opt/***/data/minio/1770190280.json', '/opt/***/data/minio/1770190291.json', '/opt/***/data/minio/1770190302.json', '/opt/***/data/minio/1770190314.json', '/opt/***/data/minio/1770190325.json', '/opt/***/data/minio/1770190335.json', '/opt/***/data/minio/1770190346.json', '/opt/***/data/minio/1770190358.json', '/opt/***/data/minio/1770190369.json', '/opt/***/data/minio/1770190380.json', '/opt/***/data/minio/1770190390.json', '/opt/***/data/minio/1770190401.json', '/opt/***/data/minio/1770190412.json', '/opt/***/data/minio/1770190423.json', '/opt/***/data/minio/1770190433.json', '/opt/***/data/minio/1770190444.json', '/opt/***/data/minio/1770190455.json', '/opt/***/data/minio/1770190465.json', '/opt/***/data/minio/1770190476.json', '/opt/***/data/minio/1770190486.json', '/opt/***/data/minio/1770190497.json', '/opt/***/data/minio/1770190508.json', '/opt/***/data/minio/1770190518.json', '/opt/***/data/minio/1770190529.json', '/opt/***/data/minio/1770190539.json', '/opt/***/data/minio/1770190550.json', '/opt/***/data/minio/1770190560.json', '/opt/***/data/minio/1770190571.json', '/opt/***/data/minio/1770190581.json', '/opt/***/data/minio/1770190592.json', '/opt/***/data/minio/1770190602.json', '/opt/***/data/minio/1770190613.json', '/opt/***/data/minio/1770190623.json', '/opt/***/data/minio/1770190633.json', '/opt/***/data/minio/1770190644.json', '/opt/***/data/minio/1770190654.json', '/opt/***/data/minio/1770190664.json', '/opt/***/data/minio/1770190675.json', '/opt/***/data/minio/1770190685.json', '/opt/***/data/minio/1770190696.json', '/opt/***/data/minio/1770190706.json', '/opt/***/data/minio/1770190717.json', '/opt/***/data/minio/1770190727.json', '/opt/***/data/minio/1770190738.json', '/opt/***/data/minio/1770190748.json', '/opt/***/data/minio/1770190759.json', '/opt/***/data/minio/1770190769.json', '/opt/***/data/minio/1770190779.json', '/opt/***/data/minio/1770190790.json', '/opt/***/data/minio/1770190801.json', '/opt/***/data/minio/1770190812.json', '/opt/***/data/minio/1770190822.json', '/opt/***/data/minio/1770190833.json', '/opt/***/data/minio/1770190843.json', '/opt/***/data/minio/1770190854.json', '/opt/***/data/minio/1770190864.json', '/opt/***/data/minio/1770190875.json', '/opt/***/data/minio/1770190886.json', '/opt/***/data/minio/1770190898.json', '/opt/***/data/minio/1770190910.json', '/opt/***/data/minio/1770190921.json', '/opt/***/data/minio/1770190931.json', '/opt/***/data/minio/1770190942.json', '/opt/***/data/minio/1770190953.json', '/opt/***/data/minio/1770190964.json', '/opt/***/data/minio/1770190974.json', '/opt/***/data/minio/1770190985.json', '/opt/***/data/minio/1770190997.json', '/opt/***/data/minio/1770191008.json', '/opt/***/data/minio/1770191019.json', '/opt/***/data/minio/1770191030.json', '/opt/***/data/minio/1770191041.json', '/opt/***/data/minio/1770191051.json', '/opt/***/data/minio/1770191061.json', '/opt/***/data/minio/1770191072.json', '/opt/***/data/minio/1770191082.json', '/opt/***/data/minio/1770191093.json', '/opt/***/data/minio/1770191103.json', '/opt/***/data/minio/1770191113.json', '/opt/***/data/minio/1770191124.json', '/opt/***/data/minio/1770191135.json', '/opt/***/data/minio/1770191145.json', '/opt/***/data/minio/1770191156.json', '/opt/***/data/minio/1770191166.json', '/opt/***/data/minio/1770191177.json', '/opt/***/data/minio/1770191188.json', '/opt/***/data/minio/1770191199.json', '/opt/***/data/minio/1770191209.json', '/opt/***/data/minio/1770191220.json', '/opt/***/data/minio/1770191231.json', '/opt/***/data/minio/1770191242.json', '/opt/***/data/minio/1770191252.json', '/opt/***/data/minio/1770191263.json', '/opt/***/data/minio/1770191274.json', '/opt/***/data/minio/1770191284.json']
[2026-02-04T08:16:16.062+0000] {taskinstance.py:441} INFO - ::group::Post task execution logs
[2026-02-04T08:16:16.171+0000] {taskinstance.py:1206} INFO - Marking task as SUCCESS. dag_id=minio_to_snowflake, task_id=download_minio, run_id=scheduled__2026-02-04T08:15:00+00:00, execution_date=20260204T081500, start_date=20260204T081602, end_date=20260204T081616
[2026-02-04T08:16:16.276+0000] {local_task_job_runner.py:243} INFO - Task exited with return code 0
[2026-02-04T08:16:16.334+0000] {taskinstance.py:3503} INFO - 1 downstream tasks scheduled from follow-on schedule check
[2026-02-04T08:16:16.340+0000] {local_task_job_runner.py:222} INFO - ::endgroup::
