[2026-02-11T09:11:57.932+0000] {local_task_job_runner.py:120} INFO - ::group::Pre task execution logs
[2026-02-11T09:11:57.976+0000] {taskinstance.py:2076} INFO - Dependencies all met for dep_context=non-requeueable deps ti=<TaskInstance: minio_to_snowflake.download_minio scheduled__2026-02-11T09:05:00+00:00 [queued]>
[2026-02-11T09:11:57.985+0000] {taskinstance.py:2076} INFO - Dependencies all met for dep_context=requeueable deps ti=<TaskInstance: minio_to_snowflake.download_minio scheduled__2026-02-11T09:05:00+00:00 [queued]>
[2026-02-11T09:11:57.987+0000] {taskinstance.py:2306} INFO - Starting attempt 2 of 2
[2026-02-11T09:11:58.007+0000] {taskinstance.py:2330} INFO - Executing <Task(PythonOperator): download_minio> on 2026-02-11 09:05:00+00:00
[2026-02-11T09:11:58.024+0000] {logging_mixin.py:188} WARNING - /home/***/.local/lib/python3.12/site-packages/***/task/task_runner/standard_task_runner.py:62 DeprecationWarning: This process (pid=2193) is multi-threaded, use of fork() may lead to deadlocks in the child.
[2026-02-11T09:11:58.020+0000] {standard_task_runner.py:90} INFO - Running: ['***', 'tasks', 'run', 'minio_to_snowflake', 'download_minio', 'scheduled__2026-02-11T09:05:00+00:00', '--job-id', '1137', '--raw', '--subdir', 'DAGS_FOLDER/minio_to_snowflake.py', '--cfg-path', '/tmp/tmp5kwp6umm']
[2026-02-11T09:11:58.027+0000] {standard_task_runner.py:64} INFO - Started process 2220 to run task
[2026-02-11T09:11:58.028+0000] {standard_task_runner.py:91} INFO - Job 1137: Subtask download_minio
[2026-02-11T09:11:58.142+0000] {task_command.py:426} INFO - Running <TaskInstance: minio_to_snowflake.download_minio scheduled__2026-02-11T09:05:00+00:00 [running]> on host 6729b10e6876
[2026-02-11T09:11:58.284+0000] {taskinstance.py:2648} INFO - Exporting env vars: AIRFLOW_CTX_DAG_OWNER='***' AIRFLOW_CTX_DAG_ID='minio_to_snowflake' AIRFLOW_CTX_TASK_ID='download_minio' AIRFLOW_CTX_EXECUTION_DATE='2026-02-11T09:05:00+00:00' AIRFLOW_CTX_TRY_NUMBER='2' AIRFLOW_CTX_DAG_RUN_ID='scheduled__2026-02-11T09:05:00+00:00'
[2026-02-11T09:11:58.285+0000] {taskinstance.py:430} INFO - ::endgroup::
[2026-02-11T09:11:58.740+0000] {logging_mixin.py:188} INFO - Downloaded AAPL/1770795801.json
[2026-02-11T09:11:58.750+0000] {logging_mixin.py:188} INFO - Downloaded AAPL/1770795811.json
[2026-02-11T09:11:58.760+0000] {logging_mixin.py:188} INFO - Downloaded AAPL/1770795821.json
[2026-02-11T09:11:58.769+0000] {logging_mixin.py:188} INFO - Downloaded AAPL/1770795832.json
[2026-02-11T09:11:58.779+0000] {logging_mixin.py:188} INFO - Downloaded AAPL/1770795843.json
[2026-02-11T09:11:58.789+0000] {logging_mixin.py:188} INFO - Downloaded AAPL/1770795854.json
[2026-02-11T09:11:58.799+0000] {logging_mixin.py:188} INFO - Downloaded AAPL/1770795864.json
[2026-02-11T09:11:58.809+0000] {logging_mixin.py:188} INFO - Downloaded AAPL/1770795875.json
[2026-02-11T09:11:58.818+0000] {logging_mixin.py:188} INFO - Downloaded AAPL/1770795889.json
[2026-02-11T09:11:58.829+0000] {logging_mixin.py:188} INFO - Downloaded AAPL/1770795899.json
[2026-02-11T09:11:58.841+0000] {logging_mixin.py:188} INFO - Downloaded AAPL/1770795910.json
[2026-02-11T09:11:58.851+0000] {logging_mixin.py:188} INFO - Downloaded AAPL/1770795920.json
[2026-02-11T09:11:58.861+0000] {logging_mixin.py:188} INFO - Downloaded AAPL/1770795931.json
[2026-02-11T09:11:58.871+0000] {logging_mixin.py:188} INFO - Downloaded AAPL/1770795942.json
[2026-02-11T09:11:58.881+0000] {logging_mixin.py:188} INFO - Downloaded AAPL/1770795952.json
[2026-02-11T09:11:58.892+0000] {logging_mixin.py:188} INFO - Downloaded AAPL/1770795962.json
[2026-02-11T09:11:58.904+0000] {logging_mixin.py:188} INFO - Downloaded AAPL/1770795973.json
[2026-02-11T09:11:58.916+0000] {logging_mixin.py:188} INFO - Downloaded AAPL/1770795984.json
[2026-02-11T09:11:58.930+0000] {logging_mixin.py:188} INFO - Downloaded AAPL/1770795995.json
[2026-02-11T09:11:58.941+0000] {logging_mixin.py:188} INFO - Downloaded AAPL/1770796006.json
[2026-02-11T09:11:58.951+0000] {logging_mixin.py:188} INFO - Downloaded AAPL/1770796016.json
[2026-02-11T09:11:58.961+0000] {logging_mixin.py:188} INFO - Downloaded AAPL/1770796027.json
[2026-02-11T09:11:58.972+0000] {logging_mixin.py:188} INFO - Downloaded AAPL/1770796038.json
[2026-02-11T09:11:58.983+0000] {logging_mixin.py:188} INFO - Downloaded AAPL/1770796048.json
[2026-02-11T09:11:58.993+0000] {logging_mixin.py:188} INFO - Downloaded AAPL/1770796059.json
[2026-02-11T09:11:59.003+0000] {logging_mixin.py:188} INFO - Downloaded AAPL/1770796069.json
[2026-02-11T09:11:59.013+0000] {logging_mixin.py:188} INFO - Downloaded AAPL/1770796079.json
[2026-02-11T09:11:59.024+0000] {logging_mixin.py:188} INFO - Downloaded AAPL/1770796091.json
[2026-02-11T09:11:59.035+0000] {logging_mixin.py:188} INFO - Downloaded AAPL/1770796102.json
[2026-02-11T09:11:59.046+0000] {logging_mixin.py:188} INFO - Downloaded AAPL/1770796113.json
[2026-02-11T09:11:59.055+0000] {logging_mixin.py:188} INFO - Downloaded AAPL/1770796123.json
[2026-02-11T09:11:59.065+0000] {logging_mixin.py:188} INFO - Downloaded AAPL/1770796133.json
[2026-02-11T09:11:59.075+0000] {logging_mixin.py:188} INFO - Downloaded AAPL/1770796143.json
[2026-02-11T09:11:59.085+0000] {logging_mixin.py:188} INFO - Downloaded AAPL/1770796156.json
[2026-02-11T09:11:59.095+0000] {logging_mixin.py:188} INFO - Downloaded AAPL/1770796166.json
[2026-02-11T09:11:59.105+0000] {logging_mixin.py:188} INFO - Downloaded AAPL/1770796178.json
[2026-02-11T09:11:59.115+0000] {logging_mixin.py:188} INFO - Downloaded AAPL/1770796188.json
[2026-02-11T09:11:59.125+0000] {logging_mixin.py:188} INFO - Downloaded AAPL/1770796200.json
[2026-02-11T09:11:59.135+0000] {logging_mixin.py:188} INFO - Downloaded AAPL/1770796211.json
[2026-02-11T09:11:59.145+0000] {logging_mixin.py:188} INFO - Downloaded AAPL/1770796222.json
[2026-02-11T09:11:59.157+0000] {logging_mixin.py:188} INFO - Downloaded AAPL/1770796233.json
[2026-02-11T09:11:59.167+0000] {logging_mixin.py:188} INFO - Downloaded AAPL/1770796243.json
[2026-02-11T09:11:59.179+0000] {logging_mixin.py:188} INFO - Downloaded AAPL/1770796253.json
[2026-02-11T09:11:59.189+0000] {logging_mixin.py:188} INFO - Downloaded AAPL/1770796264.json
[2026-02-11T09:11:59.199+0000] {logging_mixin.py:188} INFO - Downloaded AAPL/1770796275.json
[2026-02-11T09:11:59.209+0000] {logging_mixin.py:188} INFO - Downloaded AAPL/1770796286.json
[2026-02-11T09:11:59.219+0000] {logging_mixin.py:188} INFO - Downloaded AAPL/1770796297.json
[2026-02-11T09:11:59.230+0000] {logging_mixin.py:188} INFO - Downloaded AAPL/1770796307.json
[2026-02-11T09:11:59.240+0000] {logging_mixin.py:188} INFO - Downloaded AAPL/1770796318.json
[2026-02-11T09:11:59.250+0000] {logging_mixin.py:188} INFO - Downloaded AAPL/1770796328.json
[2026-02-11T09:11:59.261+0000] {logging_mixin.py:188} INFO - Downloaded AAPL/1770796339.json
[2026-02-11T09:11:59.271+0000] {logging_mixin.py:188} INFO - Downloaded AAPL/1770796350.json
[2026-02-11T09:11:59.282+0000] {logging_mixin.py:188} INFO - Downloaded AAPL/1770796360.json
[2026-02-11T09:11:59.291+0000] {logging_mixin.py:188} INFO - Downloaded AAPL/1770796371.json
[2026-02-11T09:11:59.302+0000] {logging_mixin.py:188} INFO - Downloaded AAPL/1770796381.json
[2026-02-11T09:11:59.314+0000] {logging_mixin.py:188} INFO - Downloaded AAPL/1770796392.json
[2026-02-11T09:11:59.326+0000] {logging_mixin.py:188} INFO - Downloaded AAPL/1770796402.json
[2026-02-11T09:11:59.340+0000] {logging_mixin.py:188} INFO - Downloaded AAPL/1770796413.json
[2026-02-11T09:11:59.353+0000] {logging_mixin.py:188} INFO - Downloaded AAPL/1770796424.json
[2026-02-11T09:11:59.369+0000] {logging_mixin.py:188} INFO - Downloaded AAPL/1770796435.json
[2026-02-11T09:11:59.384+0000] {logging_mixin.py:188} INFO - Downloaded AAPL/1770796446.json
[2026-02-11T09:11:59.397+0000] {logging_mixin.py:188} INFO - Downloaded AAPL/1770796456.json
[2026-02-11T09:11:59.407+0000] {logging_mixin.py:188} INFO - Downloaded AAPL/1770796467.json
[2026-02-11T09:11:59.417+0000] {logging_mixin.py:188} INFO - Downloaded AAPL/1770796478.json
[2026-02-11T09:11:59.426+0000] {logging_mixin.py:188} INFO - Downloaded AAPL/1770796488.json
[2026-02-11T09:11:59.435+0000] {logging_mixin.py:188} INFO - Downloaded AAPL/1770796499.json
[2026-02-11T09:11:59.445+0000] {logging_mixin.py:188} INFO - Downloaded AAPL/1770796510.json
[2026-02-11T09:11:59.456+0000] {logging_mixin.py:188} INFO - Downloaded AAPL/1770796521.json
[2026-02-11T09:11:59.467+0000] {logging_mixin.py:188} INFO - Downloaded AAPL/1770796531.json
[2026-02-11T09:11:59.477+0000] {logging_mixin.py:188} INFO - Downloaded AAPL/1770796541.json
[2026-02-11T09:11:59.486+0000] {logging_mixin.py:188} INFO - Downloaded AAPL/1770796552.json
[2026-02-11T09:11:59.497+0000] {logging_mixin.py:188} INFO - Downloaded AAPL/1770796562.json
[2026-02-11T09:11:59.506+0000] {logging_mixin.py:188} INFO - Downloaded AAPL/1770796573.json
[2026-02-11T09:11:59.516+0000] {logging_mixin.py:188} INFO - Downloaded AAPL/1770796584.json
[2026-02-11T09:11:59.525+0000] {logging_mixin.py:188} INFO - Downloaded AAPL/1770796595.json
[2026-02-11T09:11:59.536+0000] {logging_mixin.py:188} INFO - Downloaded AAPL/1770796606.json
[2026-02-11T09:11:59.548+0000] {logging_mixin.py:188} INFO - Downloaded AAPL/1770796618.json
[2026-02-11T09:11:59.558+0000] {logging_mixin.py:188} INFO - Downloaded AAPL/1770796628.json
[2026-02-11T09:11:59.569+0000] {logging_mixin.py:188} INFO - Downloaded AAPL/1770796640.json
[2026-02-11T09:11:59.582+0000] {logging_mixin.py:188} INFO - Downloaded AAPL/1770796650.json
[2026-02-11T09:11:59.593+0000] {logging_mixin.py:188} INFO - Downloaded AAPL/1770796661.json
[2026-02-11T09:11:59.607+0000] {logging_mixin.py:188} INFO - Downloaded AAPL/1770796672.json
[2026-02-11T09:11:59.620+0000] {logging_mixin.py:188} INFO - Downloaded AAPL/1770796682.json
[2026-02-11T09:11:59.635+0000] {logging_mixin.py:188} INFO - Downloaded AAPL/1770796693.json
[2026-02-11T09:11:59.649+0000] {logging_mixin.py:188} INFO - Downloaded AAPL/1770796703.json
[2026-02-11T09:11:59.666+0000] {logging_mixin.py:188} INFO - Downloaded AAPL/1770796714.json
[2026-02-11T09:11:59.682+0000] {logging_mixin.py:188} INFO - Downloaded AAPL/1770796724.json
[2026-02-11T09:11:59.699+0000] {logging_mixin.py:188} INFO - Downloaded AAPL/1770796735.json
[2026-02-11T09:11:59.713+0000] {logging_mixin.py:188} INFO - Downloaded AAPL/1770796746.json
[2026-02-11T09:11:59.723+0000] {logging_mixin.py:188} INFO - Downloaded AAPL/1770796757.json
[2026-02-11T09:11:59.732+0000] {logging_mixin.py:188} INFO - Downloaded AAPL/1770796768.json
[2026-02-11T09:11:59.748+0000] {logging_mixin.py:188} INFO - Downloaded AAPL/1770796780.json
[2026-02-11T09:11:59.761+0000] {logging_mixin.py:188} INFO - Downloaded AAPL/1770796790.json
[2026-02-11T09:11:59.771+0000] {logging_mixin.py:188} INFO - Downloaded AAPL/1770796801.json
[2026-02-11T09:11:59.782+0000] {logging_mixin.py:188} INFO - Downloaded AAPL/1770796813.json
[2026-02-11T09:11:59.792+0000] {logging_mixin.py:188} INFO - Downloaded AAPL/1770796823.json
[2026-02-11T09:11:59.801+0000] {logging_mixin.py:188} INFO - Downloaded AAPL/1770796834.json
[2026-02-11T09:11:59.810+0000] {logging_mixin.py:188} INFO - Downloaded AAPL/1770796844.json
[2026-02-11T09:11:59.820+0000] {logging_mixin.py:188} INFO - Downloaded AAPL/1770796855.json
[2026-02-11T09:11:59.830+0000] {logging_mixin.py:188} INFO - Downloaded AAPL/1770796866.json
[2026-02-11T09:11:59.843+0000] {logging_mixin.py:188} INFO - Downloaded AAPL/1770796877.json
[2026-02-11T09:11:59.854+0000] {logging_mixin.py:188} INFO - Downloaded AAPL/1770796887.json
[2026-02-11T09:11:59.866+0000] {logging_mixin.py:188} INFO - Downloaded AAPL/1770796898.json
[2026-02-11T09:11:59.876+0000] {logging_mixin.py:188} INFO - Downloaded AAPL/1770796909.json
[2026-02-11T09:11:59.886+0000] {logging_mixin.py:188} INFO - Downloaded AAPL/1770796920.json
[2026-02-11T09:11:59.895+0000] {logging_mixin.py:188} INFO - Downloaded AAPL/1770796930.json
[2026-02-11T09:11:59.905+0000] {logging_mixin.py:188} INFO - Downloaded AAPL/1770796943.json
[2026-02-11T09:11:59.915+0000] {logging_mixin.py:188} INFO - Downloaded AAPL/1770796954.json
[2026-02-11T09:11:59.925+0000] {logging_mixin.py:188} INFO - Downloaded AAPL/1770796965.json
[2026-02-11T09:11:59.934+0000] {logging_mixin.py:188} INFO - Downloaded AAPL/1770796976.json
[2026-02-11T09:11:59.943+0000] {logging_mixin.py:188} INFO - Downloaded AAPL/1770796987.json
[2026-02-11T09:11:59.953+0000] {logging_mixin.py:188} INFO - Downloaded AAPL/1770796998.json
[2026-02-11T09:11:59.963+0000] {logging_mixin.py:188} INFO - Downloaded AAPL/1770797047.json
[2026-02-11T09:11:59.974+0000] {logging_mixin.py:188} INFO - Downloaded AAPL/1770797059.json
[2026-02-11T09:11:59.984+0000] {logging_mixin.py:188} INFO - Downloaded AAPL/1770797069.json
[2026-02-11T09:11:59.994+0000] {logging_mixin.py:188} INFO - Downloaded AAPL/1770797082.json
[2026-02-11T09:12:00.003+0000] {logging_mixin.py:188} INFO - Downloaded AAPL/1770797095.json
[2026-02-11T09:12:00.015+0000] {logging_mixin.py:188} INFO - Downloaded AAPL/1770797106.json
[2026-02-11T09:12:00.026+0000] {logging_mixin.py:188} INFO - Downloaded AAPL/1770797117.json
[2026-02-11T09:12:00.036+0000] {logging_mixin.py:188} INFO - Downloaded AAPL/1770797128.json
[2026-02-11T09:12:00.048+0000] {logging_mixin.py:188} INFO - Downloaded AAPL/1770797139.json
[2026-02-11T09:12:00.058+0000] {logging_mixin.py:188} INFO - Downloaded AAPL/1770797149.json
[2026-02-11T09:12:00.067+0000] {logging_mixin.py:188} INFO - Downloaded AAPL/1770797159.json
[2026-02-11T09:12:00.077+0000] {logging_mixin.py:188} INFO - Downloaded AAPL/1770797171.json
[2026-02-11T09:12:00.088+0000] {logging_mixin.py:188} INFO - Downloaded AMZN/1770795804.json
[2026-02-11T09:12:00.097+0000] {logging_mixin.py:188} INFO - Downloaded AMZN/1770795815.json
[2026-02-11T09:12:00.107+0000] {logging_mixin.py:188} INFO - Downloaded AMZN/1770795825.json
[2026-02-11T09:12:00.116+0000] {logging_mixin.py:188} INFO - Downloaded AMZN/1770795836.json
[2026-02-11T09:12:00.125+0000] {logging_mixin.py:188} INFO - Downloaded AMZN/1770795847.json
[2026-02-11T09:12:00.134+0000] {logging_mixin.py:188} INFO - Downloaded AMZN/1770795857.json
[2026-02-11T09:12:00.146+0000] {logging_mixin.py:188} INFO - Downloaded AMZN/1770795868.json
[2026-02-11T09:12:00.157+0000] {logging_mixin.py:188} INFO - Downloaded AMZN/1770795882.json
[2026-02-11T09:12:00.166+0000] {logging_mixin.py:188} INFO - Downloaded AMZN/1770795892.json
[2026-02-11T09:12:00.176+0000] {logging_mixin.py:188} INFO - Downloaded AMZN/1770795903.json
[2026-02-11T09:12:00.187+0000] {logging_mixin.py:188} INFO - Downloaded AMZN/1770795913.json
[2026-02-11T09:12:00.196+0000] {logging_mixin.py:188} INFO - Downloaded AMZN/1770795924.json
[2026-02-11T09:12:00.207+0000] {logging_mixin.py:188} INFO - Downloaded AMZN/1770795935.json
[2026-02-11T09:12:00.218+0000] {logging_mixin.py:188} INFO - Downloaded AMZN/1770795945.json
[2026-02-11T09:12:00.228+0000] {logging_mixin.py:188} INFO - Downloaded AMZN/1770795955.json
[2026-02-11T09:12:00.238+0000] {logging_mixin.py:188} INFO - Downloaded AMZN/1770795966.json
[2026-02-11T09:12:00.249+0000] {logging_mixin.py:188} INFO - Downloaded AMZN/1770795977.json
[2026-02-11T09:12:00.258+0000] {logging_mixin.py:188} INFO - Downloaded AMZN/1770795988.json
[2026-02-11T09:12:00.267+0000] {logging_mixin.py:188} INFO - Downloaded AMZN/1770795999.json
[2026-02-11T09:12:00.277+0000] {logging_mixin.py:188} INFO - Downloaded AMZN/1770796009.json
[2026-02-11T09:12:00.287+0000] {logging_mixin.py:188} INFO - Downloaded AMZN/1770796020.json
[2026-02-11T09:12:00.296+0000] {logging_mixin.py:188} INFO - Downloaded AMZN/1770796031.json
[2026-02-11T09:12:00.306+0000] {logging_mixin.py:188} INFO - Downloaded AMZN/1770796041.json
[2026-02-11T09:12:00.316+0000] {logging_mixin.py:188} INFO - Downloaded AMZN/1770796052.json
[2026-02-11T09:12:00.330+0000] {logging_mixin.py:188} INFO - Downloaded AMZN/1770796062.json
[2026-02-11T09:12:00.341+0000] {logging_mixin.py:188} INFO - Downloaded AMZN/1770796072.json
[2026-02-11T09:12:00.351+0000] {logging_mixin.py:188} INFO - Downloaded AMZN/1770796084.json
[2026-02-11T09:12:00.361+0000] {logging_mixin.py:188} INFO - Downloaded AMZN/1770796095.json
[2026-02-11T09:12:00.371+0000] {logging_mixin.py:188} INFO - Downloaded AMZN/1770796106.json
[2026-02-11T09:12:00.382+0000] {logging_mixin.py:188} INFO - Downloaded AMZN/1770796116.json
[2026-02-11T09:12:00.398+0000] {logging_mixin.py:188} INFO - Downloaded AMZN/1770796126.json
[2026-02-11T09:12:00.409+0000] {logging_mixin.py:188} INFO - Downloaded AMZN/1770796136.json
[2026-02-11T09:12:00.421+0000] {logging_mixin.py:188} INFO - Downloaded AMZN/1770796149.json
[2026-02-11T09:12:00.432+0000] {logging_mixin.py:188} INFO - Downloaded AMZN/1770796159.json
[2026-02-11T09:12:00.443+0000] {logging_mixin.py:188} INFO - Downloaded AMZN/1770796171.json
[2026-02-11T09:12:00.458+0000] {logging_mixin.py:188} INFO - Downloaded AMZN/1770796181.json
[2026-02-11T09:12:00.475+0000] {logging_mixin.py:188} INFO - Downloaded AMZN/1770796192.json
[2026-02-11T09:12:00.494+0000] {logging_mixin.py:188} INFO - Downloaded AMZN/1770796204.json
[2026-02-11T09:12:00.511+0000] {logging_mixin.py:188} INFO - Downloaded AMZN/1770796215.json
[2026-02-11T09:12:00.524+0000] {logging_mixin.py:188} INFO - Downloaded AMZN/1770796226.json
[2026-02-11T09:12:00.533+0000] {logging_mixin.py:188} INFO - Downloaded AMZN/1770796236.json
[2026-02-11T09:12:00.544+0000] {logging_mixin.py:188} INFO - Downloaded AMZN/1770796247.json
[2026-02-11T09:12:00.555+0000] {logging_mixin.py:188} INFO - Downloaded AMZN/1770796257.json
[2026-02-11T09:12:00.565+0000] {logging_mixin.py:188} INFO - Downloaded AMZN/1770796268.json
[2026-02-11T09:12:00.575+0000] {logging_mixin.py:188} INFO - Downloaded AMZN/1770796279.json
[2026-02-11T09:12:00.585+0000] {logging_mixin.py:188} INFO - Downloaded AMZN/1770796290.json
[2026-02-11T09:12:00.595+0000] {logging_mixin.py:188} INFO - Downloaded AMZN/1770796300.json
[2026-02-11T09:12:00.606+0000] {logging_mixin.py:188} INFO - Downloaded AMZN/1770796311.json
[2026-02-11T09:12:00.617+0000] {logging_mixin.py:188} INFO - Downloaded AMZN/1770796321.json
[2026-02-11T09:12:00.629+0000] {logging_mixin.py:188} INFO - Downloaded AMZN/1770796332.json
[2026-02-11T09:12:00.640+0000] {logging_mixin.py:188} INFO - Downloaded AMZN/1770796343.json
[2026-02-11T09:12:00.650+0000] {logging_mixin.py:188} INFO - Downloaded AMZN/1770796353.json
[2026-02-11T09:12:00.662+0000] {logging_mixin.py:188} INFO - Downloaded AMZN/1770796364.json
[2026-02-11T09:12:00.676+0000] {logging_mixin.py:188} INFO - Downloaded AMZN/1770796375.json
[2026-02-11T09:12:00.686+0000] {logging_mixin.py:188} INFO - Downloaded AMZN/1770796385.json
[2026-02-11T09:12:00.697+0000] {logging_mixin.py:188} INFO - Downloaded AMZN/1770796396.json
[2026-02-11T09:12:00.710+0000] {logging_mixin.py:188} INFO - Downloaded AMZN/1770796406.json
[2026-02-11T09:12:00.720+0000] {logging_mixin.py:188} INFO - Downloaded AMZN/1770796417.json
[2026-02-11T09:12:00.731+0000] {logging_mixin.py:188} INFO - Downloaded AMZN/1770796428.json
[2026-02-11T09:12:00.742+0000] {logging_mixin.py:188} INFO - Downloaded AMZN/1770796438.json
[2026-02-11T09:12:00.761+0000] {logging_mixin.py:188} INFO - Downloaded AMZN/1770796450.json
[2026-02-11T09:12:00.772+0000] {logging_mixin.py:188} INFO - Downloaded AMZN/1770796460.json
[2026-02-11T09:12:00.783+0000] {logging_mixin.py:188} INFO - Downloaded AMZN/1770796471.json
[2026-02-11T09:12:00.794+0000] {logging_mixin.py:188} INFO - Downloaded AMZN/1770796481.json
[2026-02-11T09:12:00.805+0000] {logging_mixin.py:188} INFO - Downloaded AMZN/1770796492.json
[2026-02-11T09:12:00.814+0000] {logging_mixin.py:188} INFO - Downloaded AMZN/1770796503.json
[2026-02-11T09:12:00.825+0000] {logging_mixin.py:188} INFO - Downloaded AMZN/1770796514.json
[2026-02-11T09:12:00.837+0000] {logging_mixin.py:188} INFO - Downloaded AMZN/1770796524.json
[2026-02-11T09:12:00.851+0000] {logging_mixin.py:188} INFO - Downloaded AMZN/1770796534.json
[2026-02-11T09:12:00.863+0000] {logging_mixin.py:188} INFO - Downloaded AMZN/1770796545.json
[2026-02-11T09:12:00.874+0000] {logging_mixin.py:188} INFO - Downloaded AMZN/1770796555.json
[2026-02-11T09:12:00.885+0000] {logging_mixin.py:188} INFO - Downloaded AMZN/1770796566.json
[2026-02-11T09:12:00.897+0000] {logging_mixin.py:188} INFO - Downloaded AMZN/1770796577.json
[2026-02-11T09:12:00.911+0000] {logging_mixin.py:188} INFO - Downloaded AMZN/1770796588.json
[2026-02-11T09:12:00.920+0000] {logging_mixin.py:188} INFO - Downloaded AMZN/1770796599.json
[2026-02-11T09:12:00.930+0000] {logging_mixin.py:188} INFO - Downloaded AMZN/1770796611.json
[2026-02-11T09:12:00.939+0000] {logging_mixin.py:188} INFO - Downloaded AMZN/1770796621.json
[2026-02-11T09:12:00.950+0000] {logging_mixin.py:188} INFO - Downloaded AMZN/1770796633.json
[2026-02-11T09:12:00.960+0000] {logging_mixin.py:188} INFO - Downloaded AMZN/1770796643.json
[2026-02-11T09:12:00.971+0000] {logging_mixin.py:188} INFO - Downloaded AMZN/1770796654.json
[2026-02-11T09:12:00.980+0000] {logging_mixin.py:188} INFO - Downloaded AMZN/1770796665.json
[2026-02-11T09:12:00.990+0000] {logging_mixin.py:188} INFO - Downloaded AMZN/1770796675.json
[2026-02-11T09:12:00.999+0000] {logging_mixin.py:188} INFO - Downloaded AMZN/1770796686.json
[2026-02-11T09:12:01.010+0000] {logging_mixin.py:188} INFO - Downloaded AMZN/1770796696.json
[2026-02-11T09:12:01.021+0000] {logging_mixin.py:188} INFO - Downloaded AMZN/1770796707.json
[2026-02-11T09:12:01.034+0000] {logging_mixin.py:188} INFO - Downloaded AMZN/1770796717.json
[2026-02-11T09:12:01.046+0000] {logging_mixin.py:188} INFO - Downloaded AMZN/1770796728.json
[2026-02-11T09:12:01.057+0000] {logging_mixin.py:188} INFO - Downloaded AMZN/1770796739.json
[2026-02-11T09:12:01.069+0000] {logging_mixin.py:188} INFO - Downloaded AMZN/1770796750.json
[2026-02-11T09:12:01.082+0000] {logging_mixin.py:188} INFO - Downloaded AMZN/1770796762.json
[2026-02-11T09:12:01.092+0000] {logging_mixin.py:188} INFO - Downloaded AMZN/1770796773.json
[2026-02-11T09:12:01.102+0000] {logging_mixin.py:188} INFO - Downloaded AMZN/1770796783.json
[2026-02-11T09:12:01.112+0000] {logging_mixin.py:188} INFO - Downloaded AMZN/1770796794.json
[2026-02-11T09:12:01.122+0000] {logging_mixin.py:188} INFO - Downloaded AMZN/1770796806.json
[2026-02-11T09:12:01.131+0000] {logging_mixin.py:188} INFO - Downloaded AMZN/1770796817.json
[2026-02-11T09:12:01.143+0000] {logging_mixin.py:188} INFO - Downloaded AMZN/1770796827.json
[2026-02-11T09:12:01.158+0000] {logging_mixin.py:188} INFO - Downloaded AMZN/1770796837.json
[2026-02-11T09:12:01.170+0000] {logging_mixin.py:188} INFO - Downloaded AMZN/1770796848.json
[2026-02-11T09:12:01.184+0000] {logging_mixin.py:188} INFO - Downloaded AMZN/1770796859.json
[2026-02-11T09:12:01.197+0000] {logging_mixin.py:188} INFO - Downloaded AMZN/1770796870.json
[2026-02-11T09:12:01.207+0000] {logging_mixin.py:188} INFO - Downloaded AMZN/1770796880.json
[2026-02-11T09:12:01.224+0000] {logging_mixin.py:188} INFO - Downloaded AMZN/1770796891.json
[2026-02-11T09:12:01.240+0000] {logging_mixin.py:188} INFO - Downloaded AMZN/1770796901.json
[2026-02-11T09:12:01.260+0000] {logging_mixin.py:188} INFO - Downloaded AMZN/1770796913.json
[2026-02-11T09:12:01.275+0000] {logging_mixin.py:188} INFO - Downloaded AMZN/1770796924.json
[2026-02-11T09:12:01.291+0000] {logging_mixin.py:188} INFO - Downloaded AMZN/1770796937.json
[2026-02-11T09:12:01.306+0000] {logging_mixin.py:188} INFO - Downloaded AMZN/1770796947.json
[2026-02-11T09:12:01.319+0000] {logging_mixin.py:188} INFO - Downloaded AMZN/1770796958.json
[2026-02-11T09:12:01.334+0000] {logging_mixin.py:188} INFO - Downloaded AMZN/1770796969.json
[2026-02-11T09:12:01.351+0000] {logging_mixin.py:188} INFO - Downloaded AMZN/1770796980.json
[2026-02-11T09:12:01.368+0000] {logging_mixin.py:188} INFO - Downloaded AMZN/1770796991.json
[2026-02-11T09:12:01.386+0000] {logging_mixin.py:188} INFO - Downloaded AMZN/1770797002.json
[2026-02-11T09:12:01.396+0000] {logging_mixin.py:188} INFO - Downloaded AMZN/1770797039.json
[2026-02-11T09:12:01.406+0000] {logging_mixin.py:188} INFO - Downloaded AMZN/1770797052.json
[2026-02-11T09:12:01.417+0000] {logging_mixin.py:188} INFO - Downloaded AMZN/1770797062.json
[2026-02-11T09:12:01.427+0000] {logging_mixin.py:188} INFO - Downloaded AMZN/1770797074.json
[2026-02-11T09:12:01.437+0000] {logging_mixin.py:188} INFO - Downloaded AMZN/1770797088.json
[2026-02-11T09:12:01.447+0000] {logging_mixin.py:188} INFO - Downloaded AMZN/1770797099.json
[2026-02-11T09:12:01.456+0000] {logging_mixin.py:188} INFO - Downloaded AMZN/1770797110.json
[2026-02-11T09:12:01.467+0000] {logging_mixin.py:188} INFO - Downloaded AMZN/1770797121.json
[2026-02-11T09:12:01.476+0000] {logging_mixin.py:188} INFO - Downloaded AMZN/1770797132.json
[2026-02-11T09:12:01.487+0000] {logging_mixin.py:188} INFO - Downloaded AMZN/1770797142.json
[2026-02-11T09:12:01.497+0000] {logging_mixin.py:188} INFO - Downloaded AMZN/1770797152.json
[2026-02-11T09:12:01.508+0000] {logging_mixin.py:188} INFO - Downloaded AMZN/1770797164.json
[2026-02-11T09:12:01.518+0000] {logging_mixin.py:188} INFO - Downloaded AMZN/1770797175.json
[2026-02-11T09:12:01.529+0000] {logging_mixin.py:188} INFO - Downloaded GOOGL/1770795803.json
[2026-02-11T09:12:01.541+0000] {logging_mixin.py:188} INFO - Downloaded GOOGL/1770795814.json
[2026-02-11T09:12:01.553+0000] {logging_mixin.py:188} INFO - Downloaded GOOGL/1770795824.json
[2026-02-11T09:12:01.568+0000] {logging_mixin.py:188} INFO - Downloaded GOOGL/1770795835.json
[2026-02-11T09:12:01.581+0000] {logging_mixin.py:188} INFO - Downloaded GOOGL/1770795846.json
[2026-02-11T09:12:01.594+0000] {logging_mixin.py:188} INFO - Downloaded GOOGL/1770795857.json
[2026-02-11T09:12:01.615+0000] {logging_mixin.py:188} INFO - Downloaded GOOGL/1770795867.json
[2026-02-11T09:12:01.642+0000] {logging_mixin.py:188} INFO - Downloaded GOOGL/1770795879.json
[2026-02-11T09:12:01.668+0000] {logging_mixin.py:188} INFO - Downloaded GOOGL/1770795891.json
[2026-02-11T09:12:01.690+0000] {logging_mixin.py:188} INFO - Downloaded GOOGL/1770795902.json
[2026-02-11T09:12:01.714+0000] {logging_mixin.py:188} INFO - Downloaded GOOGL/1770795912.json
[2026-02-11T09:12:01.736+0000] {logging_mixin.py:188} INFO - Downloaded GOOGL/1770795923.json
[2026-02-11T09:12:01.757+0000] {logging_mixin.py:188} INFO - Downloaded GOOGL/1770795934.json
[2026-02-11T09:12:01.797+0000] {logging_mixin.py:188} INFO - Downloaded GOOGL/1770795944.json
[2026-02-11T09:12:01.846+0000] {logging_mixin.py:188} INFO - Downloaded GOOGL/1770795954.json
[2026-02-11T09:12:01.895+0000] {logging_mixin.py:188} INFO - Downloaded GOOGL/1770795965.json
[2026-02-11T09:12:01.936+0000] {logging_mixin.py:188} INFO - Downloaded GOOGL/1770795976.json
[2026-02-11T09:12:01.970+0000] {logging_mixin.py:188} INFO - Downloaded GOOGL/1770795987.json
[2026-02-11T09:12:02.003+0000] {logging_mixin.py:188} INFO - Downloaded GOOGL/1770795998.json
[2026-02-11T09:12:02.036+0000] {logging_mixin.py:188} INFO - Downloaded GOOGL/1770796008.json
[2026-02-11T09:12:02.068+0000] {logging_mixin.py:188} INFO - Downloaded GOOGL/1770796019.json
[2026-02-11T09:12:02.109+0000] {logging_mixin.py:188} INFO - Downloaded GOOGL/1770796030.json
[2026-02-11T09:12:02.140+0000] {logging_mixin.py:188} INFO - Downloaded GOOGL/1770796040.json
[2026-02-11T09:12:02.188+0000] {logging_mixin.py:188} INFO - Downloaded GOOGL/1770796051.json
[2026-02-11T09:12:02.249+0000] {logging_mixin.py:188} INFO - Downloaded GOOGL/1770796061.json
[2026-02-11T09:12:02.278+0000] {logging_mixin.py:188} INFO - Downloaded GOOGL/1770796071.json
[2026-02-11T09:12:02.307+0000] {logging_mixin.py:188} INFO - Downloaded GOOGL/1770796083.json
[2026-02-11T09:12:02.339+0000] {logging_mixin.py:188} INFO - Downloaded GOOGL/1770796094.json
[2026-02-11T09:12:02.373+0000] {logging_mixin.py:188} INFO - Downloaded GOOGL/1770796105.json
[2026-02-11T09:12:02.418+0000] {logging_mixin.py:188} INFO - Downloaded GOOGL/1770796115.json
[2026-02-11T09:12:02.446+0000] {logging_mixin.py:188} INFO - Downloaded GOOGL/1770796125.json
[2026-02-11T09:12:02.468+0000] {logging_mixin.py:188} INFO - Downloaded GOOGL/1770796136.json
[2026-02-11T09:12:02.491+0000] {logging_mixin.py:188} INFO - Downloaded GOOGL/1770796147.json
[2026-02-11T09:12:02.510+0000] {logging_mixin.py:188} INFO - Downloaded GOOGL/1770796158.json
[2026-02-11T09:12:02.530+0000] {logging_mixin.py:188} INFO - Downloaded GOOGL/1770796170.json
[2026-02-11T09:12:02.553+0000] {logging_mixin.py:188} INFO - Downloaded GOOGL/1770796180.json
[2026-02-11T09:12:02.575+0000] {logging_mixin.py:188} INFO - Downloaded GOOGL/1770796191.json
[2026-02-11T09:12:02.601+0000] {logging_mixin.py:188} INFO - Downloaded GOOGL/1770796203.json
[2026-02-11T09:12:02.624+0000] {logging_mixin.py:188} INFO - Downloaded GOOGL/1770796214.json
[2026-02-11T09:12:02.645+0000] {logging_mixin.py:188} INFO - Downloaded GOOGL/1770796225.json
[2026-02-11T09:12:02.667+0000] {logging_mixin.py:188} INFO - Downloaded GOOGL/1770796236.json
[2026-02-11T09:12:02.691+0000] {logging_mixin.py:188} INFO - Downloaded GOOGL/1770796246.json
[2026-02-11T09:12:02.721+0000] {logging_mixin.py:188} INFO - Downloaded GOOGL/1770796256.json
[2026-02-11T09:12:02.745+0000] {logging_mixin.py:188} INFO - Downloaded GOOGL/1770796267.json
[2026-02-11T09:12:02.769+0000] {logging_mixin.py:188} INFO - Downloaded GOOGL/1770796277.json
[2026-02-11T09:12:02.798+0000] {logging_mixin.py:188} INFO - Downloaded GOOGL/1770796289.json
[2026-02-11T09:12:02.827+0000] {logging_mixin.py:188} INFO - Downloaded GOOGL/1770796299.json
[2026-02-11T09:12:02.890+0000] {logging_mixin.py:188} INFO - Downloaded GOOGL/1770796310.json
[2026-02-11T09:12:02.919+0000] {logging_mixin.py:188} INFO - Downloaded GOOGL/1770796321.json
[2026-02-11T09:12:02.943+0000] {logging_mixin.py:188} INFO - Downloaded GOOGL/1770796331.json
[2026-02-11T09:12:02.968+0000] {logging_mixin.py:188} INFO - Downloaded GOOGL/1770796342.json
[2026-02-11T09:12:02.995+0000] {logging_mixin.py:188} INFO - Downloaded GOOGL/1770796352.json
[2026-02-11T09:12:03.018+0000] {logging_mixin.py:188} INFO - Downloaded GOOGL/1770796363.json
[2026-02-11T09:12:03.045+0000] {logging_mixin.py:188} INFO - Downloaded GOOGL/1770796374.json
[2026-02-11T09:12:03.074+0000] {logging_mixin.py:188} INFO - Downloaded GOOGL/1770796384.json
[2026-02-11T09:12:03.118+0000] {logging_mixin.py:188} INFO - Downloaded GOOGL/1770796395.json
[2026-02-11T09:12:03.160+0000] {logging_mixin.py:188} INFO - Downloaded GOOGL/1770796406.json
[2026-02-11T09:12:03.212+0000] {logging_mixin.py:188} INFO - Downloaded GOOGL/1770796416.json
[2026-02-11T09:12:03.246+0000] {logging_mixin.py:188} INFO - Downloaded GOOGL/1770796427.json
[2026-02-11T09:12:03.276+0000] {logging_mixin.py:188} INFO - Downloaded GOOGL/1770796438.json
[2026-02-11T09:12:03.312+0000] {logging_mixin.py:188} INFO - Downloaded GOOGL/1770796449.json
[2026-02-11T09:12:03.347+0000] {logging_mixin.py:188} INFO - Downloaded GOOGL/1770796459.json
[2026-02-11T09:12:03.374+0000] {logging_mixin.py:188} INFO - Downloaded GOOGL/1770796470.json
[2026-02-11T09:12:03.406+0000] {logging_mixin.py:188} INFO - Downloaded GOOGL/1770796480.json
[2026-02-11T09:12:03.458+0000] {logging_mixin.py:188} INFO - Downloaded GOOGL/1770796491.json
[2026-02-11T09:12:03.493+0000] {logging_mixin.py:188} INFO - Downloaded GOOGL/1770796502.json
[2026-02-11T09:12:03.530+0000] {logging_mixin.py:188} INFO - Downloaded GOOGL/1770796513.json
[2026-02-11T09:12:03.564+0000] {logging_mixin.py:188} INFO - Downloaded GOOGL/1770796523.json
[2026-02-11T09:12:03.590+0000] {logging_mixin.py:188} INFO - Downloaded GOOGL/1770796534.json
[2026-02-11T09:12:03.638+0000] {logging_mixin.py:188} INFO - Downloaded GOOGL/1770796544.json
[2026-02-11T09:12:03.677+0000] {logging_mixin.py:188} INFO - Downloaded GOOGL/1770796554.json
[2026-02-11T09:12:03.705+0000] {logging_mixin.py:188} INFO - Downloaded GOOGL/1770796565.json
[2026-02-11T09:12:03.734+0000] {logging_mixin.py:188} INFO - Downloaded GOOGL/1770796576.json
[2026-02-11T09:12:03.763+0000] {logging_mixin.py:188} INFO - Downloaded GOOGL/1770796587.json
[2026-02-11T09:12:03.790+0000] {logging_mixin.py:188} INFO - Downloaded GOOGL/1770796598.json
[2026-02-11T09:12:03.822+0000] {logging_mixin.py:188} INFO - Downloaded GOOGL/1770796610.json
[2026-02-11T09:12:03.860+0000] {logging_mixin.py:188} INFO - Downloaded GOOGL/1770796620.json
[2026-02-11T09:12:03.911+0000] {logging_mixin.py:188} INFO - Downloaded GOOGL/1770796632.json
[2026-02-11T09:12:03.989+0000] {logging_mixin.py:188} INFO - Downloaded GOOGL/1770796642.json
[2026-02-11T09:12:04.061+0000] {logging_mixin.py:188} INFO - Downloaded GOOGL/1770796653.json
[2026-02-11T09:12:04.098+0000] {logging_mixin.py:188} INFO - Downloaded GOOGL/1770796664.json
[2026-02-11T09:12:04.136+0000] {logging_mixin.py:188} INFO - Downloaded GOOGL/1770796674.json
[2026-02-11T09:12:04.170+0000] {logging_mixin.py:188} INFO - Downloaded GOOGL/1770796685.json
[2026-02-11T09:12:04.200+0000] {logging_mixin.py:188} INFO - Downloaded GOOGL/1770796696.json
[2026-02-11T09:12:04.235+0000] {logging_mixin.py:188} INFO - Downloaded GOOGL/1770796706.json
[2026-02-11T09:12:04.263+0000] {logging_mixin.py:188} INFO - Downloaded GOOGL/1770796716.json
[2026-02-11T09:12:04.293+0000] {logging_mixin.py:188} INFO - Downloaded GOOGL/1770796727.json
[2026-02-11T09:12:04.316+0000] {logging_mixin.py:188} INFO - Downloaded GOOGL/1770796738.json
[2026-02-11T09:12:04.340+0000] {logging_mixin.py:188} INFO - Downloaded GOOGL/1770796749.json
[2026-02-11T09:12:04.363+0000] {logging_mixin.py:188} INFO - Downloaded GOOGL/1770796761.json
[2026-02-11T09:12:04.393+0000] {logging_mixin.py:188} INFO - Downloaded GOOGL/1770796772.json
[2026-02-11T09:12:04.425+0000] {logging_mixin.py:188} INFO - Downloaded GOOGL/1770796783.json
[2026-02-11T09:12:04.463+0000] {logging_mixin.py:188} INFO - Downloaded GOOGL/1770796793.json
[2026-02-11T09:12:04.494+0000] {logging_mixin.py:188} INFO - Downloaded GOOGL/1770796804.json
[2026-02-11T09:12:04.527+0000] {logging_mixin.py:188} INFO - Downloaded GOOGL/1770796815.json
[2026-02-11T09:12:04.565+0000] {logging_mixin.py:188} INFO - Downloaded GOOGL/1770796826.json
[2026-02-11T09:12:04.596+0000] {logging_mixin.py:188} INFO - Downloaded GOOGL/1770796837.json
[2026-02-11T09:12:04.626+0000] {logging_mixin.py:188} INFO - Downloaded GOOGL/1770796847.json
[2026-02-11T09:12:04.658+0000] {logging_mixin.py:188} INFO - Downloaded GOOGL/1770796858.json
[2026-02-11T09:12:04.688+0000] {logging_mixin.py:188} INFO - Downloaded GOOGL/1770796869.json
[2026-02-11T09:12:04.727+0000] {logging_mixin.py:188} INFO - Downloaded GOOGL/1770796879.json
[2026-02-11T09:12:04.771+0000] {logging_mixin.py:188} INFO - Downloaded GOOGL/1770796890.json
[2026-02-11T09:12:04.804+0000] {logging_mixin.py:188} INFO - Downloaded GOOGL/1770796900.json
[2026-02-11T09:12:04.830+0000] {logging_mixin.py:188} INFO - Downloaded GOOGL/1770796912.json
[2026-02-11T09:12:04.860+0000] {logging_mixin.py:188} INFO - Downloaded GOOGL/1770796923.json
[2026-02-11T09:12:04.885+0000] {logging_mixin.py:188} INFO - Downloaded GOOGL/1770796933.json
[2026-02-11T09:12:04.910+0000] {logging_mixin.py:188} INFO - Downloaded GOOGL/1770796946.json
[2026-02-11T09:12:04.932+0000] {logging_mixin.py:188} INFO - Downloaded GOOGL/1770796957.json
[2026-02-11T09:12:04.960+0000] {logging_mixin.py:188} INFO - Downloaded GOOGL/1770796968.json
[2026-02-11T09:12:04.987+0000] {logging_mixin.py:188} INFO - Downloaded GOOGL/1770796979.json
[2026-02-11T09:12:05.013+0000] {logging_mixin.py:188} INFO - Downloaded GOOGL/1770796990.json
[2026-02-11T09:12:05.034+0000] {logging_mixin.py:188} INFO - Downloaded GOOGL/1770797001.json
[2026-02-11T09:12:05.064+0000] {logging_mixin.py:188} INFO - Downloaded GOOGL/1770797037.json
[2026-02-11T09:12:05.089+0000] {logging_mixin.py:188} INFO - Downloaded GOOGL/1770797051.json
[2026-02-11T09:12:05.158+0000] {logging_mixin.py:188} INFO - Downloaded GOOGL/1770797061.json
[2026-02-11T09:12:05.193+0000] {logging_mixin.py:188} INFO - Downloaded GOOGL/1770797072.json
[2026-02-11T09:12:05.233+0000] {logging_mixin.py:188} INFO - Downloaded GOOGL/1770797087.json
[2026-02-11T09:12:05.269+0000] {logging_mixin.py:188} INFO - Downloaded GOOGL/1770797098.json
[2026-02-11T09:12:05.310+0000] {logging_mixin.py:188} INFO - Downloaded GOOGL/1770797109.json
[2026-02-11T09:12:05.349+0000] {logging_mixin.py:188} INFO - Downloaded GOOGL/1770797120.json
[2026-02-11T09:12:05.378+0000] {logging_mixin.py:188} INFO - Downloaded GOOGL/1770797131.json
[2026-02-11T09:12:05.398+0000] {logging_mixin.py:188} INFO - Downloaded GOOGL/1770797141.json
[2026-02-11T09:12:05.422+0000] {logging_mixin.py:188} INFO - Downloaded GOOGL/1770797151.json
[2026-02-11T09:12:05.446+0000] {logging_mixin.py:188} INFO - Downloaded GOOGL/1770797163.json
[2026-02-11T09:12:05.469+0000] {logging_mixin.py:188} INFO - Downloaded GOOGL/1770797174.json
[2026-02-11T09:12:05.494+0000] {logging_mixin.py:188} INFO - Downloaded MSFT/1770795802.json
[2026-02-11T09:12:05.521+0000] {logging_mixin.py:188} INFO - Downloaded MSFT/1770795812.json
[2026-02-11T09:12:05.545+0000] {logging_mixin.py:188} INFO - Downloaded MSFT/1770795822.json
[2026-02-11T09:12:05.573+0000] {logging_mixin.py:188} INFO - Downloaded MSFT/1770795833.json
[2026-02-11T09:12:05.638+0000] {logging_mixin.py:188} INFO - Downloaded MSFT/1770795844.json
[2026-02-11T09:12:05.681+0000] {logging_mixin.py:188} INFO - Downloaded MSFT/1770795855.json
[2026-02-11T09:12:05.715+0000] {logging_mixin.py:188} INFO - Downloaded MSFT/1770795865.json
[2026-02-11T09:12:05.739+0000] {logging_mixin.py:188} INFO - Downloaded MSFT/1770795876.json
[2026-02-11T09:12:05.785+0000] {logging_mixin.py:188} INFO - Downloaded MSFT/1770795890.json
[2026-02-11T09:12:05.862+0000] {logging_mixin.py:188} INFO - Downloaded MSFT/1770795900.json
[2026-02-11T09:12:05.896+0000] {logging_mixin.py:188} INFO - Downloaded MSFT/1770795910.json
[2026-02-11T09:12:05.922+0000] {logging_mixin.py:188} INFO - Downloaded MSFT/1770795921.json
[2026-02-11T09:12:05.955+0000] {logging_mixin.py:188} INFO - Downloaded MSFT/1770795932.json
[2026-02-11T09:12:05.980+0000] {logging_mixin.py:188} INFO - Downloaded MSFT/1770795942.json
[2026-02-11T09:12:06.005+0000] {logging_mixin.py:188} INFO - Downloaded MSFT/1770795953.json
[2026-02-11T09:12:06.033+0000] {logging_mixin.py:188} INFO - Downloaded MSFT/1770795963.json
[2026-02-11T09:12:06.062+0000] {logging_mixin.py:188} INFO - Downloaded MSFT/1770795974.json
[2026-02-11T09:12:06.094+0000] {logging_mixin.py:188} INFO - Downloaded MSFT/1770795985.json
[2026-02-11T09:12:06.126+0000] {logging_mixin.py:188} INFO - Downloaded MSFT/1770795996.json
[2026-02-11T09:12:06.160+0000] {logging_mixin.py:188} INFO - Downloaded MSFT/1770796007.json
[2026-02-11T09:12:06.186+0000] {logging_mixin.py:188} INFO - Downloaded MSFT/1770796017.json
[2026-02-11T09:12:06.207+0000] {logging_mixin.py:188} INFO - Downloaded MSFT/1770796028.json
[2026-02-11T09:12:06.243+0000] {logging_mixin.py:188} INFO - Downloaded MSFT/1770796039.json
[2026-02-11T09:12:06.287+0000] {logging_mixin.py:188} INFO - Downloaded MSFT/1770796049.json
[2026-02-11T09:12:06.325+0000] {logging_mixin.py:188} INFO - Downloaded MSFT/1770796060.json
[2026-02-11T09:12:06.352+0000] {logging_mixin.py:188} INFO - Downloaded MSFT/1770796070.json
[2026-02-11T09:12:06.375+0000] {logging_mixin.py:188} INFO - Downloaded MSFT/1770796080.json
[2026-02-11T09:12:06.408+0000] {logging_mixin.py:188} INFO - Downloaded MSFT/1770796092.json
[2026-02-11T09:12:06.439+0000] {logging_mixin.py:188} INFO - Downloaded MSFT/1770796103.json
[2026-02-11T09:12:06.473+0000] {logging_mixin.py:188} INFO - Downloaded MSFT/1770796113.json
[2026-02-11T09:12:06.511+0000] {logging_mixin.py:188} INFO - Downloaded MSFT/1770796123.json
[2026-02-11T09:12:06.556+0000] {logging_mixin.py:188} INFO - Downloaded MSFT/1770796134.json
[2026-02-11T09:12:06.590+0000] {logging_mixin.py:188} INFO - Downloaded MSFT/1770796145.json
[2026-02-11T09:12:06.626+0000] {logging_mixin.py:188} INFO - Downloaded MSFT/1770796157.json
[2026-02-11T09:12:06.657+0000] {logging_mixin.py:188} INFO - Downloaded MSFT/1770796167.json
[2026-02-11T09:12:06.686+0000] {logging_mixin.py:188} INFO - Downloaded MSFT/1770796179.json
[2026-02-11T09:12:06.713+0000] {logging_mixin.py:188} INFO - Downloaded MSFT/1770796189.json
[2026-02-11T09:12:06.738+0000] {logging_mixin.py:188} INFO - Downloaded MSFT/1770796201.json
[2026-02-11T09:12:06.763+0000] {logging_mixin.py:188} INFO - Downloaded MSFT/1770796212.json
[2026-02-11T09:12:06.795+0000] {logging_mixin.py:188} INFO - Downloaded MSFT/1770796223.json
[2026-02-11T09:12:06.827+0000] {logging_mixin.py:188} INFO - Downloaded MSFT/1770796234.json
[2026-02-11T09:12:06.859+0000] {logging_mixin.py:188} INFO - Downloaded MSFT/1770796244.json
[2026-02-11T09:12:06.890+0000] {logging_mixin.py:188} INFO - Downloaded MSFT/1770796254.json
[2026-02-11T09:12:06.916+0000] {logging_mixin.py:188} INFO - Downloaded MSFT/1770796265.json
[2026-02-11T09:12:06.940+0000] {logging_mixin.py:188} INFO - Downloaded MSFT/1770796276.json
[2026-02-11T09:12:06.964+0000] {logging_mixin.py:188} INFO - Downloaded MSFT/1770796287.json
[2026-02-11T09:12:06.987+0000] {logging_mixin.py:188} INFO - Downloaded MSFT/1770796297.json
[2026-02-11T09:12:07.007+0000] {logging_mixin.py:188} INFO - Downloaded MSFT/1770796308.json
[2026-02-11T09:12:07.033+0000] {logging_mixin.py:188} INFO - Downloaded MSFT/1770796319.json
[2026-02-11T09:12:07.057+0000] {logging_mixin.py:188} INFO - Downloaded MSFT/1770796329.json
[2026-02-11T09:12:07.088+0000] {logging_mixin.py:188} INFO - Downloaded MSFT/1770796340.json
[2026-02-11T09:12:07.126+0000] {logging_mixin.py:188} INFO - Downloaded MSFT/1770796351.json
[2026-02-11T09:12:07.155+0000] {logging_mixin.py:188} INFO - Downloaded MSFT/1770796361.json
[2026-02-11T09:12:07.188+0000] {logging_mixin.py:188} INFO - Downloaded MSFT/1770796372.json
[2026-02-11T09:12:07.211+0000] {logging_mixin.py:188} INFO - Downloaded MSFT/1770796382.json
[2026-02-11T09:12:07.244+0000] {logging_mixin.py:188} INFO - Downloaded MSFT/1770796393.json
[2026-02-11T09:12:07.269+0000] {logging_mixin.py:188} INFO - Downloaded MSFT/1770796403.json
[2026-02-11T09:12:07.293+0000] {logging_mixin.py:188} INFO - Downloaded MSFT/1770796414.json
[2026-02-11T09:12:07.326+0000] {logging_mixin.py:188} INFO - Downloaded MSFT/1770796425.json
[2026-02-11T09:12:07.364+0000] {logging_mixin.py:188} INFO - Downloaded MSFT/1770796435.json
[2026-02-11T09:12:07.399+0000] {logging_mixin.py:188} INFO - Downloaded MSFT/1770796446.json
[2026-02-11T09:12:07.428+0000] {logging_mixin.py:188} INFO - Downloaded MSFT/1770796457.json
[2026-02-11T09:12:07.454+0000] {logging_mixin.py:188} INFO - Downloaded MSFT/1770796468.json
[2026-02-11T09:12:07.478+0000] {logging_mixin.py:188} INFO - Downloaded MSFT/1770796478.json
[2026-02-11T09:12:07.503+0000] {logging_mixin.py:188} INFO - Downloaded MSFT/1770796489.json
[2026-02-11T09:12:07.527+0000] {logging_mixin.py:188} INFO - Downloaded MSFT/1770796500.json
[2026-02-11T09:12:07.556+0000] {logging_mixin.py:188} INFO - Downloaded MSFT/1770796511.json
[2026-02-11T09:12:07.580+0000] {logging_mixin.py:188} INFO - Downloaded MSFT/1770796521.json
[2026-02-11T09:12:07.606+0000] {logging_mixin.py:188} INFO - Downloaded MSFT/1770796532.json
[2026-02-11T09:12:07.632+0000] {logging_mixin.py:188} INFO - Downloaded MSFT/1770796542.json
[2026-02-11T09:12:07.658+0000] {logging_mixin.py:188} INFO - Downloaded MSFT/1770796553.json
[2026-02-11T09:12:07.684+0000] {logging_mixin.py:188} INFO - Downloaded MSFT/1770796563.json
[2026-02-11T09:12:07.721+0000] {logging_mixin.py:188} INFO - Downloaded MSFT/1770796574.json
[2026-02-11T09:12:07.759+0000] {logging_mixin.py:188} INFO - Downloaded MSFT/1770796585.json
[2026-02-11T09:12:07.786+0000] {logging_mixin.py:188} INFO - Downloaded MSFT/1770796596.json
[2026-02-11T09:12:07.822+0000] {logging_mixin.py:188} INFO - Downloaded MSFT/1770796607.json
[2026-02-11T09:12:07.855+0000] {logging_mixin.py:188} INFO - Downloaded MSFT/1770796619.json
[2026-02-11T09:12:07.884+0000] {logging_mixin.py:188} INFO - Downloaded MSFT/1770796629.json
[2026-02-11T09:12:07.914+0000] {logging_mixin.py:188} INFO - Downloaded MSFT/1770796640.json
[2026-02-11T09:12:07.941+0000] {logging_mixin.py:188} INFO - Downloaded MSFT/1770796651.json
[2026-02-11T09:12:07.972+0000] {logging_mixin.py:188} INFO - Downloaded MSFT/1770796662.json
[2026-02-11T09:12:07.996+0000] {logging_mixin.py:188} INFO - Downloaded MSFT/1770796672.json
[2026-02-11T09:12:08.020+0000] {logging_mixin.py:188} INFO - Downloaded MSFT/1770796683.json
[2026-02-11T09:12:08.045+0000] {logging_mixin.py:188} INFO - Downloaded MSFT/1770796694.json
[2026-02-11T09:12:08.067+0000] {logging_mixin.py:188} INFO - Downloaded MSFT/1770796704.json
[2026-02-11T09:12:08.098+0000] {logging_mixin.py:188} INFO - Downloaded MSFT/1770796714.json
[2026-02-11T09:12:08.122+0000] {logging_mixin.py:188} INFO - Downloaded MSFT/1770796725.json
[2026-02-11T09:12:08.145+0000] {logging_mixin.py:188} INFO - Downloaded MSFT/1770796736.json
[2026-02-11T09:12:08.167+0000] {logging_mixin.py:188} INFO - Downloaded MSFT/1770796747.json
[2026-02-11T09:12:08.193+0000] {logging_mixin.py:188} INFO - Downloaded MSFT/1770796758.json
[2026-02-11T09:12:08.218+0000] {logging_mixin.py:188} INFO - Downloaded MSFT/1770796770.json
[2026-02-11T09:12:08.256+0000] {logging_mixin.py:188} INFO - Downloaded MSFT/1770796780.json
[2026-02-11T09:12:08.300+0000] {logging_mixin.py:188} INFO - Downloaded MSFT/1770796791.json
[2026-02-11T09:12:08.324+0000] {logging_mixin.py:188} INFO - Downloaded MSFT/1770796802.json
[2026-02-11T09:12:08.350+0000] {logging_mixin.py:188} INFO - Downloaded MSFT/1770796814.json
[2026-02-11T09:12:08.370+0000] {logging_mixin.py:188} INFO - Downloaded MSFT/1770796824.json
[2026-02-11T09:12:08.393+0000] {logging_mixin.py:188} INFO - Downloaded MSFT/1770796835.json
[2026-02-11T09:12:08.416+0000] {logging_mixin.py:188} INFO - Downloaded MSFT/1770796845.json
[2026-02-11T09:12:08.442+0000] {logging_mixin.py:188} INFO - Downloaded MSFT/1770796856.json
[2026-02-11T09:12:08.464+0000] {logging_mixin.py:188} INFO - Downloaded MSFT/1770796867.json
[2026-02-11T09:12:08.485+0000] {logging_mixin.py:188} INFO - Downloaded MSFT/1770796878.json
[2026-02-11T09:12:08.507+0000] {logging_mixin.py:188} INFO - Downloaded MSFT/1770796888.json
[2026-02-11T09:12:08.529+0000] {logging_mixin.py:188} INFO - Downloaded MSFT/1770796899.json
[2026-02-11T09:12:08.562+0000] {logging_mixin.py:188} INFO - Downloaded MSFT/1770796910.json
[2026-02-11T09:12:08.603+0000] {logging_mixin.py:188} INFO - Downloaded MSFT/1770796921.json
[2026-02-11T09:12:08.629+0000] {logging_mixin.py:188} INFO - Downloaded MSFT/1770796932.json
[2026-02-11T09:12:08.659+0000] {logging_mixin.py:188} INFO - Downloaded MSFT/1770796944.json
[2026-02-11T09:12:08.697+0000] {logging_mixin.py:188} INFO - Downloaded MSFT/1770796955.json
[2026-02-11T09:12:08.729+0000] {logging_mixin.py:188} INFO - Downloaded MSFT/1770796966.json
[2026-02-11T09:12:08.759+0000] {logging_mixin.py:188} INFO - Downloaded MSFT/1770796977.json
[2026-02-11T09:12:08.797+0000] {logging_mixin.py:188} INFO - Downloaded MSFT/1770796988.json
[2026-02-11T09:12:08.851+0000] {logging_mixin.py:188} INFO - Downloaded MSFT/1770796999.json
[2026-02-11T09:12:08.897+0000] {logging_mixin.py:188} INFO - Downloaded MSFT/1770797048.json
[2026-02-11T09:12:08.946+0000] {logging_mixin.py:188} INFO - Downloaded MSFT/1770797059.json
[2026-02-11T09:12:09.013+0000] {logging_mixin.py:188} INFO - Downloaded MSFT/1770797071.json
[2026-02-11T09:12:09.047+0000] {logging_mixin.py:188} INFO - Downloaded MSFT/1770797083.json
[2026-02-11T09:12:09.072+0000] {logging_mixin.py:188} INFO - Downloaded MSFT/1770797096.json
[2026-02-11T09:12:09.096+0000] {logging_mixin.py:188} INFO - Downloaded MSFT/1770797107.json
[2026-02-11T09:12:09.117+0000] {logging_mixin.py:188} INFO - Downloaded MSFT/1770797118.json
[2026-02-11T09:12:09.138+0000] {logging_mixin.py:188} INFO - Downloaded MSFT/1770797129.json
[2026-02-11T09:12:09.164+0000] {logging_mixin.py:188} INFO - Downloaded MSFT/1770797139.json
[2026-02-11T09:12:09.191+0000] {logging_mixin.py:188} INFO - Downloaded MSFT/1770797150.json
[2026-02-11T09:12:09.222+0000] {logging_mixin.py:188} INFO - Downloaded MSFT/1770797161.json
[2026-02-11T09:12:09.248+0000] {logging_mixin.py:188} INFO - Downloaded MSFT/1770797172.json
[2026-02-11T09:12:09.278+0000] {logging_mixin.py:188} INFO - Downloaded TSLA/1770795803.json
[2026-02-11T09:12:09.308+0000] {logging_mixin.py:188} INFO - Downloaded TSLA/1770795813.json
[2026-02-11T09:12:09.329+0000] {logging_mixin.py:188} INFO - Downloaded TSLA/1770795823.json
[2026-02-11T09:12:09.354+0000] {logging_mixin.py:188} INFO - Downloaded TSLA/1770795834.json
[2026-02-11T09:12:09.382+0000] {logging_mixin.py:188} INFO - Downloaded TSLA/1770795845.json
[2026-02-11T09:12:09.416+0000] {logging_mixin.py:188} INFO - Downloaded TSLA/1770795856.json
[2026-02-11T09:12:09.445+0000] {logging_mixin.py:188} INFO - Downloaded TSLA/1770795866.json
[2026-02-11T09:12:09.475+0000] {logging_mixin.py:188} INFO - Downloaded TSLA/1770795878.json
[2026-02-11T09:12:09.505+0000] {logging_mixin.py:188} INFO - Downloaded TSLA/1770795891.json
[2026-02-11T09:12:09.534+0000] {logging_mixin.py:188} INFO - Downloaded TSLA/1770795901.json
[2026-02-11T09:12:09.594+0000] {logging_mixin.py:188} INFO - Downloaded TSLA/1770795911.json
[2026-02-11T09:12:09.624+0000] {logging_mixin.py:188} INFO - Downloaded TSLA/1770795922.json
[2026-02-11T09:12:09.648+0000] {logging_mixin.py:188} INFO - Downloaded TSLA/1770795933.json
[2026-02-11T09:12:09.676+0000] {logging_mixin.py:188} INFO - Downloaded TSLA/1770795943.json
[2026-02-11T09:12:09.700+0000] {logging_mixin.py:188} INFO - Downloaded TSLA/1770795953.json
[2026-02-11T09:12:09.727+0000] {logging_mixin.py:188} INFO - Downloaded TSLA/1770795964.json
[2026-02-11T09:12:09.762+0000] {logging_mixin.py:188} INFO - Downloaded TSLA/1770795975.json
[2026-02-11T09:12:09.801+0000] {logging_mixin.py:188} INFO - Downloaded TSLA/1770795986.json
[2026-02-11T09:12:09.829+0000] {logging_mixin.py:188} INFO - Downloaded TSLA/1770795997.json
[2026-02-11T09:12:09.869+0000] {logging_mixin.py:188} INFO - Downloaded TSLA/1770796007.json
[2026-02-11T09:12:09.904+0000] {logging_mixin.py:188} INFO - Downloaded TSLA/1770796018.json
[2026-02-11T09:12:09.949+0000] {logging_mixin.py:188} INFO - Downloaded TSLA/1770796029.json
[2026-02-11T09:12:09.979+0000] {logging_mixin.py:188} INFO - Downloaded TSLA/1770796039.json
[2026-02-11T09:12:10.010+0000] {logging_mixin.py:188} INFO - Downloaded TSLA/1770796050.json
[2026-02-11T09:12:10.045+0000] {logging_mixin.py:188} INFO - Downloaded TSLA/1770796060.json
[2026-02-11T09:12:10.093+0000] {logging_mixin.py:188} INFO - Downloaded TSLA/1770796071.json
[2026-02-11T09:12:10.135+0000] {logging_mixin.py:188} INFO - Downloaded TSLA/1770796081.json
[2026-02-11T09:12:10.195+0000] {logging_mixin.py:188} INFO - Downloaded TSLA/1770796093.json
[2026-02-11T09:12:10.260+0000] {logging_mixin.py:188} INFO - Downloaded TSLA/1770796104.json
[2026-02-11T09:12:10.301+0000] {logging_mixin.py:188} INFO - Downloaded TSLA/1770796114.json
[2026-02-11T09:12:10.331+0000] {logging_mixin.py:188} INFO - Downloaded TSLA/1770796124.json
[2026-02-11T09:12:10.357+0000] {logging_mixin.py:188} INFO - Downloaded TSLA/1770796135.json
[2026-02-11T09:12:10.381+0000] {logging_mixin.py:188} INFO - Downloaded TSLA/1770796146.json
[2026-02-11T09:12:10.405+0000] {logging_mixin.py:188} INFO - Downloaded TSLA/1770796157.json
[2026-02-11T09:12:10.431+0000] {logging_mixin.py:188} INFO - Downloaded TSLA/1770796169.json
[2026-02-11T09:12:10.455+0000] {logging_mixin.py:188} INFO - Downloaded TSLA/1770796180.json
[2026-02-11T09:12:10.484+0000] {logging_mixin.py:188} INFO - Downloaded TSLA/1770796190.json
[2026-02-11T09:12:10.508+0000] {logging_mixin.py:188} INFO - Downloaded TSLA/1770796202.json
[2026-02-11T09:12:10.533+0000] {logging_mixin.py:188} INFO - Downloaded TSLA/1770796213.json
[2026-02-11T09:12:10.555+0000] {logging_mixin.py:188} INFO - Downloaded TSLA/1770796224.json
[2026-02-11T09:12:10.579+0000] {logging_mixin.py:188} INFO - Downloaded TSLA/1770796235.json
[2026-02-11T09:12:10.602+0000] {logging_mixin.py:188} INFO - Downloaded TSLA/1770796245.json
[2026-02-11T09:12:10.629+0000] {logging_mixin.py:188} INFO - Downloaded TSLA/1770796255.json
[2026-02-11T09:12:10.653+0000] {logging_mixin.py:188} INFO - Downloaded TSLA/1770796266.json
[2026-02-11T09:12:10.679+0000] {logging_mixin.py:188} INFO - Downloaded TSLA/1770796277.json
[2026-02-11T09:12:10.707+0000] {logging_mixin.py:188} INFO - Downloaded TSLA/1770796288.json
[2026-02-11T09:12:10.733+0000] {logging_mixin.py:188} INFO - Downloaded TSLA/1770796298.json
[2026-02-11T09:12:10.774+0000] {logging_mixin.py:188} INFO - Downloaded TSLA/1770796309.json
[2026-02-11T09:12:10.832+0000] {logging_mixin.py:188} INFO - Downloaded TSLA/1770796320.json
[2026-02-11T09:12:10.880+0000] {logging_mixin.py:188} INFO - Downloaded TSLA/1770796330.json
[2026-02-11T09:12:10.908+0000] {logging_mixin.py:188} INFO - Downloaded TSLA/1770796341.json
[2026-02-11T09:12:10.937+0000] {logging_mixin.py:188} INFO - Downloaded TSLA/1770796352.json
[2026-02-11T09:12:10.966+0000] {logging_mixin.py:188} INFO - Downloaded TSLA/1770796362.json
[2026-02-11T09:12:10.994+0000] {logging_mixin.py:188} INFO - Downloaded TSLA/1770796373.json
[2026-02-11T09:12:11.026+0000] {logging_mixin.py:188} INFO - Downloaded TSLA/1770796383.json
[2026-02-11T09:12:11.053+0000] {logging_mixin.py:188} INFO - Downloaded TSLA/1770796394.json
[2026-02-11T09:12:11.078+0000] {logging_mixin.py:188} INFO - Downloaded TSLA/1770796404.json
[2026-02-11T09:12:11.099+0000] {logging_mixin.py:188} INFO - Downloaded TSLA/1770796415.json
[2026-02-11T09:12:11.129+0000] {logging_mixin.py:188} INFO - Downloaded TSLA/1770796426.json
[2026-02-11T09:12:11.152+0000] {logging_mixin.py:188} INFO - Downloaded TSLA/1770796437.json
[2026-02-11T09:12:11.219+0000] {logging_mixin.py:188} INFO - Downloaded TSLA/1770796448.json
[2026-02-11T09:12:11.337+0000] {logging_mixin.py:188} INFO - Downloaded TSLA/1770796458.json
[2026-02-11T09:12:11.466+0000] {logging_mixin.py:188} INFO - Downloaded TSLA/1770796469.json
[2026-02-11T09:12:11.526+0000] {logging_mixin.py:188} INFO - Downloaded TSLA/1770796479.json
[2026-02-11T09:12:11.619+0000] {logging_mixin.py:188} INFO - Downloaded TSLA/1770796490.json
[2026-02-11T09:12:11.699+0000] {logging_mixin.py:188} INFO - Downloaded TSLA/1770796501.json
[2026-02-11T09:12:11.759+0000] {logging_mixin.py:188} INFO - Downloaded TSLA/1770796512.json
[2026-02-11T09:12:11.887+0000] {logging_mixin.py:188} INFO - Downloaded TSLA/1770796522.json
[2026-02-11T09:12:11.971+0000] {logging_mixin.py:188} INFO - Downloaded TSLA/1770796533.json
[2026-02-11T09:12:12.061+0000] {logging_mixin.py:188} INFO - Downloaded TSLA/1770796543.json
[2026-02-11T09:12:12.128+0000] {logging_mixin.py:188} INFO - Downloaded TSLA/1770796553.json
[2026-02-11T09:12:12.176+0000] {logging_mixin.py:188} INFO - Downloaded TSLA/1770796564.json
[2026-02-11T09:12:12.232+0000] {logging_mixin.py:188} INFO - Downloaded TSLA/1770796575.json
[2026-02-11T09:12:12.292+0000] {logging_mixin.py:188} INFO - Downloaded TSLA/1770796586.json
[2026-02-11T09:12:12.362+0000] {logging_mixin.py:188} INFO - Downloaded TSLA/1770796597.json
[2026-02-11T09:12:12.439+0000] {logging_mixin.py:188} INFO - Downloaded TSLA/1770796609.json
[2026-02-11T09:12:12.515+0000] {logging_mixin.py:188} INFO - Downloaded TSLA/1770796619.json
[2026-02-11T09:12:12.595+0000] {logging_mixin.py:188} INFO - Downloaded TSLA/1770796630.json
[2026-02-11T09:12:12.701+0000] {logging_mixin.py:188} INFO - Downloaded TSLA/1770796641.json
[2026-02-11T09:12:12.806+0000] {logging_mixin.py:188} INFO - Downloaded TSLA/1770796652.json
[2026-02-11T09:12:12.898+0000] {logging_mixin.py:188} INFO - Downloaded TSLA/1770796663.json
[2026-02-11T09:12:12.967+0000] {logging_mixin.py:188} INFO - Downloaded TSLA/1770796673.json
[2026-02-11T09:12:13.024+0000] {logging_mixin.py:188} INFO - Downloaded TSLA/1770796684.json
[2026-02-11T09:12:13.077+0000] {logging_mixin.py:188} INFO - Downloaded TSLA/1770796695.json
[2026-02-11T09:12:13.115+0000] {logging_mixin.py:188} INFO - Downloaded TSLA/1770796705.json
[2026-02-11T09:12:13.148+0000] {logging_mixin.py:188} INFO - Downloaded TSLA/1770796715.json
[2026-02-11T09:12:13.186+0000] {logging_mixin.py:188} INFO - Downloaded TSLA/1770796726.json
[2026-02-11T09:12:13.234+0000] {logging_mixin.py:188} INFO - Downloaded TSLA/1770796737.json
[2026-02-11T09:12:13.266+0000] {logging_mixin.py:188} INFO - Downloaded TSLA/1770796748.json
[2026-02-11T09:12:13.309+0000] {logging_mixin.py:188} INFO - Downloaded TSLA/1770796760.json
[2026-02-11T09:12:13.348+0000] {logging_mixin.py:188} INFO - Downloaded TSLA/1770796771.json
[2026-02-11T09:12:13.389+0000] {logging_mixin.py:188} INFO - Downloaded TSLA/1770796781.json
[2026-02-11T09:12:13.432+0000] {logging_mixin.py:188} INFO - Downloaded TSLA/1770796792.json
[2026-02-11T09:12:13.484+0000] {logging_mixin.py:188} INFO - Downloaded TSLA/1770796803.json
[2026-02-11T09:12:13.541+0000] {logging_mixin.py:188} INFO - Downloaded TSLA/1770796814.json
[2026-02-11T09:12:13.601+0000] {logging_mixin.py:188} INFO - Downloaded TSLA/1770796825.json
[2026-02-11T09:12:13.667+0000] {logging_mixin.py:188} INFO - Downloaded TSLA/1770796836.json
[2026-02-11T09:12:13.738+0000] {logging_mixin.py:188} INFO - Downloaded TSLA/1770796846.json
[2026-02-11T09:12:13.796+0000] {logging_mixin.py:188} INFO - Downloaded TSLA/1770796857.json
[2026-02-11T09:12:13.890+0000] {logging_mixin.py:188} INFO - Downloaded TSLA/1770796868.json
[2026-02-11T09:12:13.993+0000] {logging_mixin.py:188} INFO - Downloaded TSLA/1770796878.json
[2026-02-11T09:12:14.032+0000] {logging_mixin.py:188} INFO - Downloaded TSLA/1770796889.json
[2026-02-11T09:12:14.066+0000] {logging_mixin.py:188} INFO - Downloaded TSLA/1770796899.json
[2026-02-11T09:12:14.095+0000] {logging_mixin.py:188} INFO - Downloaded TSLA/1770796911.json
[2026-02-11T09:12:14.128+0000] {logging_mixin.py:188} INFO - Downloaded TSLA/1770796922.json
[2026-02-11T09:12:14.158+0000] {logging_mixin.py:188} INFO - Downloaded TSLA/1770796932.json
[2026-02-11T09:12:14.187+0000] {logging_mixin.py:188} INFO - Downloaded TSLA/1770796945.json
[2026-02-11T09:12:14.215+0000] {logging_mixin.py:188} INFO - Downloaded TSLA/1770796956.json
[2026-02-11T09:12:14.244+0000] {logging_mixin.py:188} INFO - Downloaded TSLA/1770796967.json
[2026-02-11T09:12:14.269+0000] {logging_mixin.py:188} INFO - Downloaded TSLA/1770796978.json
[2026-02-11T09:12:14.297+0000] {logging_mixin.py:188} INFO - Downloaded TSLA/1770796989.json
[2026-02-11T09:12:14.326+0000] {logging_mixin.py:188} INFO - Downloaded TSLA/1770797000.json
[2026-02-11T09:12:14.353+0000] {logging_mixin.py:188} INFO - Downloaded TSLA/1770797035.json
[2026-02-11T09:12:14.389+0000] {logging_mixin.py:188} INFO - Downloaded TSLA/1770797049.json
[2026-02-11T09:12:14.422+0000] {logging_mixin.py:188} INFO - Downloaded TSLA/1770797060.json
[2026-02-11T09:12:14.448+0000] {logging_mixin.py:188} INFO - Downloaded TSLA/1770797072.json
[2026-02-11T09:12:14.473+0000] {logging_mixin.py:188} INFO - Downloaded TSLA/1770797085.json
[2026-02-11T09:12:14.494+0000] {logging_mixin.py:188} INFO - Downloaded TSLA/1770797097.json
[2026-02-11T09:12:14.521+0000] {logging_mixin.py:188} INFO - Downloaded TSLA/1770797108.json
[2026-02-11T09:12:14.547+0000] {logging_mixin.py:188} INFO - Downloaded TSLA/1770797119.json
[2026-02-11T09:12:14.572+0000] {logging_mixin.py:188} INFO - Downloaded TSLA/1770797130.json
[2026-02-11T09:12:14.606+0000] {logging_mixin.py:188} INFO - Downloaded TSLA/1770797140.json
[2026-02-11T09:12:14.649+0000] {logging_mixin.py:188} INFO - Downloaded TSLA/1770797151.json
[2026-02-11T09:12:14.694+0000] {logging_mixin.py:188} INFO - Downloaded TSLA/1770797162.json
[2026-02-11T09:12:14.729+0000] {logging_mixin.py:188} INFO - Downloaded TSLA/1770797173.json
[2026-02-11T09:12:14.738+0000] {python.py:237} INFO - Done. Returned value was: ['/opt/***/data/minio/1770795801.json', '/opt/***/data/minio/1770795811.json', '/opt/***/data/minio/1770795821.json', '/opt/***/data/minio/1770795832.json', '/opt/***/data/minio/1770795843.json', '/opt/***/data/minio/1770795854.json', '/opt/***/data/minio/1770795864.json', '/opt/***/data/minio/1770795875.json', '/opt/***/data/minio/1770795889.json', '/opt/***/data/minio/1770795899.json', '/opt/***/data/minio/1770795910.json', '/opt/***/data/minio/1770795920.json', '/opt/***/data/minio/1770795931.json', '/opt/***/data/minio/1770795942.json', '/opt/***/data/minio/1770795952.json', '/opt/***/data/minio/1770795962.json', '/opt/***/data/minio/1770795973.json', '/opt/***/data/minio/1770795984.json', '/opt/***/data/minio/1770795995.json', '/opt/***/data/minio/1770796006.json', '/opt/***/data/minio/1770796016.json', '/opt/***/data/minio/1770796027.json', '/opt/***/data/minio/1770796038.json', '/opt/***/data/minio/1770796048.json', '/opt/***/data/minio/1770796059.json', '/opt/***/data/minio/1770796069.json', '/opt/***/data/minio/1770796079.json', '/opt/***/data/minio/1770796091.json', '/opt/***/data/minio/1770796102.json', '/opt/***/data/minio/1770796113.json', '/opt/***/data/minio/1770796123.json', '/opt/***/data/minio/1770796133.json', '/opt/***/data/minio/1770796143.json', '/opt/***/data/minio/1770796156.json', '/opt/***/data/minio/1770796166.json', '/opt/***/data/minio/1770796178.json', '/opt/***/data/minio/1770796188.json', '/opt/***/data/minio/1770796200.json', '/opt/***/data/minio/1770796211.json', '/opt/***/data/minio/1770796222.json', '/opt/***/data/minio/1770796233.json', '/opt/***/data/minio/1770796243.json', '/opt/***/data/minio/1770796253.json', '/opt/***/data/minio/1770796264.json', '/opt/***/data/minio/1770796275.json', '/opt/***/data/minio/1770796286.json', '/opt/***/data/minio/1770796297.json', '/opt/***/data/minio/1770796307.json', '/opt/***/data/minio/1770796318.json', '/opt/***/data/minio/1770796328.json', '/opt/***/data/minio/1770796339.json', '/opt/***/data/minio/1770796350.json', '/opt/***/data/minio/1770796360.json', '/opt/***/data/minio/1770796371.json', '/opt/***/data/minio/1770796381.json', '/opt/***/data/minio/1770796392.json', '/opt/***/data/minio/1770796402.json', '/opt/***/data/minio/1770796413.json', '/opt/***/data/minio/1770796424.json', '/opt/***/data/minio/1770796435.json', '/opt/***/data/minio/1770796446.json', '/opt/***/data/minio/1770796456.json', '/opt/***/data/minio/1770796467.json', '/opt/***/data/minio/1770796478.json', '/opt/***/data/minio/1770796488.json', '/opt/***/data/minio/1770796499.json', '/opt/***/data/minio/1770796510.json', '/opt/***/data/minio/1770796521.json', '/opt/***/data/minio/1770796531.json', '/opt/***/data/minio/1770796541.json', '/opt/***/data/minio/1770796552.json', '/opt/***/data/minio/1770796562.json', '/opt/***/data/minio/1770796573.json', '/opt/***/data/minio/1770796584.json', '/opt/***/data/minio/1770796595.json', '/opt/***/data/minio/1770796606.json', '/opt/***/data/minio/1770796618.json', '/opt/***/data/minio/1770796628.json', '/opt/***/data/minio/1770796640.json', '/opt/***/data/minio/1770796650.json', '/opt/***/data/minio/1770796661.json', '/opt/***/data/minio/1770796672.json', '/opt/***/data/minio/1770796682.json', '/opt/***/data/minio/1770796693.json', '/opt/***/data/minio/1770796703.json', '/opt/***/data/minio/1770796714.json', '/opt/***/data/minio/1770796724.json', '/opt/***/data/minio/1770796735.json', '/opt/***/data/minio/1770796746.json', '/opt/***/data/minio/1770796757.json', '/opt/***/data/minio/1770796768.json', '/opt/***/data/minio/1770796780.json', '/opt/***/data/minio/1770796790.json', '/opt/***/data/minio/1770796801.json', '/opt/***/data/minio/1770796813.json', '/opt/***/data/minio/1770796823.json', '/opt/***/data/minio/1770796834.json', '/opt/***/data/minio/1770796844.json', '/opt/***/data/minio/1770796855.json', '/opt/***/data/minio/1770796866.json', '/opt/***/data/minio/1770796877.json', '/opt/***/data/minio/1770796887.json', '/opt/***/data/minio/1770796898.json', '/opt/***/data/minio/1770796909.json', '/opt/***/data/minio/1770796920.json', '/opt/***/data/minio/1770796930.json', '/opt/***/data/minio/1770796943.json', '/opt/***/data/minio/1770796954.json', '/opt/***/data/minio/1770796965.json', '/opt/***/data/minio/1770796976.json', '/opt/***/data/minio/1770796987.json', '/opt/***/data/minio/1770796998.json', '/opt/***/data/minio/1770797047.json', '/opt/***/data/minio/1770797059.json', '/opt/***/data/minio/1770797069.json', '/opt/***/data/minio/1770797082.json', '/opt/***/data/minio/1770797095.json', '/opt/***/data/minio/1770797106.json', '/opt/***/data/minio/1770797117.json', '/opt/***/data/minio/1770797128.json', '/opt/***/data/minio/1770797139.json', '/opt/***/data/minio/1770797149.json', '/opt/***/data/minio/1770797159.json', '/opt/***/data/minio/1770797171.json', '/opt/***/data/minio/1770795804.json', '/opt/***/data/minio/1770795815.json', '/opt/***/data/minio/1770795825.json', '/opt/***/data/minio/1770795836.json', '/opt/***/data/minio/1770795847.json', '/opt/***/data/minio/1770795857.json', '/opt/***/data/minio/1770795868.json', '/opt/***/data/minio/1770795882.json', '/opt/***/data/minio/1770795892.json', '/opt/***/data/minio/1770795903.json', '/opt/***/data/minio/1770795913.json', '/opt/***/data/minio/1770795924.json', '/opt/***/data/minio/1770795935.json', '/opt/***/data/minio/1770795945.json', '/opt/***/data/minio/1770795955.json', '/opt/***/data/minio/1770795966.json', '/opt/***/data/minio/1770795977.json', '/opt/***/data/minio/1770795988.json', '/opt/***/data/minio/1770795999.json', '/opt/***/data/minio/1770796009.json', '/opt/***/data/minio/1770796020.json', '/opt/***/data/minio/1770796031.json', '/opt/***/data/minio/1770796041.json', '/opt/***/data/minio/1770796052.json', '/opt/***/data/minio/1770796062.json', '/opt/***/data/minio/1770796072.json', '/opt/***/data/minio/1770796084.json', '/opt/***/data/minio/1770796095.json', '/opt/***/data/minio/1770796106.json', '/opt/***/data/minio/1770796116.json', '/opt/***/data/minio/1770796126.json', '/opt/***/data/minio/1770796136.json', '/opt/***/data/minio/1770796149.json', '/opt/***/data/minio/1770796159.json', '/opt/***/data/minio/1770796171.json', '/opt/***/data/minio/1770796181.json', '/opt/***/data/minio/1770796192.json', '/opt/***/data/minio/1770796204.json', '/opt/***/data/minio/1770796215.json', '/opt/***/data/minio/1770796226.json', '/opt/***/data/minio/1770796236.json', '/opt/***/data/minio/1770796247.json', '/opt/***/data/minio/1770796257.json', '/opt/***/data/minio/1770796268.json', '/opt/***/data/minio/1770796279.json', '/opt/***/data/minio/1770796290.json', '/opt/***/data/minio/1770796300.json', '/opt/***/data/minio/1770796311.json', '/opt/***/data/minio/1770796321.json', '/opt/***/data/minio/1770796332.json', '/opt/***/data/minio/1770796343.json', '/opt/***/data/minio/1770796353.json', '/opt/***/data/minio/1770796364.json', '/opt/***/data/minio/1770796375.json', '/opt/***/data/minio/1770796385.json', '/opt/***/data/minio/1770796396.json', '/opt/***/data/minio/1770796406.json', '/opt/***/data/minio/1770796417.json', '/opt/***/data/minio/1770796428.json', '/opt/***/data/minio/1770796438.json', '/opt/***/data/minio/1770796450.json', '/opt/***/data/minio/1770796460.json', '/opt/***/data/minio/1770796471.json', '/opt/***/data/minio/1770796481.json', '/opt/***/data/minio/1770796492.json', '/opt/***/data/minio/1770796503.json', '/opt/***/data/minio/1770796514.json', '/opt/***/data/minio/1770796524.json', '/opt/***/data/minio/1770796534.json', '/opt/***/data/minio/1770796545.json', '/opt/***/data/minio/1770796555.json', '/opt/***/data/minio/1770796566.json', '/opt/***/data/minio/1770796577.json', '/opt/***/data/minio/1770796588.json', '/opt/***/data/minio/1770796599.json', '/opt/***/data/minio/1770796611.json', '/opt/***/data/minio/1770796621.json', '/opt/***/data/minio/1770796633.json', '/opt/***/data/minio/1770796643.json', '/opt/***/data/minio/1770796654.json', '/opt/***/data/minio/1770796665.json', '/opt/***/data/minio/1770796675.json', '/opt/***/data/minio/1770796686.json', '/opt/***/data/minio/1770796696.json', '/opt/***/data/minio/1770796707.json', '/opt/***/data/minio/1770796717.json', '/opt/***/data/minio/1770796728.json', '/opt/***/data/minio/1770796739.json', '/opt/***/data/minio/1770796750.json', '/opt/***/data/minio/1770796762.json', '/opt/***/data/minio/1770796773.json', '/opt/***/data/minio/1770796783.json', '/opt/***/data/minio/1770796794.json', '/opt/***/data/minio/1770796806.json', '/opt/***/data/minio/1770796817.json', '/opt/***/data/minio/1770796827.json', '/opt/***/data/minio/1770796837.json', '/opt/***/data/minio/1770796848.json', '/opt/***/data/minio/1770796859.json', '/opt/***/data/minio/1770796870.json', '/opt/***/data/minio/1770796880.json', '/opt/***/data/minio/1770796891.json', '/opt/***/data/minio/1770796901.json', '/opt/***/data/minio/1770796913.json', '/opt/***/data/minio/1770796924.json', '/opt/***/data/minio/1770796937.json', '/opt/***/data/minio/1770796947.json', '/opt/***/data/minio/1770796958.json', '/opt/***/data/minio/1770796969.json', '/opt/***/data/minio/1770796980.json', '/opt/***/data/minio/1770796991.json', '/opt/***/data/minio/1770797002.json', '/opt/***/data/minio/1770797039.json', '/opt/***/data/minio/1770797052.json', '/opt/***/data/minio/1770797062.json', '/opt/***/data/minio/1770797074.json', '/opt/***/data/minio/1770797088.json', '/opt/***/data/minio/1770797099.json', '/opt/***/data/minio/1770797110.json', '/opt/***/data/minio/1770797121.json', '/opt/***/data/minio/1770797132.json', '/opt/***/data/minio/1770797142.json', '/opt/***/data/minio/1770797152.json', '/opt/***/data/minio/1770797164.json', '/opt/***/data/minio/1770797175.json', '/opt/***/data/minio/1770795803.json', '/opt/***/data/minio/1770795814.json', '/opt/***/data/minio/1770795824.json', '/opt/***/data/minio/1770795835.json', '/opt/***/data/minio/1770795846.json', '/opt/***/data/minio/1770795857.json', '/opt/***/data/minio/1770795867.json', '/opt/***/data/minio/1770795879.json', '/opt/***/data/minio/1770795891.json', '/opt/***/data/minio/1770795902.json', '/opt/***/data/minio/1770795912.json', '/opt/***/data/minio/1770795923.json', '/opt/***/data/minio/1770795934.json', '/opt/***/data/minio/1770795944.json', '/opt/***/data/minio/1770795954.json', '/opt/***/data/minio/1770795965.json', '/opt/***/data/minio/1770795976.json', '/opt/***/data/minio/1770795987.json', '/opt/***/data/minio/1770795998.json', '/opt/***/data/minio/1770796008.json', '/opt/***/data/minio/1770796019.json', '/opt/***/data/minio/1770796030.json', '/opt/***/data/minio/1770796040.json', '/opt/***/data/minio/1770796051.json', '/opt/***/data/minio/1770796061.json', '/opt/***/data/minio/1770796071.json', '/opt/***/data/minio/1770796083.json', '/opt/***/data/minio/1770796094.json', '/opt/***/data/minio/1770796105.json', '/opt/***/data/minio/1770796115.json', '/opt/***/data/minio/1770796125.json', '/opt/***/data/minio/1770796136.json', '/opt/***/data/minio/1770796147.json', '/opt/***/data/minio/1770796158.json', '/opt/***/data/minio/1770796170.json', '/opt/***/data/minio/1770796180.json', '/opt/***/data/minio/1770796191.json', '/opt/***/data/minio/1770796203.json', '/opt/***/data/minio/1770796214.json', '/opt/***/data/minio/1770796225.json', '/opt/***/data/minio/1770796236.json', '/opt/***/data/minio/1770796246.json', '/opt/***/data/minio/1770796256.json', '/opt/***/data/minio/1770796267.json', '/opt/***/data/minio/1770796277.json', '/opt/***/data/minio/1770796289.json', '/opt/***/data/minio/1770796299.json', '/opt/***/data/minio/1770796310.json', '/opt/***/data/minio/1770796321.json', '/opt/***/data/minio/1770796331.json', '/opt/***/data/minio/1770796342.json', '/opt/***/data/minio/1770796352.json', '/opt/***/data/minio/1770796363.json', '/opt/***/data/minio/1770796374.json', '/opt/***/data/minio/1770796384.json', '/opt/***/data/minio/1770796395.json', '/opt/***/data/minio/1770796406.json', '/opt/***/data/minio/1770796416.json', '/opt/***/data/minio/1770796427.json', '/opt/***/data/minio/1770796438.json', '/opt/***/data/minio/1770796449.json', '/opt/***/data/minio/1770796459.json', '/opt/***/data/minio/1770796470.json', '/opt/***/data/minio/1770796480.json', '/opt/***/data/minio/1770796491.json', '/opt/***/data/minio/1770796502.json', '/opt/***/data/minio/1770796513.json', '/opt/***/data/minio/1770796523.json', '/opt/***/data/minio/1770796534.json', '/opt/***/data/minio/1770796544.json', '/opt/***/data/minio/1770796554.json', '/opt/***/data/minio/1770796565.json', '/opt/***/data/minio/1770796576.json', '/opt/***/data/minio/1770796587.json', '/opt/***/data/minio/1770796598.json', '/opt/***/data/minio/1770796610.json', '/opt/***/data/minio/1770796620.json', '/opt/***/data/minio/1770796632.json', '/opt/***/data/minio/1770796642.json', '/opt/***/data/minio/1770796653.json', '/opt/***/data/minio/1770796664.json', '/opt/***/data/minio/1770796674.json', '/opt/***/data/minio/1770796685.json', '/opt/***/data/minio/1770796696.json', '/opt/***/data/minio/1770796706.json', '/opt/***/data/minio/1770796716.json', '/opt/***/data/minio/1770796727.json', '/opt/***/data/minio/1770796738.json', '/opt/***/data/minio/1770796749.json', '/opt/***/data/minio/1770796761.json', '/opt/***/data/minio/1770796772.json', '/opt/***/data/minio/1770796783.json', '/opt/***/data/minio/1770796793.json', '/opt/***/data/minio/1770796804.json', '/opt/***/data/minio/1770796815.json', '/opt/***/data/minio/1770796826.json', '/opt/***/data/minio/1770796837.json', '/opt/***/data/minio/1770796847.json', '/opt/***/data/minio/1770796858.json', '/opt/***/data/minio/1770796869.json', '/opt/***/data/minio/1770796879.json', '/opt/***/data/minio/1770796890.json', '/opt/***/data/minio/1770796900.json', '/opt/***/data/minio/1770796912.json', '/opt/***/data/minio/1770796923.json', '/opt/***/data/minio/1770796933.json', '/opt/***/data/minio/1770796946.json', '/opt/***/data/minio/1770796957.json', '/opt/***/data/minio/1770796968.json', '/opt/***/data/minio/1770796979.json', '/opt/***/data/minio/1770796990.json', '/opt/***/data/minio/1770797001.json', '/opt/***/data/minio/1770797037.json', '/opt/***/data/minio/1770797051.json', '/opt/***/data/minio/1770797061.json', '/opt/***/data/minio/1770797072.json', '/opt/***/data/minio/1770797087.json', '/opt/***/data/minio/1770797098.json', '/opt/***/data/minio/1770797109.json', '/opt/***/data/minio/1770797120.json', '/opt/***/data/minio/1770797131.json', '/opt/***/data/minio/1770797141.json', '/opt/***/data/minio/1770797151.json', '/opt/***/data/minio/1770797163.json', '/opt/***/data/minio/1770797174.json', '/opt/***/data/minio/1770795802.json', '/opt/***/data/minio/1770795812.json', '/opt/***/data/minio/1770795822.json', '/opt/***/data/minio/1770795833.json', '/opt/***/data/minio/1770795844.json', '/opt/***/data/minio/1770795855.json', '/opt/***/data/minio/1770795865.json', '/opt/***/data/minio/1770795876.json', '/opt/***/data/minio/1770795890.json', '/opt/***/data/minio/1770795900.json', '/opt/***/data/minio/1770795910.json', '/opt/***/data/minio/1770795921.json', '/opt/***/data/minio/1770795932.json', '/opt/***/data/minio/1770795942.json', '/opt/***/data/minio/1770795953.json', '/opt/***/data/minio/1770795963.json', '/opt/***/data/minio/1770795974.json', '/opt/***/data/minio/1770795985.json', '/opt/***/data/minio/1770795996.json', '/opt/***/data/minio/1770796007.json', '/opt/***/data/minio/1770796017.json', '/opt/***/data/minio/1770796028.json', '/opt/***/data/minio/1770796039.json', '/opt/***/data/minio/1770796049.json', '/opt/***/data/minio/1770796060.json', '/opt/***/data/minio/1770796070.json', '/opt/***/data/minio/1770796080.json', '/opt/***/data/minio/1770796092.json', '/opt/***/data/minio/1770796103.json', '/opt/***/data/minio/1770796113.json', '/opt/***/data/minio/1770796123.json', '/opt/***/data/minio/1770796134.json', '/opt/***/data/minio/1770796145.json', '/opt/***/data/minio/1770796157.json', '/opt/***/data/minio/1770796167.json', '/opt/***/data/minio/1770796179.json', '/opt/***/data/minio/1770796189.json', '/opt/***/data/minio/1770796201.json', '/opt/***/data/minio/1770796212.json', '/opt/***/data/minio/1770796223.json', '/opt/***/data/minio/1770796234.json', '/opt/***/data/minio/1770796244.json', '/opt/***/data/minio/1770796254.json', '/opt/***/data/minio/1770796265.json', '/opt/***/data/minio/1770796276.json', '/opt/***/data/minio/1770796287.json', '/opt/***/data/minio/1770796297.json', '/opt/***/data/minio/1770796308.json', '/opt/***/data/minio/1770796319.json', '/opt/***/data/minio/1770796329.json', '/opt/***/data/minio/1770796340.json', '/opt/***/data/minio/1770796351.json', '/opt/***/data/minio/1770796361.json', '/opt/***/data/minio/1770796372.json', '/opt/***/data/minio/1770796382.json', '/opt/***/data/minio/1770796393.json', '/opt/***/data/minio/1770796403.json', '/opt/***/data/minio/1770796414.json', '/opt/***/data/minio/1770796425.json', '/opt/***/data/minio/1770796435.json', '/opt/***/data/minio/1770796446.json', '/opt/***/data/minio/1770796457.json', '/opt/***/data/minio/1770796468.json', '/opt/***/data/minio/1770796478.json', '/opt/***/data/minio/1770796489.json', '/opt/***/data/minio/1770796500.json', '/opt/***/data/minio/1770796511.json', '/opt/***/data/minio/1770796521.json', '/opt/***/data/minio/1770796532.json', '/opt/***/data/minio/1770796542.json', '/opt/***/data/minio/1770796553.json', '/opt/***/data/minio/1770796563.json', '/opt/***/data/minio/1770796574.json', '/opt/***/data/minio/1770796585.json', '/opt/***/data/minio/1770796596.json', '/opt/***/data/minio/1770796607.json', '/opt/***/data/minio/1770796619.json', '/opt/***/data/minio/1770796629.json', '/opt/***/data/minio/1770796640.json', '/opt/***/data/minio/1770796651.json', '/opt/***/data/minio/1770796662.json', '/opt/***/data/minio/1770796672.json', '/opt/***/data/minio/1770796683.json', '/opt/***/data/minio/1770796694.json', '/opt/***/data/minio/1770796704.json', '/opt/***/data/minio/1770796714.json', '/opt/***/data/minio/1770796725.json', '/opt/***/data/minio/1770796736.json', '/opt/***/data/minio/1770796747.json', '/opt/***/data/minio/1770796758.json', '/opt/***/data/minio/1770796770.json', '/opt/***/data/minio/1770796780.json', '/opt/***/data/minio/1770796791.json', '/opt/***/data/minio/1770796802.json', '/opt/***/data/minio/1770796814.json', '/opt/***/data/minio/1770796824.json', '/opt/***/data/minio/1770796835.json', '/opt/***/data/minio/1770796845.json', '/opt/***/data/minio/1770796856.json', '/opt/***/data/minio/1770796867.json', '/opt/***/data/minio/1770796878.json', '/opt/***/data/minio/1770796888.json', '/opt/***/data/minio/1770796899.json', '/opt/***/data/minio/1770796910.json', '/opt/***/data/minio/1770796921.json', '/opt/***/data/minio/1770796932.json', '/opt/***/data/minio/1770796944.json', '/opt/***/data/minio/1770796955.json', '/opt/***/data/minio/1770796966.json', '/opt/***/data/minio/1770796977.json', '/opt/***/data/minio/1770796988.json', '/opt/***/data/minio/1770796999.json', '/opt/***/data/minio/1770797048.json', '/opt/***/data/minio/1770797059.json', '/opt/***/data/minio/1770797071.json', '/opt/***/data/minio/1770797083.json', '/opt/***/data/minio/1770797096.json', '/opt/***/data/minio/1770797107.json', '/opt/***/data/minio/1770797118.json', '/opt/***/data/minio/1770797129.json', '/opt/***/data/minio/1770797139.json', '/opt/***/data/minio/1770797150.json', '/opt/***/data/minio/1770797161.json', '/opt/***/data/minio/1770797172.json', '/opt/***/data/minio/1770795803.json', '/opt/***/data/minio/1770795813.json', '/opt/***/data/minio/1770795823.json', '/opt/***/data/minio/1770795834.json', '/opt/***/data/minio/1770795845.json', '/opt/***/data/minio/1770795856.json', '/opt/***/data/minio/1770795866.json', '/opt/***/data/minio/1770795878.json', '/opt/***/data/minio/1770795891.json', '/opt/***/data/minio/1770795901.json', '/opt/***/data/minio/1770795911.json', '/opt/***/data/minio/1770795922.json', '/opt/***/data/minio/1770795933.json', '/opt/***/data/minio/1770795943.json', '/opt/***/data/minio/1770795953.json', '/opt/***/data/minio/1770795964.json', '/opt/***/data/minio/1770795975.json', '/opt/***/data/minio/1770795986.json', '/opt/***/data/minio/1770795997.json', '/opt/***/data/minio/1770796007.json', '/opt/***/data/minio/1770796018.json', '/opt/***/data/minio/1770796029.json', '/opt/***/data/minio/1770796039.json', '/opt/***/data/minio/1770796050.json', '/opt/***/data/minio/1770796060.json', '/opt/***/data/minio/1770796071.json', '/opt/***/data/minio/1770796081.json', '/opt/***/data/minio/1770796093.json', '/opt/***/data/minio/1770796104.json', '/opt/***/data/minio/1770796114.json', '/opt/***/data/minio/1770796124.json', '/opt/***/data/minio/1770796135.json', '/opt/***/data/minio/1770796146.json', '/opt/***/data/minio/1770796157.json', '/opt/***/data/minio/1770796169.json', '/opt/***/data/minio/1770796180.json', '/opt/***/data/minio/1770796190.json', '/opt/***/data/minio/1770796202.json', '/opt/***/data/minio/1770796213.json', '/opt/***/data/minio/1770796224.json', '/opt/***/data/minio/1770796235.json', '/opt/***/data/minio/1770796245.json', '/opt/***/data/minio/1770796255.json', '/opt/***/data/minio/1770796266.json', '/opt/***/data/minio/1770796277.json', '/opt/***/data/minio/1770796288.json', '/opt/***/data/minio/1770796298.json', '/opt/***/data/minio/1770796309.json', '/opt/***/data/minio/1770796320.json', '/opt/***/data/minio/1770796330.json', '/opt/***/data/minio/1770796341.json', '/opt/***/data/minio/1770796352.json', '/opt/***/data/minio/1770796362.json', '/opt/***/data/minio/1770796373.json', '/opt/***/data/minio/1770796383.json', '/opt/***/data/minio/1770796394.json', '/opt/***/data/minio/1770796404.json', '/opt/***/data/minio/1770796415.json', '/opt/***/data/minio/1770796426.json', '/opt/***/data/minio/1770796437.json', '/opt/***/data/minio/1770796448.json', '/opt/***/data/minio/1770796458.json', '/opt/***/data/minio/1770796469.json', '/opt/***/data/minio/1770796479.json', '/opt/***/data/minio/1770796490.json', '/opt/***/data/minio/1770796501.json', '/opt/***/data/minio/1770796512.json', '/opt/***/data/minio/1770796522.json', '/opt/***/data/minio/1770796533.json', '/opt/***/data/minio/1770796543.json', '/opt/***/data/minio/1770796553.json', '/opt/***/data/minio/1770796564.json', '/opt/***/data/minio/1770796575.json', '/opt/***/data/minio/1770796586.json', '/opt/***/data/minio/1770796597.json', '/opt/***/data/minio/1770796609.json', '/opt/***/data/minio/1770796619.json', '/opt/***/data/minio/1770796630.json', '/opt/***/data/minio/1770796641.json', '/opt/***/data/minio/1770796652.json', '/opt/***/data/minio/1770796663.json', '/opt/***/data/minio/1770796673.json', '/opt/***/data/minio/1770796684.json', '/opt/***/data/minio/1770796695.json', '/opt/***/data/minio/1770796705.json', '/opt/***/data/minio/1770796715.json', '/opt/***/data/minio/1770796726.json', '/opt/***/data/minio/1770796737.json', '/opt/***/data/minio/1770796748.json', '/opt/***/data/minio/1770796760.json', '/opt/***/data/minio/1770796771.json', '/opt/***/data/minio/1770796781.json', '/opt/***/data/minio/1770796792.json', '/opt/***/data/minio/1770796803.json', '/opt/***/data/minio/1770796814.json', '/opt/***/data/minio/1770796825.json', '/opt/***/data/minio/1770796836.json', '/opt/***/data/minio/1770796846.json', '/opt/***/data/minio/1770796857.json', '/opt/***/data/minio/1770796868.json', '/opt/***/data/minio/1770796878.json', '/opt/***/data/minio/1770796889.json', '/opt/***/data/minio/1770796899.json', '/opt/***/data/minio/1770796911.json', '/opt/***/data/minio/1770796922.json', '/opt/***/data/minio/1770796932.json', '/opt/***/data/minio/1770796945.json', '/opt/***/data/minio/1770796956.json', '/opt/***/data/minio/1770796967.json', '/opt/***/data/minio/1770796978.json', '/opt/***/data/minio/1770796989.json', '/opt/***/data/minio/1770797000.json', '/opt/***/data/minio/1770797035.json', '/opt/***/data/minio/1770797049.json', '/opt/***/data/minio/1770797060.json', '/opt/***/data/minio/1770797072.json', '/opt/***/data/minio/1770797085.json', '/opt/***/data/minio/1770797097.json', '/opt/***/data/minio/1770797108.json', '/opt/***/data/minio/1770797119.json', '/opt/***/data/minio/1770797130.json', '/opt/***/data/minio/1770797140.json', '/opt/***/data/minio/1770797151.json', '/opt/***/data/minio/1770797162.json', '/opt/***/data/minio/1770797173.json']
[2026-02-11T09:12:14.777+0000] {taskinstance.py:441} INFO - ::group::Post task execution logs
[2026-02-11T09:12:14.978+0000] {taskinstance.py:1206} INFO - Marking task as SUCCESS. dag_id=minio_to_snowflake, task_id=download_minio, run_id=scheduled__2026-02-11T09:05:00+00:00, execution_date=20260211T090500, start_date=20260211T091157, end_date=20260211T091214
[2026-02-11T09:12:15.059+0000] {local_task_job_runner.py:243} INFO - Task exited with return code 0
[2026-02-11T09:12:15.140+0000] {taskinstance.py:3503} INFO - 1 downstream tasks scheduled from follow-on schedule check
[2026-02-11T09:12:15.145+0000] {local_task_job_runner.py:222} INFO - ::endgroup::
