[2026-02-11T08:28:41.811+0000] {local_task_job_runner.py:120} INFO - ::group::Pre task execution logs
[2026-02-11T08:28:41.897+0000] {taskinstance.py:2076} INFO - Dependencies all met for dep_context=non-requeueable deps ti=<TaskInstance: minio_to_snowflake.load_snowflake scheduled__2026-02-11T08:27:00+00:00 [queued]>
[2026-02-11T08:28:41.918+0000] {taskinstance.py:2076} INFO - Dependencies all met for dep_context=requeueable deps ti=<TaskInstance: minio_to_snowflake.load_snowflake scheduled__2026-02-11T08:27:00+00:00 [queued]>
[2026-02-11T08:28:41.920+0000] {taskinstance.py:2306} INFO - Starting attempt 1 of 2
[2026-02-11T08:28:41.952+0000] {taskinstance.py:2330} INFO - Executing <Task(PythonOperator): load_snowflake> on 2026-02-11 08:27:00+00:00
[2026-02-11T08:28:41.977+0000] {logging_mixin.py:188} WARNING - /home/***/.local/lib/python3.12/site-packages/***/task/task_runner/standard_task_runner.py:62 DeprecationWarning: This process (pid=56624) is multi-threaded, use of fork() may lead to deadlocks in the child.
[2026-02-11T08:28:41.981+0000] {standard_task_runner.py:64} INFO - Started process 56667 to run task
[2026-02-11T08:28:41.979+0000] {standard_task_runner.py:90} INFO - Running: ['***', 'tasks', 'run', 'minio_to_snowflake', 'load_snowflake', 'scheduled__2026-02-11T08:27:00+00:00', '--job-id', '1085', '--raw', '--subdir', 'DAGS_FOLDER/minio_to_snowflake.py', '--cfg-path', '/tmp/tmpjdderc63']
[2026-02-11T08:28:41.986+0000] {standard_task_runner.py:91} INFO - Job 1085: Subtask load_snowflake
[2026-02-11T08:28:42.190+0000] {task_command.py:426} INFO - Running <TaskInstance: minio_to_snowflake.load_snowflake scheduled__2026-02-11T08:27:00+00:00 [running]> on host 6729b10e6876
[2026-02-11T08:28:42.453+0000] {taskinstance.py:2648} INFO - Exporting env vars: AIRFLOW_CTX_DAG_OWNER='***' AIRFLOW_CTX_DAG_ID='minio_to_snowflake' AIRFLOW_CTX_TASK_ID='load_snowflake' AIRFLOW_CTX_EXECUTION_DATE='2026-02-11T08:27:00+00:00' AIRFLOW_CTX_TRY_NUMBER='1' AIRFLOW_CTX_DAG_RUN_ID='scheduled__2026-02-11T08:27:00+00:00'
[2026-02-11T08:28:42.455+0000] {taskinstance.py:430} INFO - ::endgroup::
[2026-02-11T08:28:42.528+0000] {connection.py:408} INFO - Snowflake Connector for Python Version: 3.11.0, Python Version: 3.12.4, Platform: Linux-6.6.87.2-microsoft-standard-WSL2-x86_64-with-glibc2.36
[2026-02-11T08:28:42.530+0000] {connection.py:1258} INFO - This connection is in OCSP Fail Open Mode. TLS Certificates would be checked for validity and revocation status. Any other Certificate Revocation related exceptions or OCSP Responder failures would be disregarded in favor of connectivity.
[2026-02-11T08:32:59.290+0000] {connectionpool.py:824} WARNING - Retrying (Retry(total=0, connect=None, read=None, redirect=None, status=None)) after connection broken by 'NewConnectionError('<snowflake.connector.vendored.urllib3.connection.HTTPSConnection object at 0x7bbf4eaf3dd0>: Failed to establish a new connection: [Errno -3] Temporary failure in name resolution')': /?accelerate
[2026-02-11T08:33:55.348+0000] {storage_client.py:318} WARNING - GET with url b'https://sfc-sg-ds1-178-customer-stage.s3.amazonaws.com/?accelerate' failed for transient error: HTTPSConnectionPool(host='sfc-sg-ds1-178-customer-stage.s3.amazonaws.com', port=443): Max retries exceeded with url: /?accelerate (Caused by NewConnectionError('<snowflake.connector.vendored.urllib3.connection.HTTPSConnection object at 0x7bbf4eb15fd0>: Failed to establish a new connection: [Errno -3] Temporary failure in name resolution'))
[2026-02-11T08:34:29.532+0000] {connectionpool.py:824} WARNING - Retrying (Retry(total=0, connect=None, read=None, redirect=None, status=None)) after connection broken by 'NewConnectionError('<snowflake.connector.vendored.urllib3.connection.HTTPSConnection object at 0x7bbf4eb15460>: Failed to establish a new connection: [Errno -3] Temporary failure in name resolution')': /?accelerate
[2026-02-11T08:36:20.199+0000] {connectionpool.py:824} WARNING - Retrying (Retry(total=0, connect=None, read=None, redirect=None, status=None)) after connection broken by 'NewConnectionError('<snowflake.connector.vendored.urllib3.connection.HTTPSConnection object at 0x7bbf4eb14a70>: Failed to establish a new connection: [Errno -3] Temporary failure in name resolution')': /?accelerate
[2026-02-11T08:36:31.838+0000] {storage_client.py:318} WARNING - GET with url b'https://sfc-sg-ds1-178-customer-stage.s3.amazonaws.com/?accelerate' failed for transient error: HTTPSConnectionPool(host='sfc-sg-ds1-178-customer-stage.s3.amazonaws.com', port=443): Max retries exceeded with url: /?accelerate (Caused by NewConnectionError('<snowflake.connector.vendored.urllib3.connection.HTTPSConnection object at 0x7bbf4ea1ae40>: Failed to establish a new connection: [Errno -3] Temporary failure in name resolution'))
[2026-02-11T08:36:48.800+0000] {connectionpool.py:824} WARNING - Retrying (Retry(total=0, connect=None, read=None, redirect=None, status=None)) after connection broken by 'NewConnectionError('<snowflake.connector.vendored.urllib3.connection.HTTPSConnection object at 0x7bbf4ea1a8d0>: Failed to establish a new connection: [Errno -3] Temporary failure in name resolution')': /?accelerate
[2026-02-11T08:37:48.061+0000] {connectionpool.py:824} WARNING - Retrying (Retry(total=0, connect=None, read=None, redirect=None, status=None)) after connection broken by 'ProtocolError('Connection aborted.', RemoteDisconnected('Remote end closed connection without response'))': /ev2g1000-s/tables/83986378761/1770797151.json.gz
[2026-02-11T08:37:54.020+0000] {cursor.py:1149} INFO - Number of results in first chunk: 1
[2026-02-11T08:37:54.043+0000] {connection.py:773} INFO - closed
[2026-02-11T08:37:54.229+0000] {connection.py:779} INFO - No async queries seem to be running, deleting session
[2026-02-11T08:37:54.482+0000] {python.py:237} INFO - Done. Returned value was: None
[2026-02-11T08:37:54.490+0000] {taskinstance.py:441} INFO - ::group::Post task execution logs
[2026-02-11T08:37:54.738+0000] {taskinstance.py:1206} INFO - Marking task as SUCCESS. dag_id=minio_to_snowflake, task_id=load_snowflake, run_id=scheduled__2026-02-11T08:27:00+00:00, execution_date=20260211T082700, start_date=20260211T082841, end_date=20260211T083754
[2026-02-11T08:37:55.121+0000] {local_task_job_runner.py:243} INFO - Task exited with return code 0
[2026-02-11T08:37:55.626+0000] {taskinstance.py:3503} INFO - 0 downstream tasks scheduled from follow-on schedule check
[2026-02-11T08:37:55.630+0000] {local_task_job_runner.py:222} INFO - ::endgroup::
