[2026-02-17T05:57:08.019+0000] {local_task_job_runner.py:120} INFO - ::group::Pre task execution logs
[2026-02-17T05:57:08.192+0000] {taskinstance.py:2076} INFO - Dependencies all met for dep_context=non-requeueable deps ti=<TaskInstance: minio_to_snowflake.load_snowflake scheduled__2026-02-16T06:33:00+00:00 [queued]>
[2026-02-17T05:57:08.221+0000] {taskinstance.py:2076} INFO - Dependencies all met for dep_context=requeueable deps ti=<TaskInstance: minio_to_snowflake.load_snowflake scheduled__2026-02-16T06:33:00+00:00 [queued]>
[2026-02-17T05:57:08.224+0000] {taskinstance.py:2306} INFO - Starting attempt 2 of 2
[2026-02-17T05:57:08.276+0000] {taskinstance.py:2330} INFO - Executing <Task(PythonOperator): load_snowflake> on 2026-02-16 06:33:00+00:00
[2026-02-17T05:57:08.325+0000] {logging_mixin.py:188} WARNING - /home/***/.local/lib/python3.12/site-packages/***/task/task_runner/standard_task_runner.py:62 DeprecationWarning: This process (pid=172) is multi-threaded, use of fork() may lead to deadlocks in the child.
[2026-02-17T05:57:08.314+0000] {standard_task_runner.py:90} INFO - Running: ['***', 'tasks', 'run', 'minio_to_snowflake', 'load_snowflake', 'scheduled__2026-02-16T06:33:00+00:00', '--job-id', '1462', '--raw', '--subdir', 'DAGS_FOLDER/minio_to_snowflake.py', '--cfg-path', '/tmp/tmpl69qqhv3']
[2026-02-17T05:57:08.337+0000] {standard_task_runner.py:91} INFO - Job 1462: Subtask load_snowflake
[2026-02-17T05:57:08.328+0000] {standard_task_runner.py:64} INFO - Started process 196 to run task
[2026-02-17T05:57:08.699+0000] {task_command.py:426} INFO - Running <TaskInstance: minio_to_snowflake.load_snowflake scheduled__2026-02-16T06:33:00+00:00 [running]> on host 353dfeb821e2
[2026-02-17T05:57:09.295+0000] {taskinstance.py:2648} INFO - Exporting env vars: AIRFLOW_CTX_DAG_OWNER='***' AIRFLOW_CTX_DAG_ID='minio_to_snowflake' AIRFLOW_CTX_TASK_ID='load_snowflake' AIRFLOW_CTX_EXECUTION_DATE='2026-02-16T06:33:00+00:00' AIRFLOW_CTX_TRY_NUMBER='2' AIRFLOW_CTX_DAG_RUN_ID='scheduled__2026-02-16T06:33:00+00:00'
[2026-02-17T05:57:09.303+0000] {taskinstance.py:430} INFO - ::endgroup::
[2026-02-17T05:57:09.626+0000] {connection.py:408} INFO - Snowflake Connector for Python Version: 3.11.0, Python Version: 3.12.4, Platform: Linux-6.6.87.2-microsoft-standard-WSL2-x86_64-with-glibc2.36
[2026-02-17T05:57:09.628+0000] {connection.py:1258} INFO - This connection is in OCSP Fail Open Mode. TLS Certificates would be checked for validity and revocation status. Any other Certificate Revocation related exceptions or OCSP Responder failures would be disregarded in favor of connectivity.
[2026-02-17T05:57:10.547+0000] {logging_mixin.py:188} INFO - Uploading /opt/***/data/minio/1771221446.json to Snowflake stage...
[2026-02-17T05:57:16.919+0000] {logging_mixin.py:188} INFO - Uploading /opt/***/data/minio/1771221459.json to Snowflake stage...
[2026-02-17T05:57:17.475+0000] {logging_mixin.py:188} INFO - Uploading /opt/***/data/minio/1771221471.json to Snowflake stage...
[2026-02-17T05:57:18.049+0000] {logging_mixin.py:188} INFO - Uploading /opt/***/data/minio/1771221483.json to Snowflake stage...
[2026-02-17T05:57:18.529+0000] {logging_mixin.py:188} INFO - Uploading /opt/***/data/minio/1771221496.json to Snowflake stage...
[2026-02-17T05:57:19.173+0000] {logging_mixin.py:188} INFO - Uploading /opt/***/data/minio/1771221508.json to Snowflake stage...
[2026-02-17T05:57:19.653+0000] {logging_mixin.py:188} INFO - Uploading /opt/***/data/minio/1771221522.json to Snowflake stage...
[2026-02-17T05:57:20.274+0000] {logging_mixin.py:188} INFO - Uploading /opt/***/data/minio/1771221533.json to Snowflake stage...
[2026-02-17T05:57:20.910+0000] {logging_mixin.py:188} INFO - Uploading /opt/***/data/minio/1771221545.json to Snowflake stage...
[2026-02-17T05:57:21.468+0000] {logging_mixin.py:188} INFO - Uploading /opt/***/data/minio/1771221557.json to Snowflake stage...
[2026-02-17T05:57:22.101+0000] {logging_mixin.py:188} INFO - Uploading /opt/***/data/minio/1771221568.json to Snowflake stage...
[2026-02-17T05:57:22.739+0000] {logging_mixin.py:188} INFO - Uploading /opt/***/data/minio/1771221580.json to Snowflake stage...
[2026-02-17T05:57:23.303+0000] {logging_mixin.py:188} INFO - Uploading /opt/***/data/minio/1771221592.json to Snowflake stage...
[2026-02-17T05:57:23.945+0000] {logging_mixin.py:188} INFO - Uploading /opt/***/data/minio/1771221603.json to Snowflake stage...
[2026-02-17T05:57:24.556+0000] {logging_mixin.py:188} INFO - Uploading /opt/***/data/minio/1771221615.json to Snowflake stage...
[2026-02-17T05:57:25.314+0000] {logging_mixin.py:188} INFO - Uploading /opt/***/data/minio/1771221627.json to Snowflake stage...
[2026-02-17T05:57:25.933+0000] {logging_mixin.py:188} INFO - Uploading /opt/***/data/minio/1771221639.json to Snowflake stage...
[2026-02-17T05:57:26.583+0000] {logging_mixin.py:188} INFO - Uploading /opt/***/data/minio/1771221650.json to Snowflake stage...
[2026-02-17T05:57:27.153+0000] {logging_mixin.py:188} INFO - Uploading /opt/***/data/minio/1771221661.json to Snowflake stage...
[2026-02-17T05:57:27.751+0000] {logging_mixin.py:188} INFO - Uploading /opt/***/data/minio/1771221673.json to Snowflake stage...
[2026-02-17T05:57:28.344+0000] {logging_mixin.py:188} INFO - Uploading /opt/***/data/minio/1771221686.json to Snowflake stage...
[2026-02-17T05:57:28.865+0000] {logging_mixin.py:188} INFO - Uploading /opt/***/data/minio/1771221698.json to Snowflake stage...
[2026-02-17T05:57:29.335+0000] {logging_mixin.py:188} INFO - Uploading /opt/***/data/minio/1771221709.json to Snowflake stage...
[2026-02-17T05:57:29.826+0000] {logging_mixin.py:188} INFO - Uploading /opt/***/data/minio/1771221720.json to Snowflake stage...
[2026-02-17T05:57:30.359+0000] {logging_mixin.py:188} INFO - Uploading /opt/***/data/minio/1771221733.json to Snowflake stage...
[2026-02-17T05:57:30.977+0000] {logging_mixin.py:188} INFO - Uploading /opt/***/data/minio/1771221744.json to Snowflake stage...
[2026-02-17T05:57:31.553+0000] {logging_mixin.py:188} INFO - Uploading /opt/***/data/minio/1771221757.json to Snowflake stage...
[2026-02-17T05:57:32.057+0000] {logging_mixin.py:188} INFO - Uploading /opt/***/data/minio/1771221768.json to Snowflake stage...
[2026-02-17T05:57:32.580+0000] {logging_mixin.py:188} INFO - Uploading /opt/***/data/minio/1771221779.json to Snowflake stage...
[2026-02-17T05:57:33.126+0000] {logging_mixin.py:188} INFO - Uploading /opt/***/data/minio/1771221792.json to Snowflake stage...
[2026-02-17T05:57:33.684+0000] {logging_mixin.py:188} INFO - Uploading /opt/***/data/minio/1771221807.json to Snowflake stage...
[2026-02-17T05:57:34.206+0000] {logging_mixin.py:188} INFO - Uploading /opt/***/data/minio/1771221820.json to Snowflake stage...
[2026-02-17T05:57:34.768+0000] {logging_mixin.py:188} INFO - Uploading /opt/***/data/minio/1771221831.json to Snowflake stage...
[2026-02-17T05:57:35.566+0000] {logging_mixin.py:188} INFO - Uploading /opt/***/data/minio/1771221843.json to Snowflake stage...
[2026-02-17T05:57:37.423+0000] {logging_mixin.py:188} INFO - Uploading /opt/***/data/minio/1771221858.json to Snowflake stage...
[2026-02-17T05:57:37.943+0000] {logging_mixin.py:188} INFO - Uploading /opt/***/data/minio/1771221871.json to Snowflake stage...
[2026-02-17T05:57:38.503+0000] {logging_mixin.py:188} INFO - Uploading /opt/***/data/minio/1771221883.json to Snowflake stage...
[2026-02-17T05:57:39.181+0000] {logging_mixin.py:188} INFO - Uploading /opt/***/data/minio/1771221895.json to Snowflake stage...
[2026-02-17T05:57:39.789+0000] {logging_mixin.py:188} INFO - Uploading /opt/***/data/minio/1771221906.json to Snowflake stage...
[2026-02-17T05:57:40.661+0000] {logging_mixin.py:188} INFO - Uploading /opt/***/data/minio/1771221918.json to Snowflake stage...
[2026-02-17T05:57:41.195+0000] {logging_mixin.py:188} INFO - Uploading /opt/***/data/minio/1771221930.json to Snowflake stage...
[2026-02-17T05:57:41.718+0000] {logging_mixin.py:188} INFO - Uploading /opt/***/data/minio/1771221941.json to Snowflake stage...
[2026-02-17T05:57:42.498+0000] {logging_mixin.py:188} INFO - Uploading /opt/***/data/minio/1771221953.json to Snowflake stage...
[2026-02-17T05:57:43.232+0000] {logging_mixin.py:188} INFO - Uploading /opt/***/data/minio/1771221965.json to Snowflake stage...
[2026-02-17T05:57:43.803+0000] {logging_mixin.py:188} INFO - Uploading /opt/***/data/minio/1771221976.json to Snowflake stage...
[2026-02-17T05:57:44.329+0000] {logging_mixin.py:188} INFO - Uploading /opt/***/data/minio/1771221988.json to Snowflake stage...
[2026-02-17T05:57:44.853+0000] {logging_mixin.py:188} INFO - Uploading /opt/***/data/minio/1771222104.json to Snowflake stage...
[2026-02-17T05:57:45.463+0000] {logging_mixin.py:188} INFO - Uploading /opt/***/data/minio/1771222116.json to Snowflake stage...
[2026-02-17T05:57:46.710+0000] {logging_mixin.py:188} INFO - Uploading /opt/***/data/minio/1771222127.json to Snowflake stage...
[2026-02-17T05:57:47.352+0000] {logging_mixin.py:188} INFO - Uploading /opt/***/data/minio/1771222139.json to Snowflake stage...
[2026-02-17T05:57:48.040+0000] {logging_mixin.py:188} INFO - Uploading /opt/***/data/minio/1771222151.json to Snowflake stage...
[2026-02-17T05:57:48.589+0000] {logging_mixin.py:188} INFO - Uploading /opt/***/data/minio/1771222164.json to Snowflake stage...
[2026-02-17T05:57:49.285+0000] {logging_mixin.py:188} INFO - Uploading /opt/***/data/minio/1771222205.json to Snowflake stage...
[2026-02-17T05:57:49.840+0000] {logging_mixin.py:188} INFO - Uploading /opt/***/data/minio/1771222217.json to Snowflake stage...
[2026-02-17T05:57:50.702+0000] {logging_mixin.py:188} INFO - Uploading /opt/***/data/minio/1771222230.json to Snowflake stage...
[2026-02-17T05:57:51.313+0000] {logging_mixin.py:188} INFO - Uploading /opt/***/data/minio/1771222241.json to Snowflake stage...
[2026-02-17T05:57:51.922+0000] {logging_mixin.py:188} INFO - Uploading /opt/***/data/minio/1771222252.json to Snowflake stage...
[2026-02-17T05:57:52.430+0000] {logging_mixin.py:188} INFO - Uploading /opt/***/data/minio/1771222263.json to Snowflake stage...
[2026-02-17T05:57:53.080+0000] {logging_mixin.py:188} INFO - Uploading /opt/***/data/minio/1771222275.json to Snowflake stage...
[2026-02-17T05:57:53.670+0000] {logging_mixin.py:188} INFO - Uploading /opt/***/data/minio/1771222286.json to Snowflake stage...
[2026-02-17T05:57:54.417+0000] {logging_mixin.py:188} INFO - Uploading /opt/***/data/minio/1771222298.json to Snowflake stage...
[2026-02-17T05:57:54.959+0000] {logging_mixin.py:188} INFO - Uploading /opt/***/data/minio/1771222309.json to Snowflake stage...
[2026-02-17T05:57:55.545+0000] {logging_mixin.py:188} INFO - Uploading /opt/***/data/minio/1771222320.json to Snowflake stage...
[2026-02-17T05:57:56.096+0000] {logging_mixin.py:188} INFO - Uploading /opt/***/data/minio/1771222331.json to Snowflake stage...
[2026-02-17T05:57:56.735+0000] {logging_mixin.py:188} INFO - Uploading /opt/***/data/minio/1771222344.json to Snowflake stage...
[2026-02-17T05:57:57.378+0000] {logging_mixin.py:188} INFO - Uploading /opt/***/data/minio/1771222355.json to Snowflake stage...
[2026-02-17T05:57:57.948+0000] {logging_mixin.py:188} INFO - Uploading /opt/***/data/minio/1771222367.json to Snowflake stage...
[2026-02-17T05:57:59.845+0000] {logging_mixin.py:188} INFO - Uploading /opt/***/data/minio/1771222377.json to Snowflake stage...
[2026-02-17T05:58:00.385+0000] {logging_mixin.py:188} INFO - Uploading /opt/***/data/minio/1771222388.json to Snowflake stage...
[2026-02-17T05:58:00.911+0000] {logging_mixin.py:188} INFO - Uploading /opt/***/data/minio/1771222400.json to Snowflake stage...
[2026-02-17T05:58:01.419+0000] {logging_mixin.py:188} INFO - Uploading /opt/***/data/minio/1771222412.json to Snowflake stage...
[2026-02-17T05:58:02.185+0000] {logging_mixin.py:188} INFO - Uploading /opt/***/data/minio/1771222451.json to Snowflake stage...
[2026-02-17T05:58:02.906+0000] {logging_mixin.py:188} INFO - Uploading /opt/***/data/minio/1771222463.json to Snowflake stage...
[2026-02-17T05:58:03.897+0000] {logging_mixin.py:188} INFO - Uploading /opt/***/data/minio/1771222476.json to Snowflake stage...
[2026-02-17T05:58:04.853+0000] {logging_mixin.py:188} INFO - Uploading /opt/***/data/minio/1771222487.json to Snowflake stage...
[2026-02-17T05:58:05.813+0000] {logging_mixin.py:188} INFO - Uploading /opt/***/data/minio/1771222532.json to Snowflake stage...
[2026-02-17T05:58:06.604+0000] {logging_mixin.py:188} INFO - Uploading /opt/***/data/minio/1771222545.json to Snowflake stage...
[2026-02-17T05:58:07.386+0000] {logging_mixin.py:188} INFO - Uploading /opt/***/data/minio/1771222557.json to Snowflake stage...
[2026-02-17T05:58:08.618+0000] {logging_mixin.py:188} INFO - Uploading /opt/***/data/minio/1771222569.json to Snowflake stage...
[2026-02-17T05:58:09.443+0000] {logging_mixin.py:188} INFO - Uploading /opt/***/data/minio/1771222581.json to Snowflake stage...
[2026-02-17T05:58:10.428+0000] {logging_mixin.py:188} INFO - Uploading /opt/***/data/minio/1771222592.json to Snowflake stage...
[2026-02-17T05:58:11.460+0000] {logging_mixin.py:188} INFO - Uploading /opt/***/data/minio/1771222604.json to Snowflake stage...
[2026-02-17T05:58:12.529+0000] {logging_mixin.py:188} INFO - Uploading /opt/***/data/minio/1771222617.json to Snowflake stage...
[2026-02-17T05:58:13.408+0000] {logging_mixin.py:188} INFO - Uploading /opt/***/data/minio/1771222630.json to Snowflake stage...
[2026-02-17T05:58:14.570+0000] {logging_mixin.py:188} INFO - Uploading /opt/***/data/minio/1771222645.json to Snowflake stage...
[2026-02-17T05:58:15.753+0000] {logging_mixin.py:188} INFO - Uploading /opt/***/data/minio/1771222694.json to Snowflake stage...
[2026-02-17T05:58:16.659+0000] {logging_mixin.py:188} INFO - Uploading /opt/***/data/minio/1771222710.json to Snowflake stage...
[2026-02-17T05:58:17.910+0000] {logging_mixin.py:188} INFO - Uploading /opt/***/data/minio/1771222721.json to Snowflake stage...
[2026-02-17T05:58:18.787+0000] {logging_mixin.py:188} INFO - Uploading /opt/***/data/minio/1771222733.json to Snowflake stage...
[2026-02-17T05:58:19.716+0000] {logging_mixin.py:188} INFO - Uploading /opt/***/data/minio/1771222745.json to Snowflake stage...
[2026-02-17T05:58:20.565+0000] {logging_mixin.py:188} INFO - Uploading /opt/***/data/minio/1771222756.json to Snowflake stage...
[2026-02-17T05:58:21.378+0000] {logging_mixin.py:188} INFO - Uploading /opt/***/data/minio/1771222772.json to Snowflake stage...
[2026-02-17T05:58:22.248+0000] {logging_mixin.py:188} INFO - Uploading /opt/***/data/minio/1771222788.json to Snowflake stage...
[2026-02-17T05:58:23.384+0000] {logging_mixin.py:188} INFO - Uploading /opt/***/data/minio/1771222810.json to Snowflake stage...
[2026-02-17T05:58:24.324+0000] {logging_mixin.py:188} INFO - Uploading /opt/***/data/minio/1771222857.json to Snowflake stage...
[2026-02-17T05:58:25.489+0000] {logging_mixin.py:188} INFO - Uploading /opt/***/data/minio/1771222869.json to Snowflake stage...
[2026-02-17T05:58:26.455+0000] {logging_mixin.py:188} INFO - Uploading /opt/***/data/minio/1771222881.json to Snowflake stage...
[2026-02-17T05:58:27.584+0000] {logging_mixin.py:188} INFO - Uploading /opt/***/data/minio/1771222895.json to Snowflake stage...
[2026-02-17T05:58:28.553+0000] {logging_mixin.py:188} INFO - Uploading /opt/***/data/minio/1771222909.json to Snowflake stage...
[2026-02-17T05:58:29.551+0000] {logging_mixin.py:188} INFO - Uploading /opt/***/data/minio/1771222923.json to Snowflake stage...
[2026-02-17T05:58:30.364+0000] {logging_mixin.py:188} INFO - Uploading /opt/***/data/minio/1771222935.json to Snowflake stage...
[2026-02-17T05:58:33.595+0000] {logging_mixin.py:188} INFO - Uploading /opt/***/data/minio/1771222953.json to Snowflake stage...
[2026-02-17T05:58:34.526+0000] {logging_mixin.py:188} INFO - Uploading /opt/***/data/minio/1771222968.json to Snowflake stage...
[2026-02-17T05:58:35.664+0000] {logging_mixin.py:188} INFO - Uploading /opt/***/data/minio/1771222979.json to Snowflake stage...
[2026-02-17T05:58:36.315+0000] {logging_mixin.py:188} INFO - Uploading /opt/***/data/minio/1771222989.json to Snowflake stage...
[2026-02-17T05:58:37.281+0000] {logging_mixin.py:188} INFO - Uploading /opt/***/data/minio/1771223000.json to Snowflake stage...
[2026-02-17T05:58:38.332+0000] {logging_mixin.py:188} INFO - Uploading /opt/***/data/minio/1771223010.json to Snowflake stage...
[2026-02-17T05:58:39.432+0000] {logging_mixin.py:188} INFO - Uploading /opt/***/data/minio/1771223021.json to Snowflake stage...
[2026-02-17T05:58:40.404+0000] {logging_mixin.py:188} INFO - Uploading /opt/***/data/minio/1771223032.json to Snowflake stage...
[2026-02-17T05:58:41.495+0000] {logging_mixin.py:188} INFO - Uploading /opt/***/data/minio/1771223044.json to Snowflake stage...
[2026-02-17T05:58:42.544+0000] {logging_mixin.py:188} INFO - Uploading /opt/***/data/minio/1771223058.json to Snowflake stage...
[2026-02-17T05:58:43.924+0000] {logging_mixin.py:188} INFO - Uploading /opt/***/data/minio/1771223068.json to Snowflake stage...
[2026-02-17T05:58:45.598+0000] {logging_mixin.py:188} INFO - Uploading /opt/***/data/minio/1771223290.json to Snowflake stage...
[2026-02-17T05:58:46.725+0000] {logging_mixin.py:188} INFO - Uploading /opt/***/data/minio/1771223381.json to Snowflake stage...
[2026-02-17T05:58:48.008+0000] {logging_mixin.py:188} INFO - Uploading /opt/***/data/minio/1771223394.json to Snowflake stage...
[2026-02-17T05:58:49.036+0000] {logging_mixin.py:188} INFO - Uploading /opt/***/data/minio/1771223405.json to Snowflake stage...
[2026-02-17T05:58:50.002+0000] {logging_mixin.py:188} INFO - Uploading /opt/***/data/minio/1771223417.json to Snowflake stage...
[2026-02-17T05:58:51.278+0000] {logging_mixin.py:188} INFO - Uploading /opt/***/data/minio/1771223429.json to Snowflake stage...
[2026-02-17T05:58:52.259+0000] {logging_mixin.py:188} INFO - Uploading /opt/***/data/minio/1771223439.json to Snowflake stage...
[2026-02-17T05:58:53.580+0000] {logging_mixin.py:188} INFO - Uploading /opt/***/data/minio/1771223449.json to Snowflake stage...
[2026-02-17T05:58:54.673+0000] {logging_mixin.py:188} INFO - Uploading /opt/***/data/minio/1771223460.json to Snowflake stage...
[2026-02-17T05:58:55.393+0000] {logging_mixin.py:188} INFO - Uploading /opt/***/data/minio/1771223471.json to Snowflake stage...
[2026-02-17T05:58:56.150+0000] {logging_mixin.py:188} INFO - Uploading /opt/***/data/minio/1771223484.json to Snowflake stage...
[2026-02-17T05:58:56.768+0000] {logging_mixin.py:188} INFO - Uploading /opt/***/data/minio/1771223494.json to Snowflake stage...
[2026-02-17T05:58:57.454+0000] {logging_mixin.py:188} INFO - Uploading /opt/***/data/minio/1771223505.json to Snowflake stage...
[2026-02-17T05:58:58.174+0000] {logging_mixin.py:188} INFO - Uploading /opt/***/data/minio/1771223516.json to Snowflake stage...
[2026-02-17T05:58:59.340+0000] {logging_mixin.py:188} INFO - Uploading /opt/***/data/minio/1771223527.json to Snowflake stage...
[2026-02-17T05:59:00.485+0000] {logging_mixin.py:188} INFO - Uploading /opt/***/data/minio/1771223538.json to Snowflake stage...
[2026-02-17T05:59:01.237+0000] {logging_mixin.py:188} INFO - Uploading /opt/***/data/minio/1771223548.json to Snowflake stage...
[2026-02-17T05:59:02.383+0000] {logging_mixin.py:188} INFO - Uploading /opt/***/data/minio/1771223559.json to Snowflake stage...
[2026-02-17T05:59:03.292+0000] {logging_mixin.py:188} INFO - Uploading /opt/***/data/minio/1771223569.json to Snowflake stage...
[2026-02-17T05:59:04.144+0000] {logging_mixin.py:188} INFO - Uploading /opt/***/data/minio/1771223580.json to Snowflake stage...
[2026-02-17T05:59:05.029+0000] {logging_mixin.py:188} INFO - Uploading /opt/***/data/minio/1771223593.json to Snowflake stage...
[2026-02-17T05:59:06.220+0000] {logging_mixin.py:188} INFO - Uploading /opt/***/data/minio/1771223607.json to Snowflake stage...
[2026-02-17T05:59:08.423+0000] {logging_mixin.py:188} INFO - Uploading /opt/***/data/minio/1771223620.json to Snowflake stage...
[2026-02-17T05:59:09.416+0000] {logging_mixin.py:188} INFO - Uploading /opt/***/data/minio/1771223630.json to Snowflake stage...
[2026-02-17T05:59:10.150+0000] {logging_mixin.py:188} INFO - Uploading /opt/***/data/minio/1771223642.json to Snowflake stage...
[2026-02-17T05:59:11.267+0000] {logging_mixin.py:188} INFO - Uploading /opt/***/data/minio/1771223655.json to Snowflake stage...
[2026-02-17T05:59:12.438+0000] {logging_mixin.py:188} INFO - Uploading /opt/***/data/minio/1771223674.json to Snowflake stage...
[2026-02-17T05:59:13.261+0000] {logging_mixin.py:188} INFO - Uploading /opt/***/data/minio/1771223686.json to Snowflake stage...
[2026-02-17T05:59:14.483+0000] {logging_mixin.py:188} INFO - Uploading /opt/***/data/minio/1771223699.json to Snowflake stage...
[2026-02-17T05:59:15.629+0000] {logging_mixin.py:188} INFO - Uploading /opt/***/data/minio/1771221451.json to Snowflake stage...
[2026-02-17T05:59:16.905+0000] {logging_mixin.py:188} INFO - Uploading /opt/***/data/minio/1771221463.json to Snowflake stage...
[2026-02-17T05:59:17.825+0000] {logging_mixin.py:188} INFO - Uploading /opt/***/data/minio/1771221476.json to Snowflake stage...
[2026-02-17T05:59:18.856+0000] {logging_mixin.py:188} INFO - Uploading /opt/***/data/minio/1771221489.json to Snowflake stage...
[2026-02-17T05:59:19.848+0000] {logging_mixin.py:188} INFO - Uploading /opt/***/data/minio/1771221501.json to Snowflake stage...
[2026-02-17T05:59:20.695+0000] {logging_mixin.py:188} INFO - Uploading /opt/***/data/minio/1771221513.json to Snowflake stage...
[2026-02-17T05:59:21.401+0000] {logging_mixin.py:188} INFO - Uploading /opt/***/data/minio/1771221526.json to Snowflake stage...
[2026-02-17T05:59:22.365+0000] {logging_mixin.py:188} INFO - Uploading /opt/***/data/minio/1771221538.json to Snowflake stage...
[2026-02-17T05:59:23.283+0000] {logging_mixin.py:188} INFO - Uploading /opt/***/data/minio/1771221550.json to Snowflake stage...
[2026-02-17T05:59:24.239+0000] {logging_mixin.py:188} INFO - Uploading /opt/***/data/minio/1771221561.json to Snowflake stage...
[2026-02-17T05:59:26.585+0000] {logging_mixin.py:188} INFO - Uploading /opt/***/data/minio/1771221573.json to Snowflake stage...
[2026-02-17T05:59:27.065+0000] {logging_mixin.py:188} INFO - Uploading /opt/***/data/minio/1771221585.json to Snowflake stage...
[2026-02-17T05:59:27.609+0000] {logging_mixin.py:188} INFO - Uploading /opt/***/data/minio/1771221596.json to Snowflake stage...
[2026-02-17T05:59:28.152+0000] {logging_mixin.py:188} INFO - Uploading /opt/***/data/minio/1771221608.json to Snowflake stage...
[2026-02-17T05:59:28.614+0000] {logging_mixin.py:188} INFO - Uploading /opt/***/data/minio/1771221620.json to Snowflake stage...
[2026-02-17T05:59:29.120+0000] {logging_mixin.py:188} INFO - Uploading /opt/***/data/minio/1771221631.json to Snowflake stage...
[2026-02-17T05:59:29.662+0000] {logging_mixin.py:188} INFO - Uploading /opt/***/data/minio/1771221643.json to Snowflake stage...
[2026-02-17T05:59:30.268+0000] {logging_mixin.py:188} INFO - Uploading /opt/***/data/minio/1771221654.json to Snowflake stage...
[2026-02-17T05:59:30.855+0000] {logging_mixin.py:188} INFO - Uploading /opt/***/data/minio/1771221666.json to Snowflake stage...
[2026-02-17T05:59:31.451+0000] {logging_mixin.py:188} INFO - Uploading /opt/***/data/minio/1771221678.json to Snowflake stage...
[2026-02-17T05:59:32.010+0000] {logging_mixin.py:188} INFO - Uploading /opt/***/data/minio/1771221690.json to Snowflake stage...
[2026-02-17T05:59:32.659+0000] {logging_mixin.py:188} INFO - Uploading /opt/***/data/minio/1771221702.json to Snowflake stage...
[2026-02-17T05:59:33.225+0000] {logging_mixin.py:188} INFO - Uploading /opt/***/data/minio/1771221713.json to Snowflake stage...
[2026-02-17T05:59:33.769+0000] {logging_mixin.py:188} INFO - Uploading /opt/***/data/minio/1771221726.json to Snowflake stage...
[2026-02-17T05:59:34.345+0000] {logging_mixin.py:188} INFO - Uploading /opt/***/data/minio/1771221737.json to Snowflake stage...
[2026-02-17T05:59:34.981+0000] {logging_mixin.py:188} INFO - Uploading /opt/***/data/minio/1771221750.json to Snowflake stage...
[2026-02-17T05:59:36.004+0000] {logging_mixin.py:188} INFO - Uploading /opt/***/data/minio/1771221761.json to Snowflake stage...
[2026-02-17T05:59:36.457+0000] {logging_mixin.py:188} INFO - Uploading /opt/***/data/minio/1771221772.json to Snowflake stage...
[2026-02-17T05:59:36.944+0000] {logging_mixin.py:188} INFO - Uploading /opt/***/data/minio/1771221784.json to Snowflake stage...
[2026-02-17T05:59:37.442+0000] {logging_mixin.py:188} INFO - Uploading /opt/***/data/minio/1771221800.json to Snowflake stage...
[2026-02-17T05:59:37.908+0000] {logging_mixin.py:188} INFO - Uploading /opt/***/data/minio/1771221812.json to Snowflake stage...
[2026-02-17T05:59:38.508+0000] {logging_mixin.py:188} INFO - Uploading /opt/***/data/minio/1771221824.json to Snowflake stage...
[2026-02-17T05:59:39.033+0000] {logging_mixin.py:188} INFO - Uploading /opt/***/data/minio/1771221836.json to Snowflake stage...
[2026-02-17T05:59:39.531+0000] {logging_mixin.py:188} INFO - Uploading /opt/***/data/minio/1771221851.json to Snowflake stage...
[2026-02-17T05:59:40.027+0000] {logging_mixin.py:188} INFO - Uploading /opt/***/data/minio/1771221864.json to Snowflake stage...
[2026-02-17T05:59:40.580+0000] {logging_mixin.py:188} INFO - Uploading /opt/***/data/minio/1771221875.json to Snowflake stage...
[2026-02-17T05:59:41.140+0000] {logging_mixin.py:188} INFO - Uploading /opt/***/data/minio/1771221887.json to Snowflake stage...
[2026-02-17T05:59:41.772+0000] {logging_mixin.py:188} INFO - Uploading /opt/***/data/minio/1771221899.json to Snowflake stage...
[2026-02-17T05:59:42.297+0000] {logging_mixin.py:188} INFO - Uploading /opt/***/data/minio/1771221911.json to Snowflake stage...
[2026-02-17T05:59:42.808+0000] {logging_mixin.py:188} INFO - Uploading /opt/***/data/minio/1771221923.json to Snowflake stage...
[2026-02-17T05:59:43.310+0000] {logging_mixin.py:188} INFO - Uploading /opt/***/data/minio/1771221934.json to Snowflake stage...
[2026-02-17T05:59:43.824+0000] {logging_mixin.py:188} INFO - Uploading /opt/***/data/minio/1771221946.json to Snowflake stage...
[2026-02-17T05:59:44.427+0000] {logging_mixin.py:188} INFO - Uploading /opt/***/data/minio/1771221957.json to Snowflake stage...
[2026-02-17T05:59:45.635+0000] {logging_mixin.py:188} INFO - Uploading /opt/***/data/minio/1771221969.json to Snowflake stage...
[2026-02-17T05:59:46.191+0000] {logging_mixin.py:188} INFO - Uploading /opt/***/data/minio/1771221981.json to Snowflake stage...
[2026-02-17T05:59:46.838+0000] {logging_mixin.py:188} INFO - Uploading /opt/***/data/minio/1771222097.json to Snowflake stage...
[2026-02-17T05:59:47.388+0000] {logging_mixin.py:188} INFO - Uploading /opt/***/data/minio/1771222108.json to Snowflake stage...
[2026-02-17T05:59:47.959+0000] {logging_mixin.py:188} INFO - Uploading /opt/***/data/minio/1771222120.json to Snowflake stage...
[2026-02-17T05:59:48.668+0000] {logging_mixin.py:188} INFO - Uploading /opt/***/data/minio/1771222132.json to Snowflake stage...
[2026-02-17T05:59:49.188+0000] {logging_mixin.py:188} INFO - Uploading /opt/***/data/minio/1771222144.json to Snowflake stage...
[2026-02-17T05:59:49.694+0000] {logging_mixin.py:188} INFO - Uploading /opt/***/data/minio/1771222157.json to Snowflake stage...
[2026-02-17T05:59:50.177+0000] {logging_mixin.py:188} INFO - Uploading /opt/***/data/minio/1771222198.json to Snowflake stage...
[2026-02-17T05:59:50.667+0000] {logging_mixin.py:188} INFO - Uploading /opt/***/data/minio/1771222210.json to Snowflake stage...
[2026-02-17T05:59:51.219+0000] {logging_mixin.py:188} INFO - Uploading /opt/***/data/minio/1771222223.json to Snowflake stage...
[2026-02-17T05:59:51.855+0000] {logging_mixin.py:188} INFO - Uploading /opt/***/data/minio/1771222233.json to Snowflake stage...
[2026-02-17T05:59:52.422+0000] {logging_mixin.py:188} INFO - Uploading /opt/***/data/minio/1771222245.json to Snowflake stage...
[2026-02-17T05:59:52.991+0000] {logging_mixin.py:188} INFO - Uploading /opt/***/data/minio/1771222256.json to Snowflake stage...
[2026-02-17T05:59:53.588+0000] {logging_mixin.py:188} INFO - Uploading /opt/***/data/minio/1771222268.json to Snowflake stage...
[2026-02-17T05:59:54.052+0000] {logging_mixin.py:188} INFO - Uploading /opt/***/data/minio/1771222279.json to Snowflake stage...
[2026-02-17T05:59:54.582+0000] {logging_mixin.py:188} INFO - Uploading /opt/***/data/minio/1771222291.json to Snowflake stage...
[2026-02-17T05:59:55.556+0000] {logging_mixin.py:188} INFO - Uploading /opt/***/data/minio/1771222302.json to Snowflake stage...
[2026-02-17T05:59:56.183+0000] {logging_mixin.py:188} INFO - Uploading /opt/***/data/minio/1771222313.json to Snowflake stage...
[2026-02-17T05:59:56.747+0000] {logging_mixin.py:188} INFO - Uploading /opt/***/data/minio/1771222324.json to Snowflake stage...
[2026-02-17T05:59:57.381+0000] {logging_mixin.py:188} INFO - Uploading /opt/***/data/minio/1771222336.json to Snowflake stage...
[2026-02-17T05:59:57.921+0000] {logging_mixin.py:188} INFO - Uploading /opt/***/data/minio/1771222348.json to Snowflake stage...
[2026-02-17T05:59:58.585+0000] {logging_mixin.py:188} INFO - Uploading /opt/***/data/minio/1771222359.json to Snowflake stage...
[2026-02-17T05:59:59.135+0000] {logging_mixin.py:188} INFO - Uploading /opt/***/data/minio/1771222370.json to Snowflake stage...
[2026-02-17T05:59:59.708+0000] {logging_mixin.py:188} INFO - Uploading /opt/***/data/minio/1771222381.json to Snowflake stage...
[2026-02-17T06:00:00.304+0000] {logging_mixin.py:188} INFO - Uploading /opt/***/data/minio/1771222393.json to Snowflake stage...
[2026-02-17T06:00:00.826+0000] {logging_mixin.py:188} INFO - Uploading /opt/***/data/minio/1771222404.json to Snowflake stage...
[2026-02-17T06:00:01.454+0000] {logging_mixin.py:188} INFO - Uploading /opt/***/data/minio/1771222444.json to Snowflake stage...
[2026-02-17T06:00:02.108+0000] {logging_mixin.py:188} INFO - Uploading /opt/***/data/minio/1771222456.json to Snowflake stage...
[2026-02-17T06:00:02.998+0000] {logging_mixin.py:188} INFO - Uploading /opt/***/data/minio/1771222467.json to Snowflake stage...
[2026-02-17T06:00:03.705+0000] {logging_mixin.py:188} INFO - Uploading /opt/***/data/minio/1771222480.json to Snowflake stage...
[2026-02-17T06:00:04.364+0000] {logging_mixin.py:188} INFO - Uploading /opt/***/data/minio/1771222525.json to Snowflake stage...
[2026-02-17T06:00:04.976+0000] {logging_mixin.py:188} INFO - Uploading /opt/***/data/minio/1771222537.json to Snowflake stage...
[2026-02-17T06:00:05.593+0000] {logging_mixin.py:188} INFO - Uploading /opt/***/data/minio/1771222550.json to Snowflake stage...
[2026-02-17T06:00:06.129+0000] {logging_mixin.py:188} INFO - Uploading /opt/***/data/minio/1771222562.json to Snowflake stage...
[2026-02-17T06:00:06.711+0000] {logging_mixin.py:188} INFO - Uploading /opt/***/data/minio/1771222574.json to Snowflake stage...
[2026-02-17T06:00:07.251+0000] {logging_mixin.py:188} INFO - Uploading /opt/***/data/minio/1771222585.json to Snowflake stage...
[2026-02-17T06:00:07.782+0000] {logging_mixin.py:188} INFO - Uploading /opt/***/data/minio/1771222597.json to Snowflake stage...
[2026-02-17T06:00:08.561+0000] {logging_mixin.py:188} INFO - Uploading /opt/***/data/minio/1771222610.json to Snowflake stage...
[2026-02-17T06:00:09.415+0000] {logging_mixin.py:188} INFO - Uploading /opt/***/data/minio/1771222623.json to Snowflake stage...
[2026-02-17T06:00:10.295+0000] {logging_mixin.py:188} INFO - Uploading /opt/***/data/minio/1771222636.json to Snowflake stage...
[2026-02-17T06:00:10.984+0000] {logging_mixin.py:188} INFO - Uploading /opt/***/data/minio/1771222686.json to Snowflake stage...
[2026-02-17T06:00:12.819+0000] {logging_mixin.py:188} INFO - Uploading /opt/***/data/minio/1771222702.json to Snowflake stage...
[2026-02-17T06:00:13.459+0000] {logging_mixin.py:188} INFO - Uploading /opt/***/data/minio/1771222714.json to Snowflake stage...
[2026-02-17T06:00:14.997+0000] {logging_mixin.py:188} INFO - Uploading /opt/***/data/minio/1771222726.json to Snowflake stage...
[2026-02-17T06:00:15.690+0000] {logging_mixin.py:188} INFO - Uploading /opt/***/data/minio/1771222738.json to Snowflake stage...
[2026-02-17T06:00:16.288+0000] {logging_mixin.py:188} INFO - Uploading /opt/***/data/minio/1771222749.json to Snowflake stage...
[2026-02-17T06:00:16.920+0000] {logging_mixin.py:188} INFO - Uploading /opt/***/data/minio/1771222765.json to Snowflake stage...
[2026-02-17T06:00:17.643+0000] {logging_mixin.py:188} INFO - Uploading /opt/***/data/minio/1771222780.json to Snowflake stage...
[2026-02-17T06:00:19.179+0000] {logging_mixin.py:188} INFO - Uploading /opt/***/data/minio/1771222802.json to Snowflake stage...
[2026-02-17T06:00:20.635+0000] {logging_mixin.py:188} INFO - Uploading /opt/***/data/minio/1771222850.json to Snowflake stage...
[2026-02-17T06:00:21.310+0000] {logging_mixin.py:188} INFO - Uploading /opt/***/data/minio/1771222862.json to Snowflake stage...
[2026-02-17T06:00:21.931+0000] {logging_mixin.py:188} INFO - Uploading /opt/***/data/minio/1771222873.json to Snowflake stage...
[2026-02-17T06:00:23.418+0000] {logging_mixin.py:188} INFO - Uploading /opt/***/data/minio/1771222888.json to Snowflake stage...
[2026-02-17T06:00:24.695+0000] {logging_mixin.py:188} INFO - Uploading /opt/***/data/minio/1771222901.json to Snowflake stage...
[2026-02-17T06:00:25.990+0000] {logging_mixin.py:188} INFO - Uploading /opt/***/data/minio/1771222916.json to Snowflake stage...
[2026-02-17T06:00:27.285+0000] {logging_mixin.py:188} INFO - Uploading /opt/***/data/minio/1771222928.json to Snowflake stage...
[2026-02-17T06:00:27.824+0000] {logging_mixin.py:188} INFO - Uploading /opt/***/data/minio/1771222939.json to Snowflake stage...
[2026-02-17T06:00:28.415+0000] {logging_mixin.py:188} INFO - Uploading /opt/***/data/minio/1771222960.json to Snowflake stage...
[2026-02-17T06:00:28.952+0000] {logging_mixin.py:188} INFO - Uploading /opt/***/data/minio/1771222972.json to Snowflake stage...
[2026-02-17T06:00:29.637+0000] {logging_mixin.py:188} INFO - Uploading /opt/***/data/minio/1771222982.json to Snowflake stage...
[2026-02-17T06:00:30.275+0000] {logging_mixin.py:188} INFO - Uploading /opt/***/data/minio/1771222993.json to Snowflake stage...
[2026-02-17T06:00:31.076+0000] {logging_mixin.py:188} INFO - Uploading /opt/***/data/minio/1771223003.json to Snowflake stage...
[2026-02-17T06:00:32.186+0000] {logging_mixin.py:188} INFO - Uploading /opt/***/data/minio/1771223014.json to Snowflake stage...
[2026-02-17T06:00:33.661+0000] {logging_mixin.py:188} INFO - Uploading /opt/***/data/minio/1771223025.json to Snowflake stage...
[2026-02-17T06:00:34.257+0000] {logging_mixin.py:188} INFO - Uploading /opt/***/data/minio/1771223037.json to Snowflake stage...
[2026-02-17T06:00:34.836+0000] {logging_mixin.py:188} INFO - Uploading /opt/***/data/minio/1771223050.json to Snowflake stage...
[2026-02-17T06:00:35.402+0000] {logging_mixin.py:188} INFO - Uploading /opt/***/data/minio/1771223061.json to Snowflake stage...
[2026-02-17T06:00:36.027+0000] {logging_mixin.py:188} INFO - Uploading /opt/***/data/minio/1771223195.json to Snowflake stage...
[2026-02-17T06:00:36.650+0000] {logging_mixin.py:188} INFO - Uploading /opt/***/data/minio/1771223374.json to Snowflake stage...
[2026-02-17T06:00:37.279+0000] {logging_mixin.py:188} INFO - Uploading /opt/***/data/minio/1771223387.json to Snowflake stage...
[2026-02-17T06:00:37.904+0000] {logging_mixin.py:188} INFO - Uploading /opt/***/data/minio/1771223398.json to Snowflake stage...
[2026-02-17T06:00:38.524+0000] {logging_mixin.py:188} INFO - Uploading /opt/***/data/minio/1771223410.json to Snowflake stage...
[2026-02-17T06:00:39.165+0000] {logging_mixin.py:188} INFO - Uploading /opt/***/data/minio/1771223421.json to Snowflake stage...
[2026-02-17T06:00:39.899+0000] {logging_mixin.py:188} INFO - Uploading /opt/***/data/minio/1771223432.json to Snowflake stage...
[2026-02-17T06:00:40.594+0000] {logging_mixin.py:188} INFO - Uploading /opt/***/data/minio/1771223443.json to Snowflake stage...
[2026-02-17T06:00:41.319+0000] {logging_mixin.py:188} INFO - Uploading /opt/***/data/minio/1771223453.json to Snowflake stage...
[2026-02-17T06:00:41.943+0000] {logging_mixin.py:188} INFO - Uploading /opt/***/data/minio/1771223464.json to Snowflake stage...
[2026-02-17T06:00:42.597+0000] {logging_mixin.py:188} INFO - Uploading /opt/***/data/minio/1771223477.json to Snowflake stage...
[2026-02-17T06:00:43.298+0000] {logging_mixin.py:188} INFO - Uploading /opt/***/data/minio/1771223487.json to Snowflake stage...
[2026-02-17T06:00:44.041+0000] {logging_mixin.py:188} INFO - Uploading /opt/***/data/minio/1771223498.json to Snowflake stage...
[2026-02-17T06:00:44.591+0000] {logging_mixin.py:188} INFO - Uploading /opt/***/data/minio/1771223509.json to Snowflake stage...
[2026-02-17T06:00:45.212+0000] {logging_mixin.py:188} INFO - Uploading /opt/***/data/minio/1771223521.json to Snowflake stage...
[2026-02-17T06:00:46.238+0000] {logging_mixin.py:188} INFO - Uploading /opt/***/data/minio/1771223531.json to Snowflake stage...
[2026-02-17T06:00:46.886+0000] {logging_mixin.py:188} INFO - Uploading /opt/***/data/minio/1771223541.json to Snowflake stage...
[2026-02-17T06:00:48.048+0000] {logging_mixin.py:188} INFO - Uploading /opt/***/data/minio/1771223552.json to Snowflake stage...
[2026-02-17T06:00:48.756+0000] {logging_mixin.py:188} INFO - Uploading /opt/***/data/minio/1771223562.json to Snowflake stage...
[2026-02-17T06:00:49.236+0000] {logging_mixin.py:188} INFO - Uploading /opt/***/data/minio/1771223573.json to Snowflake stage...
[2026-02-17T06:00:50.233+0000] {logging_mixin.py:188} INFO - Uploading /opt/***/data/minio/1771223586.json to Snowflake stage...
[2026-02-17T06:00:50.799+0000] {logging_mixin.py:188} INFO - Uploading /opt/***/data/minio/1771223599.json to Snowflake stage...
[2026-02-17T06:00:51.332+0000] {logging_mixin.py:188} INFO - Uploading /opt/***/data/minio/1771223612.json to Snowflake stage...
[2026-02-17T06:00:52.050+0000] {logging_mixin.py:188} INFO - Uploading /opt/***/data/minio/1771223623.json to Snowflake stage...
[2026-02-17T06:00:52.680+0000] {logging_mixin.py:188} INFO - Uploading /opt/***/data/minio/1771223635.json to Snowflake stage...
[2026-02-17T06:00:53.298+0000] {logging_mixin.py:188} INFO - Uploading /opt/***/data/minio/1771223648.json to Snowflake stage...
[2026-02-17T06:00:53.868+0000] {logging_mixin.py:188} INFO - Uploading /opt/***/data/minio/1771223659.json to Snowflake stage...
[2026-02-17T06:00:54.550+0000] {logging_mixin.py:188} INFO - Uploading /opt/***/data/minio/1771223679.json to Snowflake stage...
[2026-02-17T06:00:55.320+0000] {logging_mixin.py:188} INFO - Uploading /opt/***/data/minio/1771223691.json to Snowflake stage...
[2026-02-17T06:00:56.020+0000] {logging_mixin.py:188} INFO - Uploading /opt/***/data/minio/1771221450.json to Snowflake stage...
[2026-02-17T06:00:56.767+0000] {logging_mixin.py:188} INFO - Uploading /opt/***/data/minio/1771221462.json to Snowflake stage...
[2026-02-17T06:00:57.876+0000] {logging_mixin.py:188} INFO - Uploading /opt/***/data/minio/1771221475.json to Snowflake stage...
[2026-02-17T06:00:58.639+0000] {logging_mixin.py:188} INFO - Uploading /opt/***/data/minio/1771221488.json to Snowflake stage...
[2026-02-17T06:00:59.395+0000] {logging_mixin.py:188} INFO - Uploading /opt/***/data/minio/1771221500.json to Snowflake stage...
[2026-02-17T06:01:00.115+0000] {logging_mixin.py:188} INFO - Uploading /opt/***/data/minio/1771221512.json to Snowflake stage...
[2026-02-17T06:01:00.831+0000] {logging_mixin.py:188} INFO - Uploading /opt/***/data/minio/1771221525.json to Snowflake stage...
[2026-02-17T06:01:01.408+0000] {logging_mixin.py:188} INFO - Uploading /opt/***/data/minio/1771221537.json to Snowflake stage...
[2026-02-17T06:01:02.060+0000] {logging_mixin.py:188} INFO - Uploading /opt/***/data/minio/1771221549.json to Snowflake stage...
[2026-02-17T06:01:03.303+0000] {logging_mixin.py:188} INFO - Uploading /opt/***/data/minio/1771221560.json to Snowflake stage...
[2026-02-17T06:01:04.281+0000] {logging_mixin.py:188} INFO - Uploading /opt/***/data/minio/1771221571.json to Snowflake stage...
[2026-02-17T06:01:04.862+0000] {logging_mixin.py:188} INFO - Uploading /opt/***/data/minio/1771221583.json to Snowflake stage...
[2026-02-17T06:01:05.560+0000] {logging_mixin.py:188} INFO - Uploading /opt/***/data/minio/1771221595.json to Snowflake stage...
[2026-02-17T06:01:06.132+0000] {logging_mixin.py:188} INFO - Uploading /opt/***/data/minio/1771221607.json to Snowflake stage...
[2026-02-17T06:01:06.752+0000] {logging_mixin.py:188} INFO - Uploading /opt/***/data/minio/1771221619.json to Snowflake stage...
[2026-02-17T06:01:07.313+0000] {logging_mixin.py:188} INFO - Uploading /opt/***/data/minio/1771221630.json to Snowflake stage...
[2026-02-17T06:01:07.841+0000] {logging_mixin.py:188} INFO - Uploading /opt/***/data/minio/1771221642.json to Snowflake stage...
[2026-02-17T06:01:08.544+0000] {logging_mixin.py:188} INFO - Uploading /opt/***/data/minio/1771221653.json to Snowflake stage...
[2026-02-17T06:01:09.227+0000] {logging_mixin.py:188} INFO - Uploading /opt/***/data/minio/1771221665.json to Snowflake stage...
[2026-02-17T06:01:09.947+0000] {logging_mixin.py:188} INFO - Uploading /opt/***/data/minio/1771221677.json to Snowflake stage...
[2026-02-17T06:01:11.033+0000] {logging_mixin.py:188} INFO - Uploading /opt/***/data/minio/1771221689.json to Snowflake stage...
[2026-02-17T06:01:11.737+0000] {logging_mixin.py:188} INFO - Uploading /opt/***/data/minio/1771221701.json to Snowflake stage...
[2026-02-17T06:01:12.445+0000] {logging_mixin.py:188} INFO - Uploading /opt/***/data/minio/1771221712.json to Snowflake stage...
[2026-02-17T06:01:13.071+0000] {logging_mixin.py:188} INFO - Uploading /opt/***/data/minio/1771221724.json to Snowflake stage...
[2026-02-17T06:01:14.328+0000] {logging_mixin.py:188} INFO - Uploading /opt/***/data/minio/1771221736.json to Snowflake stage...
[2026-02-17T06:01:14.921+0000] {logging_mixin.py:188} INFO - Uploading /opt/***/data/minio/1771221748.json to Snowflake stage...
[2026-02-17T06:01:15.537+0000] {logging_mixin.py:188} INFO - Uploading /opt/***/data/minio/1771221760.json to Snowflake stage...
[2026-02-17T06:01:16.098+0000] {logging_mixin.py:188} INFO - Uploading /opt/***/data/minio/1771221771.json to Snowflake stage...
[2026-02-17T06:01:16.759+0000] {logging_mixin.py:188} INFO - Uploading /opt/***/data/minio/1771221783.json to Snowflake stage...
[2026-02-17T06:01:17.406+0000] {logging_mixin.py:188} INFO - Uploading /opt/***/data/minio/1771221799.json to Snowflake stage...
[2026-02-17T06:01:18.123+0000] {logging_mixin.py:188} INFO - Uploading /opt/***/data/minio/1771221811.json to Snowflake stage...
[2026-02-17T06:01:18.684+0000] {logging_mixin.py:188} INFO - Uploading /opt/***/data/minio/1771221823.json to Snowflake stage...
[2026-02-17T06:01:19.292+0000] {logging_mixin.py:188} INFO - Uploading /opt/***/data/minio/1771221835.json to Snowflake stage...
[2026-02-17T06:01:19.902+0000] {logging_mixin.py:188} INFO - Uploading /opt/***/data/minio/1771221850.json to Snowflake stage...
[2026-02-17T06:01:20.533+0000] {logging_mixin.py:188} INFO - Uploading /opt/***/data/minio/1771221862.json to Snowflake stage...
[2026-02-17T06:01:21.234+0000] {logging_mixin.py:188} INFO - Uploading /opt/***/data/minio/1771221874.json to Snowflake stage...
[2026-02-17T06:01:21.945+0000] {logging_mixin.py:188} INFO - Uploading /opt/***/data/minio/1771221886.json to Snowflake stage...
[2026-02-17T06:01:22.622+0000] {logging_mixin.py:188} INFO - Uploading /opt/***/data/minio/1771221898.json to Snowflake stage...
[2026-02-17T06:01:23.422+0000] {logging_mixin.py:188} INFO - Uploading /opt/***/data/minio/1771221910.json to Snowflake stage...
[2026-02-17T06:01:24.282+0000] {logging_mixin.py:188} INFO - Uploading /opt/***/data/minio/1771221921.json to Snowflake stage...
[2026-02-17T06:01:24.986+0000] {logging_mixin.py:188} INFO - Uploading /opt/***/data/minio/1771221933.json to Snowflake stage...
[2026-02-17T06:01:25.578+0000] {logging_mixin.py:188} INFO - Uploading /opt/***/data/minio/1771221945.json to Snowflake stage...
[2026-02-17T06:01:26.173+0000] {logging_mixin.py:188} INFO - Uploading /opt/***/data/minio/1771221957.json to Snowflake stage...
[2026-02-17T06:01:26.889+0000] {logging_mixin.py:188} INFO - Uploading /opt/***/data/minio/1771221968.json to Snowflake stage...
[2026-02-17T06:01:27.479+0000] {logging_mixin.py:188} INFO - Uploading /opt/***/data/minio/1771221980.json to Snowflake stage...
[2026-02-17T06:01:28.316+0000] {logging_mixin.py:188} INFO - Uploading /opt/***/data/minio/1771222084.json to Snowflake stage...
[2026-02-17T06:01:28.922+0000] {logging_mixin.py:188} INFO - Uploading /opt/***/data/minio/1771222107.json to Snowflake stage...
[2026-02-17T06:01:29.463+0000] {logging_mixin.py:188} INFO - Uploading /opt/***/data/minio/1771222119.json to Snowflake stage...
[2026-02-17T06:01:30.014+0000] {logging_mixin.py:188} INFO - Uploading /opt/***/data/minio/1771222131.json to Snowflake stage...
[2026-02-17T06:01:30.665+0000] {logging_mixin.py:188} INFO - Uploading /opt/***/data/minio/1771222143.json to Snowflake stage...
[2026-02-17T06:01:31.234+0000] {logging_mixin.py:188} INFO - Uploading /opt/***/data/minio/1771222156.json to Snowflake stage...
[2026-02-17T06:01:31.962+0000] {logging_mixin.py:188} INFO - Uploading /opt/***/data/minio/1771222197.json to Snowflake stage...
[2026-02-17T06:01:32.597+0000] {logging_mixin.py:188} INFO - Uploading /opt/***/data/minio/1771222209.json to Snowflake stage...
[2026-02-17T06:01:34.527+0000] {logging_mixin.py:188} INFO - Uploading /opt/***/data/minio/1771222221.json to Snowflake stage...
[2026-02-17T06:01:35.062+0000] {logging_mixin.py:188} INFO - Uploading /opt/***/data/minio/1771222232.json to Snowflake stage...
[2026-02-17T06:01:35.577+0000] {logging_mixin.py:188} INFO - Uploading /opt/***/data/minio/1771222244.json to Snowflake stage...
[2026-02-17T06:01:36.146+0000] {logging_mixin.py:188} INFO - Uploading /opt/***/data/minio/1771222255.json to Snowflake stage...
[2026-02-17T06:01:37.611+0000] {logging_mixin.py:188} INFO - Uploading /opt/***/data/minio/1771222267.json to Snowflake stage...
[2026-02-17T06:01:38.308+0000] {logging_mixin.py:188} INFO - Uploading /opt/***/data/minio/1771222278.json to Snowflake stage...
[2026-02-17T06:01:38.766+0000] {logging_mixin.py:188} INFO - Uploading /opt/***/data/minio/1771222290.json to Snowflake stage...
[2026-02-17T06:01:39.228+0000] {logging_mixin.py:188} INFO - Uploading /opt/***/data/minio/1771222301.json to Snowflake stage...
[2026-02-17T06:01:39.720+0000] {logging_mixin.py:188} INFO - Uploading /opt/***/data/minio/1771222312.json to Snowflake stage...
[2026-02-17T06:01:40.258+0000] {logging_mixin.py:188} INFO - Uploading /opt/***/data/minio/1771222323.json to Snowflake stage...
[2026-02-17T06:01:40.786+0000] {logging_mixin.py:188} INFO - Uploading /opt/***/data/minio/1771222335.json to Snowflake stage...
[2026-02-17T06:01:41.545+0000] {logging_mixin.py:188} INFO - Uploading /opt/***/data/minio/1771222347.json to Snowflake stage...
[2026-02-17T06:01:42.091+0000] {logging_mixin.py:188} INFO - Uploading /opt/***/data/minio/1771222358.json to Snowflake stage...
[2026-02-17T06:01:42.828+0000] {logging_mixin.py:188} INFO - Uploading /opt/***/data/minio/1771222370.json to Snowflake stage...
[2026-02-17T06:01:43.683+0000] {logging_mixin.py:188} INFO - Uploading /opt/***/data/minio/1771222380.json to Snowflake stage...
[2026-02-17T06:01:44.206+0000] {logging_mixin.py:188} INFO - Uploading /opt/***/data/minio/1771222392.json to Snowflake stage...
[2026-02-17T06:01:44.709+0000] {logging_mixin.py:188} INFO - Uploading /opt/***/data/minio/1771222403.json to Snowflake stage...
[2026-02-17T06:01:45.226+0000] {logging_mixin.py:188} INFO - Uploading /opt/***/data/minio/1771222443.json to Snowflake stage...
[2026-02-17T06:01:45.772+0000] {logging_mixin.py:188} INFO - Uploading /opt/***/data/minio/1771222455.json to Snowflake stage...
[2026-02-17T06:01:46.373+0000] {logging_mixin.py:188} INFO - Uploading /opt/***/data/minio/1771222466.json to Snowflake stage...
[2026-02-17T06:01:46.885+0000] {logging_mixin.py:188} INFO - Uploading /opt/***/data/minio/1771222479.json to Snowflake stage...
[2026-02-17T06:01:47.497+0000] {logging_mixin.py:188} INFO - Uploading /opt/***/data/minio/1771222523.json to Snowflake stage...
[2026-02-17T06:01:47.982+0000] {logging_mixin.py:188} INFO - Uploading /opt/***/data/minio/1771222535.json to Snowflake stage...
[2026-02-17T06:01:48.959+0000] {logging_mixin.py:188} INFO - Uploading /opt/***/data/minio/1771222548.json to Snowflake stage...
[2026-02-17T06:01:49.797+0000] {logging_mixin.py:188} INFO - Uploading /opt/***/data/minio/1771222561.json to Snowflake stage...
[2026-02-17T06:01:50.434+0000] {logging_mixin.py:188} INFO - Uploading /opt/***/data/minio/1771222573.json to Snowflake stage...
[2026-02-17T06:01:51.060+0000] {logging_mixin.py:188} INFO - Uploading /opt/***/data/minio/1771222584.json to Snowflake stage...
[2026-02-17T06:01:51.634+0000] {logging_mixin.py:188} INFO - Uploading /opt/***/data/minio/1771222596.json to Snowflake stage...
[2026-02-17T06:01:52.141+0000] {logging_mixin.py:188} INFO - Uploading /opt/***/data/minio/1771222608.json to Snowflake stage...
[2026-02-17T06:01:52.621+0000] {logging_mixin.py:188} INFO - Uploading /opt/***/data/minio/1771222621.json to Snowflake stage...
[2026-02-17T06:01:53.104+0000] {logging_mixin.py:188} INFO - Uploading /opt/***/data/minio/1771222634.json to Snowflake stage...
[2026-02-17T06:01:53.625+0000] {logging_mixin.py:188} INFO - Uploading /opt/***/data/minio/1771222675.json to Snowflake stage...
[2026-02-17T06:01:54.149+0000] {logging_mixin.py:188} INFO - Uploading /opt/***/data/minio/1771222701.json to Snowflake stage...
[2026-02-17T06:01:55.166+0000] {logging_mixin.py:188} INFO - Uploading /opt/***/data/minio/1771222713.json to Snowflake stage...
[2026-02-17T06:01:55.789+0000] {logging_mixin.py:188} INFO - Uploading /opt/***/data/minio/1771222725.json to Snowflake stage...
[2026-02-17T06:01:56.448+0000] {logging_mixin.py:188} INFO - Uploading /opt/***/data/minio/1771222736.json to Snowflake stage...
[2026-02-17T06:01:57.100+0000] {logging_mixin.py:188} INFO - Uploading /opt/***/data/minio/1771222748.json to Snowflake stage...
[2026-02-17T06:01:57.727+0000] {logging_mixin.py:188} INFO - Uploading /opt/***/data/minio/1771222763.json to Snowflake stage...
[2026-02-17T06:01:58.359+0000] {logging_mixin.py:188} INFO - Uploading /opt/***/data/minio/1771222778.json to Snowflake stage...
[2026-02-17T06:01:59.000+0000] {logging_mixin.py:188} INFO - Uploading /opt/***/data/minio/1771222796.json to Snowflake stage...
[2026-02-17T06:01:59.558+0000] {logging_mixin.py:188} INFO - Uploading /opt/***/data/minio/1771222848.json to Snowflake stage...
[2026-02-17T06:02:00.139+0000] {logging_mixin.py:188} INFO - Uploading /opt/***/data/minio/1771222861.json to Snowflake stage...
[2026-02-17T06:02:00.665+0000] {logging_mixin.py:188} INFO - Uploading /opt/***/data/minio/1771222872.json to Snowflake stage...
[2026-02-17T06:02:01.206+0000] {logging_mixin.py:188} INFO - Uploading /opt/***/data/minio/1771222887.json to Snowflake stage...
[2026-02-17T06:02:01.885+0000] {logging_mixin.py:188} INFO - Uploading /opt/***/data/minio/1771222900.json to Snowflake stage...
[2026-02-17T06:02:02.456+0000] {logging_mixin.py:188} INFO - Uploading /opt/***/data/minio/1771222915.json to Snowflake stage...
[2026-02-17T06:02:03.075+0000] {logging_mixin.py:188} INFO - Uploading /opt/***/data/minio/1771222927.json to Snowflake stage...
[2026-02-17T06:02:03.590+0000] {logging_mixin.py:188} INFO - Uploading /opt/***/data/minio/1771222938.json to Snowflake stage...
[2026-02-17T06:02:04.118+0000] {logging_mixin.py:188} INFO - Uploading /opt/***/data/minio/1771222958.json to Snowflake stage...
[2026-02-17T06:02:04.835+0000] {logging_mixin.py:188} INFO - Uploading /opt/***/data/minio/1771222971.json to Snowflake stage...
[2026-02-17T06:02:05.503+0000] {logging_mixin.py:188} INFO - Uploading /opt/***/data/minio/1771222982.json to Snowflake stage...
[2026-02-17T06:02:06.125+0000] {logging_mixin.py:188} INFO - Uploading /opt/***/data/minio/1771222992.json to Snowflake stage...
[2026-02-17T06:02:06.778+0000] {logging_mixin.py:188} INFO - Uploading /opt/***/data/minio/1771223002.json to Snowflake stage...
[2026-02-17T06:02:07.286+0000] {logging_mixin.py:188} INFO - Uploading /opt/***/data/minio/1771223013.json to Snowflake stage...
[2026-02-17T06:02:07.851+0000] {logging_mixin.py:188} INFO - Uploading /opt/***/data/minio/1771223023.json to Snowflake stage...
[2026-02-17T06:02:08.445+0000] {logging_mixin.py:188} INFO - Uploading /opt/***/data/minio/1771223036.json to Snowflake stage...
[2026-02-17T06:02:08.961+0000] {logging_mixin.py:188} INFO - Uploading /opt/***/data/minio/1771223048.json to Snowflake stage...
[2026-02-17T06:02:09.799+0000] {logging_mixin.py:188} INFO - Uploading /opt/***/data/minio/1771223060.json to Snowflake stage...
[2026-02-17T06:02:10.362+0000] {logging_mixin.py:188} INFO - Uploading /opt/***/data/minio/1771223162.json to Snowflake stage...
[2026-02-17T06:02:10.983+0000] {logging_mixin.py:188} INFO - Uploading /opt/***/data/minio/1771223373.json to Snowflake stage...
[2026-02-17T06:02:11.587+0000] {logging_mixin.py:188} INFO - Uploading /opt/***/data/minio/1771223385.json to Snowflake stage...
[2026-02-17T06:02:12.213+0000] {logging_mixin.py:188} INFO - Uploading /opt/***/data/minio/1771223398.json to Snowflake stage...
[2026-02-17T06:02:12.847+0000] {logging_mixin.py:188} INFO - Uploading /opt/***/data/minio/1771223408.json to Snowflake stage...
[2026-02-17T06:02:13.564+0000] {logging_mixin.py:188} INFO - Uploading /opt/***/data/minio/1771223420.json to Snowflake stage...
[2026-02-17T06:02:14.206+0000] {logging_mixin.py:188} INFO - Uploading /opt/***/data/minio/1771223431.json to Snowflake stage...
[2026-02-17T06:02:14.845+0000] {logging_mixin.py:188} INFO - Uploading /opt/***/data/minio/1771223442.json to Snowflake stage...
[2026-02-17T06:02:15.572+0000] {logging_mixin.py:188} INFO - Uploading /opt/***/data/minio/1771223452.json to Snowflake stage...
[2026-02-17T06:02:21.098+0000] {logging_mixin.py:188} INFO - Uploading /opt/***/data/minio/1771223463.json to Snowflake stage...
[2026-02-17T06:02:21.877+0000] {logging_mixin.py:188} INFO - Uploading /opt/***/data/minio/1771223475.json to Snowflake stage...
[2026-02-17T06:02:22.444+0000] {logging_mixin.py:188} INFO - Uploading /opt/***/data/minio/1771223487.json to Snowflake stage...
[2026-02-17T06:02:23.030+0000] {logging_mixin.py:188} INFO - Uploading /opt/***/data/minio/1771223497.json to Snowflake stage...
[2026-02-17T06:02:23.650+0000] {logging_mixin.py:188} INFO - Uploading /opt/***/data/minio/1771223509.json to Snowflake stage...
[2026-02-17T06:02:24.290+0000] {logging_mixin.py:188} INFO - Uploading /opt/***/data/minio/1771223520.json to Snowflake stage...
[2026-02-17T06:02:24.927+0000] {logging_mixin.py:188} INFO - Uploading /opt/***/data/minio/1771223530.json to Snowflake stage...
[2026-02-17T06:02:25.571+0000] {logging_mixin.py:188} INFO - Uploading /opt/***/data/minio/1771223540.json to Snowflake stage...
[2026-02-17T06:02:26.206+0000] {logging_mixin.py:188} INFO - Uploading /opt/***/data/minio/1771223551.json to Snowflake stage...
[2026-02-17T06:02:26.854+0000] {logging_mixin.py:188} INFO - Uploading /opt/***/data/minio/1771223562.json to Snowflake stage...
[2026-02-17T06:02:27.568+0000] {logging_mixin.py:188} INFO - Uploading /opt/***/data/minio/1771223572.json to Snowflake stage...
[2026-02-17T06:02:28.178+0000] {logging_mixin.py:188} INFO - Uploading /opt/***/data/minio/1771223584.json to Snowflake stage...
[2026-02-17T06:02:28.844+0000] {logging_mixin.py:188} INFO - Uploading /opt/***/data/minio/1771223597.json to Snowflake stage...
[2026-02-17T06:02:29.506+0000] {logging_mixin.py:188} INFO - Uploading /opt/***/data/minio/1771223611.json to Snowflake stage...
[2026-02-17T06:02:30.131+0000] {logging_mixin.py:188} INFO - Uploading /opt/***/data/minio/1771223622.json to Snowflake stage...
[2026-02-17T06:02:30.792+0000] {logging_mixin.py:188} INFO - Uploading /opt/***/data/minio/1771223634.json to Snowflake stage...
[2026-02-17T06:02:31.413+0000] {logging_mixin.py:188} INFO - Uploading /opt/***/data/minio/1771223647.json to Snowflake stage...
[2026-02-17T06:02:32.210+0000] {logging_mixin.py:188} INFO - Uploading /opt/***/data/minio/1771223658.json to Snowflake stage...
[2026-02-17T06:02:32.905+0000] {logging_mixin.py:188} INFO - Uploading /opt/***/data/minio/1771223678.json to Snowflake stage...
[2026-02-17T06:02:33.508+0000] {logging_mixin.py:188} INFO - Uploading /opt/***/data/minio/1771223690.json to Snowflake stage...
[2026-02-17T06:02:34.103+0000] {logging_mixin.py:188} INFO - Uploading /opt/***/data/minio/1771221448.json to Snowflake stage...
[2026-02-17T06:02:34.715+0000] {logging_mixin.py:188} INFO - Uploading /opt/***/data/minio/1771221460.json to Snowflake stage...
[2026-02-17T06:02:35.322+0000] {logging_mixin.py:188} INFO - Uploading /opt/***/data/minio/1771221472.json to Snowflake stage...
[2026-02-17T06:02:36.289+0000] {logging_mixin.py:188} INFO - Uploading /opt/***/data/minio/1771221484.json to Snowflake stage...
[2026-02-17T06:02:36.927+0000] {logging_mixin.py:188} INFO - Uploading /opt/***/data/minio/1771221497.json to Snowflake stage...
[2026-02-17T06:02:37.979+0000] {logging_mixin.py:188} INFO - Uploading /opt/***/data/minio/1771221509.json to Snowflake stage...
[2026-02-17T06:02:38.930+0000] {logging_mixin.py:188} INFO - Uploading /opt/***/data/minio/1771221523.json to Snowflake stage...
[2026-02-17T06:02:40.140+0000] {logging_mixin.py:188} INFO - Uploading /opt/***/data/minio/1771221534.json to Snowflake stage...
[2026-02-17T06:02:40.692+0000] {logging_mixin.py:188} INFO - Uploading /opt/***/data/minio/1771221546.json to Snowflake stage...
[2026-02-17T06:02:41.414+0000] {logging_mixin.py:188} INFO - Uploading /opt/***/data/minio/1771221558.json to Snowflake stage...
[2026-02-17T06:02:42.067+0000] {logging_mixin.py:188} INFO - Uploading /opt/***/data/minio/1771221569.json to Snowflake stage...
[2026-02-17T06:02:42.679+0000] {logging_mixin.py:188} INFO - Uploading /opt/***/data/minio/1771221581.json to Snowflake stage...
[2026-02-17T06:02:43.284+0000] {logging_mixin.py:188} INFO - Uploading /opt/***/data/minio/1771221593.json to Snowflake stage...
[2026-02-17T06:02:44.303+0000] {logging_mixin.py:188} INFO - Uploading /opt/***/data/minio/1771221604.json to Snowflake stage...
[2026-02-17T06:02:44.829+0000] {logging_mixin.py:188} INFO - Uploading /opt/***/data/minio/1771221616.json to Snowflake stage...
[2026-02-17T06:02:45.468+0000] {logging_mixin.py:188} INFO - Uploading /opt/***/data/minio/1771221628.json to Snowflake stage...
[2026-02-17T06:02:46.038+0000] {logging_mixin.py:188} INFO - Uploading /opt/***/data/minio/1771221640.json to Snowflake stage...
[2026-02-17T06:02:46.585+0000] {logging_mixin.py:188} INFO - Uploading /opt/***/data/minio/1771221651.json to Snowflake stage...
[2026-02-17T06:02:47.095+0000] {logging_mixin.py:188} INFO - Uploading /opt/***/data/minio/1771221663.json to Snowflake stage...
[2026-02-17T06:02:47.621+0000] {logging_mixin.py:188} INFO - Uploading /opt/***/data/minio/1771221675.json to Snowflake stage...
[2026-02-17T06:02:48.173+0000] {logging_mixin.py:188} INFO - Uploading /opt/***/data/minio/1771221687.json to Snowflake stage...
[2026-02-17T06:02:48.804+0000] {logging_mixin.py:188} INFO - Uploading /opt/***/data/minio/1771221698.json to Snowflake stage...
[2026-02-17T06:02:49.390+0000] {logging_mixin.py:188} INFO - Uploading /opt/***/data/minio/1771221710.json to Snowflake stage...
[2026-02-17T06:02:50.005+0000] {logging_mixin.py:188} INFO - Uploading /opt/***/data/minio/1771221722.json to Snowflake stage...
[2026-02-17T06:02:50.601+0000] {logging_mixin.py:188} INFO - Uploading /opt/***/data/minio/1771221734.json to Snowflake stage...
[2026-02-17T06:02:51.237+0000] {logging_mixin.py:188} INFO - Uploading /opt/***/data/minio/1771221746.json to Snowflake stage...
[2026-02-17T06:02:51.855+0000] {logging_mixin.py:188} INFO - Uploading /opt/***/data/minio/1771221758.json to Snowflake stage...
[2026-02-17T06:02:52.518+0000] {logging_mixin.py:188} INFO - Uploading /opt/***/data/minio/1771221769.json to Snowflake stage...
[2026-02-17T06:02:53.154+0000] {logging_mixin.py:188} INFO - Uploading /opt/***/data/minio/1771221781.json to Snowflake stage...
[2026-02-17T06:02:53.693+0000] {logging_mixin.py:188} INFO - Uploading /opt/***/data/minio/1771221797.json to Snowflake stage...
[2026-02-17T06:02:54.219+0000] {logging_mixin.py:188} INFO - Uploading /opt/***/data/minio/1771221808.json to Snowflake stage...
[2026-02-17T06:02:54.732+0000] {logging_mixin.py:188} INFO - Uploading /opt/***/data/minio/1771221821.json to Snowflake stage...
[2026-02-17T06:02:55.197+0000] {logging_mixin.py:188} INFO - Uploading /opt/***/data/minio/1771221832.json to Snowflake stage...
[2026-02-17T06:02:55.693+0000] {logging_mixin.py:188} INFO - Uploading /opt/***/data/minio/1771221848.json to Snowflake stage...
[2026-02-17T06:02:56.218+0000] {logging_mixin.py:188} INFO - Uploading /opt/***/data/minio/1771221859.json to Snowflake stage...
[2026-02-17T06:02:56.749+0000] {logging_mixin.py:188} INFO - Uploading /opt/***/data/minio/1771221872.json to Snowflake stage...
[2026-02-17T06:02:57.253+0000] {logging_mixin.py:188} INFO - Uploading /opt/***/data/minio/1771221884.json to Snowflake stage...
[2026-02-17T06:02:57.764+0000] {logging_mixin.py:188} INFO - Uploading /opt/***/data/minio/1771221896.json to Snowflake stage...
[2026-02-17T06:02:58.264+0000] {logging_mixin.py:188} INFO - Uploading /opt/***/data/minio/1771221907.json to Snowflake stage...
[2026-02-17T06:02:59.395+0000] {logging_mixin.py:188} INFO - Uploading /opt/***/data/minio/1771221919.json to Snowflake stage...
[2026-02-17T06:02:59.897+0000] {logging_mixin.py:188} INFO - Uploading /opt/***/data/minio/1771221931.json to Snowflake stage...
[2026-02-17T06:03:00.398+0000] {logging_mixin.py:188} INFO - Uploading /opt/***/data/minio/1771221942.json to Snowflake stage...
[2026-02-17T06:03:00.900+0000] {logging_mixin.py:188} INFO - Uploading /opt/***/data/minio/1771221954.json to Snowflake stage...
[2026-02-17T06:03:01.380+0000] {logging_mixin.py:188} INFO - Uploading /opt/***/data/minio/1771221966.json to Snowflake stage...
[2026-02-17T06:03:02.512+0000] {logging_mixin.py:188} INFO - Uploading /opt/***/data/minio/1771221978.json to Snowflake stage...
[2026-02-17T06:03:03.020+0000] {logging_mixin.py:188} INFO - Uploading /opt/***/data/minio/1771222021.json to Snowflake stage...
[2026-02-17T06:03:04.015+0000] {logging_mixin.py:188} INFO - Uploading /opt/***/data/minio/1771222105.json to Snowflake stage...
[2026-02-17T06:03:04.661+0000] {logging_mixin.py:188} INFO - Uploading /opt/***/data/minio/1771222117.json to Snowflake stage...
[2026-02-17T06:03:05.388+0000] {logging_mixin.py:188} INFO - Uploading /opt/***/data/minio/1771222128.json to Snowflake stage...
[2026-02-17T06:03:06.112+0000] {logging_mixin.py:188} INFO - Uploading /opt/***/data/minio/1771222140.json to Snowflake stage...
[2026-02-17T06:03:06.630+0000] {logging_mixin.py:188} INFO - Uploading /opt/***/data/minio/1771222153.json to Snowflake stage...
[2026-02-17T06:03:07.181+0000] {logging_mixin.py:188} INFO - Uploading /opt/***/data/minio/1771222195.json to Snowflake stage...
[2026-02-17T06:03:07.658+0000] {logging_mixin.py:188} INFO - Uploading /opt/***/data/minio/1771222207.json to Snowflake stage...
[2026-02-17T06:03:08.118+0000] {logging_mixin.py:188} INFO - Uploading /opt/***/data/minio/1771222218.json to Snowflake stage...
[2026-02-17T06:03:08.666+0000] {logging_mixin.py:188} INFO - Uploading /opt/***/data/minio/1771222230.json to Snowflake stage...
[2026-02-17T06:03:09.306+0000] {logging_mixin.py:188} INFO - Uploading /opt/***/data/minio/1771222242.json to Snowflake stage...
[2026-02-17T06:03:09.880+0000] {logging_mixin.py:188} INFO - Uploading /opt/***/data/minio/1771222253.json to Snowflake stage...
[2026-02-17T06:03:10.589+0000] {logging_mixin.py:188} INFO - Uploading /opt/***/data/minio/1771222264.json to Snowflake stage...
[2026-02-17T06:03:11.306+0000] {logging_mixin.py:188} INFO - Uploading /opt/***/data/minio/1771222276.json to Snowflake stage...
[2026-02-17T06:03:11.829+0000] {logging_mixin.py:188} INFO - Uploading /opt/***/data/minio/1771222287.json to Snowflake stage...
[2026-02-17T06:03:12.330+0000] {logging_mixin.py:188} INFO - Uploading /opt/***/data/minio/1771222299.json to Snowflake stage...
[2026-02-17T06:03:13.256+0000] {logging_mixin.py:188} INFO - Uploading /opt/***/data/minio/1771222310.json to Snowflake stage...
[2026-02-17T06:03:13.782+0000] {logging_mixin.py:188} INFO - Uploading /opt/***/data/minio/1771222321.json to Snowflake stage...
[2026-02-17T06:03:14.430+0000] {logging_mixin.py:188} INFO - Uploading /opt/***/data/minio/1771222333.json to Snowflake stage...
[2026-02-17T06:03:15.065+0000] {logging_mixin.py:188} INFO - Uploading /opt/***/data/minio/1771222345.json to Snowflake stage...
[2026-02-17T06:03:15.793+0000] {logging_mixin.py:188} INFO - Uploading /opt/***/data/minio/1771222356.json to Snowflake stage...
[2026-02-17T06:03:16.375+0000] {logging_mixin.py:188} INFO - Uploading /opt/***/data/minio/1771222368.json to Snowflake stage...
[2026-02-17T06:03:16.834+0000] {logging_mixin.py:188} INFO - Uploading /opt/***/data/minio/1771222378.json to Snowflake stage...
[2026-02-17T06:03:17.292+0000] {logging_mixin.py:188} INFO - Uploading /opt/***/data/minio/1771222389.json to Snowflake stage...
[2026-02-17T06:03:17.820+0000] {logging_mixin.py:188} INFO - Uploading /opt/***/data/minio/1771222401.json to Snowflake stage...
[2026-02-17T06:03:18.376+0000] {logging_mixin.py:188} INFO - Uploading /opt/***/data/minio/1771222413.json to Snowflake stage...
[2026-02-17T06:03:18.990+0000] {logging_mixin.py:188} INFO - Uploading /opt/***/data/minio/1771222452.json to Snowflake stage...
[2026-02-17T06:03:19.620+0000] {logging_mixin.py:188} INFO - Uploading /opt/***/data/minio/1771222464.json to Snowflake stage...
[2026-02-17T06:03:20.274+0000] {logging_mixin.py:188} INFO - Uploading /opt/***/data/minio/1771222477.json to Snowflake stage...
[2026-02-17T06:03:20.895+0000] {logging_mixin.py:188} INFO - Uploading /opt/***/data/minio/1771222519.json to Snowflake stage...
[2026-02-17T06:03:22.292+0000] {logging_mixin.py:188} INFO - Uploading /opt/***/data/minio/1771222533.json to Snowflake stage...
[2026-02-17T06:03:22.788+0000] {logging_mixin.py:188} INFO - Uploading /opt/***/data/minio/1771222546.json to Snowflake stage...
[2026-02-17T06:03:23.267+0000] {logging_mixin.py:188} INFO - Uploading /opt/***/data/minio/1771222559.json to Snowflake stage...
[2026-02-17T06:03:23.722+0000] {logging_mixin.py:188} INFO - Uploading /opt/***/data/minio/1771222570.json to Snowflake stage...
[2026-02-17T06:03:24.281+0000] {logging_mixin.py:188} INFO - Uploading /opt/***/data/minio/1771222582.json to Snowflake stage...
[2026-02-17T06:03:25.331+0000] {logging_mixin.py:188} INFO - Uploading /opt/***/data/minio/1771222594.json to Snowflake stage...
[2026-02-17T06:03:25.782+0000] {logging_mixin.py:188} INFO - Uploading /opt/***/data/minio/1771222606.json to Snowflake stage...
[2026-02-17T06:03:26.252+0000] {logging_mixin.py:188} INFO - Uploading /opt/***/data/minio/1771222618.json to Snowflake stage...
[2026-02-17T06:03:27.618+0000] {logging_mixin.py:188} INFO - Uploading /opt/***/data/minio/1771222631.json to Snowflake stage...
[2026-02-17T06:03:28.114+0000] {logging_mixin.py:188} INFO - Uploading /opt/***/data/minio/1771222648.json to Snowflake stage...
[2026-02-17T06:03:28.617+0000] {logging_mixin.py:188} INFO - Uploading /opt/***/data/minio/1771222697.json to Snowflake stage...
[2026-02-17T06:03:29.159+0000] {logging_mixin.py:188} INFO - Uploading /opt/***/data/minio/1771222711.json to Snowflake stage...
[2026-02-17T06:03:29.699+0000] {logging_mixin.py:188} INFO - Uploading /opt/***/data/minio/1771222723.json to Snowflake stage...
[2026-02-17T06:03:30.437+0000] {logging_mixin.py:188} INFO - Uploading /opt/***/data/minio/1771222734.json to Snowflake stage...
[2026-02-17T06:03:31.078+0000] {logging_mixin.py:188} INFO - Uploading /opt/***/data/minio/1771222746.json to Snowflake stage...
[2026-02-17T06:03:31.754+0000] {logging_mixin.py:188} INFO - Uploading /opt/***/data/minio/1771222758.json to Snowflake stage...
[2026-02-17T06:03:32.313+0000] {logging_mixin.py:188} INFO - Uploading /opt/***/data/minio/1771222774.json to Snowflake stage...
[2026-02-17T06:03:32.882+0000] {logging_mixin.py:188} INFO - Uploading /opt/***/data/minio/1771222791.json to Snowflake stage...
[2026-02-17T06:03:34.945+0000] {logging_mixin.py:188} INFO - Uploading /opt/***/data/minio/1771222831.json to Snowflake stage...
[2026-02-17T06:03:35.632+0000] {logging_mixin.py:188} INFO - Uploading /opt/***/data/minio/1771222858.json to Snowflake stage...
[2026-02-17T06:03:36.159+0000] {logging_mixin.py:188} INFO - Uploading /opt/***/data/minio/1771222870.json to Snowflake stage...
[2026-02-17T06:03:36.694+0000] {logging_mixin.py:188} INFO - Uploading /opt/***/data/minio/1771222884.json to Snowflake stage...
[2026-02-17T06:03:37.214+0000] {logging_mixin.py:188} INFO - Uploading /opt/***/data/minio/1771222897.json to Snowflake stage...
[2026-02-17T06:03:37.710+0000] {logging_mixin.py:188} INFO - Uploading /opt/***/data/minio/1771222911.json to Snowflake stage...
[2026-02-17T06:03:38.353+0000] {logging_mixin.py:188} INFO - Uploading /opt/***/data/minio/1771222924.json to Snowflake stage...
[2026-02-17T06:03:38.989+0000] {logging_mixin.py:188} INFO - Uploading /opt/***/data/minio/1771222936.json to Snowflake stage...
[2026-02-17T06:03:39.556+0000] {logging_mixin.py:188} INFO - Uploading /opt/***/data/minio/1771222955.json to Snowflake stage...
[2026-02-17T06:03:40.189+0000] {logging_mixin.py:188} INFO - Uploading /opt/***/data/minio/1771222969.json to Snowflake stage...
[2026-02-17T06:03:40.777+0000] {logging_mixin.py:188} INFO - Uploading /opt/***/data/minio/1771222980.json to Snowflake stage...
[2026-02-17T06:03:41.305+0000] {logging_mixin.py:188} INFO - Uploading /opt/***/data/minio/1771222990.json to Snowflake stage...
[2026-02-17T06:03:41.848+0000] {logging_mixin.py:188} INFO - Uploading /opt/***/data/minio/1771223001.json to Snowflake stage...
[2026-02-17T06:03:42.376+0000] {logging_mixin.py:188} INFO - Uploading /opt/***/data/minio/1771223011.json to Snowflake stage...
[2026-02-17T06:03:42.859+0000] {logging_mixin.py:188} INFO - Uploading /opt/***/data/minio/1771223022.json to Snowflake stage...
[2026-02-17T06:03:43.417+0000] {logging_mixin.py:188} INFO - Uploading /opt/***/data/minio/1771223033.json to Snowflake stage...
[2026-02-17T06:03:43.946+0000] {logging_mixin.py:188} INFO - Uploading /opt/***/data/minio/1771223045.json to Snowflake stage...
[2026-02-17T06:03:44.587+0000] {logging_mixin.py:188} INFO - Uploading /opt/***/data/minio/1771223059.json to Snowflake stage...
[2026-02-17T06:03:45.236+0000] {logging_mixin.py:188} INFO - Uploading /opt/***/data/minio/1771223100.json to Snowflake stage...
[2026-02-17T06:03:45.781+0000] {logging_mixin.py:188} INFO - Uploading /opt/***/data/minio/1771223321.json to Snowflake stage...
[2026-02-17T06:03:55.622+0000] {logging_mixin.py:188} INFO - Uploading /opt/***/data/minio/1771223383.json to Snowflake stage...
[2026-02-17T06:03:56.157+0000] {logging_mixin.py:188} INFO - Uploading /opt/***/data/minio/1771223395.json to Snowflake stage...
[2026-02-17T06:03:56.684+0000] {logging_mixin.py:188} INFO - Uploading /opt/***/data/minio/1771223407.json to Snowflake stage...
[2026-02-17T06:03:57.308+0000] {logging_mixin.py:188} INFO - Uploading /opt/***/data/minio/1771223418.json to Snowflake stage...
[2026-02-17T06:03:57.963+0000] {logging_mixin.py:188} INFO - Uploading /opt/***/data/minio/1771223430.json to Snowflake stage...
[2026-02-17T06:03:58.589+0000] {logging_mixin.py:188} INFO - Uploading /opt/***/data/minio/1771223440.json to Snowflake stage...
[2026-02-17T06:03:59.313+0000] {logging_mixin.py:188} INFO - Uploading /opt/***/data/minio/1771223450.json to Snowflake stage...
[2026-02-17T06:03:59.962+0000] {logging_mixin.py:188} INFO - Uploading /opt/***/data/minio/1771223461.json to Snowflake stage...
[2026-02-17T06:04:00.600+0000] {logging_mixin.py:188} INFO - Uploading /opt/***/data/minio/1771223472.json to Snowflake stage...
[2026-02-17T06:04:01.322+0000] {logging_mixin.py:188} INFO - Uploading /opt/***/data/minio/1771223485.json to Snowflake stage...
[2026-02-17T06:04:01.958+0000] {logging_mixin.py:188} INFO - Uploading /opt/***/data/minio/1771223495.json to Snowflake stage...
[2026-02-17T06:04:02.591+0000] {logging_mixin.py:188} INFO - Uploading /opt/***/data/minio/1771223506.json to Snowflake stage...
[2026-02-17T06:04:03.529+0000] {logging_mixin.py:188} INFO - Uploading /opt/***/data/minio/1771223518.json to Snowflake stage...
[2026-02-17T06:04:04.110+0000] {logging_mixin.py:188} INFO - Uploading /opt/***/data/minio/1771223528.json to Snowflake stage...
[2026-02-17T06:04:04.646+0000] {logging_mixin.py:188} INFO - Uploading /opt/***/data/minio/1771223538.json to Snowflake stage...
[2026-02-17T06:04:05.401+0000] {logging_mixin.py:188} INFO - Uploading /opt/***/data/minio/1771223549.json to Snowflake stage...
[2026-02-17T06:04:06.041+0000] {logging_mixin.py:188} INFO - Uploading /opt/***/data/minio/1771223560.json to Snowflake stage...
[2026-02-17T06:04:06.687+0000] {logging_mixin.py:188} INFO - Uploading /opt/***/data/minio/1771223570.json to Snowflake stage...
[2026-02-17T06:04:07.434+0000] {logging_mixin.py:188} INFO - Uploading /opt/***/data/minio/1771223581.json to Snowflake stage...
[2026-02-17T06:04:08.126+0000] {logging_mixin.py:188} INFO - Uploading /opt/***/data/minio/1771223594.json to Snowflake stage...
[2026-02-17T06:04:08.764+0000] {logging_mixin.py:188} INFO - Uploading /opt/***/data/minio/1771223609.json to Snowflake stage...
[2026-02-17T06:04:09.318+0000] {logging_mixin.py:188} INFO - Uploading /opt/***/data/minio/1771223621.json to Snowflake stage...
[2026-02-17T06:04:09.882+0000] {logging_mixin.py:188} INFO - Uploading /opt/***/data/minio/1771223632.json to Snowflake stage...
[2026-02-17T06:04:10.525+0000] {logging_mixin.py:188} INFO - Uploading /opt/***/data/minio/1771223644.json to Snowflake stage...
[2026-02-17T06:04:11.162+0000] {logging_mixin.py:188} INFO - Uploading /opt/***/data/minio/1771223656.json to Snowflake stage...
[2026-02-17T06:04:11.808+0000] {logging_mixin.py:188} INFO - Uploading /opt/***/data/minio/1771223675.json to Snowflake stage...
[2026-02-17T06:04:12.446+0000] {logging_mixin.py:188} INFO - Uploading /opt/***/data/minio/1771223687.json to Snowflake stage...
[2026-02-17T06:04:13.001+0000] {logging_mixin.py:188} INFO - Uploading /opt/***/data/minio/1771223700.json to Snowflake stage...
[2026-02-17T06:04:13.562+0000] {logging_mixin.py:188} INFO - Uploading /opt/***/data/minio/1771221449.json to Snowflake stage...
[2026-02-17T06:04:14.104+0000] {logging_mixin.py:188} INFO - Uploading /opt/***/data/minio/1771221461.json to Snowflake stage...
[2026-02-17T06:04:14.611+0000] {logging_mixin.py:188} INFO - Uploading /opt/***/data/minio/1771221473.json to Snowflake stage...
[2026-02-17T06:04:15.245+0000] {logging_mixin.py:188} INFO - Uploading /opt/***/data/minio/1771221485.json to Snowflake stage...
[2026-02-17T06:04:15.884+0000] {logging_mixin.py:188} INFO - Uploading /opt/***/data/minio/1771221498.json to Snowflake stage...
[2026-02-17T06:04:16.758+0000] {logging_mixin.py:188} INFO - Uploading /opt/***/data/minio/1771221511.json to Snowflake stage...
[2026-02-17T06:04:17.258+0000] {logging_mixin.py:188} INFO - Uploading /opt/***/data/minio/1771221524.json to Snowflake stage...
[2026-02-17T06:04:17.790+0000] {logging_mixin.py:188} INFO - Uploading /opt/***/data/minio/1771221535.json to Snowflake stage...
[2026-02-17T06:04:18.298+0000] {logging_mixin.py:188} INFO - Uploading /opt/***/data/minio/1771221547.json to Snowflake stage...
[2026-02-17T06:04:18.829+0000] {logging_mixin.py:188} INFO - Uploading /opt/***/data/minio/1771221559.json to Snowflake stage...
[2026-02-17T06:04:19.472+0000] {logging_mixin.py:188} INFO - Uploading /opt/***/data/minio/1771221570.json to Snowflake stage...
[2026-02-17T06:04:20.193+0000] {logging_mixin.py:188} INFO - Uploading /opt/***/data/minio/1771221582.json to Snowflake stage...
[2026-02-17T06:04:20.832+0000] {logging_mixin.py:188} INFO - Uploading /opt/***/data/minio/1771221594.json to Snowflake stage...
[2026-02-17T06:04:21.559+0000] {logging_mixin.py:188} INFO - Uploading /opt/***/data/minio/1771221605.json to Snowflake stage...
[2026-02-17T06:04:22.077+0000] {logging_mixin.py:188} INFO - Uploading /opt/***/data/minio/1771221617.json to Snowflake stage...
[2026-02-17T06:04:22.645+0000] {logging_mixin.py:188} INFO - Uploading /opt/***/data/minio/1771221629.json to Snowflake stage...
[2026-02-17T06:04:23.153+0000] {logging_mixin.py:188} INFO - Uploading /opt/***/data/minio/1771221641.json to Snowflake stage...
[2026-02-17T06:04:23.752+0000] {logging_mixin.py:188} INFO - Uploading /opt/***/data/minio/1771221652.json to Snowflake stage...
[2026-02-17T06:04:24.148+0000] {logging_mixin.py:188} INFO - Uploading /opt/***/data/minio/1771221664.json to Snowflake stage...
[2026-02-17T06:04:24.625+0000] {logging_mixin.py:188} INFO - Uploading /opt/***/data/minio/1771221676.json to Snowflake stage...
[2026-02-17T06:04:25.122+0000] {logging_mixin.py:188} INFO - Uploading /opt/***/data/minio/1771221688.json to Snowflake stage...
[2026-02-17T06:04:25.691+0000] {logging_mixin.py:188} INFO - Uploading /opt/***/data/minio/1771221700.json to Snowflake stage...
[2026-02-17T06:04:26.322+0000] {logging_mixin.py:188} INFO - Uploading /opt/***/data/minio/1771221711.json to Snowflake stage...
[2026-02-17T06:04:26.961+0000] {logging_mixin.py:188} INFO - Uploading /opt/***/data/minio/1771221723.json to Snowflake stage...
[2026-02-17T06:04:27.602+0000] {logging_mixin.py:188} INFO - Uploading /opt/***/data/minio/1771221735.json to Snowflake stage...
[2026-02-17T06:04:28.252+0000] {logging_mixin.py:188} INFO - Uploading /opt/***/data/minio/1771221747.json to Snowflake stage...
[2026-02-17T06:04:28.813+0000] {logging_mixin.py:188} INFO - Uploading /opt/***/data/minio/1771221759.json to Snowflake stage...
[2026-02-17T06:04:29.379+0000] {logging_mixin.py:188} INFO - Uploading /opt/***/data/minio/1771221770.json to Snowflake stage...
[2026-02-17T06:04:29.859+0000] {logging_mixin.py:188} INFO - Uploading /opt/***/data/minio/1771221782.json to Snowflake stage...
[2026-02-17T06:04:30.383+0000] {logging_mixin.py:188} INFO - Uploading /opt/***/data/minio/1771221798.json to Snowflake stage...
[2026-02-17T06:04:30.908+0000] {logging_mixin.py:188} INFO - Uploading /opt/***/data/minio/1771221810.json to Snowflake stage...
[2026-02-17T06:04:31.429+0000] {logging_mixin.py:188} INFO - Uploading /opt/***/data/minio/1771221822.json to Snowflake stage...
[2026-02-17T06:04:32.084+0000] {logging_mixin.py:188} INFO - Uploading /opt/***/data/minio/1771221834.json to Snowflake stage...
[2026-02-17T06:04:32.741+0000] {logging_mixin.py:188} INFO - Uploading /opt/***/data/minio/1771221849.json to Snowflake stage...
[2026-02-17T06:04:33.372+0000] {logging_mixin.py:188} INFO - Uploading /opt/***/data/minio/1771221861.json to Snowflake stage...
[2026-02-17T06:04:34.026+0000] {logging_mixin.py:188} INFO - Uploading /opt/***/data/minio/1771221873.json to Snowflake stage...
[2026-02-17T06:04:34.583+0000] {logging_mixin.py:188} INFO - Uploading /opt/***/data/minio/1771221885.json to Snowflake stage...
[2026-02-17T06:04:35.159+0000] {logging_mixin.py:188} INFO - Uploading /opt/***/data/minio/1771221897.json to Snowflake stage...
[2026-02-17T06:04:35.651+0000] {logging_mixin.py:188} INFO - Uploading /opt/***/data/minio/1771221908.json to Snowflake stage...
[2026-02-17T06:04:36.726+0000] {logging_mixin.py:188} INFO - Uploading /opt/***/data/minio/1771221920.json to Snowflake stage...
[2026-02-17T06:04:37.223+0000] {logging_mixin.py:188} INFO - Uploading /opt/***/data/minio/1771221932.json to Snowflake stage...
[2026-02-17T06:04:37.864+0000] {logging_mixin.py:188} INFO - Uploading /opt/***/data/minio/1771221943.json to Snowflake stage...
[2026-02-17T06:04:38.506+0000] {logging_mixin.py:188} INFO - Uploading /opt/***/data/minio/1771221955.json to Snowflake stage...
[2026-02-17T06:04:39.003+0000] {logging_mixin.py:188} INFO - Uploading /opt/***/data/minio/1771221967.json to Snowflake stage...
[2026-02-17T06:04:39.522+0000] {logging_mixin.py:188} INFO - Uploading /opt/***/data/minio/1771221979.json to Snowflake stage...
[2026-02-17T06:04:40.028+0000] {logging_mixin.py:188} INFO - Uploading /opt/***/data/minio/1771222053.json to Snowflake stage...
[2026-02-17T06:04:40.561+0000] {logging_mixin.py:188} INFO - Uploading /opt/***/data/minio/1771222106.json to Snowflake stage...
[2026-02-17T06:04:41.214+0000] {logging_mixin.py:188} INFO - Uploading /opt/***/data/minio/1771222118.json to Snowflake stage...
[2026-02-17T06:04:41.826+0000] {logging_mixin.py:188} INFO - Uploading /opt/***/data/minio/1771222129.json to Snowflake stage...
[2026-02-17T06:04:42.340+0000] {logging_mixin.py:188} INFO - Uploading /opt/***/data/minio/1771222142.json to Snowflake stage...
[2026-02-17T06:04:43.060+0000] {logging_mixin.py:188} INFO - Uploading /opt/***/data/minio/1771222154.json to Snowflake stage...
[2026-02-17T06:04:43.627+0000] {logging_mixin.py:188} INFO - Uploading /opt/***/data/minio/1771222196.json to Snowflake stage...
[2026-02-17T06:04:44.264+0000] {logging_mixin.py:188} INFO - Uploading /opt/***/data/minio/1771222208.json to Snowflake stage...
[2026-02-17T06:04:44.768+0000] {logging_mixin.py:188} INFO - Uploading /opt/***/data/minio/1771222220.json to Snowflake stage...
[2026-02-17T06:04:45.285+0000] {logging_mixin.py:188} INFO - Uploading /opt/***/data/minio/1771222231.json to Snowflake stage...
[2026-02-17T06:04:45.766+0000] {logging_mixin.py:188} INFO - Uploading /opt/***/data/minio/1771222243.json to Snowflake stage...
[2026-02-17T06:04:46.283+0000] {logging_mixin.py:188} INFO - Uploading /opt/***/data/minio/1771222254.json to Snowflake stage...
[2026-02-17T06:04:46.910+0000] {logging_mixin.py:188} INFO - Uploading /opt/***/data/minio/1771222266.json to Snowflake stage...
[2026-02-17T06:04:47.540+0000] {logging_mixin.py:188} INFO - Uploading /opt/***/data/minio/1771222277.json to Snowflake stage...
[2026-02-17T06:04:48.162+0000] {logging_mixin.py:188} INFO - Uploading /opt/***/data/minio/1771222289.json to Snowflake stage...
[2026-02-17T06:04:48.791+0000] {logging_mixin.py:188} INFO - Uploading /opt/***/data/minio/1771222300.json to Snowflake stage...
[2026-02-17T06:04:49.423+0000] {logging_mixin.py:188} INFO - Uploading /opt/***/data/minio/1771222311.json to Snowflake stage...
[2026-02-17T06:04:50.099+0000] {logging_mixin.py:188} INFO - Uploading /opt/***/data/minio/1771222322.json to Snowflake stage...
[2026-02-17T06:04:53.939+0000] {logging_mixin.py:188} INFO - Uploading /opt/***/data/minio/1771222334.json to Snowflake stage...
[2026-02-17T06:04:54.743+0000] {logging_mixin.py:188} INFO - Uploading /opt/***/data/minio/1771222346.json to Snowflake stage...
[2026-02-17T06:04:55.444+0000] {logging_mixin.py:188} INFO - Uploading /opt/***/data/minio/1771222357.json to Snowflake stage...
[2026-02-17T06:04:55.940+0000] {logging_mixin.py:188} INFO - Uploading /opt/***/data/minio/1771222369.json to Snowflake stage...
[2026-02-17T06:04:56.461+0000] {logging_mixin.py:188} INFO - Uploading /opt/***/data/minio/1771222379.json to Snowflake stage...
[2026-02-17T06:04:56.982+0000] {logging_mixin.py:188} INFO - Uploading /opt/***/data/minio/1771222390.json to Snowflake stage...
[2026-02-17T06:04:57.527+0000] {logging_mixin.py:188} INFO - Uploading /opt/***/data/minio/1771222402.json to Snowflake stage...
[2026-02-17T06:04:58.156+0000] {logging_mixin.py:188} INFO - Uploading /opt/***/data/minio/1771222414.json to Snowflake stage...
[2026-02-17T06:04:58.790+0000] {logging_mixin.py:188} INFO - Uploading /opt/***/data/minio/1771222454.json to Snowflake stage...
[2026-02-17T06:04:59.576+0000] {logging_mixin.py:188} INFO - Uploading /opt/***/data/minio/1771222465.json to Snowflake stage...
[2026-02-17T06:05:00.057+0000] {logging_mixin.py:188} INFO - Uploading /opt/***/data/minio/1771222478.json to Snowflake stage...
[2026-02-17T06:05:00.557+0000] {logging_mixin.py:188} INFO - Uploading /opt/***/data/minio/1771222522.json to Snowflake stage...
[2026-02-17T06:05:01.091+0000] {logging_mixin.py:188} INFO - Uploading /opt/***/data/minio/1771222534.json to Snowflake stage...
[2026-02-17T06:05:01.748+0000] {logging_mixin.py:188} INFO - Uploading /opt/***/data/minio/1771222547.json to Snowflake stage...
[2026-02-17T06:05:02.251+0000] {logging_mixin.py:188} INFO - Uploading /opt/***/data/minio/1771222560.json to Snowflake stage...
[2026-02-17T06:05:03.271+0000] {logging_mixin.py:188} INFO - Uploading /opt/***/data/minio/1771222572.json to Snowflake stage...
[2026-02-17T06:05:03.846+0000] {logging_mixin.py:188} INFO - Uploading /opt/***/data/minio/1771222583.json to Snowflake stage...
[2026-02-17T06:05:04.345+0000] {logging_mixin.py:188} INFO - Uploading /opt/***/data/minio/1771222595.json to Snowflake stage...
[2026-02-17T06:05:04.864+0000] {logging_mixin.py:188} INFO - Uploading /opt/***/data/minio/1771222607.json to Snowflake stage...
[2026-02-17T06:05:05.355+0000] {logging_mixin.py:188} INFO - Uploading /opt/***/data/minio/1771222619.json to Snowflake stage...
[2026-02-17T06:05:06.005+0000] {logging_mixin.py:188} INFO - Uploading /opt/***/data/minio/1771222633.json to Snowflake stage...
[2026-02-17T06:05:06.544+0000] {logging_mixin.py:188} INFO - Uploading /opt/***/data/minio/1771222658.json to Snowflake stage...
[2026-02-17T06:05:07.031+0000] {logging_mixin.py:188} INFO - Uploading /opt/***/data/minio/1771222698.json to Snowflake stage...
[2026-02-17T06:05:07.536+0000] {logging_mixin.py:188} INFO - Uploading /opt/***/data/minio/1771222712.json to Snowflake stage...
[2026-02-17T06:05:08.176+0000] {logging_mixin.py:188} INFO - Uploading /opt/***/data/minio/1771222724.json to Snowflake stage...
[2026-02-17T06:05:08.635+0000] {logging_mixin.py:188} INFO - Uploading /opt/***/data/minio/1771222735.json to Snowflake stage...
[2026-02-17T06:05:09.141+0000] {logging_mixin.py:188} INFO - Uploading /opt/***/data/minio/1771222747.json to Snowflake stage...
[2026-02-17T06:05:09.644+0000] {logging_mixin.py:188} INFO - Uploading /opt/***/data/minio/1771222759.json to Snowflake stage...
[2026-02-17T06:05:10.105+0000] {logging_mixin.py:188} INFO - Uploading /opt/***/data/minio/1771222776.json to Snowflake stage...
[2026-02-17T06:05:10.637+0000] {logging_mixin.py:188} INFO - Uploading /opt/***/data/minio/1771222792.json to Snowflake stage...
[2026-02-17T06:05:11.199+0000] {logging_mixin.py:188} INFO - Uploading /opt/***/data/minio/1771222847.json to Snowflake stage...
[2026-02-17T06:05:11.828+0000] {logging_mixin.py:188} INFO - Uploading /opt/***/data/minio/1771222860.json to Snowflake stage...
[2026-02-17T06:05:12.472+0000] {logging_mixin.py:188} INFO - Uploading /opt/***/data/minio/1771222871.json to Snowflake stage...
[2026-02-17T06:05:13.040+0000] {logging_mixin.py:188} INFO - Uploading /opt/***/data/minio/1771222885.json to Snowflake stage...
[2026-02-17T06:05:13.543+0000] {logging_mixin.py:188} INFO - Uploading /opt/***/data/minio/1771222899.json to Snowflake stage...
[2026-02-17T06:05:14.006+0000] {logging_mixin.py:188} INFO - Uploading /opt/***/data/minio/1771222912.json to Snowflake stage...
[2026-02-17T06:05:14.473+0000] {logging_mixin.py:188} INFO - Uploading /opt/***/data/minio/1771222925.json to Snowflake stage...
[2026-02-17T06:05:14.940+0000] {logging_mixin.py:188} INFO - Uploading /opt/***/data/minio/1771222937.json to Snowflake stage...
[2026-02-17T06:05:15.467+0000] {logging_mixin.py:188} INFO - Uploading /opt/***/data/minio/1771222956.json to Snowflake stage...
[2026-02-17T06:05:16.029+0000] {logging_mixin.py:188} INFO - Uploading /opt/***/data/minio/1771222970.json to Snowflake stage...
[2026-02-17T06:05:16.539+0000] {logging_mixin.py:188} INFO - Uploading /opt/***/data/minio/1771222981.json to Snowflake stage...
[2026-02-17T06:05:17.136+0000] {logging_mixin.py:188} INFO - Uploading /opt/***/data/minio/1771222991.json to Snowflake stage...
[2026-02-17T06:05:18.247+0000] {logging_mixin.py:188} INFO - Uploading /opt/***/data/minio/1771223001.json to Snowflake stage...
[2026-02-17T06:05:18.850+0000] {logging_mixin.py:188} INFO - Uploading /opt/***/data/minio/1771223012.json to Snowflake stage...
[2026-02-17T06:05:19.313+0000] {logging_mixin.py:188} INFO - Uploading /opt/***/data/minio/1771223023.json to Snowflake stage...
[2026-02-17T06:05:19.874+0000] {logging_mixin.py:188} INFO - Uploading /opt/***/data/minio/1771223035.json to Snowflake stage...
[2026-02-17T06:05:20.385+0000] {logging_mixin.py:188} INFO - Uploading /opt/***/data/minio/1771223047.json to Snowflake stage...
[2026-02-17T06:05:20.871+0000] {logging_mixin.py:188} INFO - Uploading /opt/***/data/minio/1771223059.json to Snowflake stage...
[2026-02-17T06:05:21.380+0000] {logging_mixin.py:188} INFO - Uploading /opt/***/data/minio/1771223131.json to Snowflake stage...
[2026-02-17T06:05:21.841+0000] {logging_mixin.py:188} INFO - Uploading /opt/***/data/minio/1771223352.json to Snowflake stage...
[2026-02-17T06:05:22.381+0000] {logging_mixin.py:188} INFO - Uploading /opt/***/data/minio/1771223384.json to Snowflake stage...
[2026-02-17T06:05:22.977+0000] {logging_mixin.py:188} INFO - Uploading /opt/***/data/minio/1771223396.json to Snowflake stage...
[2026-02-17T06:05:23.493+0000] {logging_mixin.py:188} INFO - Uploading /opt/***/data/minio/1771223408.json to Snowflake stage...
[2026-02-17T06:05:23.997+0000] {logging_mixin.py:188} INFO - Uploading /opt/***/data/minio/1771223419.json to Snowflake stage...
[2026-02-17T06:05:24.514+0000] {logging_mixin.py:188} INFO - Uploading /opt/***/data/minio/1771223430.json to Snowflake stage...
[2026-02-17T06:05:25.013+0000] {logging_mixin.py:188} INFO - Uploading /opt/***/data/minio/1771223441.json to Snowflake stage...
[2026-02-17T06:05:25.553+0000] {logging_mixin.py:188} INFO - Uploading /opt/***/data/minio/1771223451.json to Snowflake stage...
[2026-02-17T06:05:26.188+0000] {logging_mixin.py:188} INFO - Uploading /opt/***/data/minio/1771223462.json to Snowflake stage...
[2026-02-17T06:05:26.687+0000] {logging_mixin.py:188} INFO - Uploading /opt/***/data/minio/1771223473.json to Snowflake stage...
[2026-02-17T06:05:28.126+0000] {logging_mixin.py:188} INFO - Uploading /opt/***/data/minio/1771223486.json to Snowflake stage...
[2026-02-17T06:05:28.619+0000] {logging_mixin.py:188} INFO - Uploading /opt/***/data/minio/1771223496.json to Snowflake stage...
[2026-02-17T06:05:29.114+0000] {logging_mixin.py:188} INFO - Uploading /opt/***/data/minio/1771223508.json to Snowflake stage...
[2026-02-17T06:05:29.617+0000] {logging_mixin.py:188} INFO - Uploading /opt/***/data/minio/1771223518.json to Snowflake stage...
[2026-02-17T06:05:30.098+0000] {logging_mixin.py:188} INFO - Uploading /opt/***/data/minio/1771223529.json to Snowflake stage...
[2026-02-17T06:05:30.748+0000] {logging_mixin.py:188} INFO - Uploading /opt/***/data/minio/1771223539.json to Snowflake stage...
[2026-02-17T06:05:31.313+0000] {logging_mixin.py:188} INFO - Uploading /opt/***/data/minio/1771223550.json to Snowflake stage...
[2026-02-17T06:05:31.862+0000] {logging_mixin.py:188} INFO - Uploading /opt/***/data/minio/1771223561.json to Snowflake stage...
[2026-02-17T06:05:32.426+0000] {logging_mixin.py:188} INFO - Uploading /opt/***/data/minio/1771223571.json to Snowflake stage...
[2026-02-17T06:05:33.153+0000] {logging_mixin.py:188} INFO - Uploading /opt/***/data/minio/1771223583.json to Snowflake stage...
[2026-02-17T06:05:33.763+0000] {logging_mixin.py:188} INFO - Uploading /opt/***/data/minio/1771223595.json to Snowflake stage...
[2026-02-17T06:05:34.238+0000] {logging_mixin.py:188} INFO - Uploading /opt/***/data/minio/1771223609.json to Snowflake stage...
[2026-02-17T06:05:34.757+0000] {logging_mixin.py:188} INFO - Uploading /opt/***/data/minio/1771223621.json to Snowflake stage...
[2026-02-17T06:05:35.355+0000] {logging_mixin.py:188} INFO - Uploading /opt/***/data/minio/1771223633.json to Snowflake stage...
[2026-02-17T06:05:35.868+0000] {logging_mixin.py:188} INFO - Uploading /opt/***/data/minio/1771223645.json to Snowflake stage...
[2026-02-17T06:05:36.497+0000] {logging_mixin.py:188} INFO - Uploading /opt/***/data/minio/1771223657.json to Snowflake stage...
[2026-02-17T06:05:37.073+0000] {logging_mixin.py:188} INFO - Uploading /opt/***/data/minio/1771223677.json to Snowflake stage...
[2026-02-17T06:05:37.968+0000] {logging_mixin.py:188} INFO - Uploading /opt/***/data/minio/1771223689.json to Snowflake stage...
[2026-02-17T06:05:38.587+0000] {logging_mixin.py:188} INFO - Uploading /opt/***/data/minio/1771223701.json to Snowflake stage...
[2026-02-17T06:05:39.257+0000] {logging_mixin.py:188} INFO - Copying data into bronze_stock_quotes_raw table...
[2026-02-17T06:05:40.352+0000] {cursor.py:1149} INFO - Number of results in first chunk: 3
[2026-02-17T06:05:40.617+0000] {cursor.py:1149} INFO - Number of results in first chunk: 4
[2026-02-17T06:05:40.743+0000] {cursor.py:1149} INFO - Number of results in first chunk: 1
[2026-02-17T06:05:40.746+0000] {logging_mixin.py:188} INFO - Data loaded successfully.
[2026-02-17T06:05:40.748+0000] {connection.py:773} INFO - closed
[2026-02-17T06:05:40.891+0000] {connection.py:779} INFO - No async queries seem to be running, deleting session
[2026-02-17T06:05:41.103+0000] {python.py:237} INFO - Done. Returned value was: None
[2026-02-17T06:05:41.106+0000] {taskinstance.py:441} INFO - ::group::Post task execution logs
[2026-02-17T06:05:41.155+0000] {taskinstance.py:1206} INFO - Marking task as SUCCESS. dag_id=minio_to_snowflake, task_id=load_snowflake, run_id=scheduled__2026-02-16T06:33:00+00:00, execution_date=20260216T063300, start_date=20260217T055708, end_date=20260217T060541
[2026-02-17T06:05:41.302+0000] {local_task_job_runner.py:243} INFO - Task exited with return code 0
[2026-02-17T06:05:41.982+0000] {taskinstance.py:3503} INFO - 0 downstream tasks scheduled from follow-on schedule check
[2026-02-17T06:05:41.991+0000] {local_task_job_runner.py:222} INFO - ::endgroup::
