[2026-02-16T06:15:48.466+0000] {local_task_job_runner.py:120} INFO - ::group::Pre task execution logs
[2026-02-16T06:15:48.717+0000] {taskinstance.py:2076} INFO - Dependencies all met for dep_context=non-requeueable deps ti=<TaskInstance: minio_to_snowflake.download_minio scheduled__2026-02-16T06:14:00+00:00 [queued]>
[2026-02-16T06:15:48.785+0000] {taskinstance.py:2076} INFO - Dependencies all met for dep_context=requeueable deps ti=<TaskInstance: minio_to_snowflake.download_minio scheduled__2026-02-16T06:14:00+00:00 [queued]>
[2026-02-16T06:15:48.788+0000] {taskinstance.py:2306} INFO - Starting attempt 1 of 2
[2026-02-16T06:15:48.969+0000] {taskinstance.py:2330} INFO - Executing <Task(PythonOperator): download_minio> on 2026-02-16 06:14:00+00:00
[2026-02-16T06:15:49.087+0000] {standard_task_runner.py:90} INFO - Running: ['***', 'tasks', 'run', 'minio_to_snowflake', 'download_minio', 'scheduled__2026-02-16T06:14:00+00:00', '--job-id', '1432', '--raw', '--subdir', 'DAGS_FOLDER/minio_to_snowflake.py', '--cfg-path', '/tmp/tmpihgvuyt8']
[2026-02-16T06:15:49.110+0000] {logging_mixin.py:188} WARNING - /home/***/.local/lib/python3.12/site-packages/***/task/task_runner/standard_task_runner.py:62 DeprecationWarning: This process (pid=10022) is multi-threaded, use of fork() may lead to deadlocks in the child.
[2026-02-16T06:15:49.195+0000] {standard_task_runner.py:91} INFO - Job 1432: Subtask download_minio
[2026-02-16T06:15:49.223+0000] {standard_task_runner.py:64} INFO - Started process 10102 to run task
[2026-02-16T06:15:50.165+0000] {task_command.py:426} INFO - Running <TaskInstance: minio_to_snowflake.download_minio scheduled__2026-02-16T06:14:00+00:00 [running]> on host 353dfeb821e2
[2026-02-16T06:15:50.835+0000] {taskinstance.py:2648} INFO - Exporting env vars: AIRFLOW_CTX_DAG_OWNER='***' AIRFLOW_CTX_DAG_ID='minio_to_snowflake' AIRFLOW_CTX_TASK_ID='download_minio' AIRFLOW_CTX_EXECUTION_DATE='2026-02-16T06:14:00+00:00' AIRFLOW_CTX_TRY_NUMBER='1' AIRFLOW_CTX_DAG_RUN_ID='scheduled__2026-02-16T06:14:00+00:00'
[2026-02-16T06:15:50.841+0000] {taskinstance.py:430} INFO - ::endgroup::
[2026-02-16T06:15:57.464+0000] {logging_mixin.py:188} INFO - Downloaded AAPL/1771221446.json
[2026-02-16T06:15:57.487+0000] {logging_mixin.py:188} INFO - Downloaded AAPL/1771221459.json
[2026-02-16T06:15:57.506+0000] {logging_mixin.py:188} INFO - Downloaded AAPL/1771221471.json
[2026-02-16T06:15:57.530+0000] {logging_mixin.py:188} INFO - Downloaded AAPL/1771221483.json
[2026-02-16T06:15:57.550+0000] {logging_mixin.py:188} INFO - Downloaded AAPL/1771221496.json
[2026-02-16T06:15:57.569+0000] {logging_mixin.py:188} INFO - Downloaded AAPL/1771221508.json
[2026-02-16T06:15:57.599+0000] {logging_mixin.py:188} INFO - Downloaded AAPL/1771221522.json
[2026-02-16T06:15:57.617+0000] {logging_mixin.py:188} INFO - Downloaded AAPL/1771221533.json
[2026-02-16T06:15:57.636+0000] {logging_mixin.py:188} INFO - Downloaded AAPL/1771221545.json
[2026-02-16T06:15:57.655+0000] {logging_mixin.py:188} INFO - Downloaded AAPL/1771221557.json
[2026-02-16T06:15:57.676+0000] {logging_mixin.py:188} INFO - Downloaded AAPL/1771221568.json
[2026-02-16T06:15:57.700+0000] {logging_mixin.py:188} INFO - Downloaded AAPL/1771221580.json
[2026-02-16T06:15:57.718+0000] {logging_mixin.py:188} INFO - Downloaded AAPL/1771221592.json
[2026-02-16T06:15:57.737+0000] {logging_mixin.py:188} INFO - Downloaded AAPL/1771221603.json
[2026-02-16T06:15:57.756+0000] {logging_mixin.py:188} INFO - Downloaded AAPL/1771221615.json
[2026-02-16T06:15:57.783+0000] {logging_mixin.py:188} INFO - Downloaded AAPL/1771221627.json
[2026-02-16T06:15:57.808+0000] {logging_mixin.py:188} INFO - Downloaded AAPL/1771221639.json
[2026-02-16T06:15:57.831+0000] {logging_mixin.py:188} INFO - Downloaded AAPL/1771221650.json
[2026-02-16T06:15:57.860+0000] {logging_mixin.py:188} INFO - Downloaded AAPL/1771221661.json
[2026-02-16T06:15:57.885+0000] {logging_mixin.py:188} INFO - Downloaded AAPL/1771221673.json
[2026-02-16T06:15:57.918+0000] {logging_mixin.py:188} INFO - Downloaded AAPL/1771221686.json
[2026-02-16T06:15:57.945+0000] {logging_mixin.py:188} INFO - Downloaded AAPL/1771221698.json
[2026-02-16T06:15:57.964+0000] {logging_mixin.py:188} INFO - Downloaded AAPL/1771221709.json
[2026-02-16T06:15:57.986+0000] {logging_mixin.py:188} INFO - Downloaded AAPL/1771221720.json
[2026-02-16T06:15:58.010+0000] {logging_mixin.py:188} INFO - Downloaded AAPL/1771221733.json
[2026-02-16T06:15:58.033+0000] {logging_mixin.py:188} INFO - Downloaded AAPL/1771221744.json
[2026-02-16T06:15:58.053+0000] {logging_mixin.py:188} INFO - Downloaded AAPL/1771221757.json
[2026-02-16T06:15:58.077+0000] {logging_mixin.py:188} INFO - Downloaded AAPL/1771221768.json
[2026-02-16T06:15:58.101+0000] {logging_mixin.py:188} INFO - Downloaded AAPL/1771221779.json
[2026-02-16T06:15:58.122+0000] {logging_mixin.py:188} INFO - Downloaded AAPL/1771221792.json
[2026-02-16T06:15:58.154+0000] {logging_mixin.py:188} INFO - Downloaded AAPL/1771221807.json
[2026-02-16T06:15:58.176+0000] {logging_mixin.py:188} INFO - Downloaded AAPL/1771221820.json
[2026-02-16T06:15:58.202+0000] {logging_mixin.py:188} INFO - Downloaded AAPL/1771221831.json
[2026-02-16T06:15:58.223+0000] {logging_mixin.py:188} INFO - Downloaded AAPL/1771221843.json
[2026-02-16T06:15:58.242+0000] {logging_mixin.py:188} INFO - Downloaded AAPL/1771221858.json
[2026-02-16T06:15:58.264+0000] {logging_mixin.py:188} INFO - Downloaded AAPL/1771221871.json
[2026-02-16T06:15:58.290+0000] {logging_mixin.py:188} INFO - Downloaded AAPL/1771221883.json
[2026-02-16T06:15:58.313+0000] {logging_mixin.py:188} INFO - Downloaded AAPL/1771221895.json
[2026-02-16T06:15:58.331+0000] {logging_mixin.py:188} INFO - Downloaded AAPL/1771221906.json
[2026-02-16T06:15:58.351+0000] {logging_mixin.py:188} INFO - Downloaded AAPL/1771221918.json
[2026-02-16T06:15:58.372+0000] {logging_mixin.py:188} INFO - Downloaded AAPL/1771221930.json
[2026-02-16T06:15:58.392+0000] {logging_mixin.py:188} INFO - Downloaded AAPL/1771221941.json
[2026-02-16T06:15:58.414+0000] {logging_mixin.py:188} INFO - Downloaded AAPL/1771221953.json
[2026-02-16T06:15:58.434+0000] {logging_mixin.py:188} INFO - Downloaded AAPL/1771221965.json
[2026-02-16T06:15:58.453+0000] {logging_mixin.py:188} INFO - Downloaded AAPL/1771221976.json
[2026-02-16T06:15:58.472+0000] {logging_mixin.py:188} INFO - Downloaded AAPL/1771221988.json
[2026-02-16T06:15:58.489+0000] {logging_mixin.py:188} INFO - Downloaded AAPL/1771222104.json
[2026-02-16T06:15:58.512+0000] {logging_mixin.py:188} INFO - Downloaded AAPL/1771222116.json
[2026-02-16T06:15:58.530+0000] {logging_mixin.py:188} INFO - Downloaded AAPL/1771222127.json
[2026-02-16T06:15:58.550+0000] {logging_mixin.py:188} INFO - Downloaded AAPL/1771222139.json
[2026-02-16T06:15:58.586+0000] {logging_mixin.py:188} INFO - Downloaded AAPL/1771222151.json
[2026-02-16T06:15:58.607+0000] {logging_mixin.py:188} INFO - Downloaded AAPL/1771222164.json
[2026-02-16T06:15:58.631+0000] {logging_mixin.py:188} INFO - Downloaded AAPL/1771222205.json
[2026-02-16T06:15:58.654+0000] {logging_mixin.py:188} INFO - Downloaded AAPL/1771222217.json
[2026-02-16T06:15:58.674+0000] {logging_mixin.py:188} INFO - Downloaded AAPL/1771222230.json
[2026-02-16T06:15:58.694+0000] {logging_mixin.py:188} INFO - Downloaded AAPL/1771222241.json
[2026-02-16T06:15:58.714+0000] {logging_mixin.py:188} INFO - Downloaded AAPL/1771222252.json
[2026-02-16T06:15:58.736+0000] {logging_mixin.py:188} INFO - Downloaded AAPL/1771222263.json
[2026-02-16T06:15:58.759+0000] {logging_mixin.py:188} INFO - Downloaded AAPL/1771222275.json
[2026-02-16T06:15:58.784+0000] {logging_mixin.py:188} INFO - Downloaded AAPL/1771222286.json
[2026-02-16T06:15:58.819+0000] {logging_mixin.py:188} INFO - Downloaded AAPL/1771222298.json
[2026-02-16T06:15:58.862+0000] {logging_mixin.py:188} INFO - Downloaded AAPL/1771222309.json
[2026-02-16T06:15:58.887+0000] {logging_mixin.py:188} INFO - Downloaded AAPL/1771222320.json
[2026-02-16T06:15:58.919+0000] {logging_mixin.py:188} INFO - Downloaded AAPL/1771222331.json
[2026-02-16T06:15:58.945+0000] {logging_mixin.py:188} INFO - Downloaded AAPL/1771222344.json
[2026-02-16T06:15:58.969+0000] {logging_mixin.py:188} INFO - Downloaded AAPL/1771222355.json
[2026-02-16T06:15:58.993+0000] {logging_mixin.py:188} INFO - Downloaded AAPL/1771222367.json
[2026-02-16T06:15:59.027+0000] {logging_mixin.py:188} INFO - Downloaded AAPL/1771222377.json
[2026-02-16T06:15:59.055+0000] {logging_mixin.py:188} INFO - Downloaded AAPL/1771222388.json
[2026-02-16T06:15:59.085+0000] {logging_mixin.py:188} INFO - Downloaded AAPL/1771222400.json
[2026-02-16T06:15:59.111+0000] {logging_mixin.py:188} INFO - Downloaded AAPL/1771222412.json
[2026-02-16T06:15:59.144+0000] {logging_mixin.py:188} INFO - Downloaded AAPL/1771222451.json
[2026-02-16T06:15:59.167+0000] {logging_mixin.py:188} INFO - Downloaded AAPL/1771222463.json
[2026-02-16T06:15:59.269+0000] {logging_mixin.py:188} INFO - Downloaded AAPL/1771222476.json
[2026-02-16T06:15:59.288+0000] {logging_mixin.py:188} INFO - Downloaded AAPL/1771222487.json
[2026-02-16T06:15:59.314+0000] {logging_mixin.py:188} INFO - Downloaded AAPL/1771222532.json
[2026-02-16T06:15:59.357+0000] {logging_mixin.py:188} INFO - Downloaded AAPL/1771222545.json
[2026-02-16T06:15:59.393+0000] {logging_mixin.py:188} INFO - Downloaded AMZN/1771221451.json
[2026-02-16T06:15:59.490+0000] {logging_mixin.py:188} INFO - Downloaded AMZN/1771221463.json
[2026-02-16T06:15:59.534+0000] {logging_mixin.py:188} INFO - Downloaded AMZN/1771221476.json
[2026-02-16T06:15:59.595+0000] {logging_mixin.py:188} INFO - Downloaded AMZN/1771221489.json
[2026-02-16T06:15:59.630+0000] {logging_mixin.py:188} INFO - Downloaded AMZN/1771221501.json
[2026-02-16T06:15:59.717+0000] {logging_mixin.py:188} INFO - Downloaded AMZN/1771221513.json
[2026-02-16T06:15:59.783+0000] {logging_mixin.py:188} INFO - Downloaded AMZN/1771221526.json
[2026-02-16T06:15:59.820+0000] {logging_mixin.py:188} INFO - Downloaded AMZN/1771221538.json
[2026-02-16T06:15:59.849+0000] {logging_mixin.py:188} INFO - Downloaded AMZN/1771221550.json
[2026-02-16T06:15:59.893+0000] {logging_mixin.py:188} INFO - Downloaded AMZN/1771221561.json
[2026-02-16T06:15:59.958+0000] {logging_mixin.py:188} INFO - Downloaded AMZN/1771221573.json
[2026-02-16T06:16:00.018+0000] {logging_mixin.py:188} INFO - Downloaded AMZN/1771221585.json
[2026-02-16T06:16:00.049+0000] {logging_mixin.py:188} INFO - Downloaded AMZN/1771221596.json
[2026-02-16T06:16:00.080+0000] {logging_mixin.py:188} INFO - Downloaded AMZN/1771221608.json
[2026-02-16T06:16:00.116+0000] {logging_mixin.py:188} INFO - Downloaded AMZN/1771221620.json
[2026-02-16T06:16:00.152+0000] {logging_mixin.py:188} INFO - Downloaded AMZN/1771221631.json
[2026-02-16T06:16:00.183+0000] {logging_mixin.py:188} INFO - Downloaded AMZN/1771221643.json
[2026-02-16T06:16:00.210+0000] {logging_mixin.py:188} INFO - Downloaded AMZN/1771221654.json
[2026-02-16T06:16:00.257+0000] {logging_mixin.py:188} INFO - Downloaded AMZN/1771221666.json
[2026-02-16T06:16:00.298+0000] {logging_mixin.py:188} INFO - Downloaded AMZN/1771221678.json
[2026-02-16T06:16:00.342+0000] {logging_mixin.py:188} INFO - Downloaded AMZN/1771221690.json
[2026-02-16T06:16:00.374+0000] {logging_mixin.py:188} INFO - Downloaded AMZN/1771221702.json
[2026-02-16T06:16:00.405+0000] {logging_mixin.py:188} INFO - Downloaded AMZN/1771221713.json
[2026-02-16T06:16:00.450+0000] {logging_mixin.py:188} INFO - Downloaded AMZN/1771221726.json
[2026-02-16T06:16:00.480+0000] {logging_mixin.py:188} INFO - Downloaded AMZN/1771221737.json
[2026-02-16T06:16:00.518+0000] {logging_mixin.py:188} INFO - Downloaded AMZN/1771221750.json
[2026-02-16T06:16:00.577+0000] {logging_mixin.py:188} INFO - Downloaded AMZN/1771221761.json
[2026-02-16T06:16:00.614+0000] {logging_mixin.py:188} INFO - Downloaded AMZN/1771221772.json
[2026-02-16T06:16:00.676+0000] {logging_mixin.py:188} INFO - Downloaded AMZN/1771221784.json
[2026-02-16T06:16:00.723+0000] {logging_mixin.py:188} INFO - Downloaded AMZN/1771221800.json
[2026-02-16T06:16:00.773+0000] {logging_mixin.py:188} INFO - Downloaded AMZN/1771221812.json
[2026-02-16T06:16:00.818+0000] {logging_mixin.py:188} INFO - Downloaded AMZN/1771221824.json
[2026-02-16T06:16:00.854+0000] {logging_mixin.py:188} INFO - Downloaded AMZN/1771221836.json
[2026-02-16T06:16:00.888+0000] {logging_mixin.py:188} INFO - Downloaded AMZN/1771221851.json
[2026-02-16T06:16:00.926+0000] {logging_mixin.py:188} INFO - Downloaded AMZN/1771221864.json
[2026-02-16T06:16:00.957+0000] {logging_mixin.py:188} INFO - Downloaded AMZN/1771221875.json
[2026-02-16T06:16:00.984+0000] {logging_mixin.py:188} INFO - Downloaded AMZN/1771221887.json
[2026-02-16T06:16:01.013+0000] {logging_mixin.py:188} INFO - Downloaded AMZN/1771221899.json
[2026-02-16T06:16:01.045+0000] {logging_mixin.py:188} INFO - Downloaded AMZN/1771221911.json
[2026-02-16T06:16:01.080+0000] {logging_mixin.py:188} INFO - Downloaded AMZN/1771221923.json
[2026-02-16T06:16:01.130+0000] {logging_mixin.py:188} INFO - Downloaded AMZN/1771221934.json
[2026-02-16T06:16:01.162+0000] {logging_mixin.py:188} INFO - Downloaded AMZN/1771221946.json
[2026-02-16T06:16:01.196+0000] {logging_mixin.py:188} INFO - Downloaded AMZN/1771221957.json
[2026-02-16T06:16:01.230+0000] {logging_mixin.py:188} INFO - Downloaded AMZN/1771221969.json
[2026-02-16T06:16:01.265+0000] {logging_mixin.py:188} INFO - Downloaded AMZN/1771221981.json
[2026-02-16T06:16:01.304+0000] {logging_mixin.py:188} INFO - Downloaded AMZN/1771222097.json
[2026-02-16T06:16:01.344+0000] {logging_mixin.py:188} INFO - Downloaded AMZN/1771222108.json
[2026-02-16T06:16:01.382+0000] {logging_mixin.py:188} INFO - Downloaded AMZN/1771222120.json
[2026-02-16T06:16:01.416+0000] {logging_mixin.py:188} INFO - Downloaded AMZN/1771222132.json
[2026-02-16T06:16:01.450+0000] {logging_mixin.py:188} INFO - Downloaded AMZN/1771222144.json
[2026-02-16T06:16:01.481+0000] {logging_mixin.py:188} INFO - Downloaded AMZN/1771222157.json
[2026-02-16T06:16:01.514+0000] {logging_mixin.py:188} INFO - Downloaded AMZN/1771222198.json
[2026-02-16T06:16:01.544+0000] {logging_mixin.py:188} INFO - Downloaded AMZN/1771222210.json
[2026-02-16T06:16:01.582+0000] {logging_mixin.py:188} INFO - Downloaded AMZN/1771222223.json
[2026-02-16T06:16:01.615+0000] {logging_mixin.py:188} INFO - Downloaded AMZN/1771222233.json
[2026-02-16T06:16:01.646+0000] {logging_mixin.py:188} INFO - Downloaded AMZN/1771222245.json
[2026-02-16T06:16:01.676+0000] {logging_mixin.py:188} INFO - Downloaded AMZN/1771222256.json
[2026-02-16T06:16:01.748+0000] {logging_mixin.py:188} INFO - Downloaded AMZN/1771222268.json
[2026-02-16T06:16:01.828+0000] {logging_mixin.py:188} INFO - Downloaded AMZN/1771222279.json
[2026-02-16T06:16:01.891+0000] {logging_mixin.py:188} INFO - Downloaded AMZN/1771222291.json
[2026-02-16T06:16:01.958+0000] {logging_mixin.py:188} INFO - Downloaded AMZN/1771222302.json
[2026-02-16T06:16:02.012+0000] {logging_mixin.py:188} INFO - Downloaded AMZN/1771222313.json
[2026-02-16T06:16:02.092+0000] {logging_mixin.py:188} INFO - Downloaded AMZN/1771222324.json
[2026-02-16T06:16:02.139+0000] {logging_mixin.py:188} INFO - Downloaded AMZN/1771222336.json
[2026-02-16T06:16:02.168+0000] {logging_mixin.py:188} INFO - Downloaded AMZN/1771222348.json
[2026-02-16T06:16:02.199+0000] {logging_mixin.py:188} INFO - Downloaded AMZN/1771222359.json
[2026-02-16T06:16:02.279+0000] {logging_mixin.py:188} INFO - Downloaded AMZN/1771222370.json
[2026-02-16T06:16:02.325+0000] {logging_mixin.py:188} INFO - Downloaded AMZN/1771222381.json
[2026-02-16T06:16:02.361+0000] {logging_mixin.py:188} INFO - Downloaded AMZN/1771222393.json
[2026-02-16T06:16:02.413+0000] {logging_mixin.py:188} INFO - Downloaded AMZN/1771222404.json
[2026-02-16T06:16:02.537+0000] {logging_mixin.py:188} INFO - Downloaded AMZN/1771222444.json
[2026-02-16T06:16:02.582+0000] {logging_mixin.py:188} INFO - Downloaded AMZN/1771222456.json
[2026-02-16T06:16:02.652+0000] {logging_mixin.py:188} INFO - Downloaded AMZN/1771222467.json
[2026-02-16T06:16:02.692+0000] {logging_mixin.py:188} INFO - Downloaded AMZN/1771222480.json
[2026-02-16T06:16:02.768+0000] {logging_mixin.py:188} INFO - Downloaded AMZN/1771222525.json
[2026-02-16T06:16:02.853+0000] {logging_mixin.py:188} INFO - Downloaded AMZN/1771222537.json
[2026-02-16T06:16:02.902+0000] {logging_mixin.py:188} INFO - Downloaded AMZN/1771222550.json
[2026-02-16T06:16:02.937+0000] {logging_mixin.py:188} INFO - Downloaded GOOGL/1771221450.json
[2026-02-16T06:16:02.981+0000] {logging_mixin.py:188} INFO - Downloaded GOOGL/1771221462.json
[2026-02-16T06:16:03.000+0000] {logging_mixin.py:188} INFO - Downloaded GOOGL/1771221475.json
[2026-02-16T06:16:03.019+0000] {logging_mixin.py:188} INFO - Downloaded GOOGL/1771221488.json
[2026-02-16T06:16:03.057+0000] {logging_mixin.py:188} INFO - Downloaded GOOGL/1771221500.json
[2026-02-16T06:16:03.080+0000] {logging_mixin.py:188} INFO - Downloaded GOOGL/1771221512.json
[2026-02-16T06:16:03.113+0000] {logging_mixin.py:188} INFO - Downloaded GOOGL/1771221525.json
[2026-02-16T06:16:03.140+0000] {logging_mixin.py:188} INFO - Downloaded GOOGL/1771221537.json
[2026-02-16T06:16:03.167+0000] {logging_mixin.py:188} INFO - Downloaded GOOGL/1771221549.json
[2026-02-16T06:16:03.192+0000] {logging_mixin.py:188} INFO - Downloaded GOOGL/1771221560.json
[2026-02-16T06:16:03.218+0000] {logging_mixin.py:188} INFO - Downloaded GOOGL/1771221571.json
[2026-02-16T06:16:03.240+0000] {logging_mixin.py:188} INFO - Downloaded GOOGL/1771221583.json
[2026-02-16T06:16:03.263+0000] {logging_mixin.py:188} INFO - Downloaded GOOGL/1771221595.json
[2026-02-16T06:16:03.283+0000] {logging_mixin.py:188} INFO - Downloaded GOOGL/1771221607.json
[2026-02-16T06:16:03.303+0000] {logging_mixin.py:188} INFO - Downloaded GOOGL/1771221619.json
[2026-02-16T06:16:03.322+0000] {logging_mixin.py:188} INFO - Downloaded GOOGL/1771221630.json
[2026-02-16T06:16:03.340+0000] {logging_mixin.py:188} INFO - Downloaded GOOGL/1771221642.json
[2026-02-16T06:16:03.361+0000] {logging_mixin.py:188} INFO - Downloaded GOOGL/1771221653.json
[2026-02-16T06:16:03.380+0000] {logging_mixin.py:188} INFO - Downloaded GOOGL/1771221665.json
[2026-02-16T06:16:03.398+0000] {logging_mixin.py:188} INFO - Downloaded GOOGL/1771221677.json
[2026-02-16T06:16:03.416+0000] {logging_mixin.py:188} INFO - Downloaded GOOGL/1771221689.json
[2026-02-16T06:16:03.434+0000] {logging_mixin.py:188} INFO - Downloaded GOOGL/1771221701.json
[2026-02-16T06:16:03.453+0000] {logging_mixin.py:188} INFO - Downloaded GOOGL/1771221712.json
[2026-02-16T06:16:03.470+0000] {logging_mixin.py:188} INFO - Downloaded GOOGL/1771221724.json
[2026-02-16T06:16:03.487+0000] {logging_mixin.py:188} INFO - Downloaded GOOGL/1771221736.json
[2026-02-16T06:16:03.524+0000] {logging_mixin.py:188} INFO - Downloaded GOOGL/1771221748.json
[2026-02-16T06:16:03.543+0000] {logging_mixin.py:188} INFO - Downloaded GOOGL/1771221760.json
[2026-02-16T06:16:03.560+0000] {logging_mixin.py:188} INFO - Downloaded GOOGL/1771221771.json
[2026-02-16T06:16:03.580+0000] {logging_mixin.py:188} INFO - Downloaded GOOGL/1771221783.json
[2026-02-16T06:16:03.615+0000] {logging_mixin.py:188} INFO - Downloaded GOOGL/1771221799.json
[2026-02-16T06:16:03.632+0000] {logging_mixin.py:188} INFO - Downloaded GOOGL/1771221811.json
[2026-02-16T06:16:03.653+0000] {logging_mixin.py:188} INFO - Downloaded GOOGL/1771221823.json
[2026-02-16T06:16:03.671+0000] {logging_mixin.py:188} INFO - Downloaded GOOGL/1771221835.json
[2026-02-16T06:16:03.693+0000] {logging_mixin.py:188} INFO - Downloaded GOOGL/1771221850.json
[2026-02-16T06:16:03.712+0000] {logging_mixin.py:188} INFO - Downloaded GOOGL/1771221862.json
[2026-02-16T06:16:03.730+0000] {logging_mixin.py:188} INFO - Downloaded GOOGL/1771221874.json
[2026-02-16T06:16:03.748+0000] {logging_mixin.py:188} INFO - Downloaded GOOGL/1771221886.json
[2026-02-16T06:16:03.768+0000] {logging_mixin.py:188} INFO - Downloaded GOOGL/1771221898.json
[2026-02-16T06:16:03.792+0000] {logging_mixin.py:188} INFO - Downloaded GOOGL/1771221910.json
[2026-02-16T06:16:03.813+0000] {logging_mixin.py:188} INFO - Downloaded GOOGL/1771221921.json
[2026-02-16T06:16:03.831+0000] {logging_mixin.py:188} INFO - Downloaded GOOGL/1771221933.json
[2026-02-16T06:16:03.850+0000] {logging_mixin.py:188} INFO - Downloaded GOOGL/1771221945.json
[2026-02-16T06:16:03.868+0000] {logging_mixin.py:188} INFO - Downloaded GOOGL/1771221957.json
[2026-02-16T06:16:03.889+0000] {logging_mixin.py:188} INFO - Downloaded GOOGL/1771221968.json
[2026-02-16T06:16:03.911+0000] {logging_mixin.py:188} INFO - Downloaded GOOGL/1771221980.json
[2026-02-16T06:16:03.929+0000] {logging_mixin.py:188} INFO - Downloaded GOOGL/1771222084.json
[2026-02-16T06:16:03.947+0000] {logging_mixin.py:188} INFO - Downloaded GOOGL/1771222107.json
[2026-02-16T06:16:03.969+0000] {logging_mixin.py:188} INFO - Downloaded GOOGL/1771222119.json
[2026-02-16T06:16:03.991+0000] {logging_mixin.py:188} INFO - Downloaded GOOGL/1771222131.json
[2026-02-16T06:16:04.041+0000] {logging_mixin.py:188} INFO - Downloaded GOOGL/1771222143.json
[2026-02-16T06:16:04.063+0000] {logging_mixin.py:188} INFO - Downloaded GOOGL/1771222156.json
[2026-02-16T06:16:04.084+0000] {logging_mixin.py:188} INFO - Downloaded GOOGL/1771222197.json
[2026-02-16T06:16:04.106+0000] {logging_mixin.py:188} INFO - Downloaded GOOGL/1771222209.json
[2026-02-16T06:16:04.152+0000] {logging_mixin.py:188} INFO - Downloaded GOOGL/1771222221.json
[2026-02-16T06:16:04.187+0000] {logging_mixin.py:188} INFO - Downloaded GOOGL/1771222232.json
[2026-02-16T06:16:04.211+0000] {logging_mixin.py:188} INFO - Downloaded GOOGL/1771222244.json
[2026-02-16T06:16:04.229+0000] {logging_mixin.py:188} INFO - Downloaded GOOGL/1771222255.json
[2026-02-16T06:16:04.247+0000] {logging_mixin.py:188} INFO - Downloaded GOOGL/1771222267.json
[2026-02-16T06:16:04.266+0000] {logging_mixin.py:188} INFO - Downloaded GOOGL/1771222278.json
[2026-02-16T06:16:04.300+0000] {logging_mixin.py:188} INFO - Downloaded GOOGL/1771222290.json
[2026-02-16T06:16:04.326+0000] {logging_mixin.py:188} INFO - Downloaded GOOGL/1771222301.json
[2026-02-16T06:16:04.347+0000] {logging_mixin.py:188} INFO - Downloaded GOOGL/1771222312.json
[2026-02-16T06:16:04.376+0000] {logging_mixin.py:188} INFO - Downloaded GOOGL/1771222323.json
[2026-02-16T06:16:04.396+0000] {logging_mixin.py:188} INFO - Downloaded GOOGL/1771222335.json
[2026-02-16T06:16:04.418+0000] {logging_mixin.py:188} INFO - Downloaded GOOGL/1771222347.json
[2026-02-16T06:16:04.440+0000] {logging_mixin.py:188} INFO - Downloaded GOOGL/1771222358.json
[2026-02-16T06:16:04.461+0000] {logging_mixin.py:188} INFO - Downloaded GOOGL/1771222370.json
[2026-02-16T06:16:04.485+0000] {logging_mixin.py:188} INFO - Downloaded GOOGL/1771222380.json
[2026-02-16T06:16:04.503+0000] {logging_mixin.py:188} INFO - Downloaded GOOGL/1771222392.json
[2026-02-16T06:16:04.520+0000] {logging_mixin.py:188} INFO - Downloaded GOOGL/1771222403.json
[2026-02-16T06:16:04.540+0000] {logging_mixin.py:188} INFO - Downloaded GOOGL/1771222443.json
[2026-02-16T06:16:04.557+0000] {logging_mixin.py:188} INFO - Downloaded GOOGL/1771222455.json
[2026-02-16T06:16:04.575+0000] {logging_mixin.py:188} INFO - Downloaded GOOGL/1771222466.json
[2026-02-16T06:16:04.593+0000] {logging_mixin.py:188} INFO - Downloaded GOOGL/1771222479.json
[2026-02-16T06:16:04.610+0000] {logging_mixin.py:188} INFO - Downloaded GOOGL/1771222523.json
[2026-02-16T06:16:04.627+0000] {logging_mixin.py:188} INFO - Downloaded GOOGL/1771222535.json
[2026-02-16T06:16:04.644+0000] {logging_mixin.py:188} INFO - Downloaded GOOGL/1771222548.json
[2026-02-16T06:16:04.703+0000] {logging_mixin.py:188} INFO - Downloaded MSFT/1771221448.json
[2026-02-16T06:16:04.742+0000] {logging_mixin.py:188} INFO - Downloaded MSFT/1771221460.json
[2026-02-16T06:16:04.771+0000] {logging_mixin.py:188} INFO - Downloaded MSFT/1771221472.json
[2026-02-16T06:16:04.793+0000] {logging_mixin.py:188} INFO - Downloaded MSFT/1771221484.json
[2026-02-16T06:16:04.830+0000] {logging_mixin.py:188} INFO - Downloaded MSFT/1771221497.json
[2026-02-16T06:16:04.871+0000] {logging_mixin.py:188} INFO - Downloaded MSFT/1771221509.json
[2026-02-16T06:16:04.909+0000] {logging_mixin.py:188} INFO - Downloaded MSFT/1771221523.json
[2026-02-16T06:16:04.985+0000] {logging_mixin.py:188} INFO - Downloaded MSFT/1771221534.json
[2026-02-16T06:16:05.075+0000] {logging_mixin.py:188} INFO - Downloaded MSFT/1771221546.json
[2026-02-16T06:16:05.116+0000] {logging_mixin.py:188} INFO - Downloaded MSFT/1771221558.json
[2026-02-16T06:16:05.139+0000] {logging_mixin.py:188} INFO - Downloaded MSFT/1771221569.json
[2026-02-16T06:16:05.177+0000] {logging_mixin.py:188} INFO - Downloaded MSFT/1771221581.json
[2026-02-16T06:16:05.201+0000] {logging_mixin.py:188} INFO - Downloaded MSFT/1771221593.json
[2026-02-16T06:16:05.256+0000] {logging_mixin.py:188} INFO - Downloaded MSFT/1771221604.json
[2026-02-16T06:16:05.290+0000] {logging_mixin.py:188} INFO - Downloaded MSFT/1771221616.json
[2026-02-16T06:16:05.312+0000] {logging_mixin.py:188} INFO - Downloaded MSFT/1771221628.json
[2026-02-16T06:16:05.351+0000] {logging_mixin.py:188} INFO - Downloaded MSFT/1771221640.json
[2026-02-16T06:16:05.487+0000] {logging_mixin.py:188} INFO - Downloaded MSFT/1771221651.json
[2026-02-16T06:16:05.537+0000] {logging_mixin.py:188} INFO - Downloaded MSFT/1771221663.json
[2026-02-16T06:16:05.570+0000] {logging_mixin.py:188} INFO - Downloaded MSFT/1771221675.json
[2026-02-16T06:16:05.627+0000] {logging_mixin.py:188} INFO - Downloaded MSFT/1771221687.json
[2026-02-16T06:16:05.719+0000] {logging_mixin.py:188} INFO - Downloaded MSFT/1771221698.json
[2026-02-16T06:16:05.741+0000] {logging_mixin.py:188} INFO - Downloaded MSFT/1771221710.json
[2026-02-16T06:16:05.785+0000] {logging_mixin.py:188} INFO - Downloaded MSFT/1771221722.json
[2026-02-16T06:16:05.844+0000] {logging_mixin.py:188} INFO - Downloaded MSFT/1771221734.json
[2026-02-16T06:16:05.898+0000] {logging_mixin.py:188} INFO - Downloaded MSFT/1771221746.json
[2026-02-16T06:16:05.938+0000] {logging_mixin.py:188} INFO - Downloaded MSFT/1771221758.json
[2026-02-16T06:16:06.029+0000] {logging_mixin.py:188} INFO - Downloaded MSFT/1771221769.json
[2026-02-16T06:16:06.059+0000] {logging_mixin.py:188} INFO - Downloaded MSFT/1771221781.json
[2026-02-16T06:16:06.099+0000] {logging_mixin.py:188} INFO - Downloaded MSFT/1771221797.json
[2026-02-16T06:16:06.154+0000] {logging_mixin.py:188} INFO - Downloaded MSFT/1771221808.json
[2026-02-16T06:16:06.215+0000] {logging_mixin.py:188} INFO - Downloaded MSFT/1771221821.json
[2026-02-16T06:16:06.256+0000] {logging_mixin.py:188} INFO - Downloaded MSFT/1771221832.json
[2026-02-16T06:16:06.326+0000] {logging_mixin.py:188} INFO - Downloaded MSFT/1771221848.json
[2026-02-16T06:16:06.378+0000] {logging_mixin.py:188} INFO - Downloaded MSFT/1771221859.json
[2026-02-16T06:16:06.404+0000] {logging_mixin.py:188} INFO - Downloaded MSFT/1771221872.json
[2026-02-16T06:16:06.441+0000] {logging_mixin.py:188} INFO - Downloaded MSFT/1771221884.json
[2026-02-16T06:16:06.488+0000] {logging_mixin.py:188} INFO - Downloaded MSFT/1771221896.json
[2026-02-16T06:16:06.662+0000] {logging_mixin.py:188} INFO - Downloaded MSFT/1771221907.json
[2026-02-16T06:16:06.693+0000] {logging_mixin.py:188} INFO - Downloaded MSFT/1771221919.json
[2026-02-16T06:16:06.787+0000] {logging_mixin.py:188} INFO - Downloaded MSFT/1771221931.json
[2026-02-16T06:16:06.836+0000] {logging_mixin.py:188} INFO - Downloaded MSFT/1771221942.json
[2026-02-16T06:16:06.876+0000] {logging_mixin.py:188} INFO - Downloaded MSFT/1771221954.json
[2026-02-16T06:16:06.922+0000] {logging_mixin.py:188} INFO - Downloaded MSFT/1771221966.json
[2026-02-16T06:16:06.966+0000] {logging_mixin.py:188} INFO - Downloaded MSFT/1771221978.json
[2026-02-16T06:16:07.018+0000] {logging_mixin.py:188} INFO - Downloaded MSFT/1771222021.json
[2026-02-16T06:16:07.040+0000] {logging_mixin.py:188} INFO - Downloaded MSFT/1771222105.json
[2026-02-16T06:16:07.061+0000] {logging_mixin.py:188} INFO - Downloaded MSFT/1771222117.json
[2026-02-16T06:16:07.082+0000] {logging_mixin.py:188} INFO - Downloaded MSFT/1771222128.json
[2026-02-16T06:16:07.118+0000] {logging_mixin.py:188} INFO - Downloaded MSFT/1771222140.json
[2026-02-16T06:16:07.170+0000] {logging_mixin.py:188} INFO - Downloaded MSFT/1771222153.json
[2026-02-16T06:16:07.191+0000] {logging_mixin.py:188} INFO - Downloaded MSFT/1771222195.json
[2026-02-16T06:16:07.243+0000] {logging_mixin.py:188} INFO - Downloaded MSFT/1771222207.json
[2026-02-16T06:16:07.263+0000] {logging_mixin.py:188} INFO - Downloaded MSFT/1771222218.json
[2026-02-16T06:16:07.293+0000] {logging_mixin.py:188} INFO - Downloaded MSFT/1771222230.json
[2026-02-16T06:16:07.338+0000] {logging_mixin.py:188} INFO - Downloaded MSFT/1771222242.json
[2026-02-16T06:16:07.404+0000] {logging_mixin.py:188} INFO - Downloaded MSFT/1771222253.json
[2026-02-16T06:16:07.482+0000] {logging_mixin.py:188} INFO - Downloaded MSFT/1771222264.json
[2026-02-16T06:16:07.505+0000] {logging_mixin.py:188} INFO - Downloaded MSFT/1771222276.json
[2026-02-16T06:16:07.595+0000] {logging_mixin.py:188} INFO - Downloaded MSFT/1771222287.json
[2026-02-16T06:16:07.623+0000] {logging_mixin.py:188} INFO - Downloaded MSFT/1771222299.json
[2026-02-16T06:16:07.671+0000] {logging_mixin.py:188} INFO - Downloaded MSFT/1771222310.json
[2026-02-16T06:16:07.725+0000] {logging_mixin.py:188} INFO - Downloaded MSFT/1771222321.json
[2026-02-16T06:16:07.764+0000] {logging_mixin.py:188} INFO - Downloaded MSFT/1771222333.json
[2026-02-16T06:16:07.801+0000] {logging_mixin.py:188} INFO - Downloaded MSFT/1771222345.json
[2026-02-16T06:16:07.849+0000] {logging_mixin.py:188} INFO - Downloaded MSFT/1771222356.json
[2026-02-16T06:16:07.916+0000] {logging_mixin.py:188} INFO - Downloaded MSFT/1771222368.json
[2026-02-16T06:16:07.978+0000] {logging_mixin.py:188} INFO - Downloaded MSFT/1771222378.json
[2026-02-16T06:16:08.019+0000] {logging_mixin.py:188} INFO - Downloaded MSFT/1771222389.json
[2026-02-16T06:16:08.069+0000] {logging_mixin.py:188} INFO - Downloaded MSFT/1771222401.json
[2026-02-16T06:16:08.103+0000] {logging_mixin.py:188} INFO - Downloaded MSFT/1771222413.json
[2026-02-16T06:16:08.169+0000] {logging_mixin.py:188} INFO - Downloaded MSFT/1771222452.json
[2026-02-16T06:16:08.211+0000] {logging_mixin.py:188} INFO - Downloaded MSFT/1771222464.json
[2026-02-16T06:16:08.235+0000] {logging_mixin.py:188} INFO - Downloaded MSFT/1771222477.json
[2026-02-16T06:16:08.169+0000] {logging_mixin.py:188} INFO - Downloaded MSFT/1771222519.json
[2026-02-16T06:16:08.199+0000] {logging_mixin.py:188} INFO - Downloaded MSFT/1771222533.json
[2026-02-16T06:16:08.225+0000] {logging_mixin.py:188} INFO - Downloaded MSFT/1771222546.json
[2026-02-16T06:16:08.249+0000] {logging_mixin.py:188} INFO - Downloaded TSLA/1771221449.json
[2026-02-16T06:16:08.323+0000] {logging_mixin.py:188} INFO - Downloaded TSLA/1771221461.json
[2026-02-16T06:16:08.365+0000] {logging_mixin.py:188} INFO - Downloaded TSLA/1771221473.json
[2026-02-16T06:16:08.407+0000] {logging_mixin.py:188} INFO - Downloaded TSLA/1771221485.json
[2026-02-16T06:16:08.468+0000] {logging_mixin.py:188} INFO - Downloaded TSLA/1771221498.json
[2026-02-16T06:16:08.568+0000] {logging_mixin.py:188} INFO - Downloaded TSLA/1771221511.json
[2026-02-16T06:16:08.600+0000] {logging_mixin.py:188} INFO - Downloaded TSLA/1771221524.json
[2026-02-16T06:16:08.637+0000] {logging_mixin.py:188} INFO - Downloaded TSLA/1771221535.json
[2026-02-16T06:16:08.702+0000] {logging_mixin.py:188} INFO - Downloaded TSLA/1771221547.json
[2026-02-16T06:16:08.728+0000] {logging_mixin.py:188} INFO - Downloaded TSLA/1771221559.json
[2026-02-16T06:16:08.779+0000] {logging_mixin.py:188} INFO - Downloaded TSLA/1771221570.json
[2026-02-16T06:16:08.845+0000] {logging_mixin.py:188} INFO - Downloaded TSLA/1771221582.json
[2026-02-16T06:16:08.895+0000] {logging_mixin.py:188} INFO - Downloaded TSLA/1771221594.json
[2026-02-16T06:16:08.952+0000] {logging_mixin.py:188} INFO - Downloaded TSLA/1771221605.json
[2026-02-16T06:16:09.018+0000] {logging_mixin.py:188} INFO - Downloaded TSLA/1771221617.json
[2026-02-16T06:16:09.145+0000] {logging_mixin.py:188} INFO - Downloaded TSLA/1771221629.json
[2026-02-16T06:16:09.207+0000] {logging_mixin.py:188} INFO - Downloaded TSLA/1771221641.json
[2026-02-16T06:16:09.348+0000] {logging_mixin.py:188} INFO - Downloaded TSLA/1771221652.json
[2026-02-16T06:16:09.958+0000] {logging_mixin.py:188} INFO - Downloaded TSLA/1771221664.json
[2026-02-16T06:16:09.999+0000] {logging_mixin.py:188} INFO - Downloaded TSLA/1771221676.json
[2026-02-16T06:16:10.029+0000] {logging_mixin.py:188} INFO - Downloaded TSLA/1771221688.json
[2026-02-16T06:16:10.086+0000] {logging_mixin.py:188} INFO - Downloaded TSLA/1771221700.json
[2026-02-16T06:16:10.143+0000] {logging_mixin.py:188} INFO - Downloaded TSLA/1771221711.json
[2026-02-16T06:16:10.243+0000] {logging_mixin.py:188} INFO - Downloaded TSLA/1771221723.json
[2026-02-16T06:16:10.286+0000] {logging_mixin.py:188} INFO - Downloaded TSLA/1771221735.json
[2026-02-16T06:16:10.348+0000] {logging_mixin.py:188} INFO - Downloaded TSLA/1771221747.json
[2026-02-16T06:16:10.385+0000] {logging_mixin.py:188} INFO - Downloaded TSLA/1771221759.json
[2026-02-16T06:16:10.421+0000] {logging_mixin.py:188} INFO - Downloaded TSLA/1771221770.json
[2026-02-16T06:16:10.511+0000] {logging_mixin.py:188} INFO - Downloaded TSLA/1771221782.json
[2026-02-16T06:16:10.556+0000] {logging_mixin.py:188} INFO - Downloaded TSLA/1771221798.json
[2026-02-16T06:16:10.592+0000] {logging_mixin.py:188} INFO - Downloaded TSLA/1771221810.json
[2026-02-16T06:16:10.608+0000] {logging_mixin.py:188} INFO - Downloaded TSLA/1771221822.json
[2026-02-16T06:16:10.622+0000] {logging_mixin.py:188} INFO - Downloaded TSLA/1771221834.json
[2026-02-16T06:16:10.645+0000] {logging_mixin.py:188} INFO - Downloaded TSLA/1771221849.json
[2026-02-16T06:16:10.666+0000] {logging_mixin.py:188} INFO - Downloaded TSLA/1771221861.json
[2026-02-16T06:16:10.706+0000] {logging_mixin.py:188} INFO - Downloaded TSLA/1771221873.json
[2026-02-16T06:16:10.746+0000] {logging_mixin.py:188} INFO - Downloaded TSLA/1771221885.json
[2026-02-16T06:16:10.786+0000] {logging_mixin.py:188} INFO - Downloaded TSLA/1771221897.json
[2026-02-16T06:16:10.828+0000] {logging_mixin.py:188} INFO - Downloaded TSLA/1771221908.json
[2026-02-16T06:16:10.851+0000] {logging_mixin.py:188} INFO - Downloaded TSLA/1771221920.json
[2026-02-16T06:16:10.913+0000] {logging_mixin.py:188} INFO - Downloaded TSLA/1771221932.json
[2026-02-16T06:16:10.929+0000] {logging_mixin.py:188} INFO - Downloaded TSLA/1771221943.json
[2026-02-16T06:16:10.968+0000] {logging_mixin.py:188} INFO - Downloaded TSLA/1771221955.json
[2026-02-16T06:16:10.991+0000] {logging_mixin.py:188} INFO - Downloaded TSLA/1771221967.json
[2026-02-16T06:16:11.027+0000] {logging_mixin.py:188} INFO - Downloaded TSLA/1771221979.json
[2026-02-16T06:16:11.048+0000] {logging_mixin.py:188} INFO - Downloaded TSLA/1771222053.json
[2026-02-16T06:16:11.065+0000] {logging_mixin.py:188} INFO - Downloaded TSLA/1771222106.json
[2026-02-16T06:16:11.113+0000] {logging_mixin.py:188} INFO - Downloaded TSLA/1771222118.json
[2026-02-16T06:16:11.150+0000] {logging_mixin.py:188} INFO - Downloaded TSLA/1771222129.json
[2026-02-16T06:16:11.245+0000] {logging_mixin.py:188} INFO - Downloaded TSLA/1771222142.json
[2026-02-16T06:16:11.278+0000] {logging_mixin.py:188} INFO - Downloaded TSLA/1771222154.json
[2026-02-16T06:16:11.324+0000] {logging_mixin.py:188} INFO - Downloaded TSLA/1771222196.json
[2026-02-16T06:16:11.347+0000] {logging_mixin.py:188} INFO - Downloaded TSLA/1771222208.json
[2026-02-16T06:16:11.383+0000] {logging_mixin.py:188} INFO - Downloaded TSLA/1771222220.json
[2026-02-16T06:16:11.423+0000] {logging_mixin.py:188} INFO - Downloaded TSLA/1771222231.json
[2026-02-16T06:16:11.469+0000] {logging_mixin.py:188} INFO - Downloaded TSLA/1771222243.json
[2026-02-16T06:16:11.504+0000] {logging_mixin.py:188} INFO - Downloaded TSLA/1771222254.json
[2026-02-16T06:16:11.543+0000] {logging_mixin.py:188} INFO - Downloaded TSLA/1771222266.json
[2026-02-16T06:16:11.708+0000] {logging_mixin.py:188} INFO - Downloaded TSLA/1771222277.json
[2026-02-16T06:16:11.724+0000] {logging_mixin.py:188} INFO - Downloaded TSLA/1771222289.json
[2026-02-16T06:16:11.748+0000] {logging_mixin.py:188} INFO - Downloaded TSLA/1771222300.json
[2026-02-16T06:16:11.781+0000] {logging_mixin.py:188} INFO - Downloaded TSLA/1771222311.json
[2026-02-16T06:16:11.801+0000] {logging_mixin.py:188} INFO - Downloaded TSLA/1771222322.json
[2026-02-16T06:16:11.872+0000] {logging_mixin.py:188} INFO - Downloaded TSLA/1771222334.json
[2026-02-16T06:16:11.906+0000] {logging_mixin.py:188} INFO - Downloaded TSLA/1771222346.json
[2026-02-16T06:16:11.929+0000] {logging_mixin.py:188} INFO - Downloaded TSLA/1771222357.json
[2026-02-16T06:16:12.016+0000] {logging_mixin.py:188} INFO - Downloaded TSLA/1771222369.json
[2026-02-16T06:16:12.070+0000] {logging_mixin.py:188} INFO - Downloaded TSLA/1771222379.json
[2026-02-16T06:16:12.140+0000] {logging_mixin.py:188} INFO - Downloaded TSLA/1771222390.json
[2026-02-16T06:16:12.182+0000] {logging_mixin.py:188} INFO - Downloaded TSLA/1771222402.json
[2026-02-16T06:16:12.251+0000] {logging_mixin.py:188} INFO - Downloaded TSLA/1771222414.json
[2026-02-16T06:16:12.355+0000] {logging_mixin.py:188} INFO - Downloaded TSLA/1771222454.json
[2026-02-16T06:16:12.407+0000] {logging_mixin.py:188} INFO - Downloaded TSLA/1771222465.json
[2026-02-16T06:16:12.456+0000] {logging_mixin.py:188} INFO - Downloaded TSLA/1771222478.json
[2026-02-16T06:16:12.492+0000] {logging_mixin.py:188} INFO - Downloaded TSLA/1771222522.json
[2026-02-16T06:16:12.510+0000] {logging_mixin.py:188} INFO - Downloaded TSLA/1771222534.json
[2026-02-16T06:16:12.527+0000] {logging_mixin.py:188} INFO - Downloaded TSLA/1771222547.json
[2026-02-16T06:16:12.742+0000] {python.py:237} INFO - Done. Returned value was: ['/opt/***/data/minio/1771221446.json', '/opt/***/data/minio/1771221459.json', '/opt/***/data/minio/1771221471.json', '/opt/***/data/minio/1771221483.json', '/opt/***/data/minio/1771221496.json', '/opt/***/data/minio/1771221508.json', '/opt/***/data/minio/1771221522.json', '/opt/***/data/minio/1771221533.json', '/opt/***/data/minio/1771221545.json', '/opt/***/data/minio/1771221557.json', '/opt/***/data/minio/1771221568.json', '/opt/***/data/minio/1771221580.json', '/opt/***/data/minio/1771221592.json', '/opt/***/data/minio/1771221603.json', '/opt/***/data/minio/1771221615.json', '/opt/***/data/minio/1771221627.json', '/opt/***/data/minio/1771221639.json', '/opt/***/data/minio/1771221650.json', '/opt/***/data/minio/1771221661.json', '/opt/***/data/minio/1771221673.json', '/opt/***/data/minio/1771221686.json', '/opt/***/data/minio/1771221698.json', '/opt/***/data/minio/1771221709.json', '/opt/***/data/minio/1771221720.json', '/opt/***/data/minio/1771221733.json', '/opt/***/data/minio/1771221744.json', '/opt/***/data/minio/1771221757.json', '/opt/***/data/minio/1771221768.json', '/opt/***/data/minio/1771221779.json', '/opt/***/data/minio/1771221792.json', '/opt/***/data/minio/1771221807.json', '/opt/***/data/minio/1771221820.json', '/opt/***/data/minio/1771221831.json', '/opt/***/data/minio/1771221843.json', '/opt/***/data/minio/1771221858.json', '/opt/***/data/minio/1771221871.json', '/opt/***/data/minio/1771221883.json', '/opt/***/data/minio/1771221895.json', '/opt/***/data/minio/1771221906.json', '/opt/***/data/minio/1771221918.json', '/opt/***/data/minio/1771221930.json', '/opt/***/data/minio/1771221941.json', '/opt/***/data/minio/1771221953.json', '/opt/***/data/minio/1771221965.json', '/opt/***/data/minio/1771221976.json', '/opt/***/data/minio/1771221988.json', '/opt/***/data/minio/1771222104.json', '/opt/***/data/minio/1771222116.json', '/opt/***/data/minio/1771222127.json', '/opt/***/data/minio/1771222139.json', '/opt/***/data/minio/1771222151.json', '/opt/***/data/minio/1771222164.json', '/opt/***/data/minio/1771222205.json', '/opt/***/data/minio/1771222217.json', '/opt/***/data/minio/1771222230.json', '/opt/***/data/minio/1771222241.json', '/opt/***/data/minio/1771222252.json', '/opt/***/data/minio/1771222263.json', '/opt/***/data/minio/1771222275.json', '/opt/***/data/minio/1771222286.json', '/opt/***/data/minio/1771222298.json', '/opt/***/data/minio/1771222309.json', '/opt/***/data/minio/1771222320.json', '/opt/***/data/minio/1771222331.json', '/opt/***/data/minio/1771222344.json', '/opt/***/data/minio/1771222355.json', '/opt/***/data/minio/1771222367.json', '/opt/***/data/minio/1771222377.json', '/opt/***/data/minio/1771222388.json', '/opt/***/data/minio/1771222400.json', '/opt/***/data/minio/1771222412.json', '/opt/***/data/minio/1771222451.json', '/opt/***/data/minio/1771222463.json', '/opt/***/data/minio/1771222476.json', '/opt/***/data/minio/1771222487.json', '/opt/***/data/minio/1771222532.json', '/opt/***/data/minio/1771222545.json', '/opt/***/data/minio/1771221451.json', '/opt/***/data/minio/1771221463.json', '/opt/***/data/minio/1771221476.json', '/opt/***/data/minio/1771221489.json', '/opt/***/data/minio/1771221501.json', '/opt/***/data/minio/1771221513.json', '/opt/***/data/minio/1771221526.json', '/opt/***/data/minio/1771221538.json', '/opt/***/data/minio/1771221550.json', '/opt/***/data/minio/1771221561.json', '/opt/***/data/minio/1771221573.json', '/opt/***/data/minio/1771221585.json', '/opt/***/data/minio/1771221596.json', '/opt/***/data/minio/1771221608.json', '/opt/***/data/minio/1771221620.json', '/opt/***/data/minio/1771221631.json', '/opt/***/data/minio/1771221643.json', '/opt/***/data/minio/1771221654.json', '/opt/***/data/minio/1771221666.json', '/opt/***/data/minio/1771221678.json', '/opt/***/data/minio/1771221690.json', '/opt/***/data/minio/1771221702.json', '/opt/***/data/minio/1771221713.json', '/opt/***/data/minio/1771221726.json', '/opt/***/data/minio/1771221737.json', '/opt/***/data/minio/1771221750.json', '/opt/***/data/minio/1771221761.json', '/opt/***/data/minio/1771221772.json', '/opt/***/data/minio/1771221784.json', '/opt/***/data/minio/1771221800.json', '/opt/***/data/minio/1771221812.json', '/opt/***/data/minio/1771221824.json', '/opt/***/data/minio/1771221836.json', '/opt/***/data/minio/1771221851.json', '/opt/***/data/minio/1771221864.json', '/opt/***/data/minio/1771221875.json', '/opt/***/data/minio/1771221887.json', '/opt/***/data/minio/1771221899.json', '/opt/***/data/minio/1771221911.json', '/opt/***/data/minio/1771221923.json', '/opt/***/data/minio/1771221934.json', '/opt/***/data/minio/1771221946.json', '/opt/***/data/minio/1771221957.json', '/opt/***/data/minio/1771221969.json', '/opt/***/data/minio/1771221981.json', '/opt/***/data/minio/1771222097.json', '/opt/***/data/minio/1771222108.json', '/opt/***/data/minio/1771222120.json', '/opt/***/data/minio/1771222132.json', '/opt/***/data/minio/1771222144.json', '/opt/***/data/minio/1771222157.json', '/opt/***/data/minio/1771222198.json', '/opt/***/data/minio/1771222210.json', '/opt/***/data/minio/1771222223.json', '/opt/***/data/minio/1771222233.json', '/opt/***/data/minio/1771222245.json', '/opt/***/data/minio/1771222256.json', '/opt/***/data/minio/1771222268.json', '/opt/***/data/minio/1771222279.json', '/opt/***/data/minio/1771222291.json', '/opt/***/data/minio/1771222302.json', '/opt/***/data/minio/1771222313.json', '/opt/***/data/minio/1771222324.json', '/opt/***/data/minio/1771222336.json', '/opt/***/data/minio/1771222348.json', '/opt/***/data/minio/1771222359.json', '/opt/***/data/minio/1771222370.json', '/opt/***/data/minio/1771222381.json', '/opt/***/data/minio/1771222393.json', '/opt/***/data/minio/1771222404.json', '/opt/***/data/minio/1771222444.json', '/opt/***/data/minio/1771222456.json', '/opt/***/data/minio/1771222467.json', '/opt/***/data/minio/1771222480.json', '/opt/***/data/minio/1771222525.json', '/opt/***/data/minio/1771222537.json', '/opt/***/data/minio/1771222550.json', '/opt/***/data/minio/1771221450.json', '/opt/***/data/minio/1771221462.json', '/opt/***/data/minio/1771221475.json', '/opt/***/data/minio/1771221488.json', '/opt/***/data/minio/1771221500.json', '/opt/***/data/minio/1771221512.json', '/opt/***/data/minio/1771221525.json', '/opt/***/data/minio/1771221537.json', '/opt/***/data/minio/1771221549.json', '/opt/***/data/minio/1771221560.json', '/opt/***/data/minio/1771221571.json', '/opt/***/data/minio/1771221583.json', '/opt/***/data/minio/1771221595.json', '/opt/***/data/minio/1771221607.json', '/opt/***/data/minio/1771221619.json', '/opt/***/data/minio/1771221630.json', '/opt/***/data/minio/1771221642.json', '/opt/***/data/minio/1771221653.json', '/opt/***/data/minio/1771221665.json', '/opt/***/data/minio/1771221677.json', '/opt/***/data/minio/1771221689.json', '/opt/***/data/minio/1771221701.json', '/opt/***/data/minio/1771221712.json', '/opt/***/data/minio/1771221724.json', '/opt/***/data/minio/1771221736.json', '/opt/***/data/minio/1771221748.json', '/opt/***/data/minio/1771221760.json', '/opt/***/data/minio/1771221771.json', '/opt/***/data/minio/1771221783.json', '/opt/***/data/minio/1771221799.json', '/opt/***/data/minio/1771221811.json', '/opt/***/data/minio/1771221823.json', '/opt/***/data/minio/1771221835.json', '/opt/***/data/minio/1771221850.json', '/opt/***/data/minio/1771221862.json', '/opt/***/data/minio/1771221874.json', '/opt/***/data/minio/1771221886.json', '/opt/***/data/minio/1771221898.json', '/opt/***/data/minio/1771221910.json', '/opt/***/data/minio/1771221921.json', '/opt/***/data/minio/1771221933.json', '/opt/***/data/minio/1771221945.json', '/opt/***/data/minio/1771221957.json', '/opt/***/data/minio/1771221968.json', '/opt/***/data/minio/1771221980.json', '/opt/***/data/minio/1771222084.json', '/opt/***/data/minio/1771222107.json', '/opt/***/data/minio/1771222119.json', '/opt/***/data/minio/1771222131.json', '/opt/***/data/minio/1771222143.json', '/opt/***/data/minio/1771222156.json', '/opt/***/data/minio/1771222197.json', '/opt/***/data/minio/1771222209.json', '/opt/***/data/minio/1771222221.json', '/opt/***/data/minio/1771222232.json', '/opt/***/data/minio/1771222244.json', '/opt/***/data/minio/1771222255.json', '/opt/***/data/minio/1771222267.json', '/opt/***/data/minio/1771222278.json', '/opt/***/data/minio/1771222290.json', '/opt/***/data/minio/1771222301.json', '/opt/***/data/minio/1771222312.json', '/opt/***/data/minio/1771222323.json', '/opt/***/data/minio/1771222335.json', '/opt/***/data/minio/1771222347.json', '/opt/***/data/minio/1771222358.json', '/opt/***/data/minio/1771222370.json', '/opt/***/data/minio/1771222380.json', '/opt/***/data/minio/1771222392.json', '/opt/***/data/minio/1771222403.json', '/opt/***/data/minio/1771222443.json', '/opt/***/data/minio/1771222455.json', '/opt/***/data/minio/1771222466.json', '/opt/***/data/minio/1771222479.json', '/opt/***/data/minio/1771222523.json', '/opt/***/data/minio/1771222535.json', '/opt/***/data/minio/1771222548.json', '/opt/***/data/minio/1771221448.json', '/opt/***/data/minio/1771221460.json', '/opt/***/data/minio/1771221472.json', '/opt/***/data/minio/1771221484.json', '/opt/***/data/minio/1771221497.json', '/opt/***/data/minio/1771221509.json', '/opt/***/data/minio/1771221523.json', '/opt/***/data/minio/1771221534.json', '/opt/***/data/minio/1771221546.json', '/opt/***/data/minio/1771221558.json', '/opt/***/data/minio/1771221569.json', '/opt/***/data/minio/1771221581.json', '/opt/***/data/minio/1771221593.json', '/opt/***/data/minio/1771221604.json', '/opt/***/data/minio/1771221616.json', '/opt/***/data/minio/1771221628.json', '/opt/***/data/minio/1771221640.json', '/opt/***/data/minio/1771221651.json', '/opt/***/data/minio/1771221663.json', '/opt/***/data/minio/1771221675.json', '/opt/***/data/minio/1771221687.json', '/opt/***/data/minio/1771221698.json', '/opt/***/data/minio/1771221710.json', '/opt/***/data/minio/1771221722.json', '/opt/***/data/minio/1771221734.json', '/opt/***/data/minio/1771221746.json', '/opt/***/data/minio/1771221758.json', '/opt/***/data/minio/1771221769.json', '/opt/***/data/minio/1771221781.json', '/opt/***/data/minio/1771221797.json', '/opt/***/data/minio/1771221808.json', '/opt/***/data/minio/1771221821.json', '/opt/***/data/minio/1771221832.json', '/opt/***/data/minio/1771221848.json', '/opt/***/data/minio/1771221859.json', '/opt/***/data/minio/1771221872.json', '/opt/***/data/minio/1771221884.json', '/opt/***/data/minio/1771221896.json', '/opt/***/data/minio/1771221907.json', '/opt/***/data/minio/1771221919.json', '/opt/***/data/minio/1771221931.json', '/opt/***/data/minio/1771221942.json', '/opt/***/data/minio/1771221954.json', '/opt/***/data/minio/1771221966.json', '/opt/***/data/minio/1771221978.json', '/opt/***/data/minio/1771222021.json', '/opt/***/data/minio/1771222105.json', '/opt/***/data/minio/1771222117.json', '/opt/***/data/minio/1771222128.json', '/opt/***/data/minio/1771222140.json', '/opt/***/data/minio/1771222153.json', '/opt/***/data/minio/1771222195.json', '/opt/***/data/minio/1771222207.json', '/opt/***/data/minio/1771222218.json', '/opt/***/data/minio/1771222230.json', '/opt/***/data/minio/1771222242.json', '/opt/***/data/minio/1771222253.json', '/opt/***/data/minio/1771222264.json', '/opt/***/data/minio/1771222276.json', '/opt/***/data/minio/1771222287.json', '/opt/***/data/minio/1771222299.json', '/opt/***/data/minio/1771222310.json', '/opt/***/data/minio/1771222321.json', '/opt/***/data/minio/1771222333.json', '/opt/***/data/minio/1771222345.json', '/opt/***/data/minio/1771222356.json', '/opt/***/data/minio/1771222368.json', '/opt/***/data/minio/1771222378.json', '/opt/***/data/minio/1771222389.json', '/opt/***/data/minio/1771222401.json', '/opt/***/data/minio/1771222413.json', '/opt/***/data/minio/1771222452.json', '/opt/***/data/minio/1771222464.json', '/opt/***/data/minio/1771222477.json', '/opt/***/data/minio/1771222519.json', '/opt/***/data/minio/1771222533.json', '/opt/***/data/minio/1771222546.json', '/opt/***/data/minio/1771221449.json', '/opt/***/data/minio/1771221461.json', '/opt/***/data/minio/1771221473.json', '/opt/***/data/minio/1771221485.json', '/opt/***/data/minio/1771221498.json', '/opt/***/data/minio/1771221511.json', '/opt/***/data/minio/1771221524.json', '/opt/***/data/minio/1771221535.json', '/opt/***/data/minio/1771221547.json', '/opt/***/data/minio/1771221559.json', '/opt/***/data/minio/1771221570.json', '/opt/***/data/minio/1771221582.json', '/opt/***/data/minio/1771221594.json', '/opt/***/data/minio/1771221605.json', '/opt/***/data/minio/1771221617.json', '/opt/***/data/minio/1771221629.json', '/opt/***/data/minio/1771221641.json', '/opt/***/data/minio/1771221652.json', '/opt/***/data/minio/1771221664.json', '/opt/***/data/minio/1771221676.json', '/opt/***/data/minio/1771221688.json', '/opt/***/data/minio/1771221700.json', '/opt/***/data/minio/1771221711.json', '/opt/***/data/minio/1771221723.json', '/opt/***/data/minio/1771221735.json', '/opt/***/data/minio/1771221747.json', '/opt/***/data/minio/1771221759.json', '/opt/***/data/minio/1771221770.json', '/opt/***/data/minio/1771221782.json', '/opt/***/data/minio/1771221798.json', '/opt/***/data/minio/1771221810.json', '/opt/***/data/minio/1771221822.json', '/opt/***/data/minio/1771221834.json', '/opt/***/data/minio/1771221849.json', '/opt/***/data/minio/1771221861.json', '/opt/***/data/minio/1771221873.json', '/opt/***/data/minio/1771221885.json', '/opt/***/data/minio/1771221897.json', '/opt/***/data/minio/1771221908.json', '/opt/***/data/minio/1771221920.json', '/opt/***/data/minio/1771221932.json', '/opt/***/data/minio/1771221943.json', '/opt/***/data/minio/1771221955.json', '/opt/***/data/minio/1771221967.json', '/opt/***/data/minio/1771221979.json', '/opt/***/data/minio/1771222053.json', '/opt/***/data/minio/1771222106.json', '/opt/***/data/minio/1771222118.json', '/opt/***/data/minio/1771222129.json', '/opt/***/data/minio/1771222142.json', '/opt/***/data/minio/1771222154.json', '/opt/***/data/minio/1771222196.json', '/opt/***/data/minio/1771222208.json', '/opt/***/data/minio/1771222220.json', '/opt/***/data/minio/1771222231.json', '/opt/***/data/minio/1771222243.json', '/opt/***/data/minio/1771222254.json', '/opt/***/data/minio/1771222266.json', '/opt/***/data/minio/1771222277.json', '/opt/***/data/minio/1771222289.json', '/opt/***/data/minio/1771222300.json', '/opt/***/data/minio/1771222311.json', '/opt/***/data/minio/1771222322.json', '/opt/***/data/minio/1771222334.json', '/opt/***/data/minio/1771222346.json', '/opt/***/data/minio/1771222357.json', '/opt/***/data/minio/1771222369.json', '/opt/***/data/minio/1771222379.json', '/opt/***/data/minio/1771222390.json', '/opt/***/data/minio/1771222402.json', '/opt/***/data/minio/1771222414.json', '/opt/***/data/minio/1771222454.json', '/opt/***/data/minio/1771222465.json', '/opt/***/data/minio/1771222478.json', '/opt/***/data/minio/1771222522.json', '/opt/***/data/minio/1771222534.json', '/opt/***/data/minio/1771222547.json']
[2026-02-16T06:16:12.759+0000] {taskinstance.py:441} INFO - ::group::Post task execution logs
[2026-02-16T06:16:13.596+0000] {taskinstance.py:1206} INFO - Marking task as SUCCESS. dag_id=minio_to_snowflake, task_id=download_minio, run_id=scheduled__2026-02-16T06:14:00+00:00, execution_date=20260216T061400, start_date=20260216T061548, end_date=20260216T061613
[2026-02-16T06:16:13.763+0000] {local_task_job_runner.py:243} INFO - Task exited with return code 0
[2026-02-16T06:16:13.902+0000] {taskinstance.py:3503} INFO - 1 downstream tasks scheduled from follow-on schedule check
[2026-02-16T06:16:13.931+0000] {local_task_job_runner.py:222} INFO - ::endgroup::
