[2026-02-04T10:19:02.801+0000] {local_task_job_runner.py:120} INFO - ::group::Pre task execution logs
[2026-02-04T10:19:02.849+0000] {taskinstance.py:2076} INFO - Dependencies all met for dep_context=non-requeueable deps ti=<TaskInstance: minio_to_snowflake.download_minio scheduled__2026-02-04T10:18:00+00:00 [queued]>
[2026-02-04T10:19:02.862+0000] {taskinstance.py:2076} INFO - Dependencies all met for dep_context=requeueable deps ti=<TaskInstance: minio_to_snowflake.download_minio scheduled__2026-02-04T10:18:00+00:00 [queued]>
[2026-02-04T10:19:02.863+0000] {taskinstance.py:2306} INFO - Starting attempt 1 of 2
[2026-02-04T10:19:02.899+0000] {taskinstance.py:2330} INFO - Executing <Task(PythonOperator): download_minio> on 2026-02-04 10:18:00+00:00
[2026-02-04T10:19:02.922+0000] {logging_mixin.py:188} WARNING - /home/***/.local/lib/python3.12/site-packages/***/task/task_runner/standard_task_runner.py:62 DeprecationWarning: This process (pid=24352) is multi-threaded, use of fork() may lead to deadlocks in the child.
[2026-02-04T10:19:02.925+0000] {standard_task_runner.py:64} INFO - Started process 24374 to run task
[2026-02-04T10:19:02.922+0000] {standard_task_runner.py:90} INFO - Running: ['***', 'tasks', 'run', 'minio_to_snowflake', 'download_minio', 'scheduled__2026-02-04T10:18:00+00:00', '--job-id', '962', '--raw', '--subdir', 'DAGS_FOLDER/minio_to_snowflake.py', '--cfg-path', '/tmp/tmpsxnlvo1k']
[2026-02-04T10:19:02.926+0000] {standard_task_runner.py:91} INFO - Job 962: Subtask download_minio
[2026-02-04T10:19:03.053+0000] {task_command.py:426} INFO - Running <TaskInstance: minio_to_snowflake.download_minio scheduled__2026-02-04T10:18:00+00:00 [running]> on host 1a57f62d265e
[2026-02-04T10:19:03.203+0000] {taskinstance.py:2648} INFO - Exporting env vars: AIRFLOW_CTX_DAG_OWNER='***' AIRFLOW_CTX_DAG_ID='minio_to_snowflake' AIRFLOW_CTX_TASK_ID='download_minio' AIRFLOW_CTX_EXECUTION_DATE='2026-02-04T10:18:00+00:00' AIRFLOW_CTX_TRY_NUMBER='1' AIRFLOW_CTX_DAG_RUN_ID='scheduled__2026-02-04T10:18:00+00:00'
[2026-02-04T10:19:03.205+0000] {taskinstance.py:430} INFO - ::endgroup::
[2026-02-04T10:19:03.461+0000] {logging_mixin.py:188} INFO - Downloaded AAPL/1770190211.json
[2026-02-04T10:19:03.471+0000] {logging_mixin.py:188} INFO - Downloaded AAPL/1770190221.json
[2026-02-04T10:19:03.482+0000] {logging_mixin.py:188} INFO - Downloaded AAPL/1770190233.json
[2026-02-04T10:19:03.492+0000] {logging_mixin.py:188} INFO - Downloaded AAPL/1770190244.json
[2026-02-04T10:19:03.502+0000] {logging_mixin.py:188} INFO - Downloaded AAPL/1770190256.json
[2026-02-04T10:19:03.512+0000] {logging_mixin.py:188} INFO - Downloaded AAPL/1770190268.json
[2026-02-04T10:19:03.521+0000] {logging_mixin.py:188} INFO - Downloaded AAPL/1770190278.json
[2026-02-04T10:19:03.533+0000] {logging_mixin.py:188} INFO - Downloaded AAPL/1770190289.json
[2026-02-04T10:19:03.544+0000] {logging_mixin.py:188} INFO - Downloaded AAPL/1770190300.json
[2026-02-04T10:19:03.554+0000] {logging_mixin.py:188} INFO - Downloaded AAPL/1770190310.json
[2026-02-04T10:19:03.564+0000] {logging_mixin.py:188} INFO - Downloaded AAPL/1770190323.json
[2026-02-04T10:19:03.581+0000] {logging_mixin.py:188} INFO - Downloaded AAPL/1770190333.json
[2026-02-04T10:19:03.603+0000] {logging_mixin.py:188} INFO - Downloaded AAPL/1770190344.json
[2026-02-04T10:19:03.626+0000] {logging_mixin.py:188} INFO - Downloaded AAPL/1770190356.json
[2026-02-04T10:19:03.649+0000] {logging_mixin.py:188} INFO - Downloaded AAPL/1770190368.json
[2026-02-04T10:19:03.671+0000] {logging_mixin.py:188} INFO - Downloaded AAPL/1770190378.json
[2026-02-04T10:19:03.698+0000] {logging_mixin.py:188} INFO - Downloaded AAPL/1770190388.json
[2026-02-04T10:19:03.724+0000] {logging_mixin.py:188} INFO - Downloaded AAPL/1770190399.json
[2026-02-04T10:19:03.750+0000] {logging_mixin.py:188} INFO - Downloaded AAPL/1770190410.json
[2026-02-04T10:19:03.779+0000] {logging_mixin.py:188} INFO - Downloaded AAPL/1770190421.json
[2026-02-04T10:19:03.799+0000] {logging_mixin.py:188} INFO - Downloaded AAPL/1770190432.json
[2026-02-04T10:19:03.820+0000] {logging_mixin.py:188} INFO - Downloaded AAPL/1770190442.json
[2026-02-04T10:19:03.836+0000] {logging_mixin.py:188} INFO - Downloaded AAPL/1770190453.json
[2026-02-04T10:19:03.848+0000] {logging_mixin.py:188} INFO - Downloaded AAPL/1770190463.json
[2026-02-04T10:19:03.860+0000] {logging_mixin.py:188} INFO - Downloaded AAPL/1770190474.json
[2026-02-04T10:19:03.870+0000] {logging_mixin.py:188} INFO - Downloaded AAPL/1770190485.json
[2026-02-04T10:19:03.879+0000] {logging_mixin.py:188} INFO - Downloaded AAPL/1770190495.json
[2026-02-04T10:19:03.889+0000] {logging_mixin.py:188} INFO - Downloaded AAPL/1770190506.json
[2026-02-04T10:19:03.898+0000] {logging_mixin.py:188} INFO - Downloaded AAPL/1770190516.json
[2026-02-04T10:19:03.908+0000] {logging_mixin.py:188} INFO - Downloaded AAPL/1770190527.json
[2026-02-04T10:19:03.918+0000] {logging_mixin.py:188} INFO - Downloaded AAPL/1770190537.json
[2026-02-04T10:19:03.928+0000] {logging_mixin.py:188} INFO - Downloaded AAPL/1770190548.json
[2026-02-04T10:19:03.938+0000] {logging_mixin.py:188} INFO - Downloaded AAPL/1770190559.json
[2026-02-04T10:19:03.948+0000] {logging_mixin.py:188} INFO - Downloaded AAPL/1770190569.json
[2026-02-04T10:19:03.958+0000] {logging_mixin.py:188} INFO - Downloaded AAPL/1770190580.json
[2026-02-04T10:19:03.969+0000] {logging_mixin.py:188} INFO - Downloaded AAPL/1770190590.json
[2026-02-04T10:19:03.979+0000] {logging_mixin.py:188} INFO - Downloaded AAPL/1770190600.json
[2026-02-04T10:19:03.990+0000] {logging_mixin.py:188} INFO - Downloaded AAPL/1770190611.json
[2026-02-04T10:19:04.000+0000] {logging_mixin.py:188} INFO - Downloaded AAPL/1770190621.json
[2026-02-04T10:19:04.010+0000] {logging_mixin.py:188} INFO - Downloaded AAPL/1770190632.json
[2026-02-04T10:19:04.020+0000] {logging_mixin.py:188} INFO - Downloaded AAPL/1770190642.json
[2026-02-04T10:19:04.030+0000] {logging_mixin.py:188} INFO - Downloaded AAPL/1770190652.json
[2026-02-04T10:19:04.040+0000] {logging_mixin.py:188} INFO - Downloaded AAPL/1770190663.json
[2026-02-04T10:19:04.051+0000] {logging_mixin.py:188} INFO - Downloaded AAPL/1770190673.json
[2026-02-04T10:19:04.060+0000] {logging_mixin.py:188} INFO - Downloaded AAPL/1770190683.json
[2026-02-04T10:19:04.071+0000] {logging_mixin.py:188} INFO - Downloaded AAPL/1770190694.json
[2026-02-04T10:19:04.081+0000] {logging_mixin.py:188} INFO - Downloaded AAPL/1770190704.json
[2026-02-04T10:19:04.091+0000] {logging_mixin.py:188} INFO - Downloaded AAPL/1770190715.json
[2026-02-04T10:19:04.100+0000] {logging_mixin.py:188} INFO - Downloaded AAPL/1770190725.json
[2026-02-04T10:19:04.111+0000] {logging_mixin.py:188} INFO - Downloaded AAPL/1770190736.json
[2026-02-04T10:19:04.120+0000] {logging_mixin.py:188} INFO - Downloaded AAPL/1770190746.json
[2026-02-04T10:19:04.130+0000] {logging_mixin.py:188} INFO - Downloaded AAPL/1770190757.json
[2026-02-04T10:19:04.140+0000] {logging_mixin.py:188} INFO - Downloaded AAPL/1770190767.json
[2026-02-04T10:19:04.149+0000] {logging_mixin.py:188} INFO - Downloaded AAPL/1770190778.json
[2026-02-04T10:19:04.159+0000] {logging_mixin.py:188} INFO - Downloaded AAPL/1770190788.json
[2026-02-04T10:19:04.169+0000] {logging_mixin.py:188} INFO - Downloaded AAPL/1770190799.json
[2026-02-04T10:19:04.178+0000] {logging_mixin.py:188} INFO - Downloaded AAPL/1770190810.json
[2026-02-04T10:19:04.188+0000] {logging_mixin.py:188} INFO - Downloaded AAPL/1770190820.json
[2026-02-04T10:19:04.198+0000] {logging_mixin.py:188} INFO - Downloaded AAPL/1770190831.json
[2026-02-04T10:19:04.208+0000] {logging_mixin.py:188} INFO - Downloaded AAPL/1770190842.json
[2026-02-04T10:19:04.217+0000] {logging_mixin.py:188} INFO - Downloaded AAPL/1770190852.json
[2026-02-04T10:19:04.228+0000] {logging_mixin.py:188} INFO - Downloaded AAPL/1770190863.json
[2026-02-04T10:19:04.237+0000] {logging_mixin.py:188} INFO - Downloaded AAPL/1770190873.json
[2026-02-04T10:19:04.246+0000] {logging_mixin.py:188} INFO - Downloaded AAPL/1770190884.json
[2026-02-04T10:19:04.256+0000] {logging_mixin.py:188} INFO - Downloaded AAPL/1770190895.json
[2026-02-04T10:19:04.266+0000] {logging_mixin.py:188} INFO - Downloaded AAPL/1770190908.json
[2026-02-04T10:19:04.275+0000] {logging_mixin.py:188} INFO - Downloaded AAPL/1770190919.json
[2026-02-04T10:19:04.286+0000] {logging_mixin.py:188} INFO - Downloaded AAPL/1770190929.json
[2026-02-04T10:19:04.296+0000] {logging_mixin.py:188} INFO - Downloaded AAPL/1770190940.json
[2026-02-04T10:19:04.316+0000] {logging_mixin.py:188} INFO - Downloaded AAPL/1770190951.json
[2026-02-04T10:19:04.341+0000] {logging_mixin.py:188} INFO - Downloaded AAPL/1770190962.json
[2026-02-04T10:19:04.366+0000] {logging_mixin.py:188} INFO - Downloaded AAPL/1770190972.json
[2026-02-04T10:19:04.390+0000] {logging_mixin.py:188} INFO - Downloaded AAPL/1770190983.json
[2026-02-04T10:19:04.417+0000] {logging_mixin.py:188} INFO - Downloaded AAPL/1770190995.json
[2026-02-04T10:19:04.433+0000] {logging_mixin.py:188} INFO - Downloaded AAPL/1770191006.json
[2026-02-04T10:19:04.444+0000] {logging_mixin.py:188} INFO - Downloaded AAPL/1770191017.json
[2026-02-04T10:19:04.453+0000] {logging_mixin.py:188} INFO - Downloaded AAPL/1770191028.json
[2026-02-04T10:19:04.464+0000] {logging_mixin.py:188} INFO - Downloaded AAPL/1770191039.json
[2026-02-04T10:19:04.474+0000] {logging_mixin.py:188} INFO - Downloaded AAPL/1770191049.json
[2026-02-04T10:19:04.483+0000] {logging_mixin.py:188} INFO - Downloaded AAPL/1770191060.json
[2026-02-04T10:19:04.492+0000] {logging_mixin.py:188} INFO - Downloaded AAPL/1770191070.json
[2026-02-04T10:19:04.501+0000] {logging_mixin.py:188} INFO - Downloaded AAPL/1770191081.json
[2026-02-04T10:19:04.510+0000] {logging_mixin.py:188} INFO - Downloaded AAPL/1770191091.json
[2026-02-04T10:19:04.520+0000] {logging_mixin.py:188} INFO - Downloaded AAPL/1770191101.json
[2026-02-04T10:19:04.532+0000] {logging_mixin.py:188} INFO - Downloaded AAPL/1770191111.json
[2026-02-04T10:19:04.552+0000] {logging_mixin.py:188} INFO - Downloaded AAPL/1770191122.json
[2026-02-04T10:19:04.569+0000] {logging_mixin.py:188} INFO - Downloaded AAPL/1770191133.json
[2026-02-04T10:19:04.585+0000] {logging_mixin.py:188} INFO - Downloaded AAPL/1770191144.json
[2026-02-04T10:19:04.600+0000] {logging_mixin.py:188} INFO - Downloaded AAPL/1770191154.json
[2026-02-04T10:19:04.615+0000] {logging_mixin.py:188} INFO - Downloaded AAPL/1770191165.json
[2026-02-04T10:19:04.626+0000] {logging_mixin.py:188} INFO - Downloaded AAPL/1770191175.json
[2026-02-04T10:19:04.637+0000] {logging_mixin.py:188} INFO - Downloaded AAPL/1770191186.json
[2026-02-04T10:19:04.648+0000] {logging_mixin.py:188} INFO - Downloaded AAPL/1770191197.json
[2026-02-04T10:19:04.659+0000] {logging_mixin.py:188} INFO - Downloaded AAPL/1770191207.json
[2026-02-04T10:19:04.669+0000] {logging_mixin.py:188} INFO - Downloaded AAPL/1770191218.json
[2026-02-04T10:19:04.680+0000] {logging_mixin.py:188} INFO - Downloaded AAPL/1770191229.json
[2026-02-04T10:19:04.691+0000] {logging_mixin.py:188} INFO - Downloaded AAPL/1770191240.json
[2026-02-04T10:19:04.702+0000] {logging_mixin.py:188} INFO - Downloaded AAPL/1770191251.json
[2026-02-04T10:19:04.712+0000] {logging_mixin.py:188} INFO - Downloaded AAPL/1770191261.json
[2026-02-04T10:19:04.722+0000] {logging_mixin.py:188} INFO - Downloaded AAPL/1770191272.json
[2026-02-04T10:19:04.733+0000] {logging_mixin.py:188} INFO - Downloaded AAPL/1770191283.json
[2026-02-04T10:19:04.742+0000] {logging_mixin.py:188} INFO - Downloaded AAPL/1770191293.json
[2026-02-04T10:19:04.753+0000] {logging_mixin.py:188} INFO - Downloaded AMZN/1770190215.json
[2026-02-04T10:19:04.764+0000] {logging_mixin.py:188} INFO - Downloaded AMZN/1770190226.json
[2026-02-04T10:19:04.774+0000] {logging_mixin.py:188} INFO - Downloaded AMZN/1770190237.json
[2026-02-04T10:19:04.784+0000] {logging_mixin.py:188} INFO - Downloaded AMZN/1770190249.json
[2026-02-04T10:19:04.795+0000] {logging_mixin.py:188} INFO - Downloaded AMZN/1770190261.json
[2026-02-04T10:19:04.805+0000] {logging_mixin.py:188} INFO - Downloaded AMZN/1770190271.json
[2026-02-04T10:19:04.815+0000] {logging_mixin.py:188} INFO - Downloaded AMZN/1770190282.json
[2026-02-04T10:19:04.825+0000] {logging_mixin.py:188} INFO - Downloaded AMZN/1770190293.json
[2026-02-04T10:19:04.837+0000] {logging_mixin.py:188} INFO - Downloaded AMZN/1770190303.json
[2026-02-04T10:19:04.847+0000] {logging_mixin.py:188} INFO - Downloaded AMZN/1770190316.json
[2026-02-04T10:19:04.858+0000] {logging_mixin.py:188} INFO - Downloaded AMZN/1770190326.json
[2026-02-04T10:19:04.869+0000] {logging_mixin.py:188} INFO - Downloaded AMZN/1770190337.json
[2026-02-04T10:19:04.881+0000] {logging_mixin.py:188} INFO - Downloaded AMZN/1770190348.json
[2026-02-04T10:19:04.893+0000] {logging_mixin.py:188} INFO - Downloaded AMZN/1770190360.json
[2026-02-04T10:19:04.907+0000] {logging_mixin.py:188} INFO - Downloaded AMZN/1770190371.json
[2026-02-04T10:19:04.920+0000] {logging_mixin.py:188} INFO - Downloaded AMZN/1770190381.json
[2026-02-04T10:19:04.934+0000] {logging_mixin.py:188} INFO - Downloaded AMZN/1770190392.json
[2026-02-04T10:19:04.949+0000] {logging_mixin.py:188} INFO - Downloaded AMZN/1770190403.json
[2026-02-04T10:19:04.962+0000] {logging_mixin.py:188} INFO - Downloaded AMZN/1770190414.json
[2026-02-04T10:19:04.975+0000] {logging_mixin.py:188} INFO - Downloaded AMZN/1770190425.json
[2026-02-04T10:19:04.984+0000] {logging_mixin.py:188} INFO - Downloaded AMZN/1770190435.json
[2026-02-04T10:19:04.995+0000] {logging_mixin.py:188} INFO - Downloaded AMZN/1770190446.json
[2026-02-04T10:19:05.005+0000] {logging_mixin.py:188} INFO - Downloaded AMZN/1770190456.json
[2026-02-04T10:19:05.015+0000] {logging_mixin.py:188} INFO - Downloaded AMZN/1770190467.json
[2026-02-04T10:19:05.025+0000] {logging_mixin.py:188} INFO - Downloaded AMZN/1770190477.json
[2026-02-04T10:19:05.036+0000] {logging_mixin.py:188} INFO - Downloaded AMZN/1770190488.json
[2026-02-04T10:19:05.046+0000] {logging_mixin.py:188} INFO - Downloaded AMZN/1770190499.json
[2026-02-04T10:19:05.055+0000] {logging_mixin.py:188} INFO - Downloaded AMZN/1770190509.json
[2026-02-04T10:19:05.065+0000] {logging_mixin.py:188} INFO - Downloaded AMZN/1770190520.json
[2026-02-04T10:19:05.076+0000] {logging_mixin.py:188} INFO - Downloaded AMZN/1770190531.json
[2026-02-04T10:19:05.086+0000] {logging_mixin.py:188} INFO - Downloaded AMZN/1770190541.json
[2026-02-04T10:19:05.096+0000] {logging_mixin.py:188} INFO - Downloaded AMZN/1770190552.json
[2026-02-04T10:19:05.106+0000] {logging_mixin.py:188} INFO - Downloaded AMZN/1770190562.json
[2026-02-04T10:19:05.116+0000] {logging_mixin.py:188} INFO - Downloaded AMZN/1770190573.json
[2026-02-04T10:19:05.126+0000] {logging_mixin.py:188} INFO - Downloaded AMZN/1770190583.json
[2026-02-04T10:19:05.136+0000] {logging_mixin.py:188} INFO - Downloaded AMZN/1770190593.json
[2026-02-04T10:19:05.146+0000] {logging_mixin.py:188} INFO - Downloaded AMZN/1770190604.json
[2026-02-04T10:19:05.156+0000] {logging_mixin.py:188} INFO - Downloaded AMZN/1770190615.json
[2026-02-04T10:19:05.166+0000] {logging_mixin.py:188} INFO - Downloaded AMZN/1770190625.json
[2026-02-04T10:19:05.176+0000] {logging_mixin.py:188} INFO - Downloaded AMZN/1770190635.json
[2026-02-04T10:19:05.186+0000] {logging_mixin.py:188} INFO - Downloaded AMZN/1770190645.json
[2026-02-04T10:19:05.196+0000] {logging_mixin.py:188} INFO - Downloaded AMZN/1770190656.json
[2026-02-04T10:19:05.205+0000] {logging_mixin.py:188} INFO - Downloaded AMZN/1770190666.json
[2026-02-04T10:19:05.215+0000] {logging_mixin.py:188} INFO - Downloaded AMZN/1770190677.json
[2026-02-04T10:19:05.226+0000] {logging_mixin.py:188} INFO - Downloaded AMZN/1770190687.json
[2026-02-04T10:19:05.236+0000] {logging_mixin.py:188} INFO - Downloaded AMZN/1770190697.json
[2026-02-04T10:19:05.247+0000] {logging_mixin.py:188} INFO - Downloaded AMZN/1770190708.json
[2026-02-04T10:19:05.257+0000] {logging_mixin.py:188} INFO - Downloaded AMZN/1770190718.json
[2026-02-04T10:19:05.268+0000] {logging_mixin.py:188} INFO - Downloaded AMZN/1770190729.json
[2026-02-04T10:19:05.278+0000] {logging_mixin.py:188} INFO - Downloaded AMZN/1770190739.json
[2026-02-04T10:19:05.287+0000] {logging_mixin.py:188} INFO - Downloaded AMZN/1770190750.json
[2026-02-04T10:19:05.297+0000] {logging_mixin.py:188} INFO - Downloaded AMZN/1770190760.json
[2026-02-04T10:19:05.306+0000] {logging_mixin.py:188} INFO - Downloaded AMZN/1770190771.json
[2026-02-04T10:19:05.317+0000] {logging_mixin.py:188} INFO - Downloaded AMZN/1770190781.json
[2026-02-04T10:19:05.326+0000] {logging_mixin.py:188} INFO - Downloaded AMZN/1770190792.json
[2026-02-04T10:19:05.337+0000] {logging_mixin.py:188} INFO - Downloaded AMZN/1770190803.json
[2026-02-04T10:19:05.347+0000] {logging_mixin.py:188} INFO - Downloaded AMZN/1770190813.json
[2026-02-04T10:19:05.357+0000] {logging_mixin.py:188} INFO - Downloaded AMZN/1770190824.json
[2026-02-04T10:19:05.367+0000] {logging_mixin.py:188} INFO - Downloaded AMZN/1770190835.json
[2026-02-04T10:19:05.380+0000] {logging_mixin.py:188} INFO - Downloaded AMZN/1770190845.json
[2026-02-04T10:19:05.391+0000] {logging_mixin.py:188} INFO - Downloaded AMZN/1770190856.json
[2026-02-04T10:19:05.402+0000] {logging_mixin.py:188} INFO - Downloaded AMZN/1770190866.json
[2026-02-04T10:19:05.411+0000] {logging_mixin.py:188} INFO - Downloaded AMZN/1770190877.json
[2026-02-04T10:19:05.422+0000] {logging_mixin.py:188} INFO - Downloaded AMZN/1770190888.json
[2026-02-04T10:19:05.431+0000] {logging_mixin.py:188} INFO - Downloaded AMZN/1770190901.json
[2026-02-04T10:19:05.440+0000] {logging_mixin.py:188} INFO - Downloaded AMZN/1770190912.json
[2026-02-04T10:19:05.451+0000] {logging_mixin.py:188} INFO - Downloaded AMZN/1770190923.json
[2026-02-04T10:19:05.460+0000] {logging_mixin.py:188} INFO - Downloaded AMZN/1770190933.json
[2026-02-04T10:19:05.471+0000] {logging_mixin.py:188} INFO - Downloaded AMZN/1770190944.json
[2026-02-04T10:19:05.481+0000] {logging_mixin.py:188} INFO - Downloaded AMZN/1770190955.json
[2026-02-04T10:19:05.490+0000] {logging_mixin.py:188} INFO - Downloaded AMZN/1770190965.json
[2026-02-04T10:19:05.501+0000] {logging_mixin.py:188} INFO - Downloaded AMZN/1770190976.json
[2026-02-04T10:19:05.513+0000] {logging_mixin.py:188} INFO - Downloaded AMZN/1770190988.json
[2026-02-04T10:19:05.523+0000] {logging_mixin.py:188} INFO - Downloaded AMZN/1770190999.json
[2026-02-04T10:19:05.534+0000] {logging_mixin.py:188} INFO - Downloaded AMZN/1770191010.json
[2026-02-04T10:19:05.544+0000] {logging_mixin.py:188} INFO - Downloaded AMZN/1770191021.json
[2026-02-04T10:19:05.554+0000] {logging_mixin.py:188} INFO - Downloaded AMZN/1770191032.json
[2026-02-04T10:19:05.564+0000] {logging_mixin.py:188} INFO - Downloaded AMZN/1770191042.json
[2026-02-04T10:19:05.574+0000] {logging_mixin.py:188} INFO - Downloaded AMZN/1770191053.json
[2026-02-04T10:19:05.584+0000] {logging_mixin.py:188} INFO - Downloaded AMZN/1770191063.json
[2026-02-04T10:19:05.593+0000] {logging_mixin.py:188} INFO - Downloaded AMZN/1770191074.json
[2026-02-04T10:19:05.603+0000] {logging_mixin.py:188} INFO - Downloaded AMZN/1770191084.json
[2026-02-04T10:19:05.613+0000] {logging_mixin.py:188} INFO - Downloaded AMZN/1770191094.json
[2026-02-04T10:19:05.622+0000] {logging_mixin.py:188} INFO - Downloaded AMZN/1770191105.json
[2026-02-04T10:19:05.633+0000] {logging_mixin.py:188} INFO - Downloaded AMZN/1770191115.json
[2026-02-04T10:19:05.643+0000] {logging_mixin.py:188} INFO - Downloaded AMZN/1770191126.json
[2026-02-04T10:19:05.665+0000] {logging_mixin.py:188} INFO - Downloaded AMZN/1770191137.json
[2026-02-04T10:19:05.688+0000] {logging_mixin.py:188} INFO - Downloaded AMZN/1770191147.json
[2026-02-04T10:19:05.711+0000] {logging_mixin.py:188} INFO - Downloaded AMZN/1770191158.json
[2026-02-04T10:19:05.733+0000] {logging_mixin.py:188} INFO - Downloaded AMZN/1770191168.json
[2026-02-04T10:19:05.753+0000] {logging_mixin.py:188} INFO - Downloaded AMZN/1770191179.json
[2026-02-04T10:19:05.773+0000] {logging_mixin.py:188} INFO - Downloaded AMZN/1770191190.json
[2026-02-04T10:19:05.792+0000] {logging_mixin.py:188} INFO - Downloaded AMZN/1770191200.json
[2026-02-04T10:19:05.812+0000] {logging_mixin.py:188} INFO - Downloaded AMZN/1770191211.json
[2026-02-04T10:19:05.835+0000] {logging_mixin.py:188} INFO - Downloaded AMZN/1770191222.json
[2026-02-04T10:19:05.856+0000] {logging_mixin.py:188} INFO - Downloaded AMZN/1770191233.json
[2026-02-04T10:19:05.882+0000] {logging_mixin.py:188} INFO - Downloaded AMZN/1770191244.json
[2026-02-04T10:19:05.905+0000] {logging_mixin.py:188} INFO - Downloaded AMZN/1770191254.json
[2026-02-04T10:19:05.934+0000] {logging_mixin.py:188} INFO - Downloaded AMZN/1770191265.json
[2026-02-04T10:19:05.955+0000] {logging_mixin.py:188} INFO - Downloaded AMZN/1770191276.json
[2026-02-04T10:19:05.975+0000] {logging_mixin.py:188} INFO - Downloaded AMZN/1770191286.json
[2026-02-04T10:19:06.002+0000] {logging_mixin.py:188} INFO - Downloaded GOOGL/1770190214.json
[2026-02-04T10:19:06.027+0000] {logging_mixin.py:188} INFO - Downloaded GOOGL/1770190224.json
[2026-02-04T10:19:06.053+0000] {logging_mixin.py:188} INFO - Downloaded GOOGL/1770190236.json
[2026-02-04T10:19:06.074+0000] {logging_mixin.py:188} INFO - Downloaded GOOGL/1770190248.json
[2026-02-04T10:19:06.089+0000] {logging_mixin.py:188} INFO - Downloaded GOOGL/1770190260.json
[2026-02-04T10:19:06.101+0000] {logging_mixin.py:188} INFO - Downloaded GOOGL/1770190270.json
[2026-02-04T10:19:06.114+0000] {logging_mixin.py:188} INFO - Downloaded GOOGL/1770190281.json
[2026-02-04T10:19:06.126+0000] {logging_mixin.py:188} INFO - Downloaded GOOGL/1770190292.json
[2026-02-04T10:19:06.137+0000] {logging_mixin.py:188} INFO - Downloaded GOOGL/1770190302.json
[2026-02-04T10:19:06.148+0000] {logging_mixin.py:188} INFO - Downloaded GOOGL/1770190315.json
[2026-02-04T10:19:06.157+0000] {logging_mixin.py:188} INFO - Downloaded GOOGL/1770190325.json
[2026-02-04T10:19:06.170+0000] {logging_mixin.py:188} INFO - Downloaded GOOGL/1770190336.json
[2026-02-04T10:19:06.188+0000] {logging_mixin.py:188} INFO - Downloaded GOOGL/1770190347.json
[2026-02-04T10:19:06.206+0000] {logging_mixin.py:188} INFO - Downloaded GOOGL/1770190359.json
[2026-02-04T10:19:06.226+0000] {logging_mixin.py:188} INFO - Downloaded GOOGL/1770190370.json
[2026-02-04T10:19:06.245+0000] {logging_mixin.py:188} INFO - Downloaded GOOGL/1770190380.json
[2026-02-04T10:19:06.265+0000] {logging_mixin.py:188} INFO - Downloaded GOOGL/1770190391.json
[2026-02-04T10:19:06.283+0000] {logging_mixin.py:188} INFO - Downloaded GOOGL/1770190402.json
[2026-02-04T10:19:06.303+0000] {logging_mixin.py:188} INFO - Downloaded GOOGL/1770190413.json
[2026-02-04T10:19:06.322+0000] {logging_mixin.py:188} INFO - Downloaded GOOGL/1770190424.json
[2026-02-04T10:19:06.339+0000] {logging_mixin.py:188} INFO - Downloaded GOOGL/1770190434.json
[2026-02-04T10:19:06.356+0000] {logging_mixin.py:188} INFO - Downloaded GOOGL/1770190445.json
[2026-02-04T10:19:06.375+0000] {logging_mixin.py:188} INFO - Downloaded GOOGL/1770190455.json
[2026-02-04T10:19:06.399+0000] {logging_mixin.py:188} INFO - Downloaded GOOGL/1770190466.json
[2026-02-04T10:19:06.422+0000] {logging_mixin.py:188} INFO - Downloaded GOOGL/1770190477.json
[2026-02-04T10:19:06.445+0000] {logging_mixin.py:188} INFO - Downloaded GOOGL/1770190487.json
[2026-02-04T10:19:06.465+0000] {logging_mixin.py:188} INFO - Downloaded GOOGL/1770190498.json
[2026-02-04T10:19:06.486+0000] {logging_mixin.py:188} INFO - Downloaded GOOGL/1770190508.json
[2026-02-04T10:19:06.506+0000] {logging_mixin.py:188} INFO - Downloaded GOOGL/1770190519.json
[2026-02-04T10:19:06.528+0000] {logging_mixin.py:188} INFO - Downloaded GOOGL/1770190529.json
[2026-02-04T10:19:06.549+0000] {logging_mixin.py:188} INFO - Downloaded GOOGL/1770190540.json
[2026-02-04T10:19:06.576+0000] {logging_mixin.py:188} INFO - Downloaded GOOGL/1770190551.json
[2026-02-04T10:19:06.598+0000] {logging_mixin.py:188} INFO - Downloaded GOOGL/1770190561.json
[2026-02-04T10:19:06.621+0000] {logging_mixin.py:188} INFO - Downloaded GOOGL/1770190572.json
[2026-02-04T10:19:06.644+0000] {logging_mixin.py:188} INFO - Downloaded GOOGL/1770190582.json
[2026-02-04T10:19:06.667+0000] {logging_mixin.py:188} INFO - Downloaded GOOGL/1770190592.json
[2026-02-04T10:19:06.690+0000] {logging_mixin.py:188} INFO - Downloaded GOOGL/1770190603.json
[2026-02-04T10:19:06.711+0000] {logging_mixin.py:188} INFO - Downloaded GOOGL/1770190614.json
[2026-02-04T10:19:06.733+0000] {logging_mixin.py:188} INFO - Downloaded GOOGL/1770190624.json
[2026-02-04T10:19:06.755+0000] {logging_mixin.py:188} INFO - Downloaded GOOGL/1770190634.json
[2026-02-04T10:19:06.776+0000] {logging_mixin.py:188} INFO - Downloaded GOOGL/1770190645.json
[2026-02-04T10:19:06.799+0000] {logging_mixin.py:188} INFO - Downloaded GOOGL/1770190655.json
[2026-02-04T10:19:06.819+0000] {logging_mixin.py:188} INFO - Downloaded GOOGL/1770190665.json
[2026-02-04T10:19:06.839+0000] {logging_mixin.py:188} INFO - Downloaded GOOGL/1770190676.json
[2026-02-04T10:19:06.860+0000] {logging_mixin.py:188} INFO - Downloaded GOOGL/1770190686.json
[2026-02-04T10:19:06.881+0000] {logging_mixin.py:188} INFO - Downloaded GOOGL/1770190697.json
[2026-02-04T10:19:06.901+0000] {logging_mixin.py:188} INFO - Downloaded GOOGL/1770190707.json
[2026-02-04T10:19:06.923+0000] {logging_mixin.py:188} INFO - Downloaded GOOGL/1770190718.json
[2026-02-04T10:19:06.946+0000] {logging_mixin.py:188} INFO - Downloaded GOOGL/1770190728.json
[2026-02-04T10:19:06.969+0000] {logging_mixin.py:188} INFO - Downloaded GOOGL/1770190738.json
[2026-02-04T10:19:06.991+0000] {logging_mixin.py:188} INFO - Downloaded GOOGL/1770190749.json
[2026-02-04T10:19:07.011+0000] {logging_mixin.py:188} INFO - Downloaded GOOGL/1770190760.json
[2026-02-04T10:19:07.031+0000] {logging_mixin.py:188} INFO - Downloaded GOOGL/1770190770.json
[2026-02-04T10:19:07.051+0000] {logging_mixin.py:188} INFO - Downloaded GOOGL/1770190780.json
[2026-02-04T10:19:07.073+0000] {logging_mixin.py:188} INFO - Downloaded GOOGL/1770190791.json
[2026-02-04T10:19:07.096+0000] {logging_mixin.py:188} INFO - Downloaded GOOGL/1770190802.json
[2026-02-04T10:19:07.118+0000] {logging_mixin.py:188} INFO - Downloaded GOOGL/1770190813.json
[2026-02-04T10:19:07.140+0000] {logging_mixin.py:188} INFO - Downloaded GOOGL/1770190823.json
[2026-02-04T10:19:07.165+0000] {logging_mixin.py:188} INFO - Downloaded GOOGL/1770190834.json
[2026-02-04T10:19:07.188+0000] {logging_mixin.py:188} INFO - Downloaded GOOGL/1770190844.json
[2026-02-04T10:19:07.213+0000] {logging_mixin.py:188} INFO - Downloaded GOOGL/1770190855.json
[2026-02-04T10:19:07.236+0000] {logging_mixin.py:188} INFO - Downloaded GOOGL/1770190865.json
[2026-02-04T10:19:07.264+0000] {logging_mixin.py:188} INFO - Downloaded GOOGL/1770190876.json
[2026-02-04T10:19:07.281+0000] {logging_mixin.py:188} INFO - Downloaded GOOGL/1770190887.json
[2026-02-04T10:19:07.293+0000] {logging_mixin.py:188} INFO - Downloaded GOOGL/1770190899.json
[2026-02-04T10:19:07.302+0000] {logging_mixin.py:188} INFO - Downloaded GOOGL/1770190911.json
[2026-02-04T10:19:07.311+0000] {logging_mixin.py:188} INFO - Downloaded GOOGL/1770190922.json
[2026-02-04T10:19:07.321+0000] {logging_mixin.py:188} INFO - Downloaded GOOGL/1770190932.json
[2026-02-04T10:19:07.330+0000] {logging_mixin.py:188} INFO - Downloaded GOOGL/1770190943.json
[2026-02-04T10:19:07.339+0000] {logging_mixin.py:188} INFO - Downloaded GOOGL/1770190954.json
[2026-02-04T10:19:07.349+0000] {logging_mixin.py:188} INFO - Downloaded GOOGL/1770190965.json
[2026-02-04T10:19:07.359+0000] {logging_mixin.py:188} INFO - Downloaded GOOGL/1770190975.json
[2026-02-04T10:19:07.369+0000] {logging_mixin.py:188} INFO - Downloaded GOOGL/1770190987.json
[2026-02-04T10:19:07.378+0000] {logging_mixin.py:188} INFO - Downloaded GOOGL/1770190998.json
[2026-02-04T10:19:07.388+0000] {logging_mixin.py:188} INFO - Downloaded GOOGL/1770191009.json
[2026-02-04T10:19:07.399+0000] {logging_mixin.py:188} INFO - Downloaded GOOGL/1770191020.json
[2026-02-04T10:19:07.409+0000] {logging_mixin.py:188} INFO - Downloaded GOOGL/1770191031.json
[2026-02-04T10:19:07.418+0000] {logging_mixin.py:188} INFO - Downloaded GOOGL/1770191041.json
[2026-02-04T10:19:07.428+0000] {logging_mixin.py:188} INFO - Downloaded GOOGL/1770191052.json
[2026-02-04T10:19:07.440+0000] {logging_mixin.py:188} INFO - Downloaded GOOGL/1770191062.json
[2026-02-04T10:19:07.451+0000] {logging_mixin.py:188} INFO - Downloaded GOOGL/1770191073.json
[2026-02-04T10:19:07.461+0000] {logging_mixin.py:188} INFO - Downloaded GOOGL/1770191083.json
[2026-02-04T10:19:07.470+0000] {logging_mixin.py:188} INFO - Downloaded GOOGL/1770191094.json
[2026-02-04T10:19:07.479+0000] {logging_mixin.py:188} INFO - Downloaded GOOGL/1770191104.json
[2026-02-04T10:19:07.490+0000] {logging_mixin.py:188} INFO - Downloaded GOOGL/1770191114.json
[2026-02-04T10:19:07.500+0000] {logging_mixin.py:188} INFO - Downloaded GOOGL/1770191125.json
[2026-02-04T10:19:07.509+0000] {logging_mixin.py:188} INFO - Downloaded GOOGL/1770191136.json
[2026-02-04T10:19:07.519+0000] {logging_mixin.py:188} INFO - Downloaded GOOGL/1770191146.json
[2026-02-04T10:19:07.529+0000] {logging_mixin.py:188} INFO - Downloaded GOOGL/1770191157.json
[2026-02-04T10:19:07.547+0000] {logging_mixin.py:188} INFO - Downloaded GOOGL/1770191167.json
[2026-02-04T10:19:07.568+0000] {logging_mixin.py:188} INFO - Downloaded GOOGL/1770191178.json
[2026-02-04T10:19:07.592+0000] {logging_mixin.py:188} INFO - Downloaded GOOGL/1770191189.json
[2026-02-04T10:19:07.620+0000] {logging_mixin.py:188} INFO - Downloaded GOOGL/1770191200.json
[2026-02-04T10:19:07.648+0000] {logging_mixin.py:188} INFO - Downloaded GOOGL/1770191210.json
[2026-02-04T10:19:07.668+0000] {logging_mixin.py:188} INFO - Downloaded GOOGL/1770191221.json
[2026-02-04T10:19:07.684+0000] {logging_mixin.py:188} INFO - Downloaded GOOGL/1770191232.json
[2026-02-04T10:19:07.699+0000] {logging_mixin.py:188} INFO - Downloaded GOOGL/1770191243.json
[2026-02-04T10:19:07.714+0000] {logging_mixin.py:188} INFO - Downloaded GOOGL/1770191253.json
[2026-02-04T10:19:07.735+0000] {logging_mixin.py:188} INFO - Downloaded GOOGL/1770191264.json
[2026-02-04T10:19:07.749+0000] {logging_mixin.py:188} INFO - Downloaded GOOGL/1770191275.json
[2026-02-04T10:19:07.765+0000] {logging_mixin.py:188} INFO - Downloaded GOOGL/1770191285.json
[2026-02-04T10:19:07.781+0000] {logging_mixin.py:188} INFO - Downloaded MSFT/1770190212.json
[2026-02-04T10:19:07.798+0000] {logging_mixin.py:188} INFO - Downloaded MSFT/1770190222.json
[2026-02-04T10:19:07.815+0000] {logging_mixin.py:188} INFO - Downloaded MSFT/1770190234.json
[2026-02-04T10:19:07.833+0000] {logging_mixin.py:188} INFO - Downloaded MSFT/1770190246.json
[2026-02-04T10:19:07.853+0000] {logging_mixin.py:188} INFO - Downloaded MSFT/1770190257.json
[2026-02-04T10:19:07.867+0000] {logging_mixin.py:188} INFO - Downloaded MSFT/1770190268.json
[2026-02-04T10:19:07.882+0000] {logging_mixin.py:188} INFO - Downloaded MSFT/1770190279.json
[2026-02-04T10:19:07.900+0000] {logging_mixin.py:188} INFO - Downloaded MSFT/1770190290.json
[2026-02-04T10:19:07.914+0000] {logging_mixin.py:188} INFO - Downloaded MSFT/1770190301.json
[2026-02-04T10:19:07.929+0000] {logging_mixin.py:188} INFO - Downloaded MSFT/1770190311.json
[2026-02-04T10:19:07.938+0000] {logging_mixin.py:188} INFO - Downloaded MSFT/1770190324.json
[2026-02-04T10:19:07.947+0000] {logging_mixin.py:188} INFO - Downloaded MSFT/1770190334.json
[2026-02-04T10:19:07.958+0000] {logging_mixin.py:188} INFO - Downloaded MSFT/1770190345.json
[2026-02-04T10:19:07.967+0000] {logging_mixin.py:188} INFO - Downloaded MSFT/1770190357.json
[2026-02-04T10:19:07.977+0000] {logging_mixin.py:188} INFO - Downloaded MSFT/1770190368.json
[2026-02-04T10:19:07.987+0000] {logging_mixin.py:188} INFO - Downloaded MSFT/1770190379.json
[2026-02-04T10:19:07.997+0000] {logging_mixin.py:188} INFO - Downloaded MSFT/1770190389.json
[2026-02-04T10:19:08.007+0000] {logging_mixin.py:188} INFO - Downloaded MSFT/1770190400.json
[2026-02-04T10:19:08.017+0000] {logging_mixin.py:188} INFO - Downloaded MSFT/1770190411.json
[2026-02-04T10:19:08.027+0000] {logging_mixin.py:188} INFO - Downloaded MSFT/1770190422.json
[2026-02-04T10:19:08.036+0000] {logging_mixin.py:188} INFO - Downloaded MSFT/1770190433.json
[2026-02-04T10:19:08.046+0000] {logging_mixin.py:188} INFO - Downloaded MSFT/1770190443.json
[2026-02-04T10:19:08.055+0000] {logging_mixin.py:188} INFO - Downloaded MSFT/1770190454.json
[2026-02-04T10:19:08.065+0000] {logging_mixin.py:188} INFO - Downloaded MSFT/1770190464.json
[2026-02-04T10:19:08.075+0000] {logging_mixin.py:188} INFO - Downloaded MSFT/1770190475.json
[2026-02-04T10:19:08.085+0000] {logging_mixin.py:188} INFO - Downloaded MSFT/1770190486.json
[2026-02-04T10:19:08.096+0000] {logging_mixin.py:188} INFO - Downloaded MSFT/1770190496.json
[2026-02-04T10:19:08.107+0000] {logging_mixin.py:188} INFO - Downloaded MSFT/1770190507.json
[2026-02-04T10:19:08.121+0000] {logging_mixin.py:188} INFO - Downloaded MSFT/1770190517.json
[2026-02-04T10:19:08.131+0000] {logging_mixin.py:188} INFO - Downloaded MSFT/1770190528.json
[2026-02-04T10:19:08.141+0000] {logging_mixin.py:188} INFO - Downloaded MSFT/1770190538.json
[2026-02-04T10:19:08.150+0000] {logging_mixin.py:188} INFO - Downloaded MSFT/1770190549.json
[2026-02-04T10:19:08.160+0000] {logging_mixin.py:188} INFO - Downloaded MSFT/1770190559.json
[2026-02-04T10:19:08.170+0000] {logging_mixin.py:188} INFO - Downloaded MSFT/1770190570.json
[2026-02-04T10:19:08.179+0000] {logging_mixin.py:188} INFO - Downloaded MSFT/1770190580.json
[2026-02-04T10:19:08.189+0000] {logging_mixin.py:188} INFO - Downloaded MSFT/1770190591.json
[2026-02-04T10:19:08.200+0000] {logging_mixin.py:188} INFO - Downloaded MSFT/1770190601.json
[2026-02-04T10:19:08.210+0000] {logging_mixin.py:188} INFO - Downloaded MSFT/1770190612.json
[2026-02-04T10:19:08.219+0000] {logging_mixin.py:188} INFO - Downloaded MSFT/1770190622.json
[2026-02-04T10:19:08.229+0000] {logging_mixin.py:188} INFO - Downloaded MSFT/1770190632.json
[2026-02-04T10:19:08.238+0000] {logging_mixin.py:188} INFO - Downloaded MSFT/1770190643.json
[2026-02-04T10:19:08.250+0000] {logging_mixin.py:188} INFO - Downloaded MSFT/1770190653.json
[2026-02-04T10:19:08.259+0000] {logging_mixin.py:188} INFO - Downloaded MSFT/1770190663.json
[2026-02-04T10:19:08.269+0000] {logging_mixin.py:188} INFO - Downloaded MSFT/1770190674.json
[2026-02-04T10:19:08.280+0000] {logging_mixin.py:188} INFO - Downloaded MSFT/1770190684.json
[2026-02-04T10:19:08.289+0000] {logging_mixin.py:188} INFO - Downloaded MSFT/1770190695.json
[2026-02-04T10:19:08.299+0000] {logging_mixin.py:188} INFO - Downloaded MSFT/1770190705.json
[2026-02-04T10:19:08.308+0000] {logging_mixin.py:188} INFO - Downloaded MSFT/1770190716.json
[2026-02-04T10:19:08.320+0000] {logging_mixin.py:188} INFO - Downloaded MSFT/1770190726.json
[2026-02-04T10:19:08.331+0000] {logging_mixin.py:188} INFO - Downloaded MSFT/1770190737.json
[2026-02-04T10:19:08.342+0000] {logging_mixin.py:188} INFO - Downloaded MSFT/1770190747.json
[2026-02-04T10:19:08.353+0000] {logging_mixin.py:188} INFO - Downloaded MSFT/1770190758.json
[2026-02-04T10:19:08.364+0000] {logging_mixin.py:188} INFO - Downloaded MSFT/1770190768.json
[2026-02-04T10:19:08.375+0000] {logging_mixin.py:188} INFO - Downloaded MSFT/1770190779.json
[2026-02-04T10:19:08.389+0000] {logging_mixin.py:188} INFO - Downloaded MSFT/1770190789.json
[2026-02-04T10:19:08.401+0000] {logging_mixin.py:188} INFO - Downloaded MSFT/1770190800.json
[2026-02-04T10:19:08.411+0000] {logging_mixin.py:188} INFO - Downloaded MSFT/1770190811.json
[2026-02-04T10:19:08.421+0000] {logging_mixin.py:188} INFO - Downloaded MSFT/1770190821.json
[2026-02-04T10:19:08.431+0000] {logging_mixin.py:188} INFO - Downloaded MSFT/1770190832.json
[2026-02-04T10:19:08.441+0000] {logging_mixin.py:188} INFO - Downloaded MSFT/1770190842.json
[2026-02-04T10:19:08.451+0000] {logging_mixin.py:188} INFO - Downloaded MSFT/1770190853.json
[2026-02-04T10:19:08.461+0000] {logging_mixin.py:188} INFO - Downloaded MSFT/1770190863.json
[2026-02-04T10:19:08.472+0000] {logging_mixin.py:188} INFO - Downloaded MSFT/1770190874.json
[2026-02-04T10:19:08.482+0000] {logging_mixin.py:188} INFO - Downloaded MSFT/1770190885.json
[2026-02-04T10:19:08.492+0000] {logging_mixin.py:188} INFO - Downloaded MSFT/1770190896.json
[2026-02-04T10:19:08.502+0000] {logging_mixin.py:188} INFO - Downloaded MSFT/1770190909.json
[2026-02-04T10:19:08.512+0000] {logging_mixin.py:188} INFO - Downloaded MSFT/1770190920.json
[2026-02-04T10:19:08.522+0000] {logging_mixin.py:188} INFO - Downloaded MSFT/1770190930.json
[2026-02-04T10:19:08.532+0000] {logging_mixin.py:188} INFO - Downloaded MSFT/1770190941.json
[2026-02-04T10:19:08.542+0000] {logging_mixin.py:188} INFO - Downloaded MSFT/1770190952.json
[2026-02-04T10:19:08.552+0000] {logging_mixin.py:188} INFO - Downloaded MSFT/1770190963.json
[2026-02-04T10:19:08.563+0000] {logging_mixin.py:188} INFO - Downloaded MSFT/1770190973.json
[2026-02-04T10:19:08.578+0000] {logging_mixin.py:188} INFO - Downloaded MSFT/1770190984.json
[2026-02-04T10:19:08.589+0000] {logging_mixin.py:188} INFO - Downloaded MSFT/1770190996.json
[2026-02-04T10:19:08.599+0000] {logging_mixin.py:188} INFO - Downloaded MSFT/1770191007.json
[2026-02-04T10:19:08.609+0000] {logging_mixin.py:188} INFO - Downloaded MSFT/1770191018.json
[2026-02-04T10:19:08.619+0000] {logging_mixin.py:188} INFO - Downloaded MSFT/1770191029.json
[2026-02-04T10:19:08.629+0000] {logging_mixin.py:188} INFO - Downloaded MSFT/1770191040.json
[2026-02-04T10:19:08.639+0000] {logging_mixin.py:188} INFO - Downloaded MSFT/1770191050.json
[2026-02-04T10:19:08.649+0000] {logging_mixin.py:188} INFO - Downloaded MSFT/1770191061.json
[2026-02-04T10:19:08.658+0000] {logging_mixin.py:188} INFO - Downloaded MSFT/1770191071.json
[2026-02-04T10:19:08.669+0000] {logging_mixin.py:188} INFO - Downloaded MSFT/1770191081.json
[2026-02-04T10:19:08.679+0000] {logging_mixin.py:188} INFO - Downloaded MSFT/1770191092.json
[2026-02-04T10:19:08.689+0000] {logging_mixin.py:188} INFO - Downloaded MSFT/1770191102.json
[2026-02-04T10:19:08.701+0000] {logging_mixin.py:188} INFO - Downloaded MSFT/1770191112.json
[2026-02-04T10:19:08.710+0000] {logging_mixin.py:188} INFO - Downloaded MSFT/1770191123.json
[2026-02-04T10:19:08.720+0000] {logging_mixin.py:188} INFO - Downloaded MSFT/1770191134.json
[2026-02-04T10:19:08.730+0000] {logging_mixin.py:188} INFO - Downloaded MSFT/1770191145.json
[2026-02-04T10:19:08.740+0000] {logging_mixin.py:188} INFO - Downloaded MSFT/1770191155.json
[2026-02-04T10:19:08.750+0000] {logging_mixin.py:188} INFO - Downloaded MSFT/1770191165.json
[2026-02-04T10:19:08.761+0000] {logging_mixin.py:188} INFO - Downloaded MSFT/1770191176.json
[2026-02-04T10:19:08.771+0000] {logging_mixin.py:188} INFO - Downloaded MSFT/1770191187.json
[2026-02-04T10:19:08.780+0000] {logging_mixin.py:188} INFO - Downloaded MSFT/1770191198.json
[2026-02-04T10:19:08.790+0000] {logging_mixin.py:188} INFO - Downloaded MSFT/1770191209.json
[2026-02-04T10:19:08.810+0000] {logging_mixin.py:188} INFO - Downloaded MSFT/1770191219.json
[2026-02-04T10:19:08.831+0000] {logging_mixin.py:188} INFO - Downloaded MSFT/1770191230.json
[2026-02-04T10:19:08.851+0000] {logging_mixin.py:188} INFO - Downloaded MSFT/1770191241.json
[2026-02-04T10:19:08.878+0000] {logging_mixin.py:188} INFO - Downloaded MSFT/1770191252.json
[2026-02-04T10:19:08.907+0000] {logging_mixin.py:188} INFO - Downloaded MSFT/1770191262.json
[2026-02-04T10:19:08.931+0000] {logging_mixin.py:188} INFO - Downloaded MSFT/1770191273.json
[2026-02-04T10:19:08.944+0000] {logging_mixin.py:188} INFO - Downloaded MSFT/1770191284.json
[2026-02-04T10:19:08.956+0000] {logging_mixin.py:188} INFO - Downloaded TSLA/1770190213.json
[2026-02-04T10:19:08.968+0000] {logging_mixin.py:188} INFO - Downloaded TSLA/1770190223.json
[2026-02-04T10:19:08.980+0000] {logging_mixin.py:188} INFO - Downloaded TSLA/1770190235.json
[2026-02-04T10:19:08.992+0000] {logging_mixin.py:188} INFO - Downloaded TSLA/1770190247.json
[2026-02-04T10:19:09.003+0000] {logging_mixin.py:188} INFO - Downloaded TSLA/1770190259.json
[2026-02-04T10:19:09.016+0000] {logging_mixin.py:188} INFO - Downloaded TSLA/1770190269.json
[2026-02-04T10:19:09.029+0000] {logging_mixin.py:188} INFO - Downloaded TSLA/1770190280.json
[2026-02-04T10:19:09.042+0000] {logging_mixin.py:188} INFO - Downloaded TSLA/1770190291.json
[2026-02-04T10:19:09.054+0000] {logging_mixin.py:188} INFO - Downloaded TSLA/1770190302.json
[2026-02-04T10:19:09.066+0000] {logging_mixin.py:188} INFO - Downloaded TSLA/1770190314.json
[2026-02-04T10:19:09.077+0000] {logging_mixin.py:188} INFO - Downloaded TSLA/1770190325.json
[2026-02-04T10:19:09.090+0000] {logging_mixin.py:188} INFO - Downloaded TSLA/1770190335.json
[2026-02-04T10:19:09.102+0000] {logging_mixin.py:188} INFO - Downloaded TSLA/1770190346.json
[2026-02-04T10:19:09.114+0000] {logging_mixin.py:188} INFO - Downloaded TSLA/1770190358.json
[2026-02-04T10:19:09.126+0000] {logging_mixin.py:188} INFO - Downloaded TSLA/1770190369.json
[2026-02-04T10:19:09.138+0000] {logging_mixin.py:188} INFO - Downloaded TSLA/1770190380.json
[2026-02-04T10:19:09.150+0000] {logging_mixin.py:188} INFO - Downloaded TSLA/1770190390.json
[2026-02-04T10:19:09.163+0000] {logging_mixin.py:188} INFO - Downloaded TSLA/1770190401.json
[2026-02-04T10:19:09.175+0000] {logging_mixin.py:188} INFO - Downloaded TSLA/1770190412.json
[2026-02-04T10:19:09.188+0000] {logging_mixin.py:188} INFO - Downloaded TSLA/1770190423.json
[2026-02-04T10:19:09.201+0000] {logging_mixin.py:188} INFO - Downloaded TSLA/1770190433.json
[2026-02-04T10:19:09.214+0000] {logging_mixin.py:188} INFO - Downloaded TSLA/1770190444.json
[2026-02-04T10:19:09.226+0000] {logging_mixin.py:188} INFO - Downloaded TSLA/1770190455.json
[2026-02-04T10:19:09.239+0000] {logging_mixin.py:188} INFO - Downloaded TSLA/1770190465.json
[2026-02-04T10:19:09.251+0000] {logging_mixin.py:188} INFO - Downloaded TSLA/1770190476.json
[2026-02-04T10:19:09.264+0000] {logging_mixin.py:188} INFO - Downloaded TSLA/1770190486.json
[2026-02-04T10:19:09.276+0000] {logging_mixin.py:188} INFO - Downloaded TSLA/1770190497.json
[2026-02-04T10:19:09.289+0000] {logging_mixin.py:188} INFO - Downloaded TSLA/1770190508.json
[2026-02-04T10:19:09.302+0000] {logging_mixin.py:188} INFO - Downloaded TSLA/1770190518.json
[2026-02-04T10:19:09.315+0000] {logging_mixin.py:188} INFO - Downloaded TSLA/1770190529.json
[2026-02-04T10:19:09.327+0000] {logging_mixin.py:188} INFO - Downloaded TSLA/1770190539.json
[2026-02-04T10:19:09.338+0000] {logging_mixin.py:188} INFO - Downloaded TSLA/1770190550.json
[2026-02-04T10:19:09.352+0000] {logging_mixin.py:188} INFO - Downloaded TSLA/1770190560.json
[2026-02-04T10:19:09.366+0000] {logging_mixin.py:188} INFO - Downloaded TSLA/1770190571.json
[2026-02-04T10:19:09.383+0000] {logging_mixin.py:188} INFO - Downloaded TSLA/1770190581.json
[2026-02-04T10:19:09.396+0000] {logging_mixin.py:188} INFO - Downloaded TSLA/1770190592.json
[2026-02-04T10:19:09.410+0000] {logging_mixin.py:188} INFO - Downloaded TSLA/1770190602.json
[2026-02-04T10:19:09.423+0000] {logging_mixin.py:188} INFO - Downloaded TSLA/1770190613.json
[2026-02-04T10:19:09.437+0000] {logging_mixin.py:188} INFO - Downloaded TSLA/1770190623.json
[2026-02-04T10:19:09.449+0000] {logging_mixin.py:188} INFO - Downloaded TSLA/1770190633.json
[2026-02-04T10:19:09.462+0000] {logging_mixin.py:188} INFO - Downloaded TSLA/1770190644.json
[2026-02-04T10:19:09.476+0000] {logging_mixin.py:188} INFO - Downloaded TSLA/1770190654.json
[2026-02-04T10:19:09.495+0000] {logging_mixin.py:188} INFO - Downloaded TSLA/1770190664.json
[2026-02-04T10:19:09.510+0000] {logging_mixin.py:188} INFO - Downloaded TSLA/1770190675.json
[2026-02-04T10:19:09.523+0000] {logging_mixin.py:188} INFO - Downloaded TSLA/1770190685.json
[2026-02-04T10:19:09.534+0000] {logging_mixin.py:188} INFO - Downloaded TSLA/1770190696.json
[2026-02-04T10:19:09.544+0000] {logging_mixin.py:188} INFO - Downloaded TSLA/1770190706.json
[2026-02-04T10:19:09.554+0000] {logging_mixin.py:188} INFO - Downloaded TSLA/1770190717.json
[2026-02-04T10:19:09.565+0000] {logging_mixin.py:188} INFO - Downloaded TSLA/1770190727.json
[2026-02-04T10:19:09.576+0000] {logging_mixin.py:188} INFO - Downloaded TSLA/1770190738.json
[2026-02-04T10:19:09.587+0000] {logging_mixin.py:188} INFO - Downloaded TSLA/1770190748.json
[2026-02-04T10:19:09.598+0000] {logging_mixin.py:188} INFO - Downloaded TSLA/1770190759.json
[2026-02-04T10:19:09.608+0000] {logging_mixin.py:188} INFO - Downloaded TSLA/1770190769.json
[2026-02-04T10:19:09.619+0000] {logging_mixin.py:188} INFO - Downloaded TSLA/1770190779.json
[2026-02-04T10:19:09.630+0000] {logging_mixin.py:188} INFO - Downloaded TSLA/1770190790.json
[2026-02-04T10:19:09.640+0000] {logging_mixin.py:188} INFO - Downloaded TSLA/1770190801.json
[2026-02-04T10:19:09.651+0000] {logging_mixin.py:188} INFO - Downloaded TSLA/1770190812.json
[2026-02-04T10:19:09.661+0000] {logging_mixin.py:188} INFO - Downloaded TSLA/1770190822.json
[2026-02-04T10:19:09.671+0000] {logging_mixin.py:188} INFO - Downloaded TSLA/1770190833.json
[2026-02-04T10:19:09.683+0000] {logging_mixin.py:188} INFO - Downloaded TSLA/1770190843.json
[2026-02-04T10:19:09.696+0000] {logging_mixin.py:188} INFO - Downloaded TSLA/1770190854.json
[2026-02-04T10:19:09.706+0000] {logging_mixin.py:188} INFO - Downloaded TSLA/1770190864.json
[2026-02-04T10:19:09.716+0000] {logging_mixin.py:188} INFO - Downloaded TSLA/1770190875.json
[2026-02-04T10:19:09.727+0000] {logging_mixin.py:188} INFO - Downloaded TSLA/1770190886.json
[2026-02-04T10:19:09.737+0000] {logging_mixin.py:188} INFO - Downloaded TSLA/1770190898.json
[2026-02-04T10:19:09.748+0000] {logging_mixin.py:188} INFO - Downloaded TSLA/1770190910.json
[2026-02-04T10:19:09.762+0000] {logging_mixin.py:188} INFO - Downloaded TSLA/1770190921.json
[2026-02-04T10:19:09.776+0000] {logging_mixin.py:188} INFO - Downloaded TSLA/1770190931.json
[2026-02-04T10:19:09.788+0000] {logging_mixin.py:188} INFO - Downloaded TSLA/1770190942.json
[2026-02-04T10:19:09.800+0000] {logging_mixin.py:188} INFO - Downloaded TSLA/1770190953.json
[2026-02-04T10:19:09.813+0000] {logging_mixin.py:188} INFO - Downloaded TSLA/1770190964.json
[2026-02-04T10:19:09.826+0000] {logging_mixin.py:188} INFO - Downloaded TSLA/1770190974.json
[2026-02-04T10:19:09.842+0000] {logging_mixin.py:188} INFO - Downloaded TSLA/1770190985.json
[2026-02-04T10:19:09.858+0000] {logging_mixin.py:188} INFO - Downloaded TSLA/1770190997.json
[2026-02-04T10:19:09.873+0000] {logging_mixin.py:188} INFO - Downloaded TSLA/1770191008.json
[2026-02-04T10:19:09.887+0000] {logging_mixin.py:188} INFO - Downloaded TSLA/1770191019.json
[2026-02-04T10:19:09.900+0000] {logging_mixin.py:188} INFO - Downloaded TSLA/1770191030.json
[2026-02-04T10:19:09.913+0000] {logging_mixin.py:188} INFO - Downloaded TSLA/1770191041.json
[2026-02-04T10:19:09.925+0000] {logging_mixin.py:188} INFO - Downloaded TSLA/1770191051.json
[2026-02-04T10:19:09.941+0000] {logging_mixin.py:188} INFO - Downloaded TSLA/1770191061.json
[2026-02-04T10:19:09.962+0000] {logging_mixin.py:188} INFO - Downloaded TSLA/1770191072.json
[2026-02-04T10:19:09.977+0000] {logging_mixin.py:188} INFO - Downloaded TSLA/1770191082.json
[2026-02-04T10:19:09.987+0000] {logging_mixin.py:188} INFO - Downloaded TSLA/1770191093.json
[2026-02-04T10:19:09.999+0000] {logging_mixin.py:188} INFO - Downloaded TSLA/1770191103.json
[2026-02-04T10:19:10.010+0000] {logging_mixin.py:188} INFO - Downloaded TSLA/1770191113.json
[2026-02-04T10:19:10.019+0000] {logging_mixin.py:188} INFO - Downloaded TSLA/1770191124.json
[2026-02-04T10:19:10.030+0000] {logging_mixin.py:188} INFO - Downloaded TSLA/1770191135.json
[2026-02-04T10:19:10.041+0000] {logging_mixin.py:188} INFO - Downloaded TSLA/1770191145.json
[2026-02-04T10:19:10.052+0000] {logging_mixin.py:188} INFO - Downloaded TSLA/1770191156.json
[2026-02-04T10:19:10.062+0000] {logging_mixin.py:188} INFO - Downloaded TSLA/1770191166.json
[2026-02-04T10:19:10.072+0000] {logging_mixin.py:188} INFO - Downloaded TSLA/1770191177.json
[2026-02-04T10:19:10.083+0000] {logging_mixin.py:188} INFO - Downloaded TSLA/1770191188.json
[2026-02-04T10:19:10.095+0000] {logging_mixin.py:188} INFO - Downloaded TSLA/1770191199.json
[2026-02-04T10:19:10.105+0000] {logging_mixin.py:188} INFO - Downloaded TSLA/1770191209.json
[2026-02-04T10:19:10.115+0000] {logging_mixin.py:188} INFO - Downloaded TSLA/1770191220.json
[2026-02-04T10:19:10.135+0000] {logging_mixin.py:188} INFO - Downloaded TSLA/1770191231.json
[2026-02-04T10:19:10.155+0000] {logging_mixin.py:188} INFO - Downloaded TSLA/1770191242.json
[2026-02-04T10:19:10.177+0000] {logging_mixin.py:188} INFO - Downloaded TSLA/1770191252.json
[2026-02-04T10:19:10.197+0000] {logging_mixin.py:188} INFO - Downloaded TSLA/1770191263.json
[2026-02-04T10:19:10.214+0000] {logging_mixin.py:188} INFO - Downloaded TSLA/1770191274.json
[2026-02-04T10:19:10.232+0000] {logging_mixin.py:188} INFO - Downloaded TSLA/1770191284.json
[2026-02-04T10:19:10.235+0000] {python.py:237} INFO - Done. Returned value was: ['/opt/***/data/minio/1770190211.json', '/opt/***/data/minio/1770190221.json', '/opt/***/data/minio/1770190233.json', '/opt/***/data/minio/1770190244.json', '/opt/***/data/minio/1770190256.json', '/opt/***/data/minio/1770190268.json', '/opt/***/data/minio/1770190278.json', '/opt/***/data/minio/1770190289.json', '/opt/***/data/minio/1770190300.json', '/opt/***/data/minio/1770190310.json', '/opt/***/data/minio/1770190323.json', '/opt/***/data/minio/1770190333.json', '/opt/***/data/minio/1770190344.json', '/opt/***/data/minio/1770190356.json', '/opt/***/data/minio/1770190368.json', '/opt/***/data/minio/1770190378.json', '/opt/***/data/minio/1770190388.json', '/opt/***/data/minio/1770190399.json', '/opt/***/data/minio/1770190410.json', '/opt/***/data/minio/1770190421.json', '/opt/***/data/minio/1770190432.json', '/opt/***/data/minio/1770190442.json', '/opt/***/data/minio/1770190453.json', '/opt/***/data/minio/1770190463.json', '/opt/***/data/minio/1770190474.json', '/opt/***/data/minio/1770190485.json', '/opt/***/data/minio/1770190495.json', '/opt/***/data/minio/1770190506.json', '/opt/***/data/minio/1770190516.json', '/opt/***/data/minio/1770190527.json', '/opt/***/data/minio/1770190537.json', '/opt/***/data/minio/1770190548.json', '/opt/***/data/minio/1770190559.json', '/opt/***/data/minio/1770190569.json', '/opt/***/data/minio/1770190580.json', '/opt/***/data/minio/1770190590.json', '/opt/***/data/minio/1770190600.json', '/opt/***/data/minio/1770190611.json', '/opt/***/data/minio/1770190621.json', '/opt/***/data/minio/1770190632.json', '/opt/***/data/minio/1770190642.json', '/opt/***/data/minio/1770190652.json', '/opt/***/data/minio/1770190663.json', '/opt/***/data/minio/1770190673.json', '/opt/***/data/minio/1770190683.json', '/opt/***/data/minio/1770190694.json', '/opt/***/data/minio/1770190704.json', '/opt/***/data/minio/1770190715.json', '/opt/***/data/minio/1770190725.json', '/opt/***/data/minio/1770190736.json', '/opt/***/data/minio/1770190746.json', '/opt/***/data/minio/1770190757.json', '/opt/***/data/minio/1770190767.json', '/opt/***/data/minio/1770190778.json', '/opt/***/data/minio/1770190788.json', '/opt/***/data/minio/1770190799.json', '/opt/***/data/minio/1770190810.json', '/opt/***/data/minio/1770190820.json', '/opt/***/data/minio/1770190831.json', '/opt/***/data/minio/1770190842.json', '/opt/***/data/minio/1770190852.json', '/opt/***/data/minio/1770190863.json', '/opt/***/data/minio/1770190873.json', '/opt/***/data/minio/1770190884.json', '/opt/***/data/minio/1770190895.json', '/opt/***/data/minio/1770190908.json', '/opt/***/data/minio/1770190919.json', '/opt/***/data/minio/1770190929.json', '/opt/***/data/minio/1770190940.json', '/opt/***/data/minio/1770190951.json', '/opt/***/data/minio/1770190962.json', '/opt/***/data/minio/1770190972.json', '/opt/***/data/minio/1770190983.json', '/opt/***/data/minio/1770190995.json', '/opt/***/data/minio/1770191006.json', '/opt/***/data/minio/1770191017.json', '/opt/***/data/minio/1770191028.json', '/opt/***/data/minio/1770191039.json', '/opt/***/data/minio/1770191049.json', '/opt/***/data/minio/1770191060.json', '/opt/***/data/minio/1770191070.json', '/opt/***/data/minio/1770191081.json', '/opt/***/data/minio/1770191091.json', '/opt/***/data/minio/1770191101.json', '/opt/***/data/minio/1770191111.json', '/opt/***/data/minio/1770191122.json', '/opt/***/data/minio/1770191133.json', '/opt/***/data/minio/1770191144.json', '/opt/***/data/minio/1770191154.json', '/opt/***/data/minio/1770191165.json', '/opt/***/data/minio/1770191175.json', '/opt/***/data/minio/1770191186.json', '/opt/***/data/minio/1770191197.json', '/opt/***/data/minio/1770191207.json', '/opt/***/data/minio/1770191218.json', '/opt/***/data/minio/1770191229.json', '/opt/***/data/minio/1770191240.json', '/opt/***/data/minio/1770191251.json', '/opt/***/data/minio/1770191261.json', '/opt/***/data/minio/1770191272.json', '/opt/***/data/minio/1770191283.json', '/opt/***/data/minio/1770191293.json', '/opt/***/data/minio/1770190215.json', '/opt/***/data/minio/1770190226.json', '/opt/***/data/minio/1770190237.json', '/opt/***/data/minio/1770190249.json', '/opt/***/data/minio/1770190261.json', '/opt/***/data/minio/1770190271.json', '/opt/***/data/minio/1770190282.json', '/opt/***/data/minio/1770190293.json', '/opt/***/data/minio/1770190303.json', '/opt/***/data/minio/1770190316.json', '/opt/***/data/minio/1770190326.json', '/opt/***/data/minio/1770190337.json', '/opt/***/data/minio/1770190348.json', '/opt/***/data/minio/1770190360.json', '/opt/***/data/minio/1770190371.json', '/opt/***/data/minio/1770190381.json', '/opt/***/data/minio/1770190392.json', '/opt/***/data/minio/1770190403.json', '/opt/***/data/minio/1770190414.json', '/opt/***/data/minio/1770190425.json', '/opt/***/data/minio/1770190435.json', '/opt/***/data/minio/1770190446.json', '/opt/***/data/minio/1770190456.json', '/opt/***/data/minio/1770190467.json', '/opt/***/data/minio/1770190477.json', '/opt/***/data/minio/1770190488.json', '/opt/***/data/minio/1770190499.json', '/opt/***/data/minio/1770190509.json', '/opt/***/data/minio/1770190520.json', '/opt/***/data/minio/1770190531.json', '/opt/***/data/minio/1770190541.json', '/opt/***/data/minio/1770190552.json', '/opt/***/data/minio/1770190562.json', '/opt/***/data/minio/1770190573.json', '/opt/***/data/minio/1770190583.json', '/opt/***/data/minio/1770190593.json', '/opt/***/data/minio/1770190604.json', '/opt/***/data/minio/1770190615.json', '/opt/***/data/minio/1770190625.json', '/opt/***/data/minio/1770190635.json', '/opt/***/data/minio/1770190645.json', '/opt/***/data/minio/1770190656.json', '/opt/***/data/minio/1770190666.json', '/opt/***/data/minio/1770190677.json', '/opt/***/data/minio/1770190687.json', '/opt/***/data/minio/1770190697.json', '/opt/***/data/minio/1770190708.json', '/opt/***/data/minio/1770190718.json', '/opt/***/data/minio/1770190729.json', '/opt/***/data/minio/1770190739.json', '/opt/***/data/minio/1770190750.json', '/opt/***/data/minio/1770190760.json', '/opt/***/data/minio/1770190771.json', '/opt/***/data/minio/1770190781.json', '/opt/***/data/minio/1770190792.json', '/opt/***/data/minio/1770190803.json', '/opt/***/data/minio/1770190813.json', '/opt/***/data/minio/1770190824.json', '/opt/***/data/minio/1770190835.json', '/opt/***/data/minio/1770190845.json', '/opt/***/data/minio/1770190856.json', '/opt/***/data/minio/1770190866.json', '/opt/***/data/minio/1770190877.json', '/opt/***/data/minio/1770190888.json', '/opt/***/data/minio/1770190901.json', '/opt/***/data/minio/1770190912.json', '/opt/***/data/minio/1770190923.json', '/opt/***/data/minio/1770190933.json', '/opt/***/data/minio/1770190944.json', '/opt/***/data/minio/1770190955.json', '/opt/***/data/minio/1770190965.json', '/opt/***/data/minio/1770190976.json', '/opt/***/data/minio/1770190988.json', '/opt/***/data/minio/1770190999.json', '/opt/***/data/minio/1770191010.json', '/opt/***/data/minio/1770191021.json', '/opt/***/data/minio/1770191032.json', '/opt/***/data/minio/1770191042.json', '/opt/***/data/minio/1770191053.json', '/opt/***/data/minio/1770191063.json', '/opt/***/data/minio/1770191074.json', '/opt/***/data/minio/1770191084.json', '/opt/***/data/minio/1770191094.json', '/opt/***/data/minio/1770191105.json', '/opt/***/data/minio/1770191115.json', '/opt/***/data/minio/1770191126.json', '/opt/***/data/minio/1770191137.json', '/opt/***/data/minio/1770191147.json', '/opt/***/data/minio/1770191158.json', '/opt/***/data/minio/1770191168.json', '/opt/***/data/minio/1770191179.json', '/opt/***/data/minio/1770191190.json', '/opt/***/data/minio/1770191200.json', '/opt/***/data/minio/1770191211.json', '/opt/***/data/minio/1770191222.json', '/opt/***/data/minio/1770191233.json', '/opt/***/data/minio/1770191244.json', '/opt/***/data/minio/1770191254.json', '/opt/***/data/minio/1770191265.json', '/opt/***/data/minio/1770191276.json', '/opt/***/data/minio/1770191286.json', '/opt/***/data/minio/1770190214.json', '/opt/***/data/minio/1770190224.json', '/opt/***/data/minio/1770190236.json', '/opt/***/data/minio/1770190248.json', '/opt/***/data/minio/1770190260.json', '/opt/***/data/minio/1770190270.json', '/opt/***/data/minio/1770190281.json', '/opt/***/data/minio/1770190292.json', '/opt/***/data/minio/1770190302.json', '/opt/***/data/minio/1770190315.json', '/opt/***/data/minio/1770190325.json', '/opt/***/data/minio/1770190336.json', '/opt/***/data/minio/1770190347.json', '/opt/***/data/minio/1770190359.json', '/opt/***/data/minio/1770190370.json', '/opt/***/data/minio/1770190380.json', '/opt/***/data/minio/1770190391.json', '/opt/***/data/minio/1770190402.json', '/opt/***/data/minio/1770190413.json', '/opt/***/data/minio/1770190424.json', '/opt/***/data/minio/1770190434.json', '/opt/***/data/minio/1770190445.json', '/opt/***/data/minio/1770190455.json', '/opt/***/data/minio/1770190466.json', '/opt/***/data/minio/1770190477.json', '/opt/***/data/minio/1770190487.json', '/opt/***/data/minio/1770190498.json', '/opt/***/data/minio/1770190508.json', '/opt/***/data/minio/1770190519.json', '/opt/***/data/minio/1770190529.json', '/opt/***/data/minio/1770190540.json', '/opt/***/data/minio/1770190551.json', '/opt/***/data/minio/1770190561.json', '/opt/***/data/minio/1770190572.json', '/opt/***/data/minio/1770190582.json', '/opt/***/data/minio/1770190592.json', '/opt/***/data/minio/1770190603.json', '/opt/***/data/minio/1770190614.json', '/opt/***/data/minio/1770190624.json', '/opt/***/data/minio/1770190634.json', '/opt/***/data/minio/1770190645.json', '/opt/***/data/minio/1770190655.json', '/opt/***/data/minio/1770190665.json', '/opt/***/data/minio/1770190676.json', '/opt/***/data/minio/1770190686.json', '/opt/***/data/minio/1770190697.json', '/opt/***/data/minio/1770190707.json', '/opt/***/data/minio/1770190718.json', '/opt/***/data/minio/1770190728.json', '/opt/***/data/minio/1770190738.json', '/opt/***/data/minio/1770190749.json', '/opt/***/data/minio/1770190760.json', '/opt/***/data/minio/1770190770.json', '/opt/***/data/minio/1770190780.json', '/opt/***/data/minio/1770190791.json', '/opt/***/data/minio/1770190802.json', '/opt/***/data/minio/1770190813.json', '/opt/***/data/minio/1770190823.json', '/opt/***/data/minio/1770190834.json', '/opt/***/data/minio/1770190844.json', '/opt/***/data/minio/1770190855.json', '/opt/***/data/minio/1770190865.json', '/opt/***/data/minio/1770190876.json', '/opt/***/data/minio/1770190887.json', '/opt/***/data/minio/1770190899.json', '/opt/***/data/minio/1770190911.json', '/opt/***/data/minio/1770190922.json', '/opt/***/data/minio/1770190932.json', '/opt/***/data/minio/1770190943.json', '/opt/***/data/minio/1770190954.json', '/opt/***/data/minio/1770190965.json', '/opt/***/data/minio/1770190975.json', '/opt/***/data/minio/1770190987.json', '/opt/***/data/minio/1770190998.json', '/opt/***/data/minio/1770191009.json', '/opt/***/data/minio/1770191020.json', '/opt/***/data/minio/1770191031.json', '/opt/***/data/minio/1770191041.json', '/opt/***/data/minio/1770191052.json', '/opt/***/data/minio/1770191062.json', '/opt/***/data/minio/1770191073.json', '/opt/***/data/minio/1770191083.json', '/opt/***/data/minio/1770191094.json', '/opt/***/data/minio/1770191104.json', '/opt/***/data/minio/1770191114.json', '/opt/***/data/minio/1770191125.json', '/opt/***/data/minio/1770191136.json', '/opt/***/data/minio/1770191146.json', '/opt/***/data/minio/1770191157.json', '/opt/***/data/minio/1770191167.json', '/opt/***/data/minio/1770191178.json', '/opt/***/data/minio/1770191189.json', '/opt/***/data/minio/1770191200.json', '/opt/***/data/minio/1770191210.json', '/opt/***/data/minio/1770191221.json', '/opt/***/data/minio/1770191232.json', '/opt/***/data/minio/1770191243.json', '/opt/***/data/minio/1770191253.json', '/opt/***/data/minio/1770191264.json', '/opt/***/data/minio/1770191275.json', '/opt/***/data/minio/1770191285.json', '/opt/***/data/minio/1770190212.json', '/opt/***/data/minio/1770190222.json', '/opt/***/data/minio/1770190234.json', '/opt/***/data/minio/1770190246.json', '/opt/***/data/minio/1770190257.json', '/opt/***/data/minio/1770190268.json', '/opt/***/data/minio/1770190279.json', '/opt/***/data/minio/1770190290.json', '/opt/***/data/minio/1770190301.json', '/opt/***/data/minio/1770190311.json', '/opt/***/data/minio/1770190324.json', '/opt/***/data/minio/1770190334.json', '/opt/***/data/minio/1770190345.json', '/opt/***/data/minio/1770190357.json', '/opt/***/data/minio/1770190368.json', '/opt/***/data/minio/1770190379.json', '/opt/***/data/minio/1770190389.json', '/opt/***/data/minio/1770190400.json', '/opt/***/data/minio/1770190411.json', '/opt/***/data/minio/1770190422.json', '/opt/***/data/minio/1770190433.json', '/opt/***/data/minio/1770190443.json', '/opt/***/data/minio/1770190454.json', '/opt/***/data/minio/1770190464.json', '/opt/***/data/minio/1770190475.json', '/opt/***/data/minio/1770190486.json', '/opt/***/data/minio/1770190496.json', '/opt/***/data/minio/1770190507.json', '/opt/***/data/minio/1770190517.json', '/opt/***/data/minio/1770190528.json', '/opt/***/data/minio/1770190538.json', '/opt/***/data/minio/1770190549.json', '/opt/***/data/minio/1770190559.json', '/opt/***/data/minio/1770190570.json', '/opt/***/data/minio/1770190580.json', '/opt/***/data/minio/1770190591.json', '/opt/***/data/minio/1770190601.json', '/opt/***/data/minio/1770190612.json', '/opt/***/data/minio/1770190622.json', '/opt/***/data/minio/1770190632.json', '/opt/***/data/minio/1770190643.json', '/opt/***/data/minio/1770190653.json', '/opt/***/data/minio/1770190663.json', '/opt/***/data/minio/1770190674.json', '/opt/***/data/minio/1770190684.json', '/opt/***/data/minio/1770190695.json', '/opt/***/data/minio/1770190705.json', '/opt/***/data/minio/1770190716.json', '/opt/***/data/minio/1770190726.json', '/opt/***/data/minio/1770190737.json', '/opt/***/data/minio/1770190747.json', '/opt/***/data/minio/1770190758.json', '/opt/***/data/minio/1770190768.json', '/opt/***/data/minio/1770190779.json', '/opt/***/data/minio/1770190789.json', '/opt/***/data/minio/1770190800.json', '/opt/***/data/minio/1770190811.json', '/opt/***/data/minio/1770190821.json', '/opt/***/data/minio/1770190832.json', '/opt/***/data/minio/1770190842.json', '/opt/***/data/minio/1770190853.json', '/opt/***/data/minio/1770190863.json', '/opt/***/data/minio/1770190874.json', '/opt/***/data/minio/1770190885.json', '/opt/***/data/minio/1770190896.json', '/opt/***/data/minio/1770190909.json', '/opt/***/data/minio/1770190920.json', '/opt/***/data/minio/1770190930.json', '/opt/***/data/minio/1770190941.json', '/opt/***/data/minio/1770190952.json', '/opt/***/data/minio/1770190963.json', '/opt/***/data/minio/1770190973.json', '/opt/***/data/minio/1770190984.json', '/opt/***/data/minio/1770190996.json', '/opt/***/data/minio/1770191007.json', '/opt/***/data/minio/1770191018.json', '/opt/***/data/minio/1770191029.json', '/opt/***/data/minio/1770191040.json', '/opt/***/data/minio/1770191050.json', '/opt/***/data/minio/1770191061.json', '/opt/***/data/minio/1770191071.json', '/opt/***/data/minio/1770191081.json', '/opt/***/data/minio/1770191092.json', '/opt/***/data/minio/1770191102.json', '/opt/***/data/minio/1770191112.json', '/opt/***/data/minio/1770191123.json', '/opt/***/data/minio/1770191134.json', '/opt/***/data/minio/1770191145.json', '/opt/***/data/minio/1770191155.json', '/opt/***/data/minio/1770191165.json', '/opt/***/data/minio/1770191176.json', '/opt/***/data/minio/1770191187.json', '/opt/***/data/minio/1770191198.json', '/opt/***/data/minio/1770191209.json', '/opt/***/data/minio/1770191219.json', '/opt/***/data/minio/1770191230.json', '/opt/***/data/minio/1770191241.json', '/opt/***/data/minio/1770191252.json', '/opt/***/data/minio/1770191262.json', '/opt/***/data/minio/1770191273.json', '/opt/***/data/minio/1770191284.json', '/opt/***/data/minio/1770190213.json', '/opt/***/data/minio/1770190223.json', '/opt/***/data/minio/1770190235.json', '/opt/***/data/minio/1770190247.json', '/opt/***/data/minio/1770190259.json', '/opt/***/data/minio/1770190269.json', '/opt/***/data/minio/1770190280.json', '/opt/***/data/minio/1770190291.json', '/opt/***/data/minio/1770190302.json', '/opt/***/data/minio/1770190314.json', '/opt/***/data/minio/1770190325.json', '/opt/***/data/minio/1770190335.json', '/opt/***/data/minio/1770190346.json', '/opt/***/data/minio/1770190358.json', '/opt/***/data/minio/1770190369.json', '/opt/***/data/minio/1770190380.json', '/opt/***/data/minio/1770190390.json', '/opt/***/data/minio/1770190401.json', '/opt/***/data/minio/1770190412.json', '/opt/***/data/minio/1770190423.json', '/opt/***/data/minio/1770190433.json', '/opt/***/data/minio/1770190444.json', '/opt/***/data/minio/1770190455.json', '/opt/***/data/minio/1770190465.json', '/opt/***/data/minio/1770190476.json', '/opt/***/data/minio/1770190486.json', '/opt/***/data/minio/1770190497.json', '/opt/***/data/minio/1770190508.json', '/opt/***/data/minio/1770190518.json', '/opt/***/data/minio/1770190529.json', '/opt/***/data/minio/1770190539.json', '/opt/***/data/minio/1770190550.json', '/opt/***/data/minio/1770190560.json', '/opt/***/data/minio/1770190571.json', '/opt/***/data/minio/1770190581.json', '/opt/***/data/minio/1770190592.json', '/opt/***/data/minio/1770190602.json', '/opt/***/data/minio/1770190613.json', '/opt/***/data/minio/1770190623.json', '/opt/***/data/minio/1770190633.json', '/opt/***/data/minio/1770190644.json', '/opt/***/data/minio/1770190654.json', '/opt/***/data/minio/1770190664.json', '/opt/***/data/minio/1770190675.json', '/opt/***/data/minio/1770190685.json', '/opt/***/data/minio/1770190696.json', '/opt/***/data/minio/1770190706.json', '/opt/***/data/minio/1770190717.json', '/opt/***/data/minio/1770190727.json', '/opt/***/data/minio/1770190738.json', '/opt/***/data/minio/1770190748.json', '/opt/***/data/minio/1770190759.json', '/opt/***/data/minio/1770190769.json', '/opt/***/data/minio/1770190779.json', '/opt/***/data/minio/1770190790.json', '/opt/***/data/minio/1770190801.json', '/opt/***/data/minio/1770190812.json', '/opt/***/data/minio/1770190822.json', '/opt/***/data/minio/1770190833.json', '/opt/***/data/minio/1770190843.json', '/opt/***/data/minio/1770190854.json', '/opt/***/data/minio/1770190864.json', '/opt/***/data/minio/1770190875.json', '/opt/***/data/minio/1770190886.json', '/opt/***/data/minio/1770190898.json', '/opt/***/data/minio/1770190910.json', '/opt/***/data/minio/1770190921.json', '/opt/***/data/minio/1770190931.json', '/opt/***/data/minio/1770190942.json', '/opt/***/data/minio/1770190953.json', '/opt/***/data/minio/1770190964.json', '/opt/***/data/minio/1770190974.json', '/opt/***/data/minio/1770190985.json', '/opt/***/data/minio/1770190997.json', '/opt/***/data/minio/1770191008.json', '/opt/***/data/minio/1770191019.json', '/opt/***/data/minio/1770191030.json', '/opt/***/data/minio/1770191041.json', '/opt/***/data/minio/1770191051.json', '/opt/***/data/minio/1770191061.json', '/opt/***/data/minio/1770191072.json', '/opt/***/data/minio/1770191082.json', '/opt/***/data/minio/1770191093.json', '/opt/***/data/minio/1770191103.json', '/opt/***/data/minio/1770191113.json', '/opt/***/data/minio/1770191124.json', '/opt/***/data/minio/1770191135.json', '/opt/***/data/minio/1770191145.json', '/opt/***/data/minio/1770191156.json', '/opt/***/data/minio/1770191166.json', '/opt/***/data/minio/1770191177.json', '/opt/***/data/minio/1770191188.json', '/opt/***/data/minio/1770191199.json', '/opt/***/data/minio/1770191209.json', '/opt/***/data/minio/1770191220.json', '/opt/***/data/minio/1770191231.json', '/opt/***/data/minio/1770191242.json', '/opt/***/data/minio/1770191252.json', '/opt/***/data/minio/1770191263.json', '/opt/***/data/minio/1770191274.json', '/opt/***/data/minio/1770191284.json']
[2026-02-04T10:19:10.250+0000] {taskinstance.py:441} INFO - ::group::Post task execution logs
[2026-02-04T10:19:10.327+0000] {taskinstance.py:1206} INFO - Marking task as SUCCESS. dag_id=minio_to_snowflake, task_id=download_minio, run_id=scheduled__2026-02-04T10:18:00+00:00, execution_date=20260204T101800, start_date=20260204T101902, end_date=20260204T101910
[2026-02-04T10:19:10.391+0000] {local_task_job_runner.py:243} INFO - Task exited with return code 0
[2026-02-04T10:19:10.486+0000] {taskinstance.py:3503} INFO - 1 downstream tasks scheduled from follow-on schedule check
[2026-02-04T10:19:10.495+0000] {local_task_job_runner.py:222} INFO - ::endgroup::
