[2026-02-11T11:02:06.006+0000] {local_task_job_runner.py:120} INFO - ::group::Pre task execution logs
[2026-02-11T11:02:06.116+0000] {taskinstance.py:2076} INFO - Dependencies all met for dep_context=non-requeueable deps ti=<TaskInstance: minio_to_snowflake.download_minio scheduled__2026-02-11T11:01:00+00:00 [queued]>
[2026-02-11T11:02:06.141+0000] {taskinstance.py:2076} INFO - Dependencies all met for dep_context=requeueable deps ti=<TaskInstance: minio_to_snowflake.download_minio scheduled__2026-02-11T11:01:00+00:00 [queued]>
[2026-02-11T11:02:06.144+0000] {taskinstance.py:2306} INFO - Starting attempt 1 of 2
[2026-02-11T11:02:06.195+0000] {taskinstance.py:2330} INFO - Executing <Task(PythonOperator): download_minio> on 2026-02-11 11:01:00+00:00
[2026-02-11T11:02:06.246+0000] {logging_mixin.py:188} WARNING - /home/***/.local/lib/python3.12/site-packages/***/task/task_runner/standard_task_runner.py:62 DeprecationWarning: This process (pid=7054) is multi-threaded, use of fork() may lead to deadlocks in the child.
[2026-02-11T11:02:06.262+0000] {standard_task_runner.py:64} INFO - Started process 7101 to run task
[2026-02-11T11:02:06.251+0000] {standard_task_runner.py:90} INFO - Running: ['***', 'tasks', 'run', 'minio_to_snowflake', 'download_minio', 'scheduled__2026-02-11T11:01:00+00:00', '--job-id', '1354', '--raw', '--subdir', 'DAGS_FOLDER/minio_to_snowflake.py', '--cfg-path', '/tmp/tmpwkg2qjm5']
[2026-02-11T11:02:06.268+0000] {standard_task_runner.py:91} INFO - Job 1354: Subtask download_minio
[2026-02-11T11:02:06.578+0000] {task_command.py:426} INFO - Running <TaskInstance: minio_to_snowflake.download_minio scheduled__2026-02-11T11:01:00+00:00 [running]> on host 6729b10e6876
[2026-02-11T11:02:07.013+0000] {taskinstance.py:2648} INFO - Exporting env vars: AIRFLOW_CTX_DAG_OWNER='***' AIRFLOW_CTX_DAG_ID='minio_to_snowflake' AIRFLOW_CTX_TASK_ID='download_minio' AIRFLOW_CTX_EXECUTION_DATE='2026-02-11T11:01:00+00:00' AIRFLOW_CTX_TRY_NUMBER='1' AIRFLOW_CTX_DAG_RUN_ID='scheduled__2026-02-11T11:01:00+00:00'
[2026-02-11T11:02:07.019+0000] {taskinstance.py:430} INFO - ::endgroup::
[2026-02-11T11:02:07.857+0000] {logging_mixin.py:188} INFO - Downloaded AAPL/1770795801.json
[2026-02-11T11:02:07.878+0000] {logging_mixin.py:188} INFO - Downloaded AAPL/1770795811.json
[2026-02-11T11:02:07.921+0000] {logging_mixin.py:188} INFO - Downloaded AAPL/1770795821.json
[2026-02-11T11:02:07.965+0000] {logging_mixin.py:188} INFO - Downloaded AAPL/1770795832.json
[2026-02-11T11:02:08.007+0000] {logging_mixin.py:188} INFO - Downloaded AAPL/1770795843.json
[2026-02-11T11:02:08.034+0000] {logging_mixin.py:188} INFO - Downloaded AAPL/1770795854.json
[2026-02-11T11:02:08.065+0000] {logging_mixin.py:188} INFO - Downloaded AAPL/1770795864.json
[2026-02-11T11:02:08.095+0000] {logging_mixin.py:188} INFO - Downloaded AAPL/1770795875.json
[2026-02-11T11:02:08.122+0000] {logging_mixin.py:188} INFO - Downloaded AAPL/1770795889.json
[2026-02-11T11:02:08.151+0000] {logging_mixin.py:188} INFO - Downloaded AAPL/1770795899.json
[2026-02-11T11:02:08.173+0000] {logging_mixin.py:188} INFO - Downloaded AAPL/1770795910.json
[2026-02-11T11:02:08.196+0000] {logging_mixin.py:188} INFO - Downloaded AAPL/1770795920.json
[2026-02-11T11:02:08.221+0000] {logging_mixin.py:188} INFO - Downloaded AAPL/1770795931.json
[2026-02-11T11:02:08.244+0000] {logging_mixin.py:188} INFO - Downloaded AAPL/1770795942.json
[2026-02-11T11:02:08.271+0000] {logging_mixin.py:188} INFO - Downloaded AAPL/1770795952.json
[2026-02-11T11:02:08.295+0000] {logging_mixin.py:188} INFO - Downloaded AAPL/1770795962.json
[2026-02-11T11:02:08.327+0000] {logging_mixin.py:188} INFO - Downloaded AAPL/1770795973.json
[2026-02-11T11:02:08.349+0000] {logging_mixin.py:188} INFO - Downloaded AAPL/1770795984.json
[2026-02-11T11:02:08.370+0000] {logging_mixin.py:188} INFO - Downloaded AAPL/1770795995.json
[2026-02-11T11:02:08.393+0000] {logging_mixin.py:188} INFO - Downloaded AAPL/1770796006.json
[2026-02-11T11:02:08.413+0000] {logging_mixin.py:188} INFO - Downloaded AAPL/1770796016.json
[2026-02-11T11:02:08.435+0000] {logging_mixin.py:188} INFO - Downloaded AAPL/1770796027.json
[2026-02-11T11:02:08.463+0000] {logging_mixin.py:188} INFO - Downloaded AAPL/1770796038.json
[2026-02-11T11:02:08.489+0000] {logging_mixin.py:188} INFO - Downloaded AAPL/1770796048.json
[2026-02-11T11:02:08.511+0000] {logging_mixin.py:188} INFO - Downloaded AAPL/1770796059.json
[2026-02-11T11:02:08.534+0000] {logging_mixin.py:188} INFO - Downloaded AAPL/1770796069.json
[2026-02-11T11:02:08.559+0000] {logging_mixin.py:188} INFO - Downloaded AAPL/1770796079.json
[2026-02-11T11:02:08.588+0000] {logging_mixin.py:188} INFO - Downloaded AAPL/1770796091.json
[2026-02-11T11:02:08.621+0000] {logging_mixin.py:188} INFO - Downloaded AAPL/1770796102.json
[2026-02-11T11:02:08.649+0000] {logging_mixin.py:188} INFO - Downloaded AAPL/1770796113.json
[2026-02-11T11:02:08.678+0000] {logging_mixin.py:188} INFO - Downloaded AAPL/1770796123.json
[2026-02-11T11:02:08.706+0000] {logging_mixin.py:188} INFO - Downloaded AAPL/1770796133.json
[2026-02-11T11:02:08.733+0000] {logging_mixin.py:188} INFO - Downloaded AAPL/1770796143.json
[2026-02-11T11:02:08.777+0000] {logging_mixin.py:188} INFO - Downloaded AAPL/1770796156.json
[2026-02-11T11:02:08.803+0000] {logging_mixin.py:188} INFO - Downloaded AAPL/1770796166.json
[2026-02-11T11:02:08.844+0000] {logging_mixin.py:188} INFO - Downloaded AAPL/1770796178.json
[2026-02-11T11:02:08.867+0000] {logging_mixin.py:188} INFO - Downloaded AAPL/1770796188.json
[2026-02-11T11:02:08.893+0000] {logging_mixin.py:188} INFO - Downloaded AAPL/1770796200.json
[2026-02-11T11:02:08.926+0000] {logging_mixin.py:188} INFO - Downloaded AAPL/1770796211.json
[2026-02-11T11:02:08.953+0000] {logging_mixin.py:188} INFO - Downloaded AAPL/1770796222.json
[2026-02-11T11:02:08.976+0000] {logging_mixin.py:188} INFO - Downloaded AAPL/1770796233.json
[2026-02-11T11:02:09.007+0000] {logging_mixin.py:188} INFO - Downloaded AAPL/1770796243.json
[2026-02-11T11:02:09.031+0000] {logging_mixin.py:188} INFO - Downloaded AAPL/1770796253.json
[2026-02-11T11:02:09.058+0000] {logging_mixin.py:188} INFO - Downloaded AAPL/1770796264.json
[2026-02-11T11:02:09.091+0000] {logging_mixin.py:188} INFO - Downloaded AAPL/1770796275.json
[2026-02-11T11:02:09.119+0000] {logging_mixin.py:188} INFO - Downloaded AAPL/1770796286.json
[2026-02-11T11:02:09.146+0000] {logging_mixin.py:188} INFO - Downloaded AAPL/1770796297.json
[2026-02-11T11:02:09.174+0000] {logging_mixin.py:188} INFO - Downloaded AAPL/1770796307.json
[2026-02-11T11:02:09.198+0000] {logging_mixin.py:188} INFO - Downloaded AAPL/1770796318.json
[2026-02-11T11:02:09.222+0000] {logging_mixin.py:188} INFO - Downloaded AAPL/1770796328.json
[2026-02-11T11:02:09.248+0000] {logging_mixin.py:188} INFO - Downloaded AAPL/1770796339.json
[2026-02-11T11:02:09.275+0000] {logging_mixin.py:188} INFO - Downloaded AAPL/1770796350.json
[2026-02-11T11:02:09.300+0000] {logging_mixin.py:188} INFO - Downloaded AAPL/1770796360.json
[2026-02-11T11:02:09.325+0000] {logging_mixin.py:188} INFO - Downloaded AAPL/1770796371.json
[2026-02-11T11:02:09.357+0000] {logging_mixin.py:188} INFO - Downloaded AAPL/1770796381.json
[2026-02-11T11:02:09.386+0000] {logging_mixin.py:188} INFO - Downloaded AAPL/1770796392.json
[2026-02-11T11:02:09.409+0000] {logging_mixin.py:188} INFO - Downloaded AAPL/1770796402.json
[2026-02-11T11:02:09.437+0000] {logging_mixin.py:188} INFO - Downloaded AAPL/1770796413.json
[2026-02-11T11:02:09.463+0000] {logging_mixin.py:188} INFO - Downloaded AAPL/1770796424.json
[2026-02-11T11:02:09.498+0000] {logging_mixin.py:188} INFO - Downloaded AAPL/1770796435.json
[2026-02-11T11:02:09.535+0000] {logging_mixin.py:188} INFO - Downloaded AAPL/1770796446.json
[2026-02-11T11:02:09.572+0000] {logging_mixin.py:188} INFO - Downloaded AAPL/1770796456.json
[2026-02-11T11:02:09.605+0000] {logging_mixin.py:188} INFO - Downloaded AAPL/1770796467.json
[2026-02-11T11:02:09.636+0000] {logging_mixin.py:188} INFO - Downloaded AAPL/1770796478.json
[2026-02-11T11:02:09.678+0000] {logging_mixin.py:188} INFO - Downloaded AAPL/1770796488.json
[2026-02-11T11:02:09.710+0000] {logging_mixin.py:188} INFO - Downloaded AAPL/1770796499.json
[2026-02-11T11:02:09.744+0000] {logging_mixin.py:188} INFO - Downloaded AAPL/1770796510.json
[2026-02-11T11:02:09.768+0000] {logging_mixin.py:188} INFO - Downloaded AAPL/1770796521.json
[2026-02-11T11:02:09.787+0000] {logging_mixin.py:188} INFO - Downloaded AAPL/1770796531.json
[2026-02-11T11:02:09.808+0000] {logging_mixin.py:188} INFO - Downloaded AAPL/1770796541.json
[2026-02-11T11:02:09.839+0000] {logging_mixin.py:188} INFO - Downloaded AAPL/1770796552.json
[2026-02-11T11:02:09.867+0000] {logging_mixin.py:188} INFO - Downloaded AAPL/1770796562.json
[2026-02-11T11:02:09.893+0000] {logging_mixin.py:188} INFO - Downloaded AAPL/1770796573.json
[2026-02-11T11:02:09.933+0000] {logging_mixin.py:188} INFO - Downloaded AAPL/1770796584.json
[2026-02-11T11:02:09.959+0000] {logging_mixin.py:188} INFO - Downloaded AAPL/1770796595.json
[2026-02-11T11:02:09.991+0000] {logging_mixin.py:188} INFO - Downloaded AAPL/1770796606.json
[2026-02-11T11:02:10.018+0000] {logging_mixin.py:188} INFO - Downloaded AAPL/1770796618.json
[2026-02-11T11:02:10.046+0000] {logging_mixin.py:188} INFO - Downloaded AAPL/1770796628.json
[2026-02-11T11:02:10.067+0000] {logging_mixin.py:188} INFO - Downloaded AAPL/1770796640.json
[2026-02-11T11:02:10.088+0000] {logging_mixin.py:188} INFO - Downloaded AAPL/1770796650.json
[2026-02-11T11:02:10.108+0000] {logging_mixin.py:188} INFO - Downloaded AAPL/1770796661.json
[2026-02-11T11:02:10.138+0000] {logging_mixin.py:188} INFO - Downloaded AAPL/1770796672.json
[2026-02-11T11:02:10.163+0000] {logging_mixin.py:188} INFO - Downloaded AAPL/1770796682.json
[2026-02-11T11:02:10.187+0000] {logging_mixin.py:188} INFO - Downloaded AAPL/1770796693.json
[2026-02-11T11:02:10.208+0000] {logging_mixin.py:188} INFO - Downloaded AAPL/1770796703.json
[2026-02-11T11:02:10.229+0000] {logging_mixin.py:188} INFO - Downloaded AAPL/1770796714.json
[2026-02-11T11:02:10.250+0000] {logging_mixin.py:188} INFO - Downloaded AAPL/1770796724.json
[2026-02-11T11:02:10.301+0000] {logging_mixin.py:188} INFO - Downloaded AAPL/1770796735.json
[2026-02-11T11:02:10.330+0000] {logging_mixin.py:188} INFO - Downloaded AAPL/1770796746.json
[2026-02-11T11:02:10.352+0000] {logging_mixin.py:188} INFO - Downloaded AAPL/1770796757.json
[2026-02-11T11:02:10.373+0000] {logging_mixin.py:188} INFO - Downloaded AAPL/1770796768.json
[2026-02-11T11:02:10.397+0000] {logging_mixin.py:188} INFO - Downloaded AAPL/1770796780.json
[2026-02-11T11:02:10.423+0000] {logging_mixin.py:188} INFO - Downloaded AAPL/1770796790.json
[2026-02-11T11:02:10.447+0000] {logging_mixin.py:188} INFO - Downloaded AAPL/1770796801.json
[2026-02-11T11:02:10.473+0000] {logging_mixin.py:188} INFO - Downloaded AAPL/1770796813.json
[2026-02-11T11:02:10.498+0000] {logging_mixin.py:188} INFO - Downloaded AAPL/1770796823.json
[2026-02-11T11:02:10.524+0000] {logging_mixin.py:188} INFO - Downloaded AAPL/1770796834.json
[2026-02-11T11:02:10.550+0000] {logging_mixin.py:188} INFO - Downloaded AAPL/1770796844.json
[2026-02-11T11:02:10.572+0000] {logging_mixin.py:188} INFO - Downloaded AAPL/1770796855.json
[2026-02-11T11:02:10.595+0000] {logging_mixin.py:188} INFO - Downloaded AAPL/1770796866.json
[2026-02-11T11:02:10.618+0000] {logging_mixin.py:188} INFO - Downloaded AAPL/1770796877.json
[2026-02-11T11:02:10.644+0000] {logging_mixin.py:188} INFO - Downloaded AAPL/1770796887.json
[2026-02-11T11:02:10.669+0000] {logging_mixin.py:188} INFO - Downloaded AAPL/1770796898.json
[2026-02-11T11:02:10.696+0000] {logging_mixin.py:188} INFO - Downloaded AAPL/1770796909.json
[2026-02-11T11:02:10.720+0000] {logging_mixin.py:188} INFO - Downloaded AAPL/1770796920.json
[2026-02-11T11:02:10.742+0000] {logging_mixin.py:188} INFO - Downloaded AAPL/1770796930.json
[2026-02-11T11:02:10.768+0000] {logging_mixin.py:188} INFO - Downloaded AAPL/1770796943.json
[2026-02-11T11:02:10.791+0000] {logging_mixin.py:188} INFO - Downloaded AAPL/1770796954.json
[2026-02-11T11:02:10.824+0000] {logging_mixin.py:188} INFO - Downloaded AAPL/1770796965.json
[2026-02-11T11:02:10.848+0000] {logging_mixin.py:188} INFO - Downloaded AAPL/1770796976.json
[2026-02-11T11:02:10.881+0000] {logging_mixin.py:188} INFO - Downloaded AAPL/1770796987.json
[2026-02-11T11:02:10.909+0000] {logging_mixin.py:188} INFO - Downloaded AAPL/1770796998.json
[2026-02-11T11:02:10.934+0000] {logging_mixin.py:188} INFO - Downloaded AAPL/1770797047.json
[2026-02-11T11:02:10.957+0000] {logging_mixin.py:188} INFO - Downloaded AAPL/1770797059.json
[2026-02-11T11:02:10.982+0000] {logging_mixin.py:188} INFO - Downloaded AAPL/1770797069.json
[2026-02-11T11:02:11.005+0000] {logging_mixin.py:188} INFO - Downloaded AAPL/1770797082.json
[2026-02-11T11:02:11.035+0000] {logging_mixin.py:188} INFO - Downloaded AAPL/1770797095.json
[2026-02-11T11:02:11.071+0000] {logging_mixin.py:188} INFO - Downloaded AAPL/1770797106.json
[2026-02-11T11:02:11.107+0000] {logging_mixin.py:188} INFO - Downloaded AAPL/1770797117.json
[2026-02-11T11:02:11.142+0000] {logging_mixin.py:188} INFO - Downloaded AAPL/1770797128.json
[2026-02-11T11:02:11.174+0000] {logging_mixin.py:188} INFO - Downloaded AAPL/1770797139.json
[2026-02-11T11:02:11.209+0000] {logging_mixin.py:188} INFO - Downloaded AAPL/1770797149.json
[2026-02-11T11:02:11.239+0000] {logging_mixin.py:188} INFO - Downloaded AAPL/1770797159.json
[2026-02-11T11:02:11.306+0000] {logging_mixin.py:188} INFO - Downloaded AAPL/1770797171.json
[2026-02-11T11:02:11.339+0000] {logging_mixin.py:188} INFO - Downloaded AMZN/1770795804.json
[2026-02-11T11:02:11.361+0000] {logging_mixin.py:188} INFO - Downloaded AMZN/1770795815.json
[2026-02-11T11:02:11.387+0000] {logging_mixin.py:188} INFO - Downloaded AMZN/1770795825.json
[2026-02-11T11:02:11.411+0000] {logging_mixin.py:188} INFO - Downloaded AMZN/1770795836.json
[2026-02-11T11:02:11.438+0000] {logging_mixin.py:188} INFO - Downloaded AMZN/1770795847.json
[2026-02-11T11:02:11.458+0000] {logging_mixin.py:188} INFO - Downloaded AMZN/1770795857.json
[2026-02-11T11:02:11.479+0000] {logging_mixin.py:188} INFO - Downloaded AMZN/1770795868.json
[2026-02-11T11:02:11.505+0000] {logging_mixin.py:188} INFO - Downloaded AMZN/1770795882.json
[2026-02-11T11:02:11.526+0000] {logging_mixin.py:188} INFO - Downloaded AMZN/1770795892.json
[2026-02-11T11:02:11.546+0000] {logging_mixin.py:188} INFO - Downloaded AMZN/1770795903.json
[2026-02-11T11:02:11.568+0000] {logging_mixin.py:188} INFO - Downloaded AMZN/1770795913.json
[2026-02-11T11:02:11.597+0000] {logging_mixin.py:188} INFO - Downloaded AMZN/1770795924.json
[2026-02-11T11:02:11.622+0000] {logging_mixin.py:188} INFO - Downloaded AMZN/1770795935.json
[2026-02-11T11:02:11.656+0000] {logging_mixin.py:188} INFO - Downloaded AMZN/1770795945.json
[2026-02-11T11:02:11.696+0000] {logging_mixin.py:188} INFO - Downloaded AMZN/1770795955.json
[2026-02-11T11:02:11.726+0000] {logging_mixin.py:188} INFO - Downloaded AMZN/1770795966.json
[2026-02-11T11:02:11.753+0000] {logging_mixin.py:188} INFO - Downloaded AMZN/1770795977.json
[2026-02-11T11:02:11.778+0000] {logging_mixin.py:188} INFO - Downloaded AMZN/1770795988.json
[2026-02-11T11:02:11.805+0000] {logging_mixin.py:188} INFO - Downloaded AMZN/1770795999.json
[2026-02-11T11:02:11.829+0000] {logging_mixin.py:188} INFO - Downloaded AMZN/1770796009.json
[2026-02-11T11:02:11.853+0000] {logging_mixin.py:188} INFO - Downloaded AMZN/1770796020.json
[2026-02-11T11:02:11.877+0000] {logging_mixin.py:188} INFO - Downloaded AMZN/1770796031.json
[2026-02-11T11:02:11.896+0000] {logging_mixin.py:188} INFO - Downloaded AMZN/1770796041.json
[2026-02-11T11:02:11.987+0000] {logging_mixin.py:188} INFO - Downloaded AMZN/1770796052.json
[2026-02-11T11:02:12.037+0000] {logging_mixin.py:188} INFO - Downloaded AMZN/1770796062.json
[2026-02-11T11:02:12.110+0000] {logging_mixin.py:188} INFO - Downloaded AMZN/1770796072.json
[2026-02-11T11:02:12.159+0000] {logging_mixin.py:188} INFO - Downloaded AMZN/1770796084.json
[2026-02-11T11:02:12.184+0000] {logging_mixin.py:188} INFO - Downloaded AMZN/1770796095.json
[2026-02-11T11:02:12.227+0000] {logging_mixin.py:188} INFO - Downloaded AMZN/1770796106.json
[2026-02-11T11:02:12.258+0000] {logging_mixin.py:188} INFO - Downloaded AMZN/1770796116.json
[2026-02-11T11:02:12.291+0000] {logging_mixin.py:188} INFO - Downloaded AMZN/1770796126.json
[2026-02-11T11:02:12.323+0000] {logging_mixin.py:188} INFO - Downloaded AMZN/1770796136.json
[2026-02-11T11:02:12.349+0000] {logging_mixin.py:188} INFO - Downloaded AMZN/1770796149.json
[2026-02-11T11:02:12.381+0000] {logging_mixin.py:188} INFO - Downloaded AMZN/1770796159.json
[2026-02-11T11:02:12.417+0000] {logging_mixin.py:188} INFO - Downloaded AMZN/1770796171.json
[2026-02-11T11:02:12.443+0000] {logging_mixin.py:188} INFO - Downloaded AMZN/1770796181.json
[2026-02-11T11:02:12.469+0000] {logging_mixin.py:188} INFO - Downloaded AMZN/1770796192.json
[2026-02-11T11:02:12.508+0000] {logging_mixin.py:188} INFO - Downloaded AMZN/1770796204.json
[2026-02-11T11:02:12.533+0000] {logging_mixin.py:188} INFO - Downloaded AMZN/1770796215.json
[2026-02-11T11:02:12.567+0000] {logging_mixin.py:188} INFO - Downloaded AMZN/1770796226.json
[2026-02-11T11:02:12.598+0000] {logging_mixin.py:188} INFO - Downloaded AMZN/1770796236.json
[2026-02-11T11:02:12.617+0000] {logging_mixin.py:188} INFO - Downloaded AMZN/1770796247.json
[2026-02-11T11:02:12.638+0000] {logging_mixin.py:188} INFO - Downloaded AMZN/1770796257.json
[2026-02-11T11:02:12.656+0000] {logging_mixin.py:188} INFO - Downloaded AMZN/1770796268.json
[2026-02-11T11:02:12.677+0000] {logging_mixin.py:188} INFO - Downloaded AMZN/1770796279.json
[2026-02-11T11:02:12.698+0000] {logging_mixin.py:188} INFO - Downloaded AMZN/1770796290.json
[2026-02-11T11:02:12.716+0000] {logging_mixin.py:188} INFO - Downloaded AMZN/1770796300.json
[2026-02-11T11:02:12.740+0000] {logging_mixin.py:188} INFO - Downloaded AMZN/1770796311.json
[2026-02-11T11:02:12.765+0000] {logging_mixin.py:188} INFO - Downloaded AMZN/1770796321.json
[2026-02-11T11:02:12.792+0000] {logging_mixin.py:188} INFO - Downloaded AMZN/1770796332.json
[2026-02-11T11:02:12.815+0000] {logging_mixin.py:188} INFO - Downloaded AMZN/1770796343.json
[2026-02-11T11:02:12.835+0000] {logging_mixin.py:188} INFO - Downloaded AMZN/1770796353.json
[2026-02-11T11:02:12.860+0000] {logging_mixin.py:188} INFO - Downloaded AMZN/1770796364.json
[2026-02-11T11:02:12.887+0000] {logging_mixin.py:188} INFO - Downloaded AMZN/1770796375.json
[2026-02-11T11:02:12.915+0000] {logging_mixin.py:188} INFO - Downloaded AMZN/1770796385.json
[2026-02-11T11:02:12.949+0000] {logging_mixin.py:188} INFO - Downloaded AMZN/1770796396.json
[2026-02-11T11:02:12.977+0000] {logging_mixin.py:188} INFO - Downloaded AMZN/1770796406.json
[2026-02-11T11:02:13.006+0000] {logging_mixin.py:188} INFO - Downloaded AMZN/1770796417.json
[2026-02-11T11:02:13.035+0000] {logging_mixin.py:188} INFO - Downloaded AMZN/1770796428.json
[2026-02-11T11:02:13.060+0000] {logging_mixin.py:188} INFO - Downloaded AMZN/1770796438.json
[2026-02-11T11:02:13.093+0000] {logging_mixin.py:188} INFO - Downloaded AMZN/1770796450.json
[2026-02-11T11:02:13.131+0000] {logging_mixin.py:188} INFO - Downloaded AMZN/1770796460.json
[2026-02-11T11:02:13.159+0000] {logging_mixin.py:188} INFO - Downloaded AMZN/1770796471.json
[2026-02-11T11:02:13.188+0000] {logging_mixin.py:188} INFO - Downloaded AMZN/1770796481.json
[2026-02-11T11:02:13.218+0000] {logging_mixin.py:188} INFO - Downloaded AMZN/1770796492.json
[2026-02-11T11:02:13.253+0000] {logging_mixin.py:188} INFO - Downloaded AMZN/1770796503.json
[2026-02-11T11:02:13.288+0000] {logging_mixin.py:188} INFO - Downloaded AMZN/1770796514.json
[2026-02-11T11:02:13.316+0000] {logging_mixin.py:188} INFO - Downloaded AMZN/1770796524.json
[2026-02-11T11:02:13.347+0000] {logging_mixin.py:188} INFO - Downloaded AMZN/1770796534.json
[2026-02-11T11:02:13.376+0000] {logging_mixin.py:188} INFO - Downloaded AMZN/1770796545.json
[2026-02-11T11:02:13.406+0000] {logging_mixin.py:188} INFO - Downloaded AMZN/1770796555.json
[2026-02-11T11:02:13.444+0000] {logging_mixin.py:188} INFO - Downloaded AMZN/1770796566.json
[2026-02-11T11:02:13.466+0000] {logging_mixin.py:188} INFO - Downloaded AMZN/1770796577.json
[2026-02-11T11:02:13.491+0000] {logging_mixin.py:188} INFO - Downloaded AMZN/1770796588.json
[2026-02-11T11:02:13.524+0000] {logging_mixin.py:188} INFO - Downloaded AMZN/1770796599.json
[2026-02-11T11:02:13.556+0000] {logging_mixin.py:188} INFO - Downloaded AMZN/1770796611.json
[2026-02-11T11:02:13.590+0000] {logging_mixin.py:188} INFO - Downloaded AMZN/1770796621.json
[2026-02-11T11:02:13.615+0000] {logging_mixin.py:188} INFO - Downloaded AMZN/1770796633.json
[2026-02-11T11:02:13.649+0000] {logging_mixin.py:188} INFO - Downloaded AMZN/1770796643.json
[2026-02-11T11:02:13.679+0000] {logging_mixin.py:188} INFO - Downloaded AMZN/1770796654.json
[2026-02-11T11:02:13.715+0000] {logging_mixin.py:188} INFO - Downloaded AMZN/1770796665.json
[2026-02-11T11:02:13.748+0000] {logging_mixin.py:188} INFO - Downloaded AMZN/1770796675.json
[2026-02-11T11:02:13.778+0000] {logging_mixin.py:188} INFO - Downloaded AMZN/1770796686.json
[2026-02-11T11:02:13.806+0000] {logging_mixin.py:188} INFO - Downloaded AMZN/1770796696.json
[2026-02-11T11:02:13.844+0000] {logging_mixin.py:188} INFO - Downloaded AMZN/1770796707.json
[2026-02-11T11:02:13.882+0000] {logging_mixin.py:188} INFO - Downloaded AMZN/1770796717.json
[2026-02-11T11:02:13.905+0000] {logging_mixin.py:188} INFO - Downloaded AMZN/1770796728.json
[2026-02-11T11:02:13.929+0000] {logging_mixin.py:188} INFO - Downloaded AMZN/1770796739.json
[2026-02-11T11:02:13.951+0000] {logging_mixin.py:188} INFO - Downloaded AMZN/1770796750.json
[2026-02-11T11:02:13.978+0000] {logging_mixin.py:188} INFO - Downloaded AMZN/1770796762.json
[2026-02-11T11:02:14.005+0000] {logging_mixin.py:188} INFO - Downloaded AMZN/1770796773.json
[2026-02-11T11:02:14.031+0000] {logging_mixin.py:188} INFO - Downloaded AMZN/1770796783.json
[2026-02-11T11:02:14.053+0000] {logging_mixin.py:188} INFO - Downloaded AMZN/1770796794.json
[2026-02-11T11:02:14.072+0000] {logging_mixin.py:188} INFO - Downloaded AMZN/1770796806.json
[2026-02-11T11:02:14.091+0000] {logging_mixin.py:188} INFO - Downloaded AMZN/1770796817.json
[2026-02-11T11:02:14.113+0000] {logging_mixin.py:188} INFO - Downloaded AMZN/1770796827.json
[2026-02-11T11:02:14.136+0000] {logging_mixin.py:188} INFO - Downloaded AMZN/1770796837.json
[2026-02-11T11:02:14.156+0000] {logging_mixin.py:188} INFO - Downloaded AMZN/1770796848.json
[2026-02-11T11:02:14.178+0000] {logging_mixin.py:188} INFO - Downloaded AMZN/1770796859.json
[2026-02-11T11:02:14.201+0000] {logging_mixin.py:188} INFO - Downloaded AMZN/1770796870.json
[2026-02-11T11:02:14.222+0000] {logging_mixin.py:188} INFO - Downloaded AMZN/1770796880.json
[2026-02-11T11:02:14.252+0000] {logging_mixin.py:188} INFO - Downloaded AMZN/1770796891.json
[2026-02-11T11:02:14.283+0000] {logging_mixin.py:188} INFO - Downloaded AMZN/1770796901.json
[2026-02-11T11:02:14.310+0000] {logging_mixin.py:188} INFO - Downloaded AMZN/1770796913.json
[2026-02-11T11:02:14.342+0000] {logging_mixin.py:188} INFO - Downloaded AMZN/1770796924.json
[2026-02-11T11:02:14.371+0000] {logging_mixin.py:188} INFO - Downloaded AMZN/1770796937.json
[2026-02-11T11:02:14.402+0000] {logging_mixin.py:188} INFO - Downloaded AMZN/1770796947.json
[2026-02-11T11:02:14.432+0000] {logging_mixin.py:188} INFO - Downloaded AMZN/1770796958.json
[2026-02-11T11:02:14.465+0000] {logging_mixin.py:188} INFO - Downloaded AMZN/1770796969.json
[2026-02-11T11:02:14.496+0000] {logging_mixin.py:188} INFO - Downloaded AMZN/1770796980.json
[2026-02-11T11:02:14.526+0000] {logging_mixin.py:188} INFO - Downloaded AMZN/1770796991.json
[2026-02-11T11:02:14.577+0000] {logging_mixin.py:188} INFO - Downloaded AMZN/1770797002.json
[2026-02-11T11:02:14.622+0000] {logging_mixin.py:188} INFO - Downloaded AMZN/1770797039.json
[2026-02-11T11:02:14.651+0000] {logging_mixin.py:188} INFO - Downloaded AMZN/1770797052.json
[2026-02-11T11:02:14.679+0000] {logging_mixin.py:188} INFO - Downloaded AMZN/1770797062.json
[2026-02-11T11:02:14.708+0000] {logging_mixin.py:188} INFO - Downloaded AMZN/1770797074.json
[2026-02-11T11:02:14.735+0000] {logging_mixin.py:188} INFO - Downloaded AMZN/1770797088.json
[2026-02-11T11:02:14.774+0000] {logging_mixin.py:188} INFO - Downloaded AMZN/1770797099.json
[2026-02-11T11:02:14.820+0000] {logging_mixin.py:188} INFO - Downloaded AMZN/1770797110.json
[2026-02-11T11:02:14.868+0000] {logging_mixin.py:188} INFO - Downloaded AMZN/1770797121.json
[2026-02-11T11:02:14.910+0000] {logging_mixin.py:188} INFO - Downloaded AMZN/1770797132.json
[2026-02-11T11:02:14.950+0000] {logging_mixin.py:188} INFO - Downloaded AMZN/1770797142.json
[2026-02-11T11:02:15.008+0000] {logging_mixin.py:188} INFO - Downloaded AMZN/1770797152.json
[2026-02-11T11:02:15.052+0000] {logging_mixin.py:188} INFO - Downloaded AMZN/1770797164.json
[2026-02-11T11:02:15.094+0000] {logging_mixin.py:188} INFO - Downloaded AMZN/1770797175.json
[2026-02-11T11:02:15.135+0000] {logging_mixin.py:188} INFO - Downloaded GOOGL/1770795803.json
[2026-02-11T11:02:15.180+0000] {logging_mixin.py:188} INFO - Downloaded GOOGL/1770795814.json
[2026-02-11T11:02:15.219+0000] {logging_mixin.py:188} INFO - Downloaded GOOGL/1770795824.json
[2026-02-11T11:02:15.255+0000] {logging_mixin.py:188} INFO - Downloaded GOOGL/1770795835.json
[2026-02-11T11:02:15.294+0000] {logging_mixin.py:188} INFO - Downloaded GOOGL/1770795846.json
[2026-02-11T11:02:15.364+0000] {logging_mixin.py:188} INFO - Downloaded GOOGL/1770795857.json
[2026-02-11T11:02:15.415+0000] {logging_mixin.py:188} INFO - Downloaded GOOGL/1770795867.json
[2026-02-11T11:02:15.451+0000] {logging_mixin.py:188} INFO - Downloaded GOOGL/1770795879.json
[2026-02-11T11:02:15.491+0000] {logging_mixin.py:188} INFO - Downloaded GOOGL/1770795891.json
[2026-02-11T11:02:15.531+0000] {logging_mixin.py:188} INFO - Downloaded GOOGL/1770795902.json
[2026-02-11T11:02:15.561+0000] {logging_mixin.py:188} INFO - Downloaded GOOGL/1770795912.json
[2026-02-11T11:02:15.586+0000] {logging_mixin.py:188} INFO - Downloaded GOOGL/1770795923.json
[2026-02-11T11:02:15.614+0000] {logging_mixin.py:188} INFO - Downloaded GOOGL/1770795934.json
[2026-02-11T11:02:15.637+0000] {logging_mixin.py:188} INFO - Downloaded GOOGL/1770795944.json
[2026-02-11T11:02:15.671+0000] {logging_mixin.py:188} INFO - Downloaded GOOGL/1770795954.json
[2026-02-11T11:02:15.700+0000] {logging_mixin.py:188} INFO - Downloaded GOOGL/1770795965.json
[2026-02-11T11:02:15.728+0000] {logging_mixin.py:188} INFO - Downloaded GOOGL/1770795976.json
[2026-02-11T11:02:15.760+0000] {logging_mixin.py:188} INFO - Downloaded GOOGL/1770795987.json
[2026-02-11T11:02:15.789+0000] {logging_mixin.py:188} INFO - Downloaded GOOGL/1770795998.json
[2026-02-11T11:02:15.822+0000] {logging_mixin.py:188} INFO - Downloaded GOOGL/1770796008.json
[2026-02-11T11:02:15.857+0000] {logging_mixin.py:188} INFO - Downloaded GOOGL/1770796019.json
[2026-02-11T11:02:15.890+0000] {logging_mixin.py:188} INFO - Downloaded GOOGL/1770796030.json
[2026-02-11T11:02:15.922+0000] {logging_mixin.py:188} INFO - Downloaded GOOGL/1770796040.json
[2026-02-11T11:02:15.955+0000] {logging_mixin.py:188} INFO - Downloaded GOOGL/1770796051.json
[2026-02-11T11:02:15.998+0000] {logging_mixin.py:188} INFO - Downloaded GOOGL/1770796061.json
[2026-02-11T11:02:16.023+0000] {logging_mixin.py:188} INFO - Downloaded GOOGL/1770796071.json
[2026-02-11T11:02:16.048+0000] {logging_mixin.py:188} INFO - Downloaded GOOGL/1770796083.json
[2026-02-11T11:02:16.080+0000] {logging_mixin.py:188} INFO - Downloaded GOOGL/1770796094.json
[2026-02-11T11:02:16.106+0000] {logging_mixin.py:188} INFO - Downloaded GOOGL/1770796105.json
[2026-02-11T11:02:16.132+0000] {logging_mixin.py:188} INFO - Downloaded GOOGL/1770796115.json
[2026-02-11T11:02:16.154+0000] {logging_mixin.py:188} INFO - Downloaded GOOGL/1770796125.json
[2026-02-11T11:02:16.184+0000] {logging_mixin.py:188} INFO - Downloaded GOOGL/1770796136.json
[2026-02-11T11:02:16.207+0000] {logging_mixin.py:188} INFO - Downloaded GOOGL/1770796147.json
[2026-02-11T11:02:16.235+0000] {logging_mixin.py:188} INFO - Downloaded GOOGL/1770796158.json
[2026-02-11T11:02:16.263+0000] {logging_mixin.py:188} INFO - Downloaded GOOGL/1770796170.json
[2026-02-11T11:02:16.290+0000] {logging_mixin.py:188} INFO - Downloaded GOOGL/1770796180.json
[2026-02-11T11:02:16.328+0000] {logging_mixin.py:188} INFO - Downloaded GOOGL/1770796191.json
[2026-02-11T11:02:16.372+0000] {logging_mixin.py:188} INFO - Downloaded GOOGL/1770796203.json
[2026-02-11T11:02:16.416+0000] {logging_mixin.py:188} INFO - Downloaded GOOGL/1770796214.json
[2026-02-11T11:02:16.447+0000] {logging_mixin.py:188} INFO - Downloaded GOOGL/1770796225.json
[2026-02-11T11:02:16.485+0000] {logging_mixin.py:188} INFO - Downloaded GOOGL/1770796236.json
[2026-02-11T11:02:16.513+0000] {logging_mixin.py:188} INFO - Downloaded GOOGL/1770796246.json
[2026-02-11T11:02:16.541+0000] {logging_mixin.py:188} INFO - Downloaded GOOGL/1770796256.json
[2026-02-11T11:02:16.569+0000] {logging_mixin.py:188} INFO - Downloaded GOOGL/1770796267.json
[2026-02-11T11:02:16.590+0000] {logging_mixin.py:188} INFO - Downloaded GOOGL/1770796277.json
[2026-02-11T11:02:16.617+0000] {logging_mixin.py:188} INFO - Downloaded GOOGL/1770796289.json
[2026-02-11T11:02:16.640+0000] {logging_mixin.py:188} INFO - Downloaded GOOGL/1770796299.json
[2026-02-11T11:02:16.665+0000] {logging_mixin.py:188} INFO - Downloaded GOOGL/1770796310.json
[2026-02-11T11:02:16.694+0000] {logging_mixin.py:188} INFO - Downloaded GOOGL/1770796321.json
[2026-02-11T11:02:16.722+0000] {logging_mixin.py:188} INFO - Downloaded GOOGL/1770796331.json
[2026-02-11T11:02:16.748+0000] {logging_mixin.py:188} INFO - Downloaded GOOGL/1770796342.json
[2026-02-11T11:02:16.770+0000] {logging_mixin.py:188} INFO - Downloaded GOOGL/1770796352.json
[2026-02-11T11:02:16.788+0000] {logging_mixin.py:188} INFO - Downloaded GOOGL/1770796363.json
[2026-02-11T11:02:16.808+0000] {logging_mixin.py:188} INFO - Downloaded GOOGL/1770796374.json
[2026-02-11T11:02:16.826+0000] {logging_mixin.py:188} INFO - Downloaded GOOGL/1770796384.json
[2026-02-11T11:02:16.846+0000] {logging_mixin.py:188} INFO - Downloaded GOOGL/1770796395.json
[2026-02-11T11:02:16.869+0000] {logging_mixin.py:188} INFO - Downloaded GOOGL/1770796406.json
[2026-02-11T11:02:16.895+0000] {logging_mixin.py:188} INFO - Downloaded GOOGL/1770796416.json
[2026-02-11T11:02:16.920+0000] {logging_mixin.py:188} INFO - Downloaded GOOGL/1770796427.json
[2026-02-11T11:02:16.939+0000] {logging_mixin.py:188} INFO - Downloaded GOOGL/1770796438.json
[2026-02-11T11:02:16.959+0000] {logging_mixin.py:188} INFO - Downloaded GOOGL/1770796449.json
[2026-02-11T11:02:16.980+0000] {logging_mixin.py:188} INFO - Downloaded GOOGL/1770796459.json
[2026-02-11T11:02:17.005+0000] {logging_mixin.py:188} INFO - Downloaded GOOGL/1770796470.json
[2026-02-11T11:02:17.043+0000] {logging_mixin.py:188} INFO - Downloaded GOOGL/1770796480.json
[2026-02-11T11:02:17.069+0000] {logging_mixin.py:188} INFO - Downloaded GOOGL/1770796491.json
[2026-02-11T11:02:17.087+0000] {logging_mixin.py:188} INFO - Downloaded GOOGL/1770796502.json
[2026-02-11T11:02:17.106+0000] {logging_mixin.py:188} INFO - Downloaded GOOGL/1770796513.json
[2026-02-11T11:02:17.125+0000] {logging_mixin.py:188} INFO - Downloaded GOOGL/1770796523.json
[2026-02-11T11:02:17.145+0000] {logging_mixin.py:188} INFO - Downloaded GOOGL/1770796534.json
[2026-02-11T11:02:17.165+0000] {logging_mixin.py:188} INFO - Downloaded GOOGL/1770796544.json
[2026-02-11T11:02:17.186+0000] {logging_mixin.py:188} INFO - Downloaded GOOGL/1770796554.json
[2026-02-11T11:02:17.210+0000] {logging_mixin.py:188} INFO - Downloaded GOOGL/1770796565.json
[2026-02-11T11:02:17.232+0000] {logging_mixin.py:188} INFO - Downloaded GOOGL/1770796576.json
[2026-02-11T11:02:17.255+0000] {logging_mixin.py:188} INFO - Downloaded GOOGL/1770796587.json
[2026-02-11T11:02:17.279+0000] {logging_mixin.py:188} INFO - Downloaded GOOGL/1770796598.json
[2026-02-11T11:02:17.303+0000] {logging_mixin.py:188} INFO - Downloaded GOOGL/1770796610.json
[2026-02-11T11:02:17.330+0000] {logging_mixin.py:188} INFO - Downloaded GOOGL/1770796620.json
[2026-02-11T11:02:17.360+0000] {logging_mixin.py:188} INFO - Downloaded GOOGL/1770796632.json
[2026-02-11T11:02:17.384+0000] {logging_mixin.py:188} INFO - Downloaded GOOGL/1770796642.json
[2026-02-11T11:02:17.404+0000] {logging_mixin.py:188} INFO - Downloaded GOOGL/1770796653.json
[2026-02-11T11:02:17.435+0000] {logging_mixin.py:188} INFO - Downloaded GOOGL/1770796664.json
[2026-02-11T11:02:17.491+0000] {logging_mixin.py:188} INFO - Downloaded GOOGL/1770796674.json
[2026-02-11T11:02:17.525+0000] {logging_mixin.py:188} INFO - Downloaded GOOGL/1770796685.json
[2026-02-11T11:02:17.555+0000] {logging_mixin.py:188} INFO - Downloaded GOOGL/1770796696.json
[2026-02-11T11:02:17.591+0000] {logging_mixin.py:188} INFO - Downloaded GOOGL/1770796706.json
[2026-02-11T11:02:17.618+0000] {logging_mixin.py:188} INFO - Downloaded GOOGL/1770796716.json
[2026-02-11T11:02:17.647+0000] {logging_mixin.py:188} INFO - Downloaded GOOGL/1770796727.json
[2026-02-11T11:02:17.678+0000] {logging_mixin.py:188} INFO - Downloaded GOOGL/1770796738.json
[2026-02-11T11:02:17.704+0000] {logging_mixin.py:188} INFO - Downloaded GOOGL/1770796749.json
[2026-02-11T11:02:17.737+0000] {logging_mixin.py:188} INFO - Downloaded GOOGL/1770796761.json
[2026-02-11T11:02:17.757+0000] {logging_mixin.py:188} INFO - Downloaded GOOGL/1770796772.json
[2026-02-11T11:02:17.776+0000] {logging_mixin.py:188} INFO - Downloaded GOOGL/1770796783.json
[2026-02-11T11:02:17.797+0000] {logging_mixin.py:188} INFO - Downloaded GOOGL/1770796793.json
[2026-02-11T11:02:17.820+0000] {logging_mixin.py:188} INFO - Downloaded GOOGL/1770796804.json
[2026-02-11T11:02:17.839+0000] {logging_mixin.py:188} INFO - Downloaded GOOGL/1770796815.json
[2026-02-11T11:02:17.861+0000] {logging_mixin.py:188} INFO - Downloaded GOOGL/1770796826.json
[2026-02-11T11:02:17.882+0000] {logging_mixin.py:188} INFO - Downloaded GOOGL/1770796837.json
[2026-02-11T11:02:17.902+0000] {logging_mixin.py:188} INFO - Downloaded GOOGL/1770796847.json
[2026-02-11T11:02:17.924+0000] {logging_mixin.py:188} INFO - Downloaded GOOGL/1770796858.json
[2026-02-11T11:02:17.943+0000] {logging_mixin.py:188} INFO - Downloaded GOOGL/1770796869.json
[2026-02-11T11:02:17.967+0000] {logging_mixin.py:188} INFO - Downloaded GOOGL/1770796879.json
[2026-02-11T11:02:17.993+0000] {logging_mixin.py:188} INFO - Downloaded GOOGL/1770796890.json
[2026-02-11T11:02:18.032+0000] {logging_mixin.py:188} INFO - Downloaded GOOGL/1770796900.json
[2026-02-11T11:02:18.067+0000] {logging_mixin.py:188} INFO - Downloaded GOOGL/1770796912.json
[2026-02-11T11:02:18.098+0000] {logging_mixin.py:188} INFO - Downloaded GOOGL/1770796923.json
[2026-02-11T11:02:18.131+0000] {logging_mixin.py:188} INFO - Downloaded GOOGL/1770796933.json
[2026-02-11T11:02:18.163+0000] {logging_mixin.py:188} INFO - Downloaded GOOGL/1770796946.json
[2026-02-11T11:02:18.193+0000] {logging_mixin.py:188} INFO - Downloaded GOOGL/1770796957.json
[2026-02-11T11:02:18.229+0000] {logging_mixin.py:188} INFO - Downloaded GOOGL/1770796968.json
[2026-02-11T11:02:18.270+0000] {logging_mixin.py:188} INFO - Downloaded GOOGL/1770796979.json
[2026-02-11T11:02:18.308+0000] {logging_mixin.py:188} INFO - Downloaded GOOGL/1770796990.json
[2026-02-11T11:02:18.347+0000] {logging_mixin.py:188} INFO - Downloaded GOOGL/1770797001.json
[2026-02-11T11:02:18.381+0000] {logging_mixin.py:188} INFO - Downloaded GOOGL/1770797037.json
[2026-02-11T11:02:18.410+0000] {logging_mixin.py:188} INFO - Downloaded GOOGL/1770797051.json
[2026-02-11T11:02:18.437+0000] {logging_mixin.py:188} INFO - Downloaded GOOGL/1770797061.json
[2026-02-11T11:02:18.459+0000] {logging_mixin.py:188} INFO - Downloaded GOOGL/1770797072.json
[2026-02-11T11:02:18.487+0000] {logging_mixin.py:188} INFO - Downloaded GOOGL/1770797087.json
[2026-02-11T11:02:18.511+0000] {logging_mixin.py:188} INFO - Downloaded GOOGL/1770797098.json
[2026-02-11T11:02:18.538+0000] {logging_mixin.py:188} INFO - Downloaded GOOGL/1770797109.json
[2026-02-11T11:02:18.568+0000] {logging_mixin.py:188} INFO - Downloaded GOOGL/1770797120.json
[2026-02-11T11:02:18.595+0000] {logging_mixin.py:188} INFO - Downloaded GOOGL/1770797131.json
[2026-02-11T11:02:18.625+0000] {logging_mixin.py:188} INFO - Downloaded GOOGL/1770797141.json
[2026-02-11T11:02:18.652+0000] {logging_mixin.py:188} INFO - Downloaded GOOGL/1770797151.json
[2026-02-11T11:02:18.679+0000] {logging_mixin.py:188} INFO - Downloaded GOOGL/1770797163.json
[2026-02-11T11:02:18.705+0000] {logging_mixin.py:188} INFO - Downloaded GOOGL/1770797174.json
[2026-02-11T11:02:18.731+0000] {logging_mixin.py:188} INFO - Downloaded MSFT/1770795802.json
[2026-02-11T11:02:18.763+0000] {logging_mixin.py:188} INFO - Downloaded MSFT/1770795812.json
[2026-02-11T11:02:18.798+0000] {logging_mixin.py:188} INFO - Downloaded MSFT/1770795822.json
[2026-02-11T11:02:18.836+0000] {logging_mixin.py:188} INFO - Downloaded MSFT/1770795833.json
[2026-02-11T11:02:18.863+0000] {logging_mixin.py:188} INFO - Downloaded MSFT/1770795844.json
[2026-02-11T11:02:18.891+0000] {logging_mixin.py:188} INFO - Downloaded MSFT/1770795855.json
[2026-02-11T11:02:18.920+0000] {logging_mixin.py:188} INFO - Downloaded MSFT/1770795865.json
[2026-02-11T11:02:18.955+0000] {logging_mixin.py:188} INFO - Downloaded MSFT/1770795876.json
[2026-02-11T11:02:18.997+0000] {logging_mixin.py:188} INFO - Downloaded MSFT/1770795890.json
[2026-02-11T11:02:19.021+0000] {logging_mixin.py:188} INFO - Downloaded MSFT/1770795900.json
[2026-02-11T11:02:19.045+0000] {logging_mixin.py:188} INFO - Downloaded MSFT/1770795910.json
[2026-02-11T11:02:19.067+0000] {logging_mixin.py:188} INFO - Downloaded MSFT/1770795921.json
[2026-02-11T11:02:19.091+0000] {logging_mixin.py:188} INFO - Downloaded MSFT/1770795932.json
[2026-02-11T11:02:19.119+0000] {logging_mixin.py:188} INFO - Downloaded MSFT/1770795942.json
[2026-02-11T11:02:19.144+0000] {logging_mixin.py:188} INFO - Downloaded MSFT/1770795953.json
[2026-02-11T11:02:19.167+0000] {logging_mixin.py:188} INFO - Downloaded MSFT/1770795963.json
[2026-02-11T11:02:19.187+0000] {logging_mixin.py:188} INFO - Downloaded MSFT/1770795974.json
[2026-02-11T11:02:19.209+0000] {logging_mixin.py:188} INFO - Downloaded MSFT/1770795985.json
[2026-02-11T11:02:19.235+0000] {logging_mixin.py:188} INFO - Downloaded MSFT/1770795996.json
[2026-02-11T11:02:19.266+0000] {logging_mixin.py:188} INFO - Downloaded MSFT/1770796007.json
[2026-02-11T11:02:19.293+0000] {logging_mixin.py:188} INFO - Downloaded MSFT/1770796017.json
[2026-02-11T11:02:19.327+0000] {logging_mixin.py:188} INFO - Downloaded MSFT/1770796028.json
[2026-02-11T11:02:19.360+0000] {logging_mixin.py:188} INFO - Downloaded MSFT/1770796039.json
[2026-02-11T11:02:19.385+0000] {logging_mixin.py:188} INFO - Downloaded MSFT/1770796049.json
[2026-02-11T11:02:19.415+0000] {logging_mixin.py:188} INFO - Downloaded MSFT/1770796060.json
[2026-02-11T11:02:19.439+0000] {logging_mixin.py:188} INFO - Downloaded MSFT/1770796070.json
[2026-02-11T11:02:19.463+0000] {logging_mixin.py:188} INFO - Downloaded MSFT/1770796080.json
[2026-02-11T11:02:19.493+0000] {logging_mixin.py:188} INFO - Downloaded MSFT/1770796092.json
[2026-02-11T11:02:19.515+0000] {logging_mixin.py:188} INFO - Downloaded MSFT/1770796103.json
[2026-02-11T11:02:19.538+0000] {logging_mixin.py:188} INFO - Downloaded MSFT/1770796113.json
[2026-02-11T11:02:19.563+0000] {logging_mixin.py:188} INFO - Downloaded MSFT/1770796123.json
[2026-02-11T11:02:19.589+0000] {logging_mixin.py:188} INFO - Downloaded MSFT/1770796134.json
[2026-02-11T11:02:19.613+0000] {logging_mixin.py:188} INFO - Downloaded MSFT/1770796145.json
[2026-02-11T11:02:19.634+0000] {logging_mixin.py:188} INFO - Downloaded MSFT/1770796157.json
[2026-02-11T11:02:19.662+0000] {logging_mixin.py:188} INFO - Downloaded MSFT/1770796167.json
[2026-02-11T11:02:19.686+0000] {logging_mixin.py:188} INFO - Downloaded MSFT/1770796179.json
[2026-02-11T11:02:19.710+0000] {logging_mixin.py:188} INFO - Downloaded MSFT/1770796189.json
[2026-02-11T11:02:19.736+0000] {logging_mixin.py:188} INFO - Downloaded MSFT/1770796201.json
[2026-02-11T11:02:19.759+0000] {logging_mixin.py:188} INFO - Downloaded MSFT/1770796212.json
[2026-02-11T11:02:19.778+0000] {logging_mixin.py:188} INFO - Downloaded MSFT/1770796223.json
[2026-02-11T11:02:19.800+0000] {logging_mixin.py:188} INFO - Downloaded MSFT/1770796234.json
[2026-02-11T11:02:19.823+0000] {logging_mixin.py:188} INFO - Downloaded MSFT/1770796244.json
[2026-02-11T11:02:19.843+0000] {logging_mixin.py:188} INFO - Downloaded MSFT/1770796254.json
[2026-02-11T11:02:19.865+0000] {logging_mixin.py:188} INFO - Downloaded MSFT/1770796265.json
[2026-02-11T11:02:19.889+0000] {logging_mixin.py:188} INFO - Downloaded MSFT/1770796276.json
[2026-02-11T11:02:19.914+0000] {logging_mixin.py:188} INFO - Downloaded MSFT/1770796287.json
[2026-02-11T11:02:19.939+0000] {logging_mixin.py:188} INFO - Downloaded MSFT/1770796297.json
[2026-02-11T11:02:19.963+0000] {logging_mixin.py:188} INFO - Downloaded MSFT/1770796308.json
[2026-02-11T11:02:19.982+0000] {logging_mixin.py:188} INFO - Downloaded MSFT/1770796319.json
[2026-02-11T11:02:20.002+0000] {logging_mixin.py:188} INFO - Downloaded MSFT/1770796329.json
[2026-02-11T11:02:20.021+0000] {logging_mixin.py:188} INFO - Downloaded MSFT/1770796340.json
[2026-02-11T11:02:20.044+0000] {logging_mixin.py:188} INFO - Downloaded MSFT/1770796351.json
[2026-02-11T11:02:20.075+0000] {logging_mixin.py:188} INFO - Downloaded MSFT/1770796361.json
[2026-02-11T11:02:20.106+0000] {logging_mixin.py:188} INFO - Downloaded MSFT/1770796372.json
[2026-02-11T11:02:20.128+0000] {logging_mixin.py:188} INFO - Downloaded MSFT/1770796382.json
[2026-02-11T11:02:20.155+0000] {logging_mixin.py:188} INFO - Downloaded MSFT/1770796393.json
[2026-02-11T11:02:20.178+0000] {logging_mixin.py:188} INFO - Downloaded MSFT/1770796403.json
[2026-02-11T11:02:20.212+0000] {logging_mixin.py:188} INFO - Downloaded MSFT/1770796414.json
[2026-02-11T11:02:20.241+0000] {logging_mixin.py:188} INFO - Downloaded MSFT/1770796425.json
[2026-02-11T11:02:20.268+0000] {logging_mixin.py:188} INFO - Downloaded MSFT/1770796435.json
[2026-02-11T11:02:20.292+0000] {logging_mixin.py:188} INFO - Downloaded MSFT/1770796446.json
[2026-02-11T11:02:20.314+0000] {logging_mixin.py:188} INFO - Downloaded MSFT/1770796457.json
[2026-02-11T11:02:20.335+0000] {logging_mixin.py:188} INFO - Downloaded MSFT/1770796468.json
[2026-02-11T11:02:20.355+0000] {logging_mixin.py:188} INFO - Downloaded MSFT/1770796478.json
[2026-02-11T11:02:20.378+0000] {logging_mixin.py:188} INFO - Downloaded MSFT/1770796489.json
[2026-02-11T11:02:20.399+0000] {logging_mixin.py:188} INFO - Downloaded MSFT/1770796500.json
[2026-02-11T11:02:20.420+0000] {logging_mixin.py:188} INFO - Downloaded MSFT/1770796511.json
[2026-02-11T11:02:20.442+0000] {logging_mixin.py:188} INFO - Downloaded MSFT/1770796521.json
[2026-02-11T11:02:20.469+0000] {logging_mixin.py:188} INFO - Downloaded MSFT/1770796532.json
[2026-02-11T11:02:20.500+0000] {logging_mixin.py:188} INFO - Downloaded MSFT/1770796542.json
[2026-02-11T11:02:20.532+0000] {logging_mixin.py:188} INFO - Downloaded MSFT/1770796553.json
[2026-02-11T11:02:20.556+0000] {logging_mixin.py:188} INFO - Downloaded MSFT/1770796563.json
[2026-02-11T11:02:20.576+0000] {logging_mixin.py:188} INFO - Downloaded MSFT/1770796574.json
[2026-02-11T11:02:20.595+0000] {logging_mixin.py:188} INFO - Downloaded MSFT/1770796585.json
[2026-02-11T11:02:20.618+0000] {logging_mixin.py:188} INFO - Downloaded MSFT/1770796596.json
[2026-02-11T11:02:20.636+0000] {logging_mixin.py:188} INFO - Downloaded MSFT/1770796607.json
[2026-02-11T11:02:20.655+0000] {logging_mixin.py:188} INFO - Downloaded MSFT/1770796619.json
[2026-02-11T11:02:20.678+0000] {logging_mixin.py:188} INFO - Downloaded MSFT/1770796629.json
[2026-02-11T11:02:20.698+0000] {logging_mixin.py:188} INFO - Downloaded MSFT/1770796640.json
[2026-02-11T11:02:20.723+0000] {logging_mixin.py:188} INFO - Downloaded MSFT/1770796651.json
[2026-02-11T11:02:20.745+0000] {logging_mixin.py:188} INFO - Downloaded MSFT/1770796662.json
[2026-02-11T11:02:20.766+0000] {logging_mixin.py:188} INFO - Downloaded MSFT/1770796672.json
[2026-02-11T11:02:20.788+0000] {logging_mixin.py:188} INFO - Downloaded MSFT/1770796683.json
[2026-02-11T11:02:20.806+0000] {logging_mixin.py:188} INFO - Downloaded MSFT/1770796694.json
[2026-02-11T11:02:20.826+0000] {logging_mixin.py:188} INFO - Downloaded MSFT/1770796704.json
[2026-02-11T11:02:20.850+0000] {logging_mixin.py:188} INFO - Downloaded MSFT/1770796714.json
[2026-02-11T11:02:20.871+0000] {logging_mixin.py:188} INFO - Downloaded MSFT/1770796725.json
[2026-02-11T11:02:20.896+0000] {logging_mixin.py:188} INFO - Downloaded MSFT/1770796736.json
[2026-02-11T11:02:20.920+0000] {logging_mixin.py:188} INFO - Downloaded MSFT/1770796747.json
[2026-02-11T11:02:20.946+0000] {logging_mixin.py:188} INFO - Downloaded MSFT/1770796758.json
[2026-02-11T11:02:20.967+0000] {logging_mixin.py:188} INFO - Downloaded MSFT/1770796770.json
[2026-02-11T11:02:20.990+0000] {logging_mixin.py:188} INFO - Downloaded MSFT/1770796780.json
[2026-02-11T11:02:21.015+0000] {logging_mixin.py:188} INFO - Downloaded MSFT/1770796791.json
[2026-02-11T11:02:21.040+0000] {logging_mixin.py:188} INFO - Downloaded MSFT/1770796802.json
[2026-02-11T11:02:21.069+0000] {logging_mixin.py:188} INFO - Downloaded MSFT/1770796814.json
[2026-02-11T11:02:21.088+0000] {logging_mixin.py:188} INFO - Downloaded MSFT/1770796824.json
[2026-02-11T11:02:21.113+0000] {logging_mixin.py:188} INFO - Downloaded MSFT/1770796835.json
[2026-02-11T11:02:21.137+0000] {logging_mixin.py:188} INFO - Downloaded MSFT/1770796845.json
[2026-02-11T11:02:21.156+0000] {logging_mixin.py:188} INFO - Downloaded MSFT/1770796856.json
[2026-02-11T11:02:21.177+0000] {logging_mixin.py:188} INFO - Downloaded MSFT/1770796867.json
[2026-02-11T11:02:21.198+0000] {logging_mixin.py:188} INFO - Downloaded MSFT/1770796878.json
[2026-02-11T11:02:21.222+0000] {logging_mixin.py:188} INFO - Downloaded MSFT/1770796888.json
[2026-02-11T11:02:21.244+0000] {logging_mixin.py:188} INFO - Downloaded MSFT/1770796899.json
[2026-02-11T11:02:21.273+0000] {logging_mixin.py:188} INFO - Downloaded MSFT/1770796910.json
[2026-02-11T11:02:21.315+0000] {logging_mixin.py:188} INFO - Downloaded MSFT/1770796921.json
[2026-02-11T11:02:21.339+0000] {logging_mixin.py:188} INFO - Downloaded MSFT/1770796932.json
[2026-02-11T11:02:21.370+0000] {logging_mixin.py:188} INFO - Downloaded MSFT/1770796944.json
[2026-02-11T11:02:21.395+0000] {logging_mixin.py:188} INFO - Downloaded MSFT/1770796955.json
[2026-02-11T11:02:21.432+0000] {logging_mixin.py:188} INFO - Downloaded MSFT/1770796966.json
[2026-02-11T11:02:21.458+0000] {logging_mixin.py:188} INFO - Downloaded MSFT/1770796977.json
[2026-02-11T11:02:21.485+0000] {logging_mixin.py:188} INFO - Downloaded MSFT/1770796988.json
[2026-02-11T11:02:21.512+0000] {logging_mixin.py:188} INFO - Downloaded MSFT/1770796999.json
[2026-02-11T11:02:21.533+0000] {logging_mixin.py:188} INFO - Downloaded MSFT/1770797048.json
[2026-02-11T11:02:21.556+0000] {logging_mixin.py:188} INFO - Downloaded MSFT/1770797059.json
[2026-02-11T11:02:21.581+0000] {logging_mixin.py:188} INFO - Downloaded MSFT/1770797071.json
[2026-02-11T11:02:21.608+0000] {logging_mixin.py:188} INFO - Downloaded MSFT/1770797083.json
[2026-02-11T11:02:21.630+0000] {logging_mixin.py:188} INFO - Downloaded MSFT/1770797096.json
[2026-02-11T11:02:21.651+0000] {logging_mixin.py:188} INFO - Downloaded MSFT/1770797107.json
[2026-02-11T11:02:21.672+0000] {logging_mixin.py:188} INFO - Downloaded MSFT/1770797118.json
[2026-02-11T11:02:21.694+0000] {logging_mixin.py:188} INFO - Downloaded MSFT/1770797129.json
[2026-02-11T11:02:21.714+0000] {logging_mixin.py:188} INFO - Downloaded MSFT/1770797139.json
[2026-02-11T11:02:21.738+0000] {logging_mixin.py:188} INFO - Downloaded MSFT/1770797150.json
[2026-02-11T11:02:21.762+0000] {logging_mixin.py:188} INFO - Downloaded MSFT/1770797161.json
[2026-02-11T11:02:21.788+0000] {logging_mixin.py:188} INFO - Downloaded MSFT/1770797172.json
[2026-02-11T11:02:21.818+0000] {logging_mixin.py:188} INFO - Downloaded TSLA/1770795803.json
[2026-02-11T11:02:21.844+0000] {logging_mixin.py:188} INFO - Downloaded TSLA/1770795813.json
[2026-02-11T11:02:21.868+0000] {logging_mixin.py:188} INFO - Downloaded TSLA/1770795823.json
[2026-02-11T11:02:21.890+0000] {logging_mixin.py:188} INFO - Downloaded TSLA/1770795834.json
[2026-02-11T11:02:21.909+0000] {logging_mixin.py:188} INFO - Downloaded TSLA/1770795845.json
[2026-02-11T11:02:21.930+0000] {logging_mixin.py:188} INFO - Downloaded TSLA/1770795856.json
[2026-02-11T11:02:21.951+0000] {logging_mixin.py:188} INFO - Downloaded TSLA/1770795866.json
[2026-02-11T11:02:21.980+0000] {logging_mixin.py:188} INFO - Downloaded TSLA/1770795878.json
[2026-02-11T11:02:22.001+0000] {logging_mixin.py:188} INFO - Downloaded TSLA/1770795891.json
[2026-02-11T11:02:22.023+0000] {logging_mixin.py:188} INFO - Downloaded TSLA/1770795901.json
[2026-02-11T11:02:22.043+0000] {logging_mixin.py:188} INFO - Downloaded TSLA/1770795911.json
[2026-02-11T11:02:22.067+0000] {logging_mixin.py:188} INFO - Downloaded TSLA/1770795922.json
[2026-02-11T11:02:22.088+0000] {logging_mixin.py:188} INFO - Downloaded TSLA/1770795933.json
[2026-02-11T11:02:22.107+0000] {logging_mixin.py:188} INFO - Downloaded TSLA/1770795943.json
[2026-02-11T11:02:22.130+0000] {logging_mixin.py:188} INFO - Downloaded TSLA/1770795953.json
[2026-02-11T11:02:22.151+0000] {logging_mixin.py:188} INFO - Downloaded TSLA/1770795964.json
[2026-02-11T11:02:22.170+0000] {logging_mixin.py:188} INFO - Downloaded TSLA/1770795975.json
[2026-02-11T11:02:22.193+0000] {logging_mixin.py:188} INFO - Downloaded TSLA/1770795986.json
[2026-02-11T11:02:22.215+0000] {logging_mixin.py:188} INFO - Downloaded TSLA/1770795997.json
[2026-02-11T11:02:22.234+0000] {logging_mixin.py:188} INFO - Downloaded TSLA/1770796007.json
[2026-02-11T11:02:22.255+0000] {logging_mixin.py:188} INFO - Downloaded TSLA/1770796018.json
[2026-02-11T11:02:22.279+0000] {logging_mixin.py:188} INFO - Downloaded TSLA/1770796029.json
[2026-02-11T11:02:22.303+0000] {logging_mixin.py:188} INFO - Downloaded TSLA/1770796039.json
[2026-02-11T11:02:22.328+0000] {logging_mixin.py:188} INFO - Downloaded TSLA/1770796050.json
[2026-02-11T11:02:22.351+0000] {logging_mixin.py:188} INFO - Downloaded TSLA/1770796060.json
[2026-02-11T11:02:22.375+0000] {logging_mixin.py:188} INFO - Downloaded TSLA/1770796071.json
[2026-02-11T11:02:22.394+0000] {logging_mixin.py:188} INFO - Downloaded TSLA/1770796081.json
[2026-02-11T11:02:22.413+0000] {logging_mixin.py:188} INFO - Downloaded TSLA/1770796093.json
[2026-02-11T11:02:22.432+0000] {logging_mixin.py:188} INFO - Downloaded TSLA/1770796104.json
[2026-02-11T11:02:22.453+0000] {logging_mixin.py:188} INFO - Downloaded TSLA/1770796114.json
[2026-02-11T11:02:22.475+0000] {logging_mixin.py:188} INFO - Downloaded TSLA/1770796124.json
[2026-02-11T11:02:22.494+0000] {logging_mixin.py:188} INFO - Downloaded TSLA/1770796135.json
[2026-02-11T11:02:22.516+0000] {logging_mixin.py:188} INFO - Downloaded TSLA/1770796146.json
[2026-02-11T11:02:22.554+0000] {logging_mixin.py:188} INFO - Downloaded TSLA/1770796157.json
[2026-02-11T11:02:22.594+0000] {logging_mixin.py:188} INFO - Downloaded TSLA/1770796169.json
[2026-02-11T11:02:22.639+0000] {logging_mixin.py:188} INFO - Downloaded TSLA/1770796180.json
[2026-02-11T11:02:22.665+0000] {logging_mixin.py:188} INFO - Downloaded TSLA/1770796190.json
[2026-02-11T11:02:22.693+0000] {logging_mixin.py:188} INFO - Downloaded TSLA/1770796202.json
[2026-02-11T11:02:22.722+0000] {logging_mixin.py:188} INFO - Downloaded TSLA/1770796213.json
[2026-02-11T11:02:22.755+0000] {logging_mixin.py:188} INFO - Downloaded TSLA/1770796224.json
[2026-02-11T11:02:22.784+0000] {logging_mixin.py:188} INFO - Downloaded TSLA/1770796235.json
[2026-02-11T11:02:22.814+0000] {logging_mixin.py:188} INFO - Downloaded TSLA/1770796245.json
[2026-02-11T11:02:22.834+0000] {logging_mixin.py:188} INFO - Downloaded TSLA/1770796255.json
[2026-02-11T11:02:22.853+0000] {logging_mixin.py:188} INFO - Downloaded TSLA/1770796266.json
[2026-02-11T11:02:22.874+0000] {logging_mixin.py:188} INFO - Downloaded TSLA/1770796277.json
[2026-02-11T11:02:22.893+0000] {logging_mixin.py:188} INFO - Downloaded TSLA/1770796288.json
[2026-02-11T11:02:22.912+0000] {logging_mixin.py:188} INFO - Downloaded TSLA/1770796298.json
[2026-02-11T11:02:22.936+0000] {logging_mixin.py:188} INFO - Downloaded TSLA/1770796309.json
[2026-02-11T11:02:22.956+0000] {logging_mixin.py:188} INFO - Downloaded TSLA/1770796320.json
[2026-02-11T11:02:22.979+0000] {logging_mixin.py:188} INFO - Downloaded TSLA/1770796330.json
[2026-02-11T11:02:22.999+0000] {logging_mixin.py:188} INFO - Downloaded TSLA/1770796341.json
[2026-02-11T11:02:23.020+0000] {logging_mixin.py:188} INFO - Downloaded TSLA/1770796352.json
[2026-02-11T11:02:23.041+0000] {logging_mixin.py:188} INFO - Downloaded TSLA/1770796362.json
[2026-02-11T11:02:23.065+0000] {logging_mixin.py:188} INFO - Downloaded TSLA/1770796373.json
[2026-02-11T11:02:23.090+0000] {logging_mixin.py:188} INFO - Downloaded TSLA/1770796383.json
[2026-02-11T11:02:23.118+0000] {logging_mixin.py:188} INFO - Downloaded TSLA/1770796394.json
[2026-02-11T11:02:23.136+0000] {logging_mixin.py:188} INFO - Downloaded TSLA/1770796404.json
[2026-02-11T11:02:23.158+0000] {logging_mixin.py:188} INFO - Downloaded TSLA/1770796415.json
[2026-02-11T11:02:23.177+0000] {logging_mixin.py:188} INFO - Downloaded TSLA/1770796426.json
[2026-02-11T11:02:23.195+0000] {logging_mixin.py:188} INFO - Downloaded TSLA/1770796437.json
[2026-02-11T11:02:23.215+0000] {logging_mixin.py:188} INFO - Downloaded TSLA/1770796448.json
[2026-02-11T11:02:23.234+0000] {logging_mixin.py:188} INFO - Downloaded TSLA/1770796458.json
[2026-02-11T11:02:23.256+0000] {logging_mixin.py:188} INFO - Downloaded TSLA/1770796469.json
[2026-02-11T11:02:23.279+0000] {logging_mixin.py:188} INFO - Downloaded TSLA/1770796479.json
[2026-02-11T11:02:23.303+0000] {logging_mixin.py:188} INFO - Downloaded TSLA/1770796490.json
[2026-02-11T11:02:23.325+0000] {logging_mixin.py:188} INFO - Downloaded TSLA/1770796501.json
[2026-02-11T11:02:23.343+0000] {logging_mixin.py:188} INFO - Downloaded TSLA/1770796512.json
[2026-02-11T11:02:23.362+0000] {logging_mixin.py:188} INFO - Downloaded TSLA/1770796522.json
[2026-02-11T11:02:23.386+0000] {logging_mixin.py:188} INFO - Downloaded TSLA/1770796533.json
[2026-02-11T11:02:23.406+0000] {logging_mixin.py:188} INFO - Downloaded TSLA/1770796543.json
[2026-02-11T11:02:23.433+0000] {logging_mixin.py:188} INFO - Downloaded TSLA/1770796553.json
[2026-02-11T11:02:23.461+0000] {logging_mixin.py:188} INFO - Downloaded TSLA/1770796564.json
[2026-02-11T11:02:23.486+0000] {logging_mixin.py:188} INFO - Downloaded TSLA/1770796575.json
[2026-02-11T11:02:23.510+0000] {logging_mixin.py:188} INFO - Downloaded TSLA/1770796586.json
[2026-02-11T11:02:23.534+0000] {logging_mixin.py:188} INFO - Downloaded TSLA/1770796597.json
[2026-02-11T11:02:23.568+0000] {logging_mixin.py:188} INFO - Downloaded TSLA/1770796609.json
[2026-02-11T11:02:23.594+0000] {logging_mixin.py:188} INFO - Downloaded TSLA/1770796619.json
[2026-02-11T11:02:23.618+0000] {logging_mixin.py:188} INFO - Downloaded TSLA/1770796630.json
[2026-02-11T11:02:23.643+0000] {logging_mixin.py:188} INFO - Downloaded TSLA/1770796641.json
[2026-02-11T11:02:23.663+0000] {logging_mixin.py:188} INFO - Downloaded TSLA/1770796652.json
[2026-02-11T11:02:23.687+0000] {logging_mixin.py:188} INFO - Downloaded TSLA/1770796663.json
[2026-02-11T11:02:23.706+0000] {logging_mixin.py:188} INFO - Downloaded TSLA/1770796673.json
[2026-02-11T11:02:23.728+0000] {logging_mixin.py:188} INFO - Downloaded TSLA/1770796684.json
[2026-02-11T11:02:23.752+0000] {logging_mixin.py:188} INFO - Downloaded TSLA/1770796695.json
[2026-02-11T11:02:23.773+0000] {logging_mixin.py:188} INFO - Downloaded TSLA/1770796705.json
[2026-02-11T11:02:23.800+0000] {logging_mixin.py:188} INFO - Downloaded TSLA/1770796715.json
[2026-02-11T11:02:23.843+0000] {logging_mixin.py:188} INFO - Downloaded TSLA/1770796726.json
[2026-02-11T11:02:23.888+0000] {logging_mixin.py:188} INFO - Downloaded TSLA/1770796737.json
[2026-02-11T11:02:23.917+0000] {logging_mixin.py:188} INFO - Downloaded TSLA/1770796748.json
[2026-02-11T11:02:23.950+0000] {logging_mixin.py:188} INFO - Downloaded TSLA/1770796760.json
[2026-02-11T11:02:23.998+0000] {logging_mixin.py:188} INFO - Downloaded TSLA/1770796771.json
[2026-02-11T11:02:24.038+0000] {logging_mixin.py:188} INFO - Downloaded TSLA/1770796781.json
[2026-02-11T11:02:24.064+0000] {logging_mixin.py:188} INFO - Downloaded TSLA/1770796792.json
[2026-02-11T11:02:24.083+0000] {logging_mixin.py:188} INFO - Downloaded TSLA/1770796803.json
[2026-02-11T11:02:24.106+0000] {logging_mixin.py:188} INFO - Downloaded TSLA/1770796814.json
[2026-02-11T11:02:24.130+0000] {logging_mixin.py:188} INFO - Downloaded TSLA/1770796825.json
[2026-02-11T11:02:24.150+0000] {logging_mixin.py:188} INFO - Downloaded TSLA/1770796836.json
[2026-02-11T11:02:24.171+0000] {logging_mixin.py:188} INFO - Downloaded TSLA/1770796846.json
[2026-02-11T11:02:24.194+0000] {logging_mixin.py:188} INFO - Downloaded TSLA/1770796857.json
[2026-02-11T11:02:24.217+0000] {logging_mixin.py:188} INFO - Downloaded TSLA/1770796868.json
[2026-02-11T11:02:24.239+0000] {logging_mixin.py:188} INFO - Downloaded TSLA/1770796878.json
[2026-02-11T11:02:24.262+0000] {logging_mixin.py:188} INFO - Downloaded TSLA/1770796889.json
[2026-02-11T11:02:24.293+0000] {logging_mixin.py:188} INFO - Downloaded TSLA/1770796899.json
[2026-02-11T11:02:24.323+0000] {logging_mixin.py:188} INFO - Downloaded TSLA/1770796911.json
[2026-02-11T11:02:24.354+0000] {logging_mixin.py:188} INFO - Downloaded TSLA/1770796922.json
[2026-02-11T11:02:24.391+0000] {logging_mixin.py:188} INFO - Downloaded TSLA/1770796932.json
[2026-02-11T11:02:24.428+0000] {logging_mixin.py:188} INFO - Downloaded TSLA/1770796945.json
[2026-02-11T11:02:24.475+0000] {logging_mixin.py:188} INFO - Downloaded TSLA/1770796956.json
[2026-02-11T11:02:24.510+0000] {logging_mixin.py:188} INFO - Downloaded TSLA/1770796967.json
[2026-02-11T11:02:24.544+0000] {logging_mixin.py:188} INFO - Downloaded TSLA/1770796978.json
[2026-02-11T11:02:24.580+0000] {logging_mixin.py:188} INFO - Downloaded TSLA/1770796989.json
[2026-02-11T11:02:24.609+0000] {logging_mixin.py:188} INFO - Downloaded TSLA/1770797000.json
[2026-02-11T11:02:24.638+0000] {logging_mixin.py:188} INFO - Downloaded TSLA/1770797035.json
[2026-02-11T11:02:24.667+0000] {logging_mixin.py:188} INFO - Downloaded TSLA/1770797049.json
[2026-02-11T11:02:24.702+0000] {logging_mixin.py:188} INFO - Downloaded TSLA/1770797060.json
[2026-02-11T11:02:24.736+0000] {logging_mixin.py:188} INFO - Downloaded TSLA/1770797072.json
[2026-02-11T11:02:24.787+0000] {logging_mixin.py:188} INFO - Downloaded TSLA/1770797085.json
[2026-02-11T11:02:24.853+0000] {logging_mixin.py:188} INFO - Downloaded TSLA/1770797097.json
[2026-02-11T11:02:24.922+0000] {logging_mixin.py:188} INFO - Downloaded TSLA/1770797108.json
[2026-02-11T11:02:24.972+0000] {logging_mixin.py:188} INFO - Downloaded TSLA/1770797119.json
[2026-02-11T11:02:25.013+0000] {logging_mixin.py:188} INFO - Downloaded TSLA/1770797130.json
[2026-02-11T11:02:25.060+0000] {logging_mixin.py:188} INFO - Downloaded TSLA/1770797140.json
[2026-02-11T11:02:25.099+0000] {logging_mixin.py:188} INFO - Downloaded TSLA/1770797151.json
[2026-02-11T11:02:25.155+0000] {logging_mixin.py:188} INFO - Downloaded TSLA/1770797162.json
[2026-02-11T11:02:25.209+0000] {logging_mixin.py:188} INFO - Downloaded TSLA/1770797173.json
[2026-02-11T11:02:25.218+0000] {python.py:237} INFO - Done. Returned value was: ['/opt/***/data/minio/1770795801.json', '/opt/***/data/minio/1770795811.json', '/opt/***/data/minio/1770795821.json', '/opt/***/data/minio/1770795832.json', '/opt/***/data/minio/1770795843.json', '/opt/***/data/minio/1770795854.json', '/opt/***/data/minio/1770795864.json', '/opt/***/data/minio/1770795875.json', '/opt/***/data/minio/1770795889.json', '/opt/***/data/minio/1770795899.json', '/opt/***/data/minio/1770795910.json', '/opt/***/data/minio/1770795920.json', '/opt/***/data/minio/1770795931.json', '/opt/***/data/minio/1770795942.json', '/opt/***/data/minio/1770795952.json', '/opt/***/data/minio/1770795962.json', '/opt/***/data/minio/1770795973.json', '/opt/***/data/minio/1770795984.json', '/opt/***/data/minio/1770795995.json', '/opt/***/data/minio/1770796006.json', '/opt/***/data/minio/1770796016.json', '/opt/***/data/minio/1770796027.json', '/opt/***/data/minio/1770796038.json', '/opt/***/data/minio/1770796048.json', '/opt/***/data/minio/1770796059.json', '/opt/***/data/minio/1770796069.json', '/opt/***/data/minio/1770796079.json', '/opt/***/data/minio/1770796091.json', '/opt/***/data/minio/1770796102.json', '/opt/***/data/minio/1770796113.json', '/opt/***/data/minio/1770796123.json', '/opt/***/data/minio/1770796133.json', '/opt/***/data/minio/1770796143.json', '/opt/***/data/minio/1770796156.json', '/opt/***/data/minio/1770796166.json', '/opt/***/data/minio/1770796178.json', '/opt/***/data/minio/1770796188.json', '/opt/***/data/minio/1770796200.json', '/opt/***/data/minio/1770796211.json', '/opt/***/data/minio/1770796222.json', '/opt/***/data/minio/1770796233.json', '/opt/***/data/minio/1770796243.json', '/opt/***/data/minio/1770796253.json', '/opt/***/data/minio/1770796264.json', '/opt/***/data/minio/1770796275.json', '/opt/***/data/minio/1770796286.json', '/opt/***/data/minio/1770796297.json', '/opt/***/data/minio/1770796307.json', '/opt/***/data/minio/1770796318.json', '/opt/***/data/minio/1770796328.json', '/opt/***/data/minio/1770796339.json', '/opt/***/data/minio/1770796350.json', '/opt/***/data/minio/1770796360.json', '/opt/***/data/minio/1770796371.json', '/opt/***/data/minio/1770796381.json', '/opt/***/data/minio/1770796392.json', '/opt/***/data/minio/1770796402.json', '/opt/***/data/minio/1770796413.json', '/opt/***/data/minio/1770796424.json', '/opt/***/data/minio/1770796435.json', '/opt/***/data/minio/1770796446.json', '/opt/***/data/minio/1770796456.json', '/opt/***/data/minio/1770796467.json', '/opt/***/data/minio/1770796478.json', '/opt/***/data/minio/1770796488.json', '/opt/***/data/minio/1770796499.json', '/opt/***/data/minio/1770796510.json', '/opt/***/data/minio/1770796521.json', '/opt/***/data/minio/1770796531.json', '/opt/***/data/minio/1770796541.json', '/opt/***/data/minio/1770796552.json', '/opt/***/data/minio/1770796562.json', '/opt/***/data/minio/1770796573.json', '/opt/***/data/minio/1770796584.json', '/opt/***/data/minio/1770796595.json', '/opt/***/data/minio/1770796606.json', '/opt/***/data/minio/1770796618.json', '/opt/***/data/minio/1770796628.json', '/opt/***/data/minio/1770796640.json', '/opt/***/data/minio/1770796650.json', '/opt/***/data/minio/1770796661.json', '/opt/***/data/minio/1770796672.json', '/opt/***/data/minio/1770796682.json', '/opt/***/data/minio/1770796693.json', '/opt/***/data/minio/1770796703.json', '/opt/***/data/minio/1770796714.json', '/opt/***/data/minio/1770796724.json', '/opt/***/data/minio/1770796735.json', '/opt/***/data/minio/1770796746.json', '/opt/***/data/minio/1770796757.json', '/opt/***/data/minio/1770796768.json', '/opt/***/data/minio/1770796780.json', '/opt/***/data/minio/1770796790.json', '/opt/***/data/minio/1770796801.json', '/opt/***/data/minio/1770796813.json', '/opt/***/data/minio/1770796823.json', '/opt/***/data/minio/1770796834.json', '/opt/***/data/minio/1770796844.json', '/opt/***/data/minio/1770796855.json', '/opt/***/data/minio/1770796866.json', '/opt/***/data/minio/1770796877.json', '/opt/***/data/minio/1770796887.json', '/opt/***/data/minio/1770796898.json', '/opt/***/data/minio/1770796909.json', '/opt/***/data/minio/1770796920.json', '/opt/***/data/minio/1770796930.json', '/opt/***/data/minio/1770796943.json', '/opt/***/data/minio/1770796954.json', '/opt/***/data/minio/1770796965.json', '/opt/***/data/minio/1770796976.json', '/opt/***/data/minio/1770796987.json', '/opt/***/data/minio/1770796998.json', '/opt/***/data/minio/1770797047.json', '/opt/***/data/minio/1770797059.json', '/opt/***/data/minio/1770797069.json', '/opt/***/data/minio/1770797082.json', '/opt/***/data/minio/1770797095.json', '/opt/***/data/minio/1770797106.json', '/opt/***/data/minio/1770797117.json', '/opt/***/data/minio/1770797128.json', '/opt/***/data/minio/1770797139.json', '/opt/***/data/minio/1770797149.json', '/opt/***/data/minio/1770797159.json', '/opt/***/data/minio/1770797171.json', '/opt/***/data/minio/1770795804.json', '/opt/***/data/minio/1770795815.json', '/opt/***/data/minio/1770795825.json', '/opt/***/data/minio/1770795836.json', '/opt/***/data/minio/1770795847.json', '/opt/***/data/minio/1770795857.json', '/opt/***/data/minio/1770795868.json', '/opt/***/data/minio/1770795882.json', '/opt/***/data/minio/1770795892.json', '/opt/***/data/minio/1770795903.json', '/opt/***/data/minio/1770795913.json', '/opt/***/data/minio/1770795924.json', '/opt/***/data/minio/1770795935.json', '/opt/***/data/minio/1770795945.json', '/opt/***/data/minio/1770795955.json', '/opt/***/data/minio/1770795966.json', '/opt/***/data/minio/1770795977.json', '/opt/***/data/minio/1770795988.json', '/opt/***/data/minio/1770795999.json', '/opt/***/data/minio/1770796009.json', '/opt/***/data/minio/1770796020.json', '/opt/***/data/minio/1770796031.json', '/opt/***/data/minio/1770796041.json', '/opt/***/data/minio/1770796052.json', '/opt/***/data/minio/1770796062.json', '/opt/***/data/minio/1770796072.json', '/opt/***/data/minio/1770796084.json', '/opt/***/data/minio/1770796095.json', '/opt/***/data/minio/1770796106.json', '/opt/***/data/minio/1770796116.json', '/opt/***/data/minio/1770796126.json', '/opt/***/data/minio/1770796136.json', '/opt/***/data/minio/1770796149.json', '/opt/***/data/minio/1770796159.json', '/opt/***/data/minio/1770796171.json', '/opt/***/data/minio/1770796181.json', '/opt/***/data/minio/1770796192.json', '/opt/***/data/minio/1770796204.json', '/opt/***/data/minio/1770796215.json', '/opt/***/data/minio/1770796226.json', '/opt/***/data/minio/1770796236.json', '/opt/***/data/minio/1770796247.json', '/opt/***/data/minio/1770796257.json', '/opt/***/data/minio/1770796268.json', '/opt/***/data/minio/1770796279.json', '/opt/***/data/minio/1770796290.json', '/opt/***/data/minio/1770796300.json', '/opt/***/data/minio/1770796311.json', '/opt/***/data/minio/1770796321.json', '/opt/***/data/minio/1770796332.json', '/opt/***/data/minio/1770796343.json', '/opt/***/data/minio/1770796353.json', '/opt/***/data/minio/1770796364.json', '/opt/***/data/minio/1770796375.json', '/opt/***/data/minio/1770796385.json', '/opt/***/data/minio/1770796396.json', '/opt/***/data/minio/1770796406.json', '/opt/***/data/minio/1770796417.json', '/opt/***/data/minio/1770796428.json', '/opt/***/data/minio/1770796438.json', '/opt/***/data/minio/1770796450.json', '/opt/***/data/minio/1770796460.json', '/opt/***/data/minio/1770796471.json', '/opt/***/data/minio/1770796481.json', '/opt/***/data/minio/1770796492.json', '/opt/***/data/minio/1770796503.json', '/opt/***/data/minio/1770796514.json', '/opt/***/data/minio/1770796524.json', '/opt/***/data/minio/1770796534.json', '/opt/***/data/minio/1770796545.json', '/opt/***/data/minio/1770796555.json', '/opt/***/data/minio/1770796566.json', '/opt/***/data/minio/1770796577.json', '/opt/***/data/minio/1770796588.json', '/opt/***/data/minio/1770796599.json', '/opt/***/data/minio/1770796611.json', '/opt/***/data/minio/1770796621.json', '/opt/***/data/minio/1770796633.json', '/opt/***/data/minio/1770796643.json', '/opt/***/data/minio/1770796654.json', '/opt/***/data/minio/1770796665.json', '/opt/***/data/minio/1770796675.json', '/opt/***/data/minio/1770796686.json', '/opt/***/data/minio/1770796696.json', '/opt/***/data/minio/1770796707.json', '/opt/***/data/minio/1770796717.json', '/opt/***/data/minio/1770796728.json', '/opt/***/data/minio/1770796739.json', '/opt/***/data/minio/1770796750.json', '/opt/***/data/minio/1770796762.json', '/opt/***/data/minio/1770796773.json', '/opt/***/data/minio/1770796783.json', '/opt/***/data/minio/1770796794.json', '/opt/***/data/minio/1770796806.json', '/opt/***/data/minio/1770796817.json', '/opt/***/data/minio/1770796827.json', '/opt/***/data/minio/1770796837.json', '/opt/***/data/minio/1770796848.json', '/opt/***/data/minio/1770796859.json', '/opt/***/data/minio/1770796870.json', '/opt/***/data/minio/1770796880.json', '/opt/***/data/minio/1770796891.json', '/opt/***/data/minio/1770796901.json', '/opt/***/data/minio/1770796913.json', '/opt/***/data/minio/1770796924.json', '/opt/***/data/minio/1770796937.json', '/opt/***/data/minio/1770796947.json', '/opt/***/data/minio/1770796958.json', '/opt/***/data/minio/1770796969.json', '/opt/***/data/minio/1770796980.json', '/opt/***/data/minio/1770796991.json', '/opt/***/data/minio/1770797002.json', '/opt/***/data/minio/1770797039.json', '/opt/***/data/minio/1770797052.json', '/opt/***/data/minio/1770797062.json', '/opt/***/data/minio/1770797074.json', '/opt/***/data/minio/1770797088.json', '/opt/***/data/minio/1770797099.json', '/opt/***/data/minio/1770797110.json', '/opt/***/data/minio/1770797121.json', '/opt/***/data/minio/1770797132.json', '/opt/***/data/minio/1770797142.json', '/opt/***/data/minio/1770797152.json', '/opt/***/data/minio/1770797164.json', '/opt/***/data/minio/1770797175.json', '/opt/***/data/minio/1770795803.json', '/opt/***/data/minio/1770795814.json', '/opt/***/data/minio/1770795824.json', '/opt/***/data/minio/1770795835.json', '/opt/***/data/minio/1770795846.json', '/opt/***/data/minio/1770795857.json', '/opt/***/data/minio/1770795867.json', '/opt/***/data/minio/1770795879.json', '/opt/***/data/minio/1770795891.json', '/opt/***/data/minio/1770795902.json', '/opt/***/data/minio/1770795912.json', '/opt/***/data/minio/1770795923.json', '/opt/***/data/minio/1770795934.json', '/opt/***/data/minio/1770795944.json', '/opt/***/data/minio/1770795954.json', '/opt/***/data/minio/1770795965.json', '/opt/***/data/minio/1770795976.json', '/opt/***/data/minio/1770795987.json', '/opt/***/data/minio/1770795998.json', '/opt/***/data/minio/1770796008.json', '/opt/***/data/minio/1770796019.json', '/opt/***/data/minio/1770796030.json', '/opt/***/data/minio/1770796040.json', '/opt/***/data/minio/1770796051.json', '/opt/***/data/minio/1770796061.json', '/opt/***/data/minio/1770796071.json', '/opt/***/data/minio/1770796083.json', '/opt/***/data/minio/1770796094.json', '/opt/***/data/minio/1770796105.json', '/opt/***/data/minio/1770796115.json', '/opt/***/data/minio/1770796125.json', '/opt/***/data/minio/1770796136.json', '/opt/***/data/minio/1770796147.json', '/opt/***/data/minio/1770796158.json', '/opt/***/data/minio/1770796170.json', '/opt/***/data/minio/1770796180.json', '/opt/***/data/minio/1770796191.json', '/opt/***/data/minio/1770796203.json', '/opt/***/data/minio/1770796214.json', '/opt/***/data/minio/1770796225.json', '/opt/***/data/minio/1770796236.json', '/opt/***/data/minio/1770796246.json', '/opt/***/data/minio/1770796256.json', '/opt/***/data/minio/1770796267.json', '/opt/***/data/minio/1770796277.json', '/opt/***/data/minio/1770796289.json', '/opt/***/data/minio/1770796299.json', '/opt/***/data/minio/1770796310.json', '/opt/***/data/minio/1770796321.json', '/opt/***/data/minio/1770796331.json', '/opt/***/data/minio/1770796342.json', '/opt/***/data/minio/1770796352.json', '/opt/***/data/minio/1770796363.json', '/opt/***/data/minio/1770796374.json', '/opt/***/data/minio/1770796384.json', '/opt/***/data/minio/1770796395.json', '/opt/***/data/minio/1770796406.json', '/opt/***/data/minio/1770796416.json', '/opt/***/data/minio/1770796427.json', '/opt/***/data/minio/1770796438.json', '/opt/***/data/minio/1770796449.json', '/opt/***/data/minio/1770796459.json', '/opt/***/data/minio/1770796470.json', '/opt/***/data/minio/1770796480.json', '/opt/***/data/minio/1770796491.json', '/opt/***/data/minio/1770796502.json', '/opt/***/data/minio/1770796513.json', '/opt/***/data/minio/1770796523.json', '/opt/***/data/minio/1770796534.json', '/opt/***/data/minio/1770796544.json', '/opt/***/data/minio/1770796554.json', '/opt/***/data/minio/1770796565.json', '/opt/***/data/minio/1770796576.json', '/opt/***/data/minio/1770796587.json', '/opt/***/data/minio/1770796598.json', '/opt/***/data/minio/1770796610.json', '/opt/***/data/minio/1770796620.json', '/opt/***/data/minio/1770796632.json', '/opt/***/data/minio/1770796642.json', '/opt/***/data/minio/1770796653.json', '/opt/***/data/minio/1770796664.json', '/opt/***/data/minio/1770796674.json', '/opt/***/data/minio/1770796685.json', '/opt/***/data/minio/1770796696.json', '/opt/***/data/minio/1770796706.json', '/opt/***/data/minio/1770796716.json', '/opt/***/data/minio/1770796727.json', '/opt/***/data/minio/1770796738.json', '/opt/***/data/minio/1770796749.json', '/opt/***/data/minio/1770796761.json', '/opt/***/data/minio/1770796772.json', '/opt/***/data/minio/1770796783.json', '/opt/***/data/minio/1770796793.json', '/opt/***/data/minio/1770796804.json', '/opt/***/data/minio/1770796815.json', '/opt/***/data/minio/1770796826.json', '/opt/***/data/minio/1770796837.json', '/opt/***/data/minio/1770796847.json', '/opt/***/data/minio/1770796858.json', '/opt/***/data/minio/1770796869.json', '/opt/***/data/minio/1770796879.json', '/opt/***/data/minio/1770796890.json', '/opt/***/data/minio/1770796900.json', '/opt/***/data/minio/1770796912.json', '/opt/***/data/minio/1770796923.json', '/opt/***/data/minio/1770796933.json', '/opt/***/data/minio/1770796946.json', '/opt/***/data/minio/1770796957.json', '/opt/***/data/minio/1770796968.json', '/opt/***/data/minio/1770796979.json', '/opt/***/data/minio/1770796990.json', '/opt/***/data/minio/1770797001.json', '/opt/***/data/minio/1770797037.json', '/opt/***/data/minio/1770797051.json', '/opt/***/data/minio/1770797061.json', '/opt/***/data/minio/1770797072.json', '/opt/***/data/minio/1770797087.json', '/opt/***/data/minio/1770797098.json', '/opt/***/data/minio/1770797109.json', '/opt/***/data/minio/1770797120.json', '/opt/***/data/minio/1770797131.json', '/opt/***/data/minio/1770797141.json', '/opt/***/data/minio/1770797151.json', '/opt/***/data/minio/1770797163.json', '/opt/***/data/minio/1770797174.json', '/opt/***/data/minio/1770795802.json', '/opt/***/data/minio/1770795812.json', '/opt/***/data/minio/1770795822.json', '/opt/***/data/minio/1770795833.json', '/opt/***/data/minio/1770795844.json', '/opt/***/data/minio/1770795855.json', '/opt/***/data/minio/1770795865.json', '/opt/***/data/minio/1770795876.json', '/opt/***/data/minio/1770795890.json', '/opt/***/data/minio/1770795900.json', '/opt/***/data/minio/1770795910.json', '/opt/***/data/minio/1770795921.json', '/opt/***/data/minio/1770795932.json', '/opt/***/data/minio/1770795942.json', '/opt/***/data/minio/1770795953.json', '/opt/***/data/minio/1770795963.json', '/opt/***/data/minio/1770795974.json', '/opt/***/data/minio/1770795985.json', '/opt/***/data/minio/1770795996.json', '/opt/***/data/minio/1770796007.json', '/opt/***/data/minio/1770796017.json', '/opt/***/data/minio/1770796028.json', '/opt/***/data/minio/1770796039.json', '/opt/***/data/minio/1770796049.json', '/opt/***/data/minio/1770796060.json', '/opt/***/data/minio/1770796070.json', '/opt/***/data/minio/1770796080.json', '/opt/***/data/minio/1770796092.json', '/opt/***/data/minio/1770796103.json', '/opt/***/data/minio/1770796113.json', '/opt/***/data/minio/1770796123.json', '/opt/***/data/minio/1770796134.json', '/opt/***/data/minio/1770796145.json', '/opt/***/data/minio/1770796157.json', '/opt/***/data/minio/1770796167.json', '/opt/***/data/minio/1770796179.json', '/opt/***/data/minio/1770796189.json', '/opt/***/data/minio/1770796201.json', '/opt/***/data/minio/1770796212.json', '/opt/***/data/minio/1770796223.json', '/opt/***/data/minio/1770796234.json', '/opt/***/data/minio/1770796244.json', '/opt/***/data/minio/1770796254.json', '/opt/***/data/minio/1770796265.json', '/opt/***/data/minio/1770796276.json', '/opt/***/data/minio/1770796287.json', '/opt/***/data/minio/1770796297.json', '/opt/***/data/minio/1770796308.json', '/opt/***/data/minio/1770796319.json', '/opt/***/data/minio/1770796329.json', '/opt/***/data/minio/1770796340.json', '/opt/***/data/minio/1770796351.json', '/opt/***/data/minio/1770796361.json', '/opt/***/data/minio/1770796372.json', '/opt/***/data/minio/1770796382.json', '/opt/***/data/minio/1770796393.json', '/opt/***/data/minio/1770796403.json', '/opt/***/data/minio/1770796414.json', '/opt/***/data/minio/1770796425.json', '/opt/***/data/minio/1770796435.json', '/opt/***/data/minio/1770796446.json', '/opt/***/data/minio/1770796457.json', '/opt/***/data/minio/1770796468.json', '/opt/***/data/minio/1770796478.json', '/opt/***/data/minio/1770796489.json', '/opt/***/data/minio/1770796500.json', '/opt/***/data/minio/1770796511.json', '/opt/***/data/minio/1770796521.json', '/opt/***/data/minio/1770796532.json', '/opt/***/data/minio/1770796542.json', '/opt/***/data/minio/1770796553.json', '/opt/***/data/minio/1770796563.json', '/opt/***/data/minio/1770796574.json', '/opt/***/data/minio/1770796585.json', '/opt/***/data/minio/1770796596.json', '/opt/***/data/minio/1770796607.json', '/opt/***/data/minio/1770796619.json', '/opt/***/data/minio/1770796629.json', '/opt/***/data/minio/1770796640.json', '/opt/***/data/minio/1770796651.json', '/opt/***/data/minio/1770796662.json', '/opt/***/data/minio/1770796672.json', '/opt/***/data/minio/1770796683.json', '/opt/***/data/minio/1770796694.json', '/opt/***/data/minio/1770796704.json', '/opt/***/data/minio/1770796714.json', '/opt/***/data/minio/1770796725.json', '/opt/***/data/minio/1770796736.json', '/opt/***/data/minio/1770796747.json', '/opt/***/data/minio/1770796758.json', '/opt/***/data/minio/1770796770.json', '/opt/***/data/minio/1770796780.json', '/opt/***/data/minio/1770796791.json', '/opt/***/data/minio/1770796802.json', '/opt/***/data/minio/1770796814.json', '/opt/***/data/minio/1770796824.json', '/opt/***/data/minio/1770796835.json', '/opt/***/data/minio/1770796845.json', '/opt/***/data/minio/1770796856.json', '/opt/***/data/minio/1770796867.json', '/opt/***/data/minio/1770796878.json', '/opt/***/data/minio/1770796888.json', '/opt/***/data/minio/1770796899.json', '/opt/***/data/minio/1770796910.json', '/opt/***/data/minio/1770796921.json', '/opt/***/data/minio/1770796932.json', '/opt/***/data/minio/1770796944.json', '/opt/***/data/minio/1770796955.json', '/opt/***/data/minio/1770796966.json', '/opt/***/data/minio/1770796977.json', '/opt/***/data/minio/1770796988.json', '/opt/***/data/minio/1770796999.json', '/opt/***/data/minio/1770797048.json', '/opt/***/data/minio/1770797059.json', '/opt/***/data/minio/1770797071.json', '/opt/***/data/minio/1770797083.json', '/opt/***/data/minio/1770797096.json', '/opt/***/data/minio/1770797107.json', '/opt/***/data/minio/1770797118.json', '/opt/***/data/minio/1770797129.json', '/opt/***/data/minio/1770797139.json', '/opt/***/data/minio/1770797150.json', '/opt/***/data/minio/1770797161.json', '/opt/***/data/minio/1770797172.json', '/opt/***/data/minio/1770795803.json', '/opt/***/data/minio/1770795813.json', '/opt/***/data/minio/1770795823.json', '/opt/***/data/minio/1770795834.json', '/opt/***/data/minio/1770795845.json', '/opt/***/data/minio/1770795856.json', '/opt/***/data/minio/1770795866.json', '/opt/***/data/minio/1770795878.json', '/opt/***/data/minio/1770795891.json', '/opt/***/data/minio/1770795901.json', '/opt/***/data/minio/1770795911.json', '/opt/***/data/minio/1770795922.json', '/opt/***/data/minio/1770795933.json', '/opt/***/data/minio/1770795943.json', '/opt/***/data/minio/1770795953.json', '/opt/***/data/minio/1770795964.json', '/opt/***/data/minio/1770795975.json', '/opt/***/data/minio/1770795986.json', '/opt/***/data/minio/1770795997.json', '/opt/***/data/minio/1770796007.json', '/opt/***/data/minio/1770796018.json', '/opt/***/data/minio/1770796029.json', '/opt/***/data/minio/1770796039.json', '/opt/***/data/minio/1770796050.json', '/opt/***/data/minio/1770796060.json', '/opt/***/data/minio/1770796071.json', '/opt/***/data/minio/1770796081.json', '/opt/***/data/minio/1770796093.json', '/opt/***/data/minio/1770796104.json', '/opt/***/data/minio/1770796114.json', '/opt/***/data/minio/1770796124.json', '/opt/***/data/minio/1770796135.json', '/opt/***/data/minio/1770796146.json', '/opt/***/data/minio/1770796157.json', '/opt/***/data/minio/1770796169.json', '/opt/***/data/minio/1770796180.json', '/opt/***/data/minio/1770796190.json', '/opt/***/data/minio/1770796202.json', '/opt/***/data/minio/1770796213.json', '/opt/***/data/minio/1770796224.json', '/opt/***/data/minio/1770796235.json', '/opt/***/data/minio/1770796245.json', '/opt/***/data/minio/1770796255.json', '/opt/***/data/minio/1770796266.json', '/opt/***/data/minio/1770796277.json', '/opt/***/data/minio/1770796288.json', '/opt/***/data/minio/1770796298.json', '/opt/***/data/minio/1770796309.json', '/opt/***/data/minio/1770796320.json', '/opt/***/data/minio/1770796330.json', '/opt/***/data/minio/1770796341.json', '/opt/***/data/minio/1770796352.json', '/opt/***/data/minio/1770796362.json', '/opt/***/data/minio/1770796373.json', '/opt/***/data/minio/1770796383.json', '/opt/***/data/minio/1770796394.json', '/opt/***/data/minio/1770796404.json', '/opt/***/data/minio/1770796415.json', '/opt/***/data/minio/1770796426.json', '/opt/***/data/minio/1770796437.json', '/opt/***/data/minio/1770796448.json', '/opt/***/data/minio/1770796458.json', '/opt/***/data/minio/1770796469.json', '/opt/***/data/minio/1770796479.json', '/opt/***/data/minio/1770796490.json', '/opt/***/data/minio/1770796501.json', '/opt/***/data/minio/1770796512.json', '/opt/***/data/minio/1770796522.json', '/opt/***/data/minio/1770796533.json', '/opt/***/data/minio/1770796543.json', '/opt/***/data/minio/1770796553.json', '/opt/***/data/minio/1770796564.json', '/opt/***/data/minio/1770796575.json', '/opt/***/data/minio/1770796586.json', '/opt/***/data/minio/1770796597.json', '/opt/***/data/minio/1770796609.json', '/opt/***/data/minio/1770796619.json', '/opt/***/data/minio/1770796630.json', '/opt/***/data/minio/1770796641.json', '/opt/***/data/minio/1770796652.json', '/opt/***/data/minio/1770796663.json', '/opt/***/data/minio/1770796673.json', '/opt/***/data/minio/1770796684.json', '/opt/***/data/minio/1770796695.json', '/opt/***/data/minio/1770796705.json', '/opt/***/data/minio/1770796715.json', '/opt/***/data/minio/1770796726.json', '/opt/***/data/minio/1770796737.json', '/opt/***/data/minio/1770796748.json', '/opt/***/data/minio/1770796760.json', '/opt/***/data/minio/1770796771.json', '/opt/***/data/minio/1770796781.json', '/opt/***/data/minio/1770796792.json', '/opt/***/data/minio/1770796803.json', '/opt/***/data/minio/1770796814.json', '/opt/***/data/minio/1770796825.json', '/opt/***/data/minio/1770796836.json', '/opt/***/data/minio/1770796846.json', '/opt/***/data/minio/1770796857.json', '/opt/***/data/minio/1770796868.json', '/opt/***/data/minio/1770796878.json', '/opt/***/data/minio/1770796889.json', '/opt/***/data/minio/1770796899.json', '/opt/***/data/minio/1770796911.json', '/opt/***/data/minio/1770796922.json', '/opt/***/data/minio/1770796932.json', '/opt/***/data/minio/1770796945.json', '/opt/***/data/minio/1770796956.json', '/opt/***/data/minio/1770796967.json', '/opt/***/data/minio/1770796978.json', '/opt/***/data/minio/1770796989.json', '/opt/***/data/minio/1770797000.json', '/opt/***/data/minio/1770797035.json', '/opt/***/data/minio/1770797049.json', '/opt/***/data/minio/1770797060.json', '/opt/***/data/minio/1770797072.json', '/opt/***/data/minio/1770797085.json', '/opt/***/data/minio/1770797097.json', '/opt/***/data/minio/1770797108.json', '/opt/***/data/minio/1770797119.json', '/opt/***/data/minio/1770797130.json', '/opt/***/data/minio/1770797140.json', '/opt/***/data/minio/1770797151.json', '/opt/***/data/minio/1770797162.json', '/opt/***/data/minio/1770797173.json']
[2026-02-11T11:02:25.321+0000] {taskinstance.py:441} INFO - ::group::Post task execution logs
[2026-02-11T11:02:25.621+0000] {taskinstance.py:1206} INFO - Marking task as SUCCESS. dag_id=minio_to_snowflake, task_id=download_minio, run_id=scheduled__2026-02-11T11:01:00+00:00, execution_date=20260211T110100, start_date=20260211T110206, end_date=20260211T110225
[2026-02-11T11:02:25.745+0000] {local_task_job_runner.py:243} INFO - Task exited with return code 0
[2026-02-11T11:02:25.880+0000] {taskinstance.py:3503} INFO - 1 downstream tasks scheduled from follow-on schedule check
[2026-02-11T11:02:25.888+0000] {local_task_job_runner.py:222} INFO - ::endgroup::
