[2026-02-16T06:16:32.745+0000] {local_task_job_runner.py:120} INFO - ::group::Pre task execution logs
[2026-02-16T06:16:42.278+0000] {taskinstance.py:2076} INFO - Dependencies all met for dep_context=non-requeueable deps ti=<TaskInstance: minio_to_snowflake.download_minio scheduled__2026-02-16T06:15:00+00:00 [queued]>
[2026-02-16T06:16:42.288+0000] {taskinstance.py:2076} INFO - Dependencies all met for dep_context=requeueable deps ti=<TaskInstance: minio_to_snowflake.download_minio scheduled__2026-02-16T06:15:00+00:00 [queued]>
[2026-02-16T06:16:42.363+0000] {taskinstance.py:2306} INFO - Starting attempt 1 of 2
[2026-02-16T06:16:42.525+0000] {taskinstance.py:2330} INFO - Executing <Task(PythonOperator): download_minio> on 2026-02-16 06:15:00+00:00
[2026-02-16T06:16:42.756+0000] {logging_mixin.py:188} WARNING - /home/***/.local/lib/python3.12/site-packages/***/task/task_runner/standard_task_runner.py:62 DeprecationWarning: This process (pid=10732) is multi-threaded, use of fork() may lead to deadlocks in the child.
[2026-02-16T06:16:42.758+0000] {standard_task_runner.py:64} INFO - Started process 11005 to run task
[2026-02-16T06:16:42.787+0000] {standard_task_runner.py:90} INFO - Running: ['***', 'tasks', 'run', 'minio_to_snowflake', 'download_minio', 'scheduled__2026-02-16T06:15:00+00:00', '--job-id', '1433', '--raw', '--subdir', 'DAGS_FOLDER/minio_to_snowflake.py', '--cfg-path', '/tmp/tmpn_m31ip4']
[2026-02-16T06:16:42.791+0000] {standard_task_runner.py:91} INFO - Job 1433: Subtask download_minio
[2026-02-16T06:16:43.154+0000] {task_command.py:426} INFO - Running <TaskInstance: minio_to_snowflake.download_minio scheduled__2026-02-16T06:15:00+00:00 [running]> on host 353dfeb821e2
[2026-02-16T06:16:43.743+0000] {taskinstance.py:2648} INFO - Exporting env vars: AIRFLOW_CTX_DAG_OWNER='***' AIRFLOW_CTX_DAG_ID='minio_to_snowflake' AIRFLOW_CTX_TASK_ID='download_minio' AIRFLOW_CTX_EXECUTION_DATE='2026-02-16T06:15:00+00:00' AIRFLOW_CTX_TRY_NUMBER='1' AIRFLOW_CTX_DAG_RUN_ID='scheduled__2026-02-16T06:15:00+00:00'
[2026-02-16T06:16:43.746+0000] {taskinstance.py:430} INFO - ::endgroup::
[2026-02-16T06:17:10.761+0000] {job.py:218} ERROR - Job heartbeat got an exception
Traceback (most recent call last):
  File "/home/airflow/.local/lib/python3.12/site-packages/sqlalchemy/engine/base.py", line 3371, in _wrap_pool_connect
    return fn()
           ^^^^
  File "/home/airflow/.local/lib/python3.12/site-packages/sqlalchemy/pool/base.py", line 327, in connect
    return _ConnectionFairy._checkout(self)
           ^^^^^^^^^^^^^^^^^^^^^^^^^^^^^^^^
  File "/home/airflow/.local/lib/python3.12/site-packages/sqlalchemy/pool/base.py", line 894, in _checkout
    fairy = _ConnectionRecord.checkout(pool)
            ^^^^^^^^^^^^^^^^^^^^^^^^^^^^^^^^
  File "/home/airflow/.local/lib/python3.12/site-packages/sqlalchemy/pool/base.py", line 493, in checkout
    rec = pool._do_get()
          ^^^^^^^^^^^^^^
  File "/home/airflow/.local/lib/python3.12/site-packages/sqlalchemy/pool/impl.py", line 256, in _do_get
    return self._create_connection()
           ^^^^^^^^^^^^^^^^^^^^^^^^^
  File "/home/airflow/.local/lib/python3.12/site-packages/sqlalchemy/pool/base.py", line 273, in _create_connection
    return _ConnectionRecord(self)
           ^^^^^^^^^^^^^^^^^^^^^^^
  File "/home/airflow/.local/lib/python3.12/site-packages/sqlalchemy/pool/base.py", line 388, in __init__
    self.__connect()
  File "/home/airflow/.local/lib/python3.12/site-packages/sqlalchemy/pool/base.py", line 690, in __connect
    with util.safe_reraise():
  File "/home/airflow/.local/lib/python3.12/site-packages/sqlalchemy/util/langhelpers.py", line 70, in __exit__
    compat.raise_(
  File "/home/airflow/.local/lib/python3.12/site-packages/sqlalchemy/util/compat.py", line 211, in raise_
    raise exception
  File "/home/airflow/.local/lib/python3.12/site-packages/sqlalchemy/pool/base.py", line 686, in __connect
    self.dbapi_connection = connection = pool._invoke_creator(self)
                                         ^^^^^^^^^^^^^^^^^^^^^^^^^^
  File "/home/airflow/.local/lib/python3.12/site-packages/sqlalchemy/engine/create.py", line 574, in connect
    return dialect.connect(*cargs, **cparams)
           ^^^^^^^^^^^^^^^^^^^^^^^^^^^^^^^^^^
  File "/home/airflow/.local/lib/python3.12/site-packages/sqlalchemy/engine/default.py", line 598, in connect
    return self.dbapi.connect(*cargs, **cparams)
           ^^^^^^^^^^^^^^^^^^^^^^^^^^^^^^^^^^^^^
  File "/home/airflow/.local/lib/python3.12/site-packages/psycopg2/__init__.py", line 122, in connect
    conn = _connect(dsn, connection_factory=connection_factory, **kwasync)
           ^^^^^^^^^^^^^^^^^^^^^^^^^^^^^^^^^^^^^^^^^^^^^^^^^^^^^^^^^^^^^^^
psycopg2.OperationalError: could not translate host name "postgres" to address: Temporary failure in name resolution


The above exception was the direct cause of the following exception:

Traceback (most recent call last):
  File "/home/airflow/.local/lib/python3.12/site-packages/airflow/jobs/job.py", line 213, in heartbeat
    heartbeat_callback(session)
  File "/home/airflow/.local/lib/python3.12/site-packages/airflow/utils/session.py", line 76, in wrapper
    return func(*args, **kwargs)
           ^^^^^^^^^^^^^^^^^^^^^
  File "/home/airflow/.local/lib/python3.12/site-packages/airflow/jobs/local_task_job_runner.py", line 261, in heartbeat_callback
    self.task_instance.refresh_from_db()
  File "/home/airflow/.local/lib/python3.12/site-packages/airflow/utils/session.py", line 79, in wrapper
    return func(*args, session=session, **kwargs)
           ^^^^^^^^^^^^^^^^^^^^^^^^^^^^^^^^^^^^^^
  File "/home/airflow/.local/lib/python3.12/site-packages/airflow/models/taskinstance.py", line 1821, in refresh_from_db
    _refresh_from_db(task_instance=self, session=session, lock_for_update=lock_for_update)
  File "/home/airflow/.local/lib/python3.12/site-packages/airflow/models/taskinstance.py", line 510, in _refresh_from_db
    ti = TaskInstance.get_task_instance(
         ^^^^^^^^^^^^^^^^^^^^^^^^^^^^^^^
  File "/home/airflow/.local/lib/python3.12/site-packages/airflow/api_internal/internal_api_call.py", line 115, in wrapper
    return func(*args, **kwargs)
           ^^^^^^^^^^^^^^^^^^^^^
  File "/home/airflow/.local/lib/python3.12/site-packages/airflow/utils/session.py", line 76, in wrapper
    return func(*args, **kwargs)
           ^^^^^^^^^^^^^^^^^^^^^
  File "/home/airflow/.local/lib/python3.12/site-packages/airflow/models/taskinstance.py", line 1807, in get_task_instance
    return query.one_or_none()
           ^^^^^^^^^^^^^^^^^^^
  File "/home/airflow/.local/lib/python3.12/site-packages/sqlalchemy/orm/query.py", line 2850, in one_or_none
    return self._iter().one_or_none()
           ^^^^^^^^^^^^
  File "/home/airflow/.local/lib/python3.12/site-packages/sqlalchemy/orm/query.py", line 2916, in _iter
    result = self.session.execute(
             ^^^^^^^^^^^^^^^^^^^^^
  File "/home/airflow/.local/lib/python3.12/site-packages/sqlalchemy/orm/session.py", line 1716, in execute
    conn = self._connection_for_bind(bind)
           ^^^^^^^^^^^^^^^^^^^^^^^^^^^^^^^
  File "/home/airflow/.local/lib/python3.12/site-packages/sqlalchemy/orm/session.py", line 1555, in _connection_for_bind
    return self._transaction._connection_for_bind(
           ^^^^^^^^^^^^^^^^^^^^^^^^^^^^^^^^^^^^^^^
  File "/home/airflow/.local/lib/python3.12/site-packages/sqlalchemy/orm/session.py", line 750, in _connection_for_bind
    conn = bind.connect()
           ^^^^^^^^^^^^^^
  File "/home/airflow/.local/lib/python3.12/site-packages/sqlalchemy/future/engine.py", line 412, in connect
    return super(Engine, self).connect()
           ^^^^^^^^^^^^^^^^^^^^^^^^^^^^^
  File "/home/airflow/.local/lib/python3.12/site-packages/sqlalchemy/engine/base.py", line 3325, in connect
    return self._connection_cls(self, close_with_result=close_with_result)
           ^^^^^^^^^^^^^^^^^^^^^^^^^^^^^^^^^^^^^^^^^^^^^^^^^^^^^^^^^^^^^^^
  File "/home/airflow/.local/lib/python3.12/site-packages/sqlalchemy/engine/base.py", line 96, in __init__
    else engine.raw_connection()
         ^^^^^^^^^^^^^^^^^^^^^^^
  File "/home/airflow/.local/lib/python3.12/site-packages/sqlalchemy/engine/base.py", line 3404, in raw_connection
    return self._wrap_pool_connect(self.pool.connect, _connection)
           ^^^^^^^^^^^^^^^^^^^^^^^^^^^^^^^^^^^^^^^^^^^^^^^^^^^^^^^
  File "/home/airflow/.local/lib/python3.12/site-packages/sqlalchemy/engine/base.py", line 3374, in _wrap_pool_connect
    Connection._handle_dbapi_exception_noconnection(
  File "/home/airflow/.local/lib/python3.12/site-packages/sqlalchemy/engine/base.py", line 2208, in _handle_dbapi_exception_noconnection
    util.raise_(
  File "/home/airflow/.local/lib/python3.12/site-packages/sqlalchemy/util/compat.py", line 211, in raise_
    raise exception
  File "/home/airflow/.local/lib/python3.12/site-packages/sqlalchemy/engine/base.py", line 3371, in _wrap_pool_connect
    return fn()
           ^^^^
  File "/home/airflow/.local/lib/python3.12/site-packages/sqlalchemy/pool/base.py", line 327, in connect
    return _ConnectionFairy._checkout(self)
           ^^^^^^^^^^^^^^^^^^^^^^^^^^^^^^^^
  File "/home/airflow/.local/lib/python3.12/site-packages/sqlalchemy/pool/base.py", line 894, in _checkout
    fairy = _ConnectionRecord.checkout(pool)
            ^^^^^^^^^^^^^^^^^^^^^^^^^^^^^^^^
  File "/home/airflow/.local/lib/python3.12/site-packages/sqlalchemy/pool/base.py", line 493, in checkout
    rec = pool._do_get()
          ^^^^^^^^^^^^^^
  File "/home/airflow/.local/lib/python3.12/site-packages/sqlalchemy/pool/impl.py", line 256, in _do_get
    return self._create_connection()
           ^^^^^^^^^^^^^^^^^^^^^^^^^
  File "/home/airflow/.local/lib/python3.12/site-packages/sqlalchemy/pool/base.py", line 273, in _create_connection
    return _ConnectionRecord(self)
           ^^^^^^^^^^^^^^^^^^^^^^^
  File "/home/airflow/.local/lib/python3.12/site-packages/sqlalchemy/pool/base.py", line 388, in __init__
    self.__connect()
  File "/home/airflow/.local/lib/python3.12/site-packages/sqlalchemy/pool/base.py", line 690, in __connect
    with util.safe_reraise():
  File "/home/airflow/.local/lib/python3.12/site-packages/sqlalchemy/util/langhelpers.py", line 70, in __exit__
    compat.raise_(
  File "/home/airflow/.local/lib/python3.12/site-packages/sqlalchemy/util/compat.py", line 211, in raise_
    raise exception
  File "/home/airflow/.local/lib/python3.12/site-packages/sqlalchemy/pool/base.py", line 686, in __connect
    self.dbapi_connection = connection = pool._invoke_creator(self)
                                         ^^^^^^^^^^^^^^^^^^^^^^^^^^
  File "/home/airflow/.local/lib/python3.12/site-packages/sqlalchemy/engine/create.py", line 574, in connect
    return dialect.connect(*cargs, **cparams)
           ^^^^^^^^^^^^^^^^^^^^^^^^^^^^^^^^^^
  File "/home/airflow/.local/lib/python3.12/site-packages/sqlalchemy/engine/default.py", line 598, in connect
    return self.dbapi.connect(*cargs, **cparams)
           ^^^^^^^^^^^^^^^^^^^^^^^^^^^^^^^^^^^^^
  File "/home/airflow/.local/lib/python3.12/site-packages/psycopg2/__init__.py", line 122, in connect
    conn = _connect(dsn, connection_factory=connection_factory, **kwasync)
           ^^^^^^^^^^^^^^^^^^^^^^^^^^^^^^^^^^^^^^^^^^^^^^^^^^^^^^^^^^^^^^^
sqlalchemy.exc.OperationalError: (psycopg2.OperationalError) could not translate host name "postgres" to address: Temporary failure in name resolution

(Background on this error at: https://sqlalche.me/e/14/e3q8)
[2026-02-16T06:17:12.432+0000] {job.py:226} ERROR - Job heartbeat failed with error. Scheduler is in unhealthy state
[2026-02-16T06:17:59.625+0000] {job.py:226} ERROR - Job heartbeat failed with error. Scheduler is in unhealthy state
[2026-02-16T06:18:31.249+0000] {logging_mixin.py:188} INFO - Downloaded AAPL/1771221446.json
[2026-02-16T06:18:31.263+0000] {logging_mixin.py:188} INFO - Downloaded AAPL/1771221459.json
[2026-02-16T06:18:31.272+0000] {logging_mixin.py:188} INFO - Downloaded AAPL/1771221471.json
[2026-02-16T06:18:31.327+0000] {logging_mixin.py:188} INFO - Downloaded AAPL/1771221483.json
[2026-02-16T06:18:31.337+0000] {logging_mixin.py:188} INFO - Downloaded AAPL/1771221496.json
[2026-02-16T06:18:31.350+0000] {logging_mixin.py:188} INFO - Downloaded AAPL/1771221508.json
[2026-02-16T06:18:31.360+0000] {logging_mixin.py:188} INFO - Downloaded AAPL/1771221522.json
[2026-02-16T06:18:31.369+0000] {logging_mixin.py:188} INFO - Downloaded AAPL/1771221533.json
[2026-02-16T06:18:31.463+0000] {logging_mixin.py:188} INFO - Downloaded AAPL/1771221545.json
[2026-02-16T06:18:31.494+0000] {logging_mixin.py:188} INFO - Downloaded AAPL/1771221557.json
[2026-02-16T06:18:31.504+0000] {logging_mixin.py:188} INFO - Downloaded AAPL/1771221568.json
[2026-02-16T06:18:31.515+0000] {logging_mixin.py:188} INFO - Downloaded AAPL/1771221580.json
[2026-02-16T06:18:31.580+0000] {logging_mixin.py:188} INFO - Downloaded AAPL/1771221592.json
[2026-02-16T06:18:31.589+0000] {logging_mixin.py:188} INFO - Downloaded AAPL/1771221603.json
[2026-02-16T06:18:31.599+0000] {logging_mixin.py:188} INFO - Downloaded AAPL/1771221615.json
[2026-02-16T06:18:31.607+0000] {logging_mixin.py:188} INFO - Downloaded AAPL/1771221627.json
[2026-02-16T06:18:31.620+0000] {logging_mixin.py:188} INFO - Downloaded AAPL/1771221639.json
[2026-02-16T06:18:31.630+0000] {logging_mixin.py:188} INFO - Downloaded AAPL/1771221650.json
[2026-02-16T06:18:31.646+0000] {logging_mixin.py:188} INFO - Downloaded AAPL/1771221661.json
[2026-02-16T06:18:31.654+0000] {logging_mixin.py:188} INFO - Downloaded AAPL/1771221673.json
[2026-02-16T06:18:31.664+0000] {logging_mixin.py:188} INFO - Downloaded AAPL/1771221686.json
[2026-02-16T06:18:31.673+0000] {logging_mixin.py:188} INFO - Downloaded AAPL/1771221698.json
[2026-02-16T06:18:31.682+0000] {logging_mixin.py:188} INFO - Downloaded AAPL/1771221709.json
[2026-02-16T06:18:31.692+0000] {logging_mixin.py:188} INFO - Downloaded AAPL/1771221720.json
[2026-02-16T06:18:31.701+0000] {logging_mixin.py:188} INFO - Downloaded AAPL/1771221733.json
[2026-02-16T06:18:31.741+0000] {logging_mixin.py:188} INFO - Downloaded AAPL/1771221744.json
[2026-02-16T06:18:31.759+0000] {logging_mixin.py:188} INFO - Downloaded AAPL/1771221757.json
[2026-02-16T06:18:31.768+0000] {logging_mixin.py:188} INFO - Downloaded AAPL/1771221768.json
[2026-02-16T06:18:31.777+0000] {logging_mixin.py:188} INFO - Downloaded AAPL/1771221779.json
[2026-02-16T06:18:31.786+0000] {logging_mixin.py:188} INFO - Downloaded AAPL/1771221792.json
[2026-02-16T06:18:31.883+0000] {logging_mixin.py:188} INFO - Downloaded AAPL/1771221807.json
[2026-02-16T06:18:31.907+0000] {logging_mixin.py:188} INFO - Downloaded AAPL/1771221820.json
[2026-02-16T06:18:31.928+0000] {logging_mixin.py:188} INFO - Downloaded AAPL/1771221831.json
[2026-02-16T06:18:31.938+0000] {logging_mixin.py:188} INFO - Downloaded AAPL/1771221843.json
[2026-02-16T06:18:31.948+0000] {logging_mixin.py:188} INFO - Downloaded AAPL/1771221858.json
[2026-02-16T06:18:31.985+0000] {logging_mixin.py:188} INFO - Downloaded AAPL/1771221871.json
[2026-02-16T06:18:32.045+0000] {logging_mixin.py:188} INFO - Downloaded AAPL/1771221883.json
[2026-02-16T06:18:32.055+0000] {logging_mixin.py:188} INFO - Downloaded AAPL/1771221895.json
[2026-02-16T06:18:32.086+0000] {logging_mixin.py:188} INFO - Downloaded AAPL/1771221906.json
[2026-02-16T06:18:32.095+0000] {logging_mixin.py:188} INFO - Downloaded AAPL/1771221918.json
[2026-02-16T06:18:32.104+0000] {logging_mixin.py:188} INFO - Downloaded AAPL/1771221930.json
[2026-02-16T06:18:32.115+0000] {logging_mixin.py:188} INFO - Downloaded AAPL/1771221941.json
[2026-02-16T06:18:32.123+0000] {logging_mixin.py:188} INFO - Downloaded AAPL/1771221953.json
[2026-02-16T06:18:32.134+0000] {logging_mixin.py:188} INFO - Downloaded AAPL/1771221965.json
[2026-02-16T06:18:32.144+0000] {logging_mixin.py:188} INFO - Downloaded AAPL/1771221976.json
[2026-02-16T06:18:32.157+0000] {logging_mixin.py:188} INFO - Downloaded AAPL/1771221988.json
[2026-02-16T06:18:32.167+0000] {logging_mixin.py:188} INFO - Downloaded AAPL/1771222104.json
[2026-02-16T06:18:32.176+0000] {logging_mixin.py:188} INFO - Downloaded AAPL/1771222116.json
[2026-02-16T06:18:32.185+0000] {logging_mixin.py:188} INFO - Downloaded AAPL/1771222127.json
[2026-02-16T06:18:32.195+0000] {logging_mixin.py:188} INFO - Downloaded AAPL/1771222139.json
[2026-02-16T06:18:32.203+0000] {logging_mixin.py:188} INFO - Downloaded AAPL/1771222151.json
[2026-02-16T06:18:32.213+0000] {logging_mixin.py:188} INFO - Downloaded AAPL/1771222164.json
[2026-02-16T06:18:32.222+0000] {logging_mixin.py:188} INFO - Downloaded AAPL/1771222205.json
[2026-02-16T06:18:32.232+0000] {logging_mixin.py:188} INFO - Downloaded AAPL/1771222217.json
[2026-02-16T06:18:32.241+0000] {logging_mixin.py:188} INFO - Downloaded AAPL/1771222230.json
[2026-02-16T06:18:32.250+0000] {logging_mixin.py:188} INFO - Downloaded AAPL/1771222241.json
[2026-02-16T06:18:32.259+0000] {logging_mixin.py:188} INFO - Downloaded AAPL/1771222252.json
[2026-02-16T06:18:32.275+0000] {logging_mixin.py:188} INFO - Downloaded AAPL/1771222263.json
[2026-02-16T06:18:32.285+0000] {logging_mixin.py:188} INFO - Downloaded AAPL/1771222275.json
[2026-02-16T06:18:32.295+0000] {logging_mixin.py:188} INFO - Downloaded AAPL/1771222286.json
[2026-02-16T06:18:32.306+0000] {logging_mixin.py:188} INFO - Downloaded AAPL/1771222298.json
[2026-02-16T06:18:32.341+0000] {logging_mixin.py:188} INFO - Downloaded AAPL/1771222309.json
[2026-02-16T06:18:32.367+0000] {logging_mixin.py:188} INFO - Downloaded AAPL/1771222320.json
[2026-02-16T06:18:32.376+0000] {logging_mixin.py:188} INFO - Downloaded AAPL/1771222331.json
[2026-02-16T06:18:32.386+0000] {logging_mixin.py:188} INFO - Downloaded AAPL/1771222344.json
[2026-02-16T06:18:32.397+0000] {logging_mixin.py:188} INFO - Downloaded AAPL/1771222355.json
[2026-02-16T06:18:32.434+0000] {logging_mixin.py:188} INFO - Downloaded AAPL/1771222367.json
[2026-02-16T06:18:32.493+0000] {logging_mixin.py:188} INFO - Downloaded AAPL/1771222377.json
[2026-02-16T06:18:32.503+0000] {logging_mixin.py:188} INFO - Downloaded AAPL/1771222388.json
[2026-02-16T06:18:32.513+0000] {logging_mixin.py:188} INFO - Downloaded AAPL/1771222400.json
[2026-02-16T06:18:32.522+0000] {logging_mixin.py:188} INFO - Downloaded AAPL/1771222412.json
[2026-02-16T06:18:32.532+0000] {logging_mixin.py:188} INFO - Downloaded AAPL/1771222451.json
[2026-02-16T06:18:32.541+0000] {logging_mixin.py:188} INFO - Downloaded AAPL/1771222463.json
[2026-02-16T06:18:32.551+0000] {logging_mixin.py:188} INFO - Downloaded AAPL/1771222476.json
[2026-02-16T06:18:32.560+0000] {logging_mixin.py:188} INFO - Downloaded AAPL/1771222487.json
[2026-02-16T06:18:32.570+0000] {logging_mixin.py:188} INFO - Downloaded AAPL/1771222532.json
[2026-02-16T06:18:32.579+0000] {logging_mixin.py:188} INFO - Downloaded AAPL/1771222545.json
[2026-02-16T06:18:32.588+0000] {logging_mixin.py:188} INFO - Downloaded AAPL/1771222557.json
[2026-02-16T06:18:32.597+0000] {logging_mixin.py:188} INFO - Downloaded AAPL/1771222569.json
[2026-02-16T06:18:32.606+0000] {logging_mixin.py:188} INFO - Downloaded AAPL/1771222581.json
[2026-02-16T06:18:32.615+0000] {logging_mixin.py:188} INFO - Downloaded AAPL/1771222592.json
[2026-02-16T06:18:32.625+0000] {logging_mixin.py:188} INFO - Downloaded AAPL/1771222604.json
[2026-02-16T06:18:32.634+0000] {logging_mixin.py:188} INFO - Downloaded AAPL/1771222617.json
[2026-02-16T06:18:32.643+0000] {logging_mixin.py:188} INFO - Downloaded AAPL/1771222630.json
[2026-02-16T06:18:32.651+0000] {logging_mixin.py:188} INFO - Downloaded AAPL/1771222645.json
[2026-02-16T06:18:32.661+0000] {logging_mixin.py:188} INFO - Downloaded AAPL/1771222694.json
[2026-02-16T06:18:32.735+0000] {logging_mixin.py:188} INFO - Downloaded AMZN/1771221451.json
[2026-02-16T06:18:32.748+0000] {logging_mixin.py:188} INFO - Downloaded AMZN/1771221463.json
[2026-02-16T06:18:32.758+0000] {logging_mixin.py:188} INFO - Downloaded AMZN/1771221476.json
[2026-02-16T06:18:32.767+0000] {logging_mixin.py:188} INFO - Downloaded AMZN/1771221489.json
[2026-02-16T06:18:32.777+0000] {logging_mixin.py:188} INFO - Downloaded AMZN/1771221501.json
[2026-02-16T06:18:32.786+0000] {logging_mixin.py:188} INFO - Downloaded AMZN/1771221513.json
[2026-02-16T06:18:32.796+0000] {logging_mixin.py:188} INFO - Downloaded AMZN/1771221526.json
[2026-02-16T06:18:32.805+0000] {logging_mixin.py:188} INFO - Downloaded AMZN/1771221538.json
[2026-02-16T06:18:32.824+0000] {logging_mixin.py:188} INFO - Downloaded AMZN/1771221550.json
[2026-02-16T06:18:32.836+0000] {logging_mixin.py:188} INFO - Downloaded AMZN/1771221561.json
[2026-02-16T06:18:32.846+0000] {logging_mixin.py:188} INFO - Downloaded AMZN/1771221573.json
[2026-02-16T06:18:32.855+0000] {logging_mixin.py:188} INFO - Downloaded AMZN/1771221585.json
[2026-02-16T06:18:32.865+0000] {logging_mixin.py:188} INFO - Downloaded AMZN/1771221596.json
[2026-02-16T06:18:32.876+0000] {logging_mixin.py:188} INFO - Downloaded AMZN/1771221608.json
[2026-02-16T06:18:32.986+0000] {logging_mixin.py:188} INFO - Downloaded AMZN/1771221620.json
[2026-02-16T06:18:33.001+0000] {logging_mixin.py:188} INFO - Downloaded AMZN/1771221631.json
[2026-02-16T06:18:33.011+0000] {logging_mixin.py:188} INFO - Downloaded AMZN/1771221643.json
[2026-02-16T06:18:33.020+0000] {logging_mixin.py:188} INFO - Downloaded AMZN/1771221654.json
[2026-02-16T06:18:33.029+0000] {logging_mixin.py:188} INFO - Downloaded AMZN/1771221666.json
[2026-02-16T06:18:33.039+0000] {logging_mixin.py:188} INFO - Downloaded AMZN/1771221678.json
[2026-02-16T06:18:33.050+0000] {logging_mixin.py:188} INFO - Downloaded AMZN/1771221690.json
[2026-02-16T06:18:33.088+0000] {logging_mixin.py:188} INFO - Downloaded AMZN/1771221702.json
[2026-02-16T06:18:33.097+0000] {logging_mixin.py:188} INFO - Downloaded AMZN/1771221713.json
[2026-02-16T06:18:33.111+0000] {logging_mixin.py:188} INFO - Downloaded AMZN/1771221726.json
[2026-02-16T06:18:33.122+0000] {logging_mixin.py:188} INFO - Downloaded AMZN/1771221737.json
[2026-02-16T06:18:33.134+0000] {logging_mixin.py:188} INFO - Downloaded AMZN/1771221750.json
[2026-02-16T06:18:33.145+0000] {logging_mixin.py:188} INFO - Downloaded AMZN/1771221761.json
[2026-02-16T06:18:33.167+0000] {logging_mixin.py:188} INFO - Downloaded AMZN/1771221772.json
[2026-02-16T06:18:33.214+0000] {logging_mixin.py:188} INFO - Downloaded AMZN/1771221784.json
[2026-02-16T06:18:33.224+0000] {logging_mixin.py:188} INFO - Downloaded AMZN/1771221800.json
[2026-02-16T06:18:33.239+0000] {logging_mixin.py:188} INFO - Downloaded AMZN/1771221812.json
[2026-02-16T06:18:33.249+0000] {logging_mixin.py:188} INFO - Downloaded AMZN/1771221824.json
[2026-02-16T06:18:33.259+0000] {logging_mixin.py:188} INFO - Downloaded AMZN/1771221836.json
[2026-02-16T06:18:33.270+0000] {logging_mixin.py:188} INFO - Downloaded AMZN/1771221851.json
[2026-02-16T06:18:33.280+0000] {logging_mixin.py:188} INFO - Downloaded AMZN/1771221864.json
[2026-02-16T06:18:33.289+0000] {logging_mixin.py:188} INFO - Downloaded AMZN/1771221875.json
[2026-02-16T06:18:33.301+0000] {logging_mixin.py:188} INFO - Downloaded AMZN/1771221887.json
[2026-02-16T06:18:33.310+0000] {logging_mixin.py:188} INFO - Downloaded AMZN/1771221899.json
[2026-02-16T06:18:33.324+0000] {logging_mixin.py:188} INFO - Downloaded AMZN/1771221911.json
[2026-02-16T06:18:33.407+0000] {logging_mixin.py:188} INFO - Downloaded AMZN/1771221923.json
[2026-02-16T06:18:33.418+0000] {logging_mixin.py:188} INFO - Downloaded AMZN/1771221934.json
[2026-02-16T06:18:33.431+0000] {logging_mixin.py:188} INFO - Downloaded AMZN/1771221946.json
[2026-02-16T06:18:33.447+0000] {logging_mixin.py:188} INFO - Downloaded AMZN/1771221957.json
[2026-02-16T06:18:33.467+0000] {logging_mixin.py:188} INFO - Downloaded AMZN/1771221969.json
[2026-02-16T06:18:33.488+0000] {logging_mixin.py:188} INFO - Downloaded AMZN/1771221981.json
[2026-02-16T06:18:33.501+0000] {logging_mixin.py:188} INFO - Downloaded AMZN/1771222097.json
[2026-02-16T06:18:33.512+0000] {logging_mixin.py:188} INFO - Downloaded AMZN/1771222108.json
[2026-02-16T06:18:33.525+0000] {logging_mixin.py:188} INFO - Downloaded AMZN/1771222120.json
[2026-02-16T06:18:33.542+0000] {logging_mixin.py:188} INFO - Downloaded AMZN/1771222132.json
[2026-02-16T06:18:33.555+0000] {logging_mixin.py:188} INFO - Downloaded AMZN/1771222144.json
[2026-02-16T06:18:33.564+0000] {logging_mixin.py:188} INFO - Downloaded AMZN/1771222157.json
[2026-02-16T06:18:33.578+0000] {logging_mixin.py:188} INFO - Downloaded AMZN/1771222198.json
[2026-02-16T06:18:33.591+0000] {logging_mixin.py:188} INFO - Downloaded AMZN/1771222210.json
[2026-02-16T06:18:33.604+0000] {logging_mixin.py:188} INFO - Downloaded AMZN/1771222223.json
[2026-02-16T06:18:33.624+0000] {logging_mixin.py:188} INFO - Downloaded AMZN/1771222233.json
[2026-02-16T06:18:33.641+0000] {logging_mixin.py:188} INFO - Downloaded AMZN/1771222245.json
[2026-02-16T06:18:33.660+0000] {logging_mixin.py:188} INFO - Downloaded AMZN/1771222256.json
[2026-02-16T06:18:33.676+0000] {logging_mixin.py:188} INFO - Downloaded AMZN/1771222268.json
[2026-02-16T06:18:33.687+0000] {logging_mixin.py:188} INFO - Downloaded AMZN/1771222279.json
[2026-02-16T06:18:33.699+0000] {logging_mixin.py:188} INFO - Downloaded AMZN/1771222291.json
[2026-02-16T06:18:33.708+0000] {logging_mixin.py:188} INFO - Downloaded AMZN/1771222302.json
[2026-02-16T06:18:33.767+0000] {logging_mixin.py:188} INFO - Downloaded AMZN/1771222313.json
[2026-02-16T06:18:33.789+0000] {logging_mixin.py:188} INFO - Downloaded AMZN/1771222324.json
[2026-02-16T06:18:33.847+0000] {logging_mixin.py:188} INFO - Downloaded AMZN/1771222336.json
[2026-02-16T06:18:33.870+0000] {logging_mixin.py:188} INFO - Downloaded AMZN/1771222348.json
[2026-02-16T06:18:33.884+0000] {logging_mixin.py:188} INFO - Downloaded AMZN/1771222359.json
[2026-02-16T06:18:33.912+0000] {logging_mixin.py:188} INFO - Downloaded AMZN/1771222370.json
[2026-02-16T06:18:33.927+0000] {logging_mixin.py:188} INFO - Downloaded AMZN/1771222381.json
[2026-02-16T06:18:33.941+0000] {logging_mixin.py:188} INFO - Downloaded AMZN/1771222393.json
[2026-02-16T06:18:33.950+0000] {logging_mixin.py:188} INFO - Downloaded AMZN/1771222404.json
[2026-02-16T06:18:33.959+0000] {logging_mixin.py:188} INFO - Downloaded AMZN/1771222444.json
[2026-02-16T06:18:33.967+0000] {logging_mixin.py:188} INFO - Downloaded AMZN/1771222456.json
[2026-02-16T06:18:33.980+0000] {logging_mixin.py:188} INFO - Downloaded AMZN/1771222467.json
[2026-02-16T06:18:33.989+0000] {logging_mixin.py:188} INFO - Downloaded AMZN/1771222480.json
[2026-02-16T06:18:33.998+0000] {logging_mixin.py:188} INFO - Downloaded AMZN/1771222525.json
[2026-02-16T06:18:34.007+0000] {logging_mixin.py:188} INFO - Downloaded AMZN/1771222537.json
[2026-02-16T06:18:34.017+0000] {logging_mixin.py:188} INFO - Downloaded AMZN/1771222550.json
[2026-02-16T06:18:34.026+0000] {logging_mixin.py:188} INFO - Downloaded AMZN/1771222562.json
[2026-02-16T06:18:34.035+0000] {logging_mixin.py:188} INFO - Downloaded AMZN/1771222574.json
[2026-02-16T06:18:34.044+0000] {logging_mixin.py:188} INFO - Downloaded AMZN/1771222585.json
[2026-02-16T06:18:34.053+0000] {logging_mixin.py:188} INFO - Downloaded AMZN/1771222597.json
[2026-02-16T06:18:34.062+0000] {logging_mixin.py:188} INFO - Downloaded AMZN/1771222610.json
[2026-02-16T06:18:34.071+0000] {logging_mixin.py:188} INFO - Downloaded AMZN/1771222623.json
[2026-02-16T06:18:34.082+0000] {logging_mixin.py:188} INFO - Downloaded AMZN/1771222636.json
[2026-02-16T06:18:34.093+0000] {logging_mixin.py:188} INFO - Downloaded AMZN/1771222686.json
[2026-02-16T06:18:34.131+0000] {logging_mixin.py:188} INFO - Downloaded AMZN/1771222702.json
[2026-02-16T06:18:34.140+0000] {logging_mixin.py:188} INFO - Downloaded GOOGL/1771221450.json
[2026-02-16T06:18:34.152+0000] {logging_mixin.py:188} INFO - Downloaded GOOGL/1771221462.json
[2026-02-16T06:18:34.162+0000] {logging_mixin.py:188} INFO - Downloaded GOOGL/1771221475.json
[2026-02-16T06:18:34.173+0000] {logging_mixin.py:188} INFO - Downloaded GOOGL/1771221488.json
[2026-02-16T06:18:34.182+0000] {logging_mixin.py:188} INFO - Downloaded GOOGL/1771221500.json
[2026-02-16T06:18:34.193+0000] {logging_mixin.py:188} INFO - Downloaded GOOGL/1771221512.json
[2026-02-16T06:18:34.206+0000] {logging_mixin.py:188} INFO - Downloaded GOOGL/1771221525.json
[2026-02-16T06:18:34.217+0000] {logging_mixin.py:188} INFO - Downloaded GOOGL/1771221537.json
[2026-02-16T06:18:34.230+0000] {logging_mixin.py:188} INFO - Downloaded GOOGL/1771221549.json
[2026-02-16T06:18:34.240+0000] {logging_mixin.py:188} INFO - Downloaded GOOGL/1771221560.json
[2026-02-16T06:18:34.251+0000] {logging_mixin.py:188} INFO - Downloaded GOOGL/1771221571.json
[2026-02-16T06:18:34.262+0000] {logging_mixin.py:188} INFO - Downloaded GOOGL/1771221583.json
[2026-02-16T06:18:34.274+0000] {logging_mixin.py:188} INFO - Downloaded GOOGL/1771221595.json
[2026-02-16T06:18:34.283+0000] {logging_mixin.py:188} INFO - Downloaded GOOGL/1771221607.json
[2026-02-16T06:18:34.296+0000] {logging_mixin.py:188} INFO - Downloaded GOOGL/1771221619.json
[2026-02-16T06:18:34.304+0000] {logging_mixin.py:188} INFO - Downloaded GOOGL/1771221630.json
[2026-02-16T06:18:34.316+0000] {logging_mixin.py:188} INFO - Downloaded GOOGL/1771221642.json
[2026-02-16T06:18:34.332+0000] {logging_mixin.py:188} INFO - Downloaded GOOGL/1771221653.json
[2026-02-16T06:18:34.343+0000] {logging_mixin.py:188} INFO - Downloaded GOOGL/1771221665.json
[2026-02-16T06:18:34.352+0000] {logging_mixin.py:188} INFO - Downloaded GOOGL/1771221677.json
[2026-02-16T06:18:34.363+0000] {logging_mixin.py:188} INFO - Downloaded GOOGL/1771221689.json
[2026-02-16T06:18:34.372+0000] {logging_mixin.py:188} INFO - Downloaded GOOGL/1771221701.json
[2026-02-16T06:18:34.384+0000] {logging_mixin.py:188} INFO - Downloaded GOOGL/1771221712.json
[2026-02-16T06:18:34.419+0000] {logging_mixin.py:188} INFO - Downloaded GOOGL/1771221724.json
[2026-02-16T06:18:34.428+0000] {logging_mixin.py:188} INFO - Downloaded GOOGL/1771221736.json
[2026-02-16T06:18:34.441+0000] {logging_mixin.py:188} INFO - Downloaded GOOGL/1771221748.json
[2026-02-16T06:18:34.452+0000] {logging_mixin.py:188} INFO - Downloaded GOOGL/1771221760.json
[2026-02-16T06:18:34.465+0000] {logging_mixin.py:188} INFO - Downloaded GOOGL/1771221771.json
[2026-02-16T06:18:34.477+0000] {logging_mixin.py:188} INFO - Downloaded GOOGL/1771221783.json
[2026-02-16T06:18:34.495+0000] {logging_mixin.py:188} INFO - Downloaded GOOGL/1771221799.json
[2026-02-16T06:18:34.514+0000] {logging_mixin.py:188} INFO - Downloaded GOOGL/1771221811.json
[2026-02-16T06:18:34.548+0000] {logging_mixin.py:188} INFO - Downloaded GOOGL/1771221823.json
[2026-02-16T06:18:34.561+0000] {logging_mixin.py:188} INFO - Downloaded GOOGL/1771221835.json
[2026-02-16T06:18:34.570+0000] {logging_mixin.py:188} INFO - Downloaded GOOGL/1771221850.json
[2026-02-16T06:18:34.580+0000] {logging_mixin.py:188} INFO - Downloaded GOOGL/1771221862.json
[2026-02-16T06:18:34.593+0000] {logging_mixin.py:188} INFO - Downloaded GOOGL/1771221874.json
[2026-02-16T06:18:34.602+0000] {logging_mixin.py:188} INFO - Downloaded GOOGL/1771221886.json
[2026-02-16T06:18:34.615+0000] {logging_mixin.py:188} INFO - Downloaded GOOGL/1771221898.json
[2026-02-16T06:18:34.624+0000] {logging_mixin.py:188} INFO - Downloaded GOOGL/1771221910.json
[2026-02-16T06:18:34.633+0000] {logging_mixin.py:188} INFO - Downloaded GOOGL/1771221921.json
[2026-02-16T06:18:34.642+0000] {logging_mixin.py:188} INFO - Downloaded GOOGL/1771221933.json
[2026-02-16T06:18:34.652+0000] {logging_mixin.py:188} INFO - Downloaded GOOGL/1771221945.json
[2026-02-16T06:18:34.671+0000] {logging_mixin.py:188} INFO - Downloaded GOOGL/1771221957.json
[2026-02-16T06:18:34.692+0000] {logging_mixin.py:188} INFO - Downloaded GOOGL/1771221968.json
[2026-02-16T06:18:34.714+0000] {logging_mixin.py:188} INFO - Downloaded GOOGL/1771221980.json
[2026-02-16T06:18:34.725+0000] {logging_mixin.py:188} INFO - Downloaded GOOGL/1771222084.json
[2026-02-16T06:18:34.737+0000] {logging_mixin.py:188} INFO - Downloaded GOOGL/1771222107.json
[2026-02-16T06:18:34.791+0000] {logging_mixin.py:188} INFO - Downloaded GOOGL/1771222119.json
[2026-02-16T06:18:34.803+0000] {logging_mixin.py:188} INFO - Downloaded GOOGL/1771222131.json
[2026-02-16T06:18:34.813+0000] {logging_mixin.py:188} INFO - Downloaded GOOGL/1771222143.json
[2026-02-16T06:18:34.824+0000] {logging_mixin.py:188} INFO - Downloaded GOOGL/1771222156.json
[2026-02-16T06:18:34.835+0000] {logging_mixin.py:188} INFO - Downloaded GOOGL/1771222197.json
[2026-02-16T06:18:34.845+0000] {logging_mixin.py:188} INFO - Downloaded GOOGL/1771222209.json
[2026-02-16T06:18:34.854+0000] {logging_mixin.py:188} INFO - Downloaded GOOGL/1771222221.json
[2026-02-16T06:18:34.864+0000] {logging_mixin.py:188} INFO - Downloaded GOOGL/1771222232.json
[2026-02-16T06:18:34.873+0000] {logging_mixin.py:188} INFO - Downloaded GOOGL/1771222244.json
[2026-02-16T06:18:34.885+0000] {logging_mixin.py:188} INFO - Downloaded GOOGL/1771222255.json
[2026-02-16T06:18:34.895+0000] {logging_mixin.py:188} INFO - Downloaded GOOGL/1771222267.json
[2026-02-16T06:18:34.904+0000] {logging_mixin.py:188} INFO - Downloaded GOOGL/1771222278.json
[2026-02-16T06:18:34.913+0000] {logging_mixin.py:188} INFO - Downloaded GOOGL/1771222290.json
[2026-02-16T06:18:34.923+0000] {logging_mixin.py:188} INFO - Downloaded GOOGL/1771222301.json
[2026-02-16T06:18:34.932+0000] {logging_mixin.py:188} INFO - Downloaded GOOGL/1771222312.json
[2026-02-16T06:18:34.955+0000] {logging_mixin.py:188} INFO - Downloaded GOOGL/1771222323.json
[2026-02-16T06:18:34.964+0000] {logging_mixin.py:188} INFO - Downloaded GOOGL/1771222335.json
[2026-02-16T06:18:34.973+0000] {logging_mixin.py:188} INFO - Downloaded GOOGL/1771222347.json
[2026-02-16T06:18:34.985+0000] {logging_mixin.py:188} INFO - Downloaded GOOGL/1771222358.json
[2026-02-16T06:18:34.995+0000] {logging_mixin.py:188} INFO - Downloaded GOOGL/1771222370.json
[2026-02-16T06:18:35.004+0000] {logging_mixin.py:188} INFO - Downloaded GOOGL/1771222380.json
[2026-02-16T06:18:35.014+0000] {logging_mixin.py:188} INFO - Downloaded GOOGL/1771222392.json
[2026-02-16T06:18:35.023+0000] {logging_mixin.py:188} INFO - Downloaded GOOGL/1771222403.json
[2026-02-16T06:18:35.038+0000] {logging_mixin.py:188} INFO - Downloaded GOOGL/1771222443.json
[2026-02-16T06:18:35.049+0000] {logging_mixin.py:188} INFO - Downloaded GOOGL/1771222455.json
[2026-02-16T06:18:35.059+0000] {logging_mixin.py:188} INFO - Downloaded GOOGL/1771222466.json
[2026-02-16T06:18:35.068+0000] {logging_mixin.py:188} INFO - Downloaded GOOGL/1771222479.json
[2026-02-16T06:18:35.077+0000] {logging_mixin.py:188} INFO - Downloaded GOOGL/1771222523.json
[2026-02-16T06:18:35.112+0000] {logging_mixin.py:188} INFO - Downloaded GOOGL/1771222535.json
[2026-02-16T06:18:35.153+0000] {logging_mixin.py:188} INFO - Downloaded GOOGL/1771222548.json
[2026-02-16T06:18:35.162+0000] {logging_mixin.py:188} INFO - Downloaded GOOGL/1771222561.json
[2026-02-16T06:18:35.173+0000] {logging_mixin.py:188} INFO - Downloaded GOOGL/1771222573.json
[2026-02-16T06:18:35.185+0000] {logging_mixin.py:188} INFO - Downloaded GOOGL/1771222584.json
[2026-02-16T06:18:35.195+0000] {logging_mixin.py:188} INFO - Downloaded GOOGL/1771222596.json
[2026-02-16T06:18:35.204+0000] {logging_mixin.py:188} INFO - Downloaded GOOGL/1771222608.json
[2026-02-16T06:18:35.213+0000] {logging_mixin.py:188} INFO - Downloaded GOOGL/1771222621.json
[2026-02-16T06:18:35.222+0000] {logging_mixin.py:188} INFO - Downloaded GOOGL/1771222634.json
[2026-02-16T06:18:35.232+0000] {logging_mixin.py:188} INFO - Downloaded GOOGL/1771222675.json
[2026-02-16T06:18:35.241+0000] {logging_mixin.py:188} INFO - Downloaded GOOGL/1771222701.json
[2026-02-16T06:18:35.251+0000] {logging_mixin.py:188} INFO - Downloaded MSFT/1771221448.json
[2026-02-16T06:18:35.259+0000] {logging_mixin.py:188} INFO - Downloaded MSFT/1771221460.json
[2026-02-16T06:18:35.270+0000] {logging_mixin.py:188} INFO - Downloaded MSFT/1771221472.json
[2026-02-16T06:18:35.280+0000] {logging_mixin.py:188} INFO - Downloaded MSFT/1771221484.json
[2026-02-16T06:18:35.291+0000] {logging_mixin.py:188} INFO - Downloaded MSFT/1771221497.json
[2026-02-16T06:18:35.302+0000] {logging_mixin.py:188} INFO - Downloaded MSFT/1771221509.json
[2026-02-16T06:18:35.313+0000] {logging_mixin.py:188} INFO - Downloaded MSFT/1771221523.json
[2026-02-16T06:18:35.325+0000] {logging_mixin.py:188} INFO - Downloaded MSFT/1771221534.json
[2026-02-16T06:18:35.337+0000] {logging_mixin.py:188} INFO - Downloaded MSFT/1771221546.json
[2026-02-16T06:18:35.349+0000] {logging_mixin.py:188} INFO - Downloaded MSFT/1771221558.json
[2026-02-16T06:18:35.388+0000] {logging_mixin.py:188} INFO - Downloaded MSFT/1771221569.json
[2026-02-16T06:18:35.397+0000] {logging_mixin.py:188} INFO - Downloaded MSFT/1771221581.json
[2026-02-16T06:18:35.406+0000] {logging_mixin.py:188} INFO - Downloaded MSFT/1771221593.json
[2026-02-16T06:18:35.417+0000] {logging_mixin.py:188} INFO - Downloaded MSFT/1771221604.json
[2026-02-16T06:18:35.425+0000] {logging_mixin.py:188} INFO - Downloaded MSFT/1771221616.json
[2026-02-16T06:18:35.434+0000] {logging_mixin.py:188} INFO - Downloaded MSFT/1771221628.json
[2026-02-16T06:18:35.446+0000] {logging_mixin.py:188} INFO - Downloaded MSFT/1771221640.json
[2026-02-16T06:18:35.455+0000] {logging_mixin.py:188} INFO - Downloaded MSFT/1771221651.json
[2026-02-16T06:18:35.465+0000] {logging_mixin.py:188} INFO - Downloaded MSFT/1771221663.json
[2026-02-16T06:18:35.474+0000] {logging_mixin.py:188} INFO - Downloaded MSFT/1771221675.json
[2026-02-16T06:18:35.500+0000] {logging_mixin.py:188} INFO - Downloaded MSFT/1771221687.json
[2026-02-16T06:18:35.509+0000] {logging_mixin.py:188} INFO - Downloaded MSFT/1771221698.json
[2026-02-16T06:18:35.521+0000] {logging_mixin.py:188} INFO - Downloaded MSFT/1771221710.json
[2026-02-16T06:18:35.532+0000] {logging_mixin.py:188} INFO - Downloaded MSFT/1771221722.json
[2026-02-16T06:18:35.541+0000] {logging_mixin.py:188} INFO - Downloaded MSFT/1771221734.json
[2026-02-16T06:18:35.555+0000] {logging_mixin.py:188} INFO - Downloaded MSFT/1771221746.json
[2026-02-16T06:18:35.569+0000] {logging_mixin.py:188} INFO - Downloaded MSFT/1771221758.json
[2026-02-16T06:18:35.597+0000] {logging_mixin.py:188} INFO - Downloaded MSFT/1771221769.json
[2026-02-16T06:18:35.611+0000] {logging_mixin.py:188} INFO - Downloaded MSFT/1771221781.json
[2026-02-16T06:18:35.626+0000] {logging_mixin.py:188} INFO - Downloaded MSFT/1771221797.json
[2026-02-16T06:18:35.643+0000] {logging_mixin.py:188} INFO - Downloaded MSFT/1771221808.json
[2026-02-16T06:18:35.657+0000] {logging_mixin.py:188} INFO - Downloaded MSFT/1771221821.json
[2026-02-16T06:18:35.667+0000] {logging_mixin.py:188} INFO - Downloaded MSFT/1771221832.json
[2026-02-16T06:18:35.679+0000] {logging_mixin.py:188} INFO - Downloaded MSFT/1771221848.json
[2026-02-16T06:18:35.688+0000] {logging_mixin.py:188} INFO - Downloaded MSFT/1771221859.json
[2026-02-16T06:18:35.700+0000] {logging_mixin.py:188} INFO - Downloaded MSFT/1771221872.json
[2026-02-16T06:18:35.710+0000] {logging_mixin.py:188} INFO - Downloaded MSFT/1771221884.json
[2026-02-16T06:18:35.720+0000] {logging_mixin.py:188} INFO - Downloaded MSFT/1771221896.json
[2026-02-16T06:18:35.730+0000] {logging_mixin.py:188} INFO - Downloaded MSFT/1771221907.json
[2026-02-16T06:18:35.748+0000] {logging_mixin.py:188} INFO - Downloaded MSFT/1771221919.json
[2026-02-16T06:18:35.759+0000] {logging_mixin.py:188} INFO - Downloaded MSFT/1771221931.json
[2026-02-16T06:18:35.770+0000] {logging_mixin.py:188} INFO - Downloaded MSFT/1771221942.json
[2026-02-16T06:18:35.794+0000] {logging_mixin.py:188} INFO - Downloaded MSFT/1771221954.json
[2026-02-16T06:18:35.814+0000] {logging_mixin.py:188} INFO - Downloaded MSFT/1771221966.json
[2026-02-16T06:18:35.830+0000] {logging_mixin.py:188} INFO - Downloaded MSFT/1771221978.json
[2026-02-16T06:18:35.865+0000] {logging_mixin.py:188} INFO - Downloaded MSFT/1771222021.json
[2026-02-16T06:18:35.887+0000] {logging_mixin.py:188} INFO - Downloaded MSFT/1771222105.json
[2026-02-16T06:18:35.903+0000] {logging_mixin.py:188} INFO - Downloaded MSFT/1771222117.json
[2026-02-16T06:18:35.982+0000] {logging_mixin.py:188} INFO - Downloaded MSFT/1771222128.json
[2026-02-16T06:18:35.999+0000] {logging_mixin.py:188} INFO - Downloaded MSFT/1771222140.json
[2026-02-16T06:18:36.038+0000] {logging_mixin.py:188} INFO - Downloaded MSFT/1771222153.json
[2026-02-16T06:18:36.056+0000] {logging_mixin.py:188} INFO - Downloaded MSFT/1771222195.json
[2026-02-16T06:18:36.072+0000] {logging_mixin.py:188} INFO - Downloaded MSFT/1771222207.json
[2026-02-16T06:18:36.113+0000] {logging_mixin.py:188} INFO - Downloaded MSFT/1771222218.json
[2026-02-16T06:18:36.143+0000] {logging_mixin.py:188} INFO - Downloaded MSFT/1771222230.json
[2026-02-16T06:18:36.253+0000] {logging_mixin.py:188} INFO - Downloaded MSFT/1771222242.json
[2026-02-16T06:18:36.264+0000] {logging_mixin.py:188} INFO - Downloaded MSFT/1771222253.json
[2026-02-16T06:18:36.272+0000] {logging_mixin.py:188} INFO - Downloaded MSFT/1771222264.json
[2026-02-16T06:18:36.282+0000] {logging_mixin.py:188} INFO - Downloaded MSFT/1771222276.json
[2026-02-16T06:18:36.293+0000] {logging_mixin.py:188} INFO - Downloaded MSFT/1771222287.json
[2026-02-16T06:18:36.305+0000] {logging_mixin.py:188} INFO - Downloaded MSFT/1771222299.json
[2026-02-16T06:18:36.315+0000] {logging_mixin.py:188} INFO - Downloaded MSFT/1771222310.json
[2026-02-16T06:18:36.327+0000] {logging_mixin.py:188} INFO - Downloaded MSFT/1771222321.json
[2026-02-16T06:18:36.339+0000] {logging_mixin.py:188} INFO - Downloaded MSFT/1771222333.json
[2026-02-16T06:18:36.350+0000] {logging_mixin.py:188} INFO - Downloaded MSFT/1771222345.json
[2026-02-16T06:18:36.359+0000] {logging_mixin.py:188} INFO - Downloaded MSFT/1771222356.json
[2026-02-16T06:18:36.368+0000] {logging_mixin.py:188} INFO - Downloaded MSFT/1771222368.json
[2026-02-16T06:18:36.378+0000] {logging_mixin.py:188} INFO - Downloaded MSFT/1771222378.json
[2026-02-16T06:18:36.389+0000] {logging_mixin.py:188} INFO - Downloaded MSFT/1771222389.json
[2026-02-16T06:18:36.400+0000] {logging_mixin.py:188} INFO - Downloaded MSFT/1771222401.json
[2026-02-16T06:18:36.410+0000] {logging_mixin.py:188} INFO - Downloaded MSFT/1771222413.json
[2026-02-16T06:18:36.422+0000] {logging_mixin.py:188} INFO - Downloaded MSFT/1771222452.json
[2026-02-16T06:18:36.434+0000] {logging_mixin.py:188} INFO - Downloaded MSFT/1771222464.json
[2026-02-16T06:18:36.444+0000] {logging_mixin.py:188} INFO - Downloaded MSFT/1771222477.json
[2026-02-16T06:18:36.471+0000] {logging_mixin.py:188} INFO - Downloaded MSFT/1771222519.json
[2026-02-16T06:18:36.482+0000] {logging_mixin.py:188} INFO - Downloaded MSFT/1771222533.json
[2026-02-16T06:18:36.491+0000] {logging_mixin.py:188} INFO - Downloaded MSFT/1771222546.json
[2026-02-16T06:18:36.500+0000] {logging_mixin.py:188} INFO - Downloaded MSFT/1771222559.json
[2026-02-16T06:18:36.509+0000] {logging_mixin.py:188} INFO - Downloaded MSFT/1771222570.json
[2026-02-16T06:18:36.517+0000] {logging_mixin.py:188} INFO - Downloaded MSFT/1771222582.json
[2026-02-16T06:18:36.527+0000] {logging_mixin.py:188} INFO - Downloaded MSFT/1771222594.json
[2026-02-16T06:18:36.540+0000] {logging_mixin.py:188} INFO - Downloaded MSFT/1771222606.json
[2026-02-16T06:18:36.550+0000] {logging_mixin.py:188} INFO - Downloaded MSFT/1771222618.json
[2026-02-16T06:18:36.560+0000] {logging_mixin.py:188} INFO - Downloaded MSFT/1771222631.json
[2026-02-16T06:18:36.584+0000] {logging_mixin.py:188} INFO - Downloaded MSFT/1771222648.json
[2026-02-16T06:18:36.598+0000] {logging_mixin.py:188} INFO - Downloaded MSFT/1771222697.json
[2026-02-16T06:18:36.615+0000] {logging_mixin.py:188} INFO - Downloaded TSLA/1771221449.json
[2026-02-16T06:18:36.630+0000] {logging_mixin.py:188} INFO - Downloaded TSLA/1771221461.json
[2026-02-16T06:18:36.643+0000] {logging_mixin.py:188} INFO - Downloaded TSLA/1771221473.json
[2026-02-16T06:18:36.654+0000] {logging_mixin.py:188} INFO - Downloaded TSLA/1771221485.json
[2026-02-16T06:18:36.683+0000] {logging_mixin.py:188} INFO - Downloaded TSLA/1771221498.json
[2026-02-16T06:18:36.698+0000] {logging_mixin.py:188} INFO - Downloaded TSLA/1771221511.json
[2026-02-16T06:18:36.714+0000] {logging_mixin.py:188} INFO - Downloaded TSLA/1771221524.json
[2026-02-16T06:18:36.734+0000] {logging_mixin.py:188} INFO - Downloaded TSLA/1771221535.json
[2026-02-16T06:18:36.751+0000] {logging_mixin.py:188} INFO - Downloaded TSLA/1771221547.json
[2026-02-16T06:18:36.768+0000] {logging_mixin.py:188} INFO - Downloaded TSLA/1771221559.json
[2026-02-16T06:18:36.784+0000] {logging_mixin.py:188} INFO - Downloaded TSLA/1771221570.json
[2026-02-16T06:18:36.793+0000] {logging_mixin.py:188} INFO - Downloaded TSLA/1771221582.json
[2026-02-16T06:18:36.805+0000] {logging_mixin.py:188} INFO - Downloaded TSLA/1771221594.json
[2026-02-16T06:18:36.813+0000] {logging_mixin.py:188} INFO - Downloaded TSLA/1771221605.json
[2026-02-16T06:18:36.826+0000] {logging_mixin.py:188} INFO - Downloaded TSLA/1771221617.json
[2026-02-16T06:18:36.835+0000] {logging_mixin.py:188} INFO - Downloaded TSLA/1771221629.json
[2026-02-16T06:18:36.848+0000] {logging_mixin.py:188} INFO - Downloaded TSLA/1771221641.json
[2026-02-16T06:18:36.864+0000] {logging_mixin.py:188} INFO - Downloaded TSLA/1771221652.json
[2026-02-16T06:18:36.889+0000] {logging_mixin.py:188} INFO - Downloaded TSLA/1771221664.json
[2026-02-16T06:18:36.900+0000] {logging_mixin.py:188} INFO - Downloaded TSLA/1771221676.json
[2026-02-16T06:18:36.909+0000] {logging_mixin.py:188} INFO - Downloaded TSLA/1771221688.json
[2026-02-16T06:18:36.918+0000] {logging_mixin.py:188} INFO - Downloaded TSLA/1771221700.json
[2026-02-16T06:18:36.927+0000] {logging_mixin.py:188} INFO - Downloaded TSLA/1771221711.json
[2026-02-16T06:18:36.942+0000] {logging_mixin.py:188} INFO - Downloaded TSLA/1771221723.json
[2026-02-16T06:18:36.953+0000] {logging_mixin.py:188} INFO - Downloaded TSLA/1771221735.json
[2026-02-16T06:18:36.963+0000] {logging_mixin.py:188} INFO - Downloaded TSLA/1771221747.json
[2026-02-16T06:18:36.978+0000] {logging_mixin.py:188} INFO - Downloaded TSLA/1771221759.json
[2026-02-16T06:18:36.995+0000] {logging_mixin.py:188} INFO - Downloaded TSLA/1771221770.json
[2026-02-16T06:18:37.012+0000] {logging_mixin.py:188} INFO - Downloaded TSLA/1771221782.json
[2026-02-16T06:18:37.026+0000] {logging_mixin.py:188} INFO - Downloaded TSLA/1771221798.json
[2026-02-16T06:18:37.049+0000] {logging_mixin.py:188} INFO - Downloaded TSLA/1771221810.json
[2026-02-16T06:18:37.064+0000] {logging_mixin.py:188} INFO - Downloaded TSLA/1771221822.json
[2026-02-16T06:18:37.076+0000] {logging_mixin.py:188} INFO - Downloaded TSLA/1771221834.json
[2026-02-16T06:18:37.093+0000] {logging_mixin.py:188} INFO - Downloaded TSLA/1771221849.json
[2026-02-16T06:18:37.123+0000] {logging_mixin.py:188} INFO - Downloaded TSLA/1771221861.json
[2026-02-16T06:18:37.133+0000] {logging_mixin.py:188} INFO - Downloaded TSLA/1771221873.json
[2026-02-16T06:18:37.146+0000] {logging_mixin.py:188} INFO - Downloaded TSLA/1771221885.json
[2026-02-16T06:18:37.162+0000] {logging_mixin.py:188} INFO - Downloaded TSLA/1771221897.json
[2026-02-16T06:18:37.174+0000] {logging_mixin.py:188} INFO - Downloaded TSLA/1771221908.json
[2026-02-16T06:18:37.187+0000] {logging_mixin.py:188} INFO - Downloaded TSLA/1771221920.json
[2026-02-16T06:18:37.197+0000] {logging_mixin.py:188} INFO - Downloaded TSLA/1771221932.json
[2026-02-16T06:18:37.207+0000] {logging_mixin.py:188} INFO - Downloaded TSLA/1771221943.json
[2026-02-16T06:18:37.217+0000] {logging_mixin.py:188} INFO - Downloaded TSLA/1771221955.json
[2026-02-16T06:18:37.227+0000] {logging_mixin.py:188} INFO - Downloaded TSLA/1771221967.json
[2026-02-16T06:18:37.294+0000] {logging_mixin.py:188} INFO - Downloaded TSLA/1771221979.json
[2026-02-16T06:18:37.304+0000] {logging_mixin.py:188} INFO - Downloaded TSLA/1771222053.json
[2026-02-16T06:18:37.315+0000] {logging_mixin.py:188} INFO - Downloaded TSLA/1771222106.json
[2026-02-16T06:18:37.325+0000] {logging_mixin.py:188} INFO - Downloaded TSLA/1771222118.json
[2026-02-16T06:18:37.335+0000] {logging_mixin.py:188} INFO - Downloaded TSLA/1771222129.json
[2026-02-16T06:18:37.347+0000] {logging_mixin.py:188} INFO - Downloaded TSLA/1771222142.json
[2026-02-16T06:18:37.356+0000] {logging_mixin.py:188} INFO - Downloaded TSLA/1771222154.json
[2026-02-16T06:18:37.365+0000] {logging_mixin.py:188} INFO - Downloaded TSLA/1771222196.json
[2026-02-16T06:18:37.380+0000] {logging_mixin.py:188} INFO - Downloaded TSLA/1771222208.json
[2026-02-16T06:18:37.390+0000] {logging_mixin.py:188} INFO - Downloaded TSLA/1771222220.json
[2026-02-16T06:18:37.399+0000] {logging_mixin.py:188} INFO - Downloaded TSLA/1771222231.json
[2026-02-16T06:18:37.409+0000] {logging_mixin.py:188} INFO - Downloaded TSLA/1771222243.json
[2026-02-16T06:18:37.421+0000] {logging_mixin.py:188} INFO - Downloaded TSLA/1771222254.json
[2026-02-16T06:18:37.431+0000] {logging_mixin.py:188} INFO - Downloaded TSLA/1771222266.json
[2026-02-16T06:18:37.441+0000] {logging_mixin.py:188} INFO - Downloaded TSLA/1771222277.json
[2026-02-16T06:18:37.451+0000] {logging_mixin.py:188} INFO - Downloaded TSLA/1771222289.json
[2026-02-16T06:18:37.461+0000] {logging_mixin.py:188} INFO - Downloaded TSLA/1771222300.json
[2026-02-16T06:18:37.472+0000] {logging_mixin.py:188} INFO - Downloaded TSLA/1771222311.json
[2026-02-16T06:18:37.483+0000] {logging_mixin.py:188} INFO - Downloaded TSLA/1771222322.json
[2026-02-16T06:18:37.510+0000] {logging_mixin.py:188} INFO - Downloaded TSLA/1771222334.json
[2026-02-16T06:18:37.520+0000] {logging_mixin.py:188} INFO - Downloaded TSLA/1771222346.json
[2026-02-16T06:18:37.536+0000] {logging_mixin.py:188} INFO - Downloaded TSLA/1771222357.json
[2026-02-16T06:18:37.548+0000] {logging_mixin.py:188} INFO - Downloaded TSLA/1771222369.json
[2026-02-16T06:18:37.562+0000] {logging_mixin.py:188} INFO - Downloaded TSLA/1771222379.json
[2026-02-16T06:18:37.572+0000] {logging_mixin.py:188} INFO - Downloaded TSLA/1771222390.json
[2026-02-16T06:18:37.582+0000] {logging_mixin.py:188} INFO - Downloaded TSLA/1771222402.json
[2026-02-16T06:18:37.608+0000] {logging_mixin.py:188} INFO - Downloaded TSLA/1771222414.json
[2026-02-16T06:18:37.617+0000] {logging_mixin.py:188} INFO - Downloaded TSLA/1771222454.json
[2026-02-16T06:18:37.627+0000] {logging_mixin.py:188} INFO - Downloaded TSLA/1771222465.json
[2026-02-16T06:18:37.636+0000] {logging_mixin.py:188} INFO - Downloaded TSLA/1771222478.json
[2026-02-16T06:18:37.645+0000] {logging_mixin.py:188} INFO - Downloaded TSLA/1771222522.json
[2026-02-16T06:18:37.659+0000] {logging_mixin.py:188} INFO - Downloaded TSLA/1771222534.json
[2026-02-16T06:18:37.670+0000] {logging_mixin.py:188} INFO - Downloaded TSLA/1771222547.json
[2026-02-16T06:18:37.680+0000] {logging_mixin.py:188} INFO - Downloaded TSLA/1771222560.json
[2026-02-16T06:18:37.716+0000] {logging_mixin.py:188} INFO - Downloaded TSLA/1771222572.json
[2026-02-16T06:18:37.725+0000] {logging_mixin.py:188} INFO - Downloaded TSLA/1771222583.json
[2026-02-16T06:18:37.734+0000] {logging_mixin.py:188} INFO - Downloaded TSLA/1771222595.json
[2026-02-16T06:18:37.744+0000] {logging_mixin.py:188} INFO - Downloaded TSLA/1771222607.json
[2026-02-16T06:18:37.753+0000] {logging_mixin.py:188} INFO - Downloaded TSLA/1771222619.json
[2026-02-16T06:18:37.762+0000] {logging_mixin.py:188} INFO - Downloaded TSLA/1771222633.json
[2026-02-16T06:18:37.777+0000] {logging_mixin.py:188} INFO - Downloaded TSLA/1771222658.json
[2026-02-16T06:18:37.790+0000] {logging_mixin.py:188} INFO - Downloaded TSLA/1771222698.json
[2026-02-16T06:18:37.790+0000] {python.py:237} INFO - Done. Returned value was: ['/opt/***/data/minio/1771221446.json', '/opt/***/data/minio/1771221459.json', '/opt/***/data/minio/1771221471.json', '/opt/***/data/minio/1771221483.json', '/opt/***/data/minio/1771221496.json', '/opt/***/data/minio/1771221508.json', '/opt/***/data/minio/1771221522.json', '/opt/***/data/minio/1771221533.json', '/opt/***/data/minio/1771221545.json', '/opt/***/data/minio/1771221557.json', '/opt/***/data/minio/1771221568.json', '/opt/***/data/minio/1771221580.json', '/opt/***/data/minio/1771221592.json', '/opt/***/data/minio/1771221603.json', '/opt/***/data/minio/1771221615.json', '/opt/***/data/minio/1771221627.json', '/opt/***/data/minio/1771221639.json', '/opt/***/data/minio/1771221650.json', '/opt/***/data/minio/1771221661.json', '/opt/***/data/minio/1771221673.json', '/opt/***/data/minio/1771221686.json', '/opt/***/data/minio/1771221698.json', '/opt/***/data/minio/1771221709.json', '/opt/***/data/minio/1771221720.json', '/opt/***/data/minio/1771221733.json', '/opt/***/data/minio/1771221744.json', '/opt/***/data/minio/1771221757.json', '/opt/***/data/minio/1771221768.json', '/opt/***/data/minio/1771221779.json', '/opt/***/data/minio/1771221792.json', '/opt/***/data/minio/1771221807.json', '/opt/***/data/minio/1771221820.json', '/opt/***/data/minio/1771221831.json', '/opt/***/data/minio/1771221843.json', '/opt/***/data/minio/1771221858.json', '/opt/***/data/minio/1771221871.json', '/opt/***/data/minio/1771221883.json', '/opt/***/data/minio/1771221895.json', '/opt/***/data/minio/1771221906.json', '/opt/***/data/minio/1771221918.json', '/opt/***/data/minio/1771221930.json', '/opt/***/data/minio/1771221941.json', '/opt/***/data/minio/1771221953.json', '/opt/***/data/minio/1771221965.json', '/opt/***/data/minio/1771221976.json', '/opt/***/data/minio/1771221988.json', '/opt/***/data/minio/1771222104.json', '/opt/***/data/minio/1771222116.json', '/opt/***/data/minio/1771222127.json', '/opt/***/data/minio/1771222139.json', '/opt/***/data/minio/1771222151.json', '/opt/***/data/minio/1771222164.json', '/opt/***/data/minio/1771222205.json', '/opt/***/data/minio/1771222217.json', '/opt/***/data/minio/1771222230.json', '/opt/***/data/minio/1771222241.json', '/opt/***/data/minio/1771222252.json', '/opt/***/data/minio/1771222263.json', '/opt/***/data/minio/1771222275.json', '/opt/***/data/minio/1771222286.json', '/opt/***/data/minio/1771222298.json', '/opt/***/data/minio/1771222309.json', '/opt/***/data/minio/1771222320.json', '/opt/***/data/minio/1771222331.json', '/opt/***/data/minio/1771222344.json', '/opt/***/data/minio/1771222355.json', '/opt/***/data/minio/1771222367.json', '/opt/***/data/minio/1771222377.json', '/opt/***/data/minio/1771222388.json', '/opt/***/data/minio/1771222400.json', '/opt/***/data/minio/1771222412.json', '/opt/***/data/minio/1771222451.json', '/opt/***/data/minio/1771222463.json', '/opt/***/data/minio/1771222476.json', '/opt/***/data/minio/1771222487.json', '/opt/***/data/minio/1771222532.json', '/opt/***/data/minio/1771222545.json', '/opt/***/data/minio/1771222557.json', '/opt/***/data/minio/1771222569.json', '/opt/***/data/minio/1771222581.json', '/opt/***/data/minio/1771222592.json', '/opt/***/data/minio/1771222604.json', '/opt/***/data/minio/1771222617.json', '/opt/***/data/minio/1771222630.json', '/opt/***/data/minio/1771222645.json', '/opt/***/data/minio/1771222694.json', '/opt/***/data/minio/1771221451.json', '/opt/***/data/minio/1771221463.json', '/opt/***/data/minio/1771221476.json', '/opt/***/data/minio/1771221489.json', '/opt/***/data/minio/1771221501.json', '/opt/***/data/minio/1771221513.json', '/opt/***/data/minio/1771221526.json', '/opt/***/data/minio/1771221538.json', '/opt/***/data/minio/1771221550.json', '/opt/***/data/minio/1771221561.json', '/opt/***/data/minio/1771221573.json', '/opt/***/data/minio/1771221585.json', '/opt/***/data/minio/1771221596.json', '/opt/***/data/minio/1771221608.json', '/opt/***/data/minio/1771221620.json', '/opt/***/data/minio/1771221631.json', '/opt/***/data/minio/1771221643.json', '/opt/***/data/minio/1771221654.json', '/opt/***/data/minio/1771221666.json', '/opt/***/data/minio/1771221678.json', '/opt/***/data/minio/1771221690.json', '/opt/***/data/minio/1771221702.json', '/opt/***/data/minio/1771221713.json', '/opt/***/data/minio/1771221726.json', '/opt/***/data/minio/1771221737.json', '/opt/***/data/minio/1771221750.json', '/opt/***/data/minio/1771221761.json', '/opt/***/data/minio/1771221772.json', '/opt/***/data/minio/1771221784.json', '/opt/***/data/minio/1771221800.json', '/opt/***/data/minio/1771221812.json', '/opt/***/data/minio/1771221824.json', '/opt/***/data/minio/1771221836.json', '/opt/***/data/minio/1771221851.json', '/opt/***/data/minio/1771221864.json', '/opt/***/data/minio/1771221875.json', '/opt/***/data/minio/1771221887.json', '/opt/***/data/minio/1771221899.json', '/opt/***/data/minio/1771221911.json', '/opt/***/data/minio/1771221923.json', '/opt/***/data/minio/1771221934.json', '/opt/***/data/minio/1771221946.json', '/opt/***/data/minio/1771221957.json', '/opt/***/data/minio/1771221969.json', '/opt/***/data/minio/1771221981.json', '/opt/***/data/minio/1771222097.json', '/opt/***/data/minio/1771222108.json', '/opt/***/data/minio/1771222120.json', '/opt/***/data/minio/1771222132.json', '/opt/***/data/minio/1771222144.json', '/opt/***/data/minio/1771222157.json', '/opt/***/data/minio/1771222198.json', '/opt/***/data/minio/1771222210.json', '/opt/***/data/minio/1771222223.json', '/opt/***/data/minio/1771222233.json', '/opt/***/data/minio/1771222245.json', '/opt/***/data/minio/1771222256.json', '/opt/***/data/minio/1771222268.json', '/opt/***/data/minio/1771222279.json', '/opt/***/data/minio/1771222291.json', '/opt/***/data/minio/1771222302.json', '/opt/***/data/minio/1771222313.json', '/opt/***/data/minio/1771222324.json', '/opt/***/data/minio/1771222336.json', '/opt/***/data/minio/1771222348.json', '/opt/***/data/minio/1771222359.json', '/opt/***/data/minio/1771222370.json', '/opt/***/data/minio/1771222381.json', '/opt/***/data/minio/1771222393.json', '/opt/***/data/minio/1771222404.json', '/opt/***/data/minio/1771222444.json', '/opt/***/data/minio/1771222456.json', '/opt/***/data/minio/1771222467.json', '/opt/***/data/minio/1771222480.json', '/opt/***/data/minio/1771222525.json', '/opt/***/data/minio/1771222537.json', '/opt/***/data/minio/1771222550.json', '/opt/***/data/minio/1771222562.json', '/opt/***/data/minio/1771222574.json', '/opt/***/data/minio/1771222585.json', '/opt/***/data/minio/1771222597.json', '/opt/***/data/minio/1771222610.json', '/opt/***/data/minio/1771222623.json', '/opt/***/data/minio/1771222636.json', '/opt/***/data/minio/1771222686.json', '/opt/***/data/minio/1771222702.json', '/opt/***/data/minio/1771221450.json', '/opt/***/data/minio/1771221462.json', '/opt/***/data/minio/1771221475.json', '/opt/***/data/minio/1771221488.json', '/opt/***/data/minio/1771221500.json', '/opt/***/data/minio/1771221512.json', '/opt/***/data/minio/1771221525.json', '/opt/***/data/minio/1771221537.json', '/opt/***/data/minio/1771221549.json', '/opt/***/data/minio/1771221560.json', '/opt/***/data/minio/1771221571.json', '/opt/***/data/minio/1771221583.json', '/opt/***/data/minio/1771221595.json', '/opt/***/data/minio/1771221607.json', '/opt/***/data/minio/1771221619.json', '/opt/***/data/minio/1771221630.json', '/opt/***/data/minio/1771221642.json', '/opt/***/data/minio/1771221653.json', '/opt/***/data/minio/1771221665.json', '/opt/***/data/minio/1771221677.json', '/opt/***/data/minio/1771221689.json', '/opt/***/data/minio/1771221701.json', '/opt/***/data/minio/1771221712.json', '/opt/***/data/minio/1771221724.json', '/opt/***/data/minio/1771221736.json', '/opt/***/data/minio/1771221748.json', '/opt/***/data/minio/1771221760.json', '/opt/***/data/minio/1771221771.json', '/opt/***/data/minio/1771221783.json', '/opt/***/data/minio/1771221799.json', '/opt/***/data/minio/1771221811.json', '/opt/***/data/minio/1771221823.json', '/opt/***/data/minio/1771221835.json', '/opt/***/data/minio/1771221850.json', '/opt/***/data/minio/1771221862.json', '/opt/***/data/minio/1771221874.json', '/opt/***/data/minio/1771221886.json', '/opt/***/data/minio/1771221898.json', '/opt/***/data/minio/1771221910.json', '/opt/***/data/minio/1771221921.json', '/opt/***/data/minio/1771221933.json', '/opt/***/data/minio/1771221945.json', '/opt/***/data/minio/1771221957.json', '/opt/***/data/minio/1771221968.json', '/opt/***/data/minio/1771221980.json', '/opt/***/data/minio/1771222084.json', '/opt/***/data/minio/1771222107.json', '/opt/***/data/minio/1771222119.json', '/opt/***/data/minio/1771222131.json', '/opt/***/data/minio/1771222143.json', '/opt/***/data/minio/1771222156.json', '/opt/***/data/minio/1771222197.json', '/opt/***/data/minio/1771222209.json', '/opt/***/data/minio/1771222221.json', '/opt/***/data/minio/1771222232.json', '/opt/***/data/minio/1771222244.json', '/opt/***/data/minio/1771222255.json', '/opt/***/data/minio/1771222267.json', '/opt/***/data/minio/1771222278.json', '/opt/***/data/minio/1771222290.json', '/opt/***/data/minio/1771222301.json', '/opt/***/data/minio/1771222312.json', '/opt/***/data/minio/1771222323.json', '/opt/***/data/minio/1771222335.json', '/opt/***/data/minio/1771222347.json', '/opt/***/data/minio/1771222358.json', '/opt/***/data/minio/1771222370.json', '/opt/***/data/minio/1771222380.json', '/opt/***/data/minio/1771222392.json', '/opt/***/data/minio/1771222403.json', '/opt/***/data/minio/1771222443.json', '/opt/***/data/minio/1771222455.json', '/opt/***/data/minio/1771222466.json', '/opt/***/data/minio/1771222479.json', '/opt/***/data/minio/1771222523.json', '/opt/***/data/minio/1771222535.json', '/opt/***/data/minio/1771222548.json', '/opt/***/data/minio/1771222561.json', '/opt/***/data/minio/1771222573.json', '/opt/***/data/minio/1771222584.json', '/opt/***/data/minio/1771222596.json', '/opt/***/data/minio/1771222608.json', '/opt/***/data/minio/1771222621.json', '/opt/***/data/minio/1771222634.json', '/opt/***/data/minio/1771222675.json', '/opt/***/data/minio/1771222701.json', '/opt/***/data/minio/1771221448.json', '/opt/***/data/minio/1771221460.json', '/opt/***/data/minio/1771221472.json', '/opt/***/data/minio/1771221484.json', '/opt/***/data/minio/1771221497.json', '/opt/***/data/minio/1771221509.json', '/opt/***/data/minio/1771221523.json', '/opt/***/data/minio/1771221534.json', '/opt/***/data/minio/1771221546.json', '/opt/***/data/minio/1771221558.json', '/opt/***/data/minio/1771221569.json', '/opt/***/data/minio/1771221581.json', '/opt/***/data/minio/1771221593.json', '/opt/***/data/minio/1771221604.json', '/opt/***/data/minio/1771221616.json', '/opt/***/data/minio/1771221628.json', '/opt/***/data/minio/1771221640.json', '/opt/***/data/minio/1771221651.json', '/opt/***/data/minio/1771221663.json', '/opt/***/data/minio/1771221675.json', '/opt/***/data/minio/1771221687.json', '/opt/***/data/minio/1771221698.json', '/opt/***/data/minio/1771221710.json', '/opt/***/data/minio/1771221722.json', '/opt/***/data/minio/1771221734.json', '/opt/***/data/minio/1771221746.json', '/opt/***/data/minio/1771221758.json', '/opt/***/data/minio/1771221769.json', '/opt/***/data/minio/1771221781.json', '/opt/***/data/minio/1771221797.json', '/opt/***/data/minio/1771221808.json', '/opt/***/data/minio/1771221821.json', '/opt/***/data/minio/1771221832.json', '/opt/***/data/minio/1771221848.json', '/opt/***/data/minio/1771221859.json', '/opt/***/data/minio/1771221872.json', '/opt/***/data/minio/1771221884.json', '/opt/***/data/minio/1771221896.json', '/opt/***/data/minio/1771221907.json', '/opt/***/data/minio/1771221919.json', '/opt/***/data/minio/1771221931.json', '/opt/***/data/minio/1771221942.json', '/opt/***/data/minio/1771221954.json', '/opt/***/data/minio/1771221966.json', '/opt/***/data/minio/1771221978.json', '/opt/***/data/minio/1771222021.json', '/opt/***/data/minio/1771222105.json', '/opt/***/data/minio/1771222117.json', '/opt/***/data/minio/1771222128.json', '/opt/***/data/minio/1771222140.json', '/opt/***/data/minio/1771222153.json', '/opt/***/data/minio/1771222195.json', '/opt/***/data/minio/1771222207.json', '/opt/***/data/minio/1771222218.json', '/opt/***/data/minio/1771222230.json', '/opt/***/data/minio/1771222242.json', '/opt/***/data/minio/1771222253.json', '/opt/***/data/minio/1771222264.json', '/opt/***/data/minio/1771222276.json', '/opt/***/data/minio/1771222287.json', '/opt/***/data/minio/1771222299.json', '/opt/***/data/minio/1771222310.json', '/opt/***/data/minio/1771222321.json', '/opt/***/data/minio/1771222333.json', '/opt/***/data/minio/1771222345.json', '/opt/***/data/minio/1771222356.json', '/opt/***/data/minio/1771222368.json', '/opt/***/data/minio/1771222378.json', '/opt/***/data/minio/1771222389.json', '/opt/***/data/minio/1771222401.json', '/opt/***/data/minio/1771222413.json', '/opt/***/data/minio/1771222452.json', '/opt/***/data/minio/1771222464.json', '/opt/***/data/minio/1771222477.json', '/opt/***/data/minio/1771222519.json', '/opt/***/data/minio/1771222533.json', '/opt/***/data/minio/1771222546.json', '/opt/***/data/minio/1771222559.json', '/opt/***/data/minio/1771222570.json', '/opt/***/data/minio/1771222582.json', '/opt/***/data/minio/1771222594.json', '/opt/***/data/minio/1771222606.json', '/opt/***/data/minio/1771222618.json', '/opt/***/data/minio/1771222631.json', '/opt/***/data/minio/1771222648.json', '/opt/***/data/minio/1771222697.json', '/opt/***/data/minio/1771221449.json', '/opt/***/data/minio/1771221461.json', '/opt/***/data/minio/1771221473.json', '/opt/***/data/minio/1771221485.json', '/opt/***/data/minio/1771221498.json', '/opt/***/data/minio/1771221511.json', '/opt/***/data/minio/1771221524.json', '/opt/***/data/minio/1771221535.json', '/opt/***/data/minio/1771221547.json', '/opt/***/data/minio/1771221559.json', '/opt/***/data/minio/1771221570.json', '/opt/***/data/minio/1771221582.json', '/opt/***/data/minio/1771221594.json', '/opt/***/data/minio/1771221605.json', '/opt/***/data/minio/1771221617.json', '/opt/***/data/minio/1771221629.json', '/opt/***/data/minio/1771221641.json', '/opt/***/data/minio/1771221652.json', '/opt/***/data/minio/1771221664.json', '/opt/***/data/minio/1771221676.json', '/opt/***/data/minio/1771221688.json', '/opt/***/data/minio/1771221700.json', '/opt/***/data/minio/1771221711.json', '/opt/***/data/minio/1771221723.json', '/opt/***/data/minio/1771221735.json', '/opt/***/data/minio/1771221747.json', '/opt/***/data/minio/1771221759.json', '/opt/***/data/minio/1771221770.json', '/opt/***/data/minio/1771221782.json', '/opt/***/data/minio/1771221798.json', '/opt/***/data/minio/1771221810.json', '/opt/***/data/minio/1771221822.json', '/opt/***/data/minio/1771221834.json', '/opt/***/data/minio/1771221849.json', '/opt/***/data/minio/1771221861.json', '/opt/***/data/minio/1771221873.json', '/opt/***/data/minio/1771221885.json', '/opt/***/data/minio/1771221897.json', '/opt/***/data/minio/1771221908.json', '/opt/***/data/minio/1771221920.json', '/opt/***/data/minio/1771221932.json', '/opt/***/data/minio/1771221943.json', '/opt/***/data/minio/1771221955.json', '/opt/***/data/minio/1771221967.json', '/opt/***/data/minio/1771221979.json', '/opt/***/data/minio/1771222053.json', '/opt/***/data/minio/1771222106.json', '/opt/***/data/minio/1771222118.json', '/opt/***/data/minio/1771222129.json', '/opt/***/data/minio/1771222142.json', '/opt/***/data/minio/1771222154.json', '/opt/***/data/minio/1771222196.json', '/opt/***/data/minio/1771222208.json', '/opt/***/data/minio/1771222220.json', '/opt/***/data/minio/1771222231.json', '/opt/***/data/minio/1771222243.json', '/opt/***/data/minio/1771222254.json', '/opt/***/data/minio/1771222266.json', '/opt/***/data/minio/1771222277.json', '/opt/***/data/minio/1771222289.json', '/opt/***/data/minio/1771222300.json', '/opt/***/data/minio/1771222311.json', '/opt/***/data/minio/1771222322.json', '/opt/***/data/minio/1771222334.json', '/opt/***/data/minio/1771222346.json', '/opt/***/data/minio/1771222357.json', '/opt/***/data/minio/1771222369.json', '/opt/***/data/minio/1771222379.json', '/opt/***/data/minio/1771222390.json', '/opt/***/data/minio/1771222402.json', '/opt/***/data/minio/1771222414.json', '/opt/***/data/minio/1771222454.json', '/opt/***/data/minio/1771222465.json', '/opt/***/data/minio/1771222478.json', '/opt/***/data/minio/1771222522.json', '/opt/***/data/minio/1771222534.json', '/opt/***/data/minio/1771222547.json', '/opt/***/data/minio/1771222560.json', '/opt/***/data/minio/1771222572.json', '/opt/***/data/minio/1771222583.json', '/opt/***/data/minio/1771222595.json', '/opt/***/data/minio/1771222607.json', '/opt/***/data/minio/1771222619.json', '/opt/***/data/minio/1771222633.json', '/opt/***/data/minio/1771222658.json', '/opt/***/data/minio/1771222698.json']
[2026-02-16T06:18:37.797+0000] {taskinstance.py:441} INFO - ::group::Post task execution logs
[2026-02-16T06:18:37.902+0000] {taskinstance.py:1206} INFO - Marking task as SUCCESS. dag_id=minio_to_snowflake, task_id=download_minio, run_id=scheduled__2026-02-16T06:15:00+00:00, execution_date=20260216T061500, start_date=20260216T061642, end_date=20260216T061837
[2026-02-16T06:18:37.935+0000] {local_task_job_runner.py:243} INFO - Task exited with return code 0
[2026-02-16T06:18:37.967+0000] {taskinstance.py:3503} INFO - 1 downstream tasks scheduled from follow-on schedule check
[2026-02-16T06:18:37.971+0000] {local_task_job_runner.py:222} INFO - ::endgroup::
