[2026-02-16T06:10:07.305+0000] {local_task_job_runner.py:120} INFO - ::group::Pre task execution logs
[2026-02-16T06:10:07.530+0000] {taskinstance.py:2076} INFO - Dependencies all met for dep_context=non-requeueable deps ti=<TaskInstance: minio_to_snowflake.download_minio scheduled__2026-02-16T06:09:00+00:00 [queued]>
[2026-02-16T06:10:07.548+0000] {taskinstance.py:2076} INFO - Dependencies all met for dep_context=requeueable deps ti=<TaskInstance: minio_to_snowflake.download_minio scheduled__2026-02-16T06:09:00+00:00 [queued]>
[2026-02-16T06:10:07.550+0000] {taskinstance.py:2306} INFO - Starting attempt 1 of 2
[2026-02-16T06:10:07.581+0000] {taskinstance.py:2330} INFO - Executing <Task(PythonOperator): download_minio> on 2026-02-16 06:09:00+00:00
[2026-02-16T06:10:07.607+0000] {logging_mixin.py:188} WARNING - /home/***/.local/lib/python3.12/site-packages/***/task/task_runner/standard_task_runner.py:62 DeprecationWarning: This process (pid=5137) is multi-threaded, use of fork() may lead to deadlocks in the child.
[2026-02-16T06:10:07.611+0000] {standard_task_runner.py:64} INFO - Started process 5169 to run task
[2026-02-16T06:10:07.608+0000] {standard_task_runner.py:90} INFO - Running: ['***', 'tasks', 'run', 'minio_to_snowflake', 'download_minio', 'scheduled__2026-02-16T06:09:00+00:00', '--job-id', '1421', '--raw', '--subdir', 'DAGS_FOLDER/minio_to_snowflake.py', '--cfg-path', '/tmp/tmpgd1gzwip']
[2026-02-16T06:10:07.614+0000] {standard_task_runner.py:91} INFO - Job 1421: Subtask download_minio
[2026-02-16T06:10:07.792+0000] {task_command.py:426} INFO - Running <TaskInstance: minio_to_snowflake.download_minio scheduled__2026-02-16T06:09:00+00:00 [running]> on host 353dfeb821e2
[2026-02-16T06:10:08.098+0000] {taskinstance.py:2648} INFO - Exporting env vars: AIRFLOW_CTX_DAG_OWNER='***' AIRFLOW_CTX_DAG_ID='minio_to_snowflake' AIRFLOW_CTX_TASK_ID='download_minio' AIRFLOW_CTX_EXECUTION_DATE='2026-02-16T06:09:00+00:00' AIRFLOW_CTX_TRY_NUMBER='1' AIRFLOW_CTX_DAG_RUN_ID='scheduled__2026-02-16T06:09:00+00:00'
[2026-02-16T06:10:08.101+0000] {taskinstance.py:430} INFO - ::endgroup::
[2026-02-16T06:10:10.870+0000] {logging_mixin.py:188} INFO - Downloaded AAPL/1771221446.json
[2026-02-16T06:10:10.890+0000] {logging_mixin.py:188} INFO - Downloaded AAPL/1771221459.json
[2026-02-16T06:10:10.910+0000] {logging_mixin.py:188} INFO - Downloaded AAPL/1771221471.json
[2026-02-16T06:10:10.931+0000] {logging_mixin.py:188} INFO - Downloaded AAPL/1771221483.json
[2026-02-16T06:10:10.952+0000] {logging_mixin.py:188} INFO - Downloaded AAPL/1771221496.json
[2026-02-16T06:10:10.971+0000] {logging_mixin.py:188} INFO - Downloaded AAPL/1771221508.json
[2026-02-16T06:10:10.989+0000] {logging_mixin.py:188} INFO - Downloaded AAPL/1771221522.json
[2026-02-16T06:10:11.010+0000] {logging_mixin.py:188} INFO - Downloaded AAPL/1771221533.json
[2026-02-16T06:10:11.033+0000] {logging_mixin.py:188} INFO - Downloaded AAPL/1771221545.json
[2026-02-16T06:10:11.056+0000] {logging_mixin.py:188} INFO - Downloaded AAPL/1771221557.json
[2026-02-16T06:10:11.075+0000] {logging_mixin.py:188} INFO - Downloaded AAPL/1771221568.json
[2026-02-16T06:10:11.093+0000] {logging_mixin.py:188} INFO - Downloaded AAPL/1771221580.json
[2026-02-16T06:10:11.112+0000] {logging_mixin.py:188} INFO - Downloaded AAPL/1771221592.json
[2026-02-16T06:10:11.133+0000] {logging_mixin.py:188} INFO - Downloaded AAPL/1771221603.json
[2026-02-16T06:10:11.157+0000] {logging_mixin.py:188} INFO - Downloaded AAPL/1771221615.json
[2026-02-16T06:10:11.188+0000] {logging_mixin.py:188} INFO - Downloaded AAPL/1771221627.json
[2026-02-16T06:10:11.208+0000] {logging_mixin.py:188} INFO - Downloaded AAPL/1771221639.json
[2026-02-16T06:10:11.229+0000] {logging_mixin.py:188} INFO - Downloaded AAPL/1771221650.json
[2026-02-16T06:10:11.251+0000] {logging_mixin.py:188} INFO - Downloaded AAPL/1771221661.json
[2026-02-16T06:10:11.276+0000] {logging_mixin.py:188} INFO - Downloaded AAPL/1771221673.json
[2026-02-16T06:10:11.299+0000] {logging_mixin.py:188} INFO - Downloaded AAPL/1771221686.json
[2026-02-16T06:10:11.322+0000] {logging_mixin.py:188} INFO - Downloaded AAPL/1771221698.json
[2026-02-16T06:10:11.355+0000] {logging_mixin.py:188} INFO - Downloaded AAPL/1771221709.json
[2026-02-16T06:10:11.377+0000] {logging_mixin.py:188} INFO - Downloaded AAPL/1771221720.json
[2026-02-16T06:10:11.403+0000] {logging_mixin.py:188} INFO - Downloaded AAPL/1771221733.json
[2026-02-16T06:10:11.428+0000] {logging_mixin.py:188} INFO - Downloaded AAPL/1771221744.json
[2026-02-16T06:10:11.454+0000] {logging_mixin.py:188} INFO - Downloaded AAPL/1771221757.json
[2026-02-16T06:10:11.482+0000] {logging_mixin.py:188} INFO - Downloaded AAPL/1771221768.json
[2026-02-16T06:10:11.507+0000] {logging_mixin.py:188} INFO - Downloaded AAPL/1771221779.json
[2026-02-16T06:10:11.536+0000] {logging_mixin.py:188} INFO - Downloaded AAPL/1771221792.json
[2026-02-16T06:10:11.561+0000] {logging_mixin.py:188} INFO - Downloaded AAPL/1771221807.json
[2026-02-16T06:10:11.588+0000] {logging_mixin.py:188} INFO - Downloaded AAPL/1771221820.json
[2026-02-16T06:10:11.615+0000] {logging_mixin.py:188} INFO - Downloaded AAPL/1771221831.json
[2026-02-16T06:10:11.636+0000] {logging_mixin.py:188} INFO - Downloaded AAPL/1771221843.json
[2026-02-16T06:10:11.659+0000] {logging_mixin.py:188} INFO - Downloaded AAPL/1771221858.json
[2026-02-16T06:10:11.688+0000] {logging_mixin.py:188} INFO - Downloaded AAPL/1771221871.json
[2026-02-16T06:10:11.717+0000] {logging_mixin.py:188} INFO - Downloaded AAPL/1771221883.json
[2026-02-16T06:10:11.741+0000] {logging_mixin.py:188} INFO - Downloaded AAPL/1771221895.json
[2026-02-16T06:10:11.768+0000] {logging_mixin.py:188} INFO - Downloaded AAPL/1771221906.json
[2026-02-16T06:10:11.793+0000] {logging_mixin.py:188} INFO - Downloaded AAPL/1771221918.json
[2026-02-16T06:10:11.821+0000] {logging_mixin.py:188} INFO - Downloaded AAPL/1771221930.json
[2026-02-16T06:10:11.858+0000] {logging_mixin.py:188} INFO - Downloaded AAPL/1771221941.json
[2026-02-16T06:10:11.906+0000] {logging_mixin.py:188} INFO - Downloaded AAPL/1771221953.json
[2026-02-16T06:10:11.944+0000] {logging_mixin.py:188} INFO - Downloaded AAPL/1771221965.json
[2026-02-16T06:10:12.001+0000] {logging_mixin.py:188} INFO - Downloaded AAPL/1771221976.json
[2026-02-16T06:10:12.036+0000] {logging_mixin.py:188} INFO - Downloaded AAPL/1771221988.json
[2026-02-16T06:10:12.072+0000] {logging_mixin.py:188} INFO - Downloaded AAPL/1771222104.json
[2026-02-16T06:10:12.103+0000] {logging_mixin.py:188} INFO - Downloaded AAPL/1771222116.json
[2026-02-16T06:10:12.132+0000] {logging_mixin.py:188} INFO - Downloaded AAPL/1771222127.json
[2026-02-16T06:10:12.158+0000] {logging_mixin.py:188} INFO - Downloaded AAPL/1771222139.json
[2026-02-16T06:10:12.190+0000] {logging_mixin.py:188} INFO - Downloaded AAPL/1771222151.json
[2026-02-16T06:10:12.220+0000] {logging_mixin.py:188} INFO - Downloaded AAPL/1771222164.json
[2026-02-16T06:10:12.246+0000] {logging_mixin.py:188} INFO - Downloaded AAPL/1771222205.json
[2026-02-16T06:10:12.271+0000] {logging_mixin.py:188} INFO - Downloaded AMZN/1771221451.json
[2026-02-16T06:10:12.295+0000] {logging_mixin.py:188} INFO - Downloaded AMZN/1771221463.json
[2026-02-16T06:10:12.317+0000] {logging_mixin.py:188} INFO - Downloaded AMZN/1771221476.json
[2026-02-16T06:10:12.337+0000] {logging_mixin.py:188} INFO - Downloaded AMZN/1771221489.json
[2026-02-16T06:10:12.357+0000] {logging_mixin.py:188} INFO - Downloaded AMZN/1771221501.json
[2026-02-16T06:10:12.380+0000] {logging_mixin.py:188} INFO - Downloaded AMZN/1771221513.json
[2026-02-16T06:10:12.402+0000] {logging_mixin.py:188} INFO - Downloaded AMZN/1771221526.json
[2026-02-16T06:10:12.424+0000] {logging_mixin.py:188} INFO - Downloaded AMZN/1771221538.json
[2026-02-16T06:10:12.453+0000] {logging_mixin.py:188} INFO - Downloaded AMZN/1771221550.json
[2026-02-16T06:10:12.473+0000] {logging_mixin.py:188} INFO - Downloaded AMZN/1771221561.json
[2026-02-16T06:10:12.492+0000] {logging_mixin.py:188} INFO - Downloaded AMZN/1771221573.json
[2026-02-16T06:10:12.513+0000] {logging_mixin.py:188} INFO - Downloaded AMZN/1771221585.json
[2026-02-16T06:10:12.536+0000] {logging_mixin.py:188} INFO - Downloaded AMZN/1771221596.json
[2026-02-16T06:10:12.557+0000] {logging_mixin.py:188} INFO - Downloaded AMZN/1771221608.json
[2026-02-16T06:10:12.585+0000] {logging_mixin.py:188} INFO - Downloaded AMZN/1771221620.json
[2026-02-16T06:10:12.607+0000] {logging_mixin.py:188} INFO - Downloaded AMZN/1771221631.json
[2026-02-16T06:10:12.637+0000] {logging_mixin.py:188} INFO - Downloaded AMZN/1771221643.json
[2026-02-16T06:10:12.673+0000] {logging_mixin.py:188} INFO - Downloaded AMZN/1771221654.json
[2026-02-16T06:10:12.703+0000] {logging_mixin.py:188} INFO - Downloaded AMZN/1771221666.json
[2026-02-16T06:10:12.728+0000] {logging_mixin.py:188} INFO - Downloaded AMZN/1771221678.json
[2026-02-16T06:10:12.756+0000] {logging_mixin.py:188} INFO - Downloaded AMZN/1771221690.json
[2026-02-16T06:10:12.778+0000] {logging_mixin.py:188} INFO - Downloaded AMZN/1771221702.json
[2026-02-16T06:10:12.801+0000] {logging_mixin.py:188} INFO - Downloaded AMZN/1771221713.json
[2026-02-16T06:10:12.831+0000] {logging_mixin.py:188} INFO - Downloaded AMZN/1771221726.json
[2026-02-16T06:10:12.862+0000] {logging_mixin.py:188} INFO - Downloaded AMZN/1771221737.json
[2026-02-16T06:10:12.891+0000] {logging_mixin.py:188} INFO - Downloaded AMZN/1771221750.json
[2026-02-16T06:10:12.921+0000] {logging_mixin.py:188} INFO - Downloaded AMZN/1771221761.json
[2026-02-16T06:10:12.952+0000] {logging_mixin.py:188} INFO - Downloaded AMZN/1771221772.json
[2026-02-16T06:10:12.977+0000] {logging_mixin.py:188} INFO - Downloaded AMZN/1771221784.json
[2026-02-16T06:10:13.003+0000] {logging_mixin.py:188} INFO - Downloaded AMZN/1771221800.json
[2026-02-16T06:10:13.032+0000] {logging_mixin.py:188} INFO - Downloaded AMZN/1771221812.json
[2026-02-16T06:10:13.057+0000] {logging_mixin.py:188} INFO - Downloaded AMZN/1771221824.json
[2026-02-16T06:10:13.085+0000] {logging_mixin.py:188} INFO - Downloaded AMZN/1771221836.json
[2026-02-16T06:10:13.113+0000] {logging_mixin.py:188} INFO - Downloaded AMZN/1771221851.json
[2026-02-16T06:10:13.143+0000] {logging_mixin.py:188} INFO - Downloaded AMZN/1771221864.json
[2026-02-16T06:10:13.175+0000] {logging_mixin.py:188} INFO - Downloaded AMZN/1771221875.json
[2026-02-16T06:10:13.213+0000] {logging_mixin.py:188} INFO - Downloaded AMZN/1771221887.json
[2026-02-16T06:10:13.258+0000] {logging_mixin.py:188} INFO - Downloaded AMZN/1771221899.json
[2026-02-16T06:10:13.299+0000] {logging_mixin.py:188} INFO - Downloaded AMZN/1771221911.json
[2026-02-16T06:10:13.332+0000] {logging_mixin.py:188} INFO - Downloaded AMZN/1771221923.json
[2026-02-16T06:10:13.359+0000] {logging_mixin.py:188} INFO - Downloaded AMZN/1771221934.json
[2026-02-16T06:10:13.384+0000] {logging_mixin.py:188} INFO - Downloaded AMZN/1771221946.json
[2026-02-16T06:10:13.407+0000] {logging_mixin.py:188} INFO - Downloaded AMZN/1771221957.json
[2026-02-16T06:10:13.430+0000] {logging_mixin.py:188} INFO - Downloaded AMZN/1771221969.json
[2026-02-16T06:10:13.450+0000] {logging_mixin.py:188} INFO - Downloaded AMZN/1771221981.json
[2026-02-16T06:10:13.476+0000] {logging_mixin.py:188} INFO - Downloaded AMZN/1771222097.json
[2026-02-16T06:10:13.502+0000] {logging_mixin.py:188} INFO - Downloaded AMZN/1771222108.json
[2026-02-16T06:10:13.529+0000] {logging_mixin.py:188} INFO - Downloaded AMZN/1771222120.json
[2026-02-16T06:10:13.549+0000] {logging_mixin.py:188} INFO - Downloaded AMZN/1771222132.json
[2026-02-16T06:10:13.572+0000] {logging_mixin.py:188} INFO - Downloaded AMZN/1771222144.json
[2026-02-16T06:10:13.594+0000] {logging_mixin.py:188} INFO - Downloaded AMZN/1771222157.json
[2026-02-16T06:10:13.614+0000] {logging_mixin.py:188} INFO - Downloaded AMZN/1771222198.json
[2026-02-16T06:10:13.632+0000] {logging_mixin.py:188} INFO - Downloaded GOOGL/1771221450.json
[2026-02-16T06:10:13.653+0000] {logging_mixin.py:188} INFO - Downloaded GOOGL/1771221462.json
[2026-02-16T06:10:13.671+0000] {logging_mixin.py:188} INFO - Downloaded GOOGL/1771221475.json
[2026-02-16T06:10:13.690+0000] {logging_mixin.py:188} INFO - Downloaded GOOGL/1771221488.json
[2026-02-16T06:10:13.710+0000] {logging_mixin.py:188} INFO - Downloaded GOOGL/1771221500.json
[2026-02-16T06:10:13.738+0000] {logging_mixin.py:188} INFO - Downloaded GOOGL/1771221512.json
[2026-02-16T06:10:13.760+0000] {logging_mixin.py:188} INFO - Downloaded GOOGL/1771221525.json
[2026-02-16T06:10:13.779+0000] {logging_mixin.py:188} INFO - Downloaded GOOGL/1771221537.json
[2026-02-16T06:10:13.798+0000] {logging_mixin.py:188} INFO - Downloaded GOOGL/1771221549.json
[2026-02-16T06:10:13.817+0000] {logging_mixin.py:188} INFO - Downloaded GOOGL/1771221560.json
[2026-02-16T06:10:13.837+0000] {logging_mixin.py:188} INFO - Downloaded GOOGL/1771221571.json
[2026-02-16T06:10:13.862+0000] {logging_mixin.py:188} INFO - Downloaded GOOGL/1771221583.json
[2026-02-16T06:10:13.887+0000] {logging_mixin.py:188} INFO - Downloaded GOOGL/1771221595.json
[2026-02-16T06:10:13.915+0000] {logging_mixin.py:188} INFO - Downloaded GOOGL/1771221607.json
[2026-02-16T06:10:13.946+0000] {logging_mixin.py:188} INFO - Downloaded GOOGL/1771221619.json
[2026-02-16T06:10:13.977+0000] {logging_mixin.py:188} INFO - Downloaded GOOGL/1771221630.json
[2026-02-16T06:10:13.999+0000] {logging_mixin.py:188} INFO - Downloaded GOOGL/1771221642.json
[2026-02-16T06:10:14.022+0000] {logging_mixin.py:188} INFO - Downloaded GOOGL/1771221653.json
[2026-02-16T06:10:14.050+0000] {logging_mixin.py:188} INFO - Downloaded GOOGL/1771221665.json
[2026-02-16T06:10:14.073+0000] {logging_mixin.py:188} INFO - Downloaded GOOGL/1771221677.json
[2026-02-16T06:10:14.096+0000] {logging_mixin.py:188} INFO - Downloaded GOOGL/1771221689.json
[2026-02-16T06:10:14.121+0000] {logging_mixin.py:188} INFO - Downloaded GOOGL/1771221701.json
[2026-02-16T06:10:14.143+0000] {logging_mixin.py:188} INFO - Downloaded GOOGL/1771221712.json
[2026-02-16T06:10:14.170+0000] {logging_mixin.py:188} INFO - Downloaded GOOGL/1771221724.json
[2026-02-16T06:10:14.192+0000] {logging_mixin.py:188} INFO - Downloaded GOOGL/1771221736.json
[2026-02-16T06:10:14.211+0000] {logging_mixin.py:188} INFO - Downloaded GOOGL/1771221748.json
[2026-02-16T06:10:14.234+0000] {logging_mixin.py:188} INFO - Downloaded GOOGL/1771221760.json
[2026-02-16T06:10:14.258+0000] {logging_mixin.py:188} INFO - Downloaded GOOGL/1771221771.json
[2026-02-16T06:10:14.280+0000] {logging_mixin.py:188} INFO - Downloaded GOOGL/1771221783.json
[2026-02-16T06:10:14.301+0000] {logging_mixin.py:188} INFO - Downloaded GOOGL/1771221799.json
[2026-02-16T06:10:14.324+0000] {logging_mixin.py:188} INFO - Downloaded GOOGL/1771221811.json
[2026-02-16T06:10:14.350+0000] {logging_mixin.py:188} INFO - Downloaded GOOGL/1771221823.json
[2026-02-16T06:10:14.382+0000] {logging_mixin.py:188} INFO - Downloaded GOOGL/1771221835.json
[2026-02-16T06:10:14.413+0000] {logging_mixin.py:188} INFO - Downloaded GOOGL/1771221850.json
[2026-02-16T06:10:14.439+0000] {logging_mixin.py:188} INFO - Downloaded GOOGL/1771221862.json
[2026-02-16T06:10:14.468+0000] {logging_mixin.py:188} INFO - Downloaded GOOGL/1771221874.json
[2026-02-16T06:10:14.494+0000] {logging_mixin.py:188} INFO - Downloaded GOOGL/1771221886.json
[2026-02-16T06:10:14.523+0000] {logging_mixin.py:188} INFO - Downloaded GOOGL/1771221898.json
[2026-02-16T06:10:14.544+0000] {logging_mixin.py:188} INFO - Downloaded GOOGL/1771221910.json
[2026-02-16T06:10:14.565+0000] {logging_mixin.py:188} INFO - Downloaded GOOGL/1771221921.json
[2026-02-16T06:10:14.586+0000] {logging_mixin.py:188} INFO - Downloaded GOOGL/1771221933.json
[2026-02-16T06:10:14.610+0000] {logging_mixin.py:188} INFO - Downloaded GOOGL/1771221945.json
[2026-02-16T06:10:14.632+0000] {logging_mixin.py:188} INFO - Downloaded GOOGL/1771221957.json
[2026-02-16T06:10:14.656+0000] {logging_mixin.py:188} INFO - Downloaded GOOGL/1771221968.json
[2026-02-16T06:10:14.679+0000] {logging_mixin.py:188} INFO - Downloaded GOOGL/1771221980.json
[2026-02-16T06:10:14.701+0000] {logging_mixin.py:188} INFO - Downloaded GOOGL/1771222084.json
[2026-02-16T06:10:14.723+0000] {logging_mixin.py:188} INFO - Downloaded GOOGL/1771222107.json
[2026-02-16T06:10:14.748+0000] {logging_mixin.py:188} INFO - Downloaded GOOGL/1771222119.json
[2026-02-16T06:10:14.772+0000] {logging_mixin.py:188} INFO - Downloaded GOOGL/1771222131.json
[2026-02-16T06:10:14.799+0000] {logging_mixin.py:188} INFO - Downloaded GOOGL/1771222143.json
[2026-02-16T06:10:14.828+0000] {logging_mixin.py:188} INFO - Downloaded GOOGL/1771222156.json
[2026-02-16T06:10:14.876+0000] {logging_mixin.py:188} INFO - Downloaded GOOGL/1771222197.json
[2026-02-16T06:10:14.903+0000] {logging_mixin.py:188} INFO - Downloaded GOOGL/1771222209.json
[2026-02-16T06:10:14.924+0000] {logging_mixin.py:188} INFO - Downloaded MSFT/1771221448.json
[2026-02-16T06:10:14.952+0000] {logging_mixin.py:188} INFO - Downloaded MSFT/1771221460.json
[2026-02-16T06:10:14.973+0000] {logging_mixin.py:188} INFO - Downloaded MSFT/1771221472.json
[2026-02-16T06:10:14.993+0000] {logging_mixin.py:188} INFO - Downloaded MSFT/1771221484.json
[2026-02-16T06:10:15.013+0000] {logging_mixin.py:188} INFO - Downloaded MSFT/1771221497.json
[2026-02-16T06:10:15.035+0000] {logging_mixin.py:188} INFO - Downloaded MSFT/1771221509.json
[2026-02-16T06:10:15.054+0000] {logging_mixin.py:188} INFO - Downloaded MSFT/1771221523.json
[2026-02-16T06:10:15.082+0000] {logging_mixin.py:188} INFO - Downloaded MSFT/1771221534.json
[2026-02-16T06:10:15.105+0000] {logging_mixin.py:188} INFO - Downloaded MSFT/1771221546.json
[2026-02-16T06:10:15.129+0000] {logging_mixin.py:188} INFO - Downloaded MSFT/1771221558.json
[2026-02-16T06:10:15.152+0000] {logging_mixin.py:188} INFO - Downloaded MSFT/1771221569.json
[2026-02-16T06:10:15.176+0000] {logging_mixin.py:188} INFO - Downloaded MSFT/1771221581.json
[2026-02-16T06:10:15.202+0000] {logging_mixin.py:188} INFO - Downloaded MSFT/1771221593.json
[2026-02-16T06:10:15.230+0000] {logging_mixin.py:188} INFO - Downloaded MSFT/1771221604.json
[2026-02-16T06:10:15.255+0000] {logging_mixin.py:188} INFO - Downloaded MSFT/1771221616.json
[2026-02-16T06:10:15.285+0000] {logging_mixin.py:188} INFO - Downloaded MSFT/1771221628.json
[2026-02-16T06:10:15.313+0000] {logging_mixin.py:188} INFO - Downloaded MSFT/1771221640.json
[2026-02-16T06:10:15.341+0000] {logging_mixin.py:188} INFO - Downloaded MSFT/1771221651.json
[2026-02-16T06:10:15.371+0000] {logging_mixin.py:188} INFO - Downloaded MSFT/1771221663.json
[2026-02-16T06:10:15.401+0000] {logging_mixin.py:188} INFO - Downloaded MSFT/1771221675.json
[2026-02-16T06:10:15.433+0000] {logging_mixin.py:188} INFO - Downloaded MSFT/1771221687.json
[2026-02-16T06:10:15.469+0000] {logging_mixin.py:188} INFO - Downloaded MSFT/1771221698.json
[2026-02-16T06:10:15.507+0000] {logging_mixin.py:188} INFO - Downloaded MSFT/1771221710.json
[2026-02-16T06:10:15.544+0000] {logging_mixin.py:188} INFO - Downloaded MSFT/1771221722.json
[2026-02-16T06:10:15.597+0000] {logging_mixin.py:188} INFO - Downloaded MSFT/1771221734.json
[2026-02-16T06:10:15.639+0000] {logging_mixin.py:188} INFO - Downloaded MSFT/1771221746.json
[2026-02-16T06:10:15.684+0000] {logging_mixin.py:188} INFO - Downloaded MSFT/1771221758.json
[2026-02-16T06:10:15.725+0000] {logging_mixin.py:188} INFO - Downloaded MSFT/1771221769.json
[2026-02-16T06:10:15.761+0000] {logging_mixin.py:188} INFO - Downloaded MSFT/1771221781.json
[2026-02-16T06:10:15.795+0000] {logging_mixin.py:188} INFO - Downloaded MSFT/1771221797.json
[2026-02-16T06:10:15.831+0000] {logging_mixin.py:188} INFO - Downloaded MSFT/1771221808.json
[2026-02-16T06:10:15.884+0000] {logging_mixin.py:188} INFO - Downloaded MSFT/1771221821.json
[2026-02-16T06:10:15.922+0000] {logging_mixin.py:188} INFO - Downloaded MSFT/1771221832.json
[2026-02-16T06:10:15.968+0000] {logging_mixin.py:188} INFO - Downloaded MSFT/1771221848.json
[2026-02-16T06:10:16.024+0000] {logging_mixin.py:188} INFO - Downloaded MSFT/1771221859.json
[2026-02-16T06:10:16.072+0000] {logging_mixin.py:188} INFO - Downloaded MSFT/1771221872.json
[2026-02-16T06:10:16.106+0000] {logging_mixin.py:188} INFO - Downloaded MSFT/1771221884.json
[2026-02-16T06:10:16.145+0000] {logging_mixin.py:188} INFO - Downloaded MSFT/1771221896.json
[2026-02-16T06:10:16.204+0000] {logging_mixin.py:188} INFO - Downloaded MSFT/1771221907.json
[2026-02-16T06:10:16.239+0000] {logging_mixin.py:188} INFO - Downloaded MSFT/1771221919.json
[2026-02-16T06:10:16.272+0000] {logging_mixin.py:188} INFO - Downloaded MSFT/1771221931.json
[2026-02-16T06:10:16.302+0000] {logging_mixin.py:188} INFO - Downloaded MSFT/1771221942.json
[2026-02-16T06:10:16.330+0000] {logging_mixin.py:188} INFO - Downloaded MSFT/1771221954.json
[2026-02-16T06:10:16.369+0000] {logging_mixin.py:188} INFO - Downloaded MSFT/1771221966.json
[2026-02-16T06:10:16.414+0000] {logging_mixin.py:188} INFO - Downloaded MSFT/1771221978.json
[2026-02-16T06:10:16.444+0000] {logging_mixin.py:188} INFO - Downloaded MSFT/1771222021.json
[2026-02-16T06:10:16.466+0000] {logging_mixin.py:188} INFO - Downloaded MSFT/1771222105.json
[2026-02-16T06:10:16.489+0000] {logging_mixin.py:188} INFO - Downloaded MSFT/1771222117.json
[2026-02-16T06:10:16.513+0000] {logging_mixin.py:188} INFO - Downloaded MSFT/1771222128.json
[2026-02-16T06:10:16.537+0000] {logging_mixin.py:188} INFO - Downloaded MSFT/1771222140.json
[2026-02-16T06:10:16.557+0000] {logging_mixin.py:188} INFO - Downloaded MSFT/1771222153.json
[2026-02-16T06:10:16.580+0000] {logging_mixin.py:188} INFO - Downloaded MSFT/1771222195.json
[2026-02-16T06:10:16.612+0000] {logging_mixin.py:188} INFO - Downloaded MSFT/1771222207.json
[2026-02-16T06:10:16.639+0000] {logging_mixin.py:188} INFO - Downloaded TSLA/1771221449.json
[2026-02-16T06:10:16.661+0000] {logging_mixin.py:188} INFO - Downloaded TSLA/1771221461.json
[2026-02-16T06:10:16.685+0000] {logging_mixin.py:188} INFO - Downloaded TSLA/1771221473.json
[2026-02-16T06:10:16.712+0000] {logging_mixin.py:188} INFO - Downloaded TSLA/1771221485.json
[2026-02-16T06:10:16.740+0000] {logging_mixin.py:188} INFO - Downloaded TSLA/1771221498.json
[2026-02-16T06:10:16.766+0000] {logging_mixin.py:188} INFO - Downloaded TSLA/1771221511.json
[2026-02-16T06:10:16.793+0000] {logging_mixin.py:188} INFO - Downloaded TSLA/1771221524.json
[2026-02-16T06:10:16.819+0000] {logging_mixin.py:188} INFO - Downloaded TSLA/1771221535.json
[2026-02-16T06:10:16.850+0000] {logging_mixin.py:188} INFO - Downloaded TSLA/1771221547.json
[2026-02-16T06:10:16.879+0000] {logging_mixin.py:188} INFO - Downloaded TSLA/1771221559.json
[2026-02-16T06:10:16.904+0000] {logging_mixin.py:188} INFO - Downloaded TSLA/1771221570.json
[2026-02-16T06:10:16.931+0000] {logging_mixin.py:188} INFO - Downloaded TSLA/1771221582.json
[2026-02-16T06:10:16.958+0000] {logging_mixin.py:188} INFO - Downloaded TSLA/1771221594.json
[2026-02-16T06:10:16.990+0000] {logging_mixin.py:188} INFO - Downloaded TSLA/1771221605.json
[2026-02-16T06:10:17.029+0000] {logging_mixin.py:188} INFO - Downloaded TSLA/1771221617.json
[2026-02-16T06:10:17.077+0000] {logging_mixin.py:188} INFO - Downloaded TSLA/1771221629.json
[2026-02-16T06:10:17.099+0000] {logging_mixin.py:188} INFO - Downloaded TSLA/1771221641.json
[2026-02-16T06:10:17.124+0000] {logging_mixin.py:188} INFO - Downloaded TSLA/1771221652.json
[2026-02-16T06:10:17.147+0000] {logging_mixin.py:188} INFO - Downloaded TSLA/1771221664.json
[2026-02-16T06:10:17.173+0000] {logging_mixin.py:188} INFO - Downloaded TSLA/1771221676.json
[2026-02-16T06:10:17.199+0000] {logging_mixin.py:188} INFO - Downloaded TSLA/1771221688.json
[2026-02-16T06:10:17.234+0000] {logging_mixin.py:188} INFO - Downloaded TSLA/1771221700.json
[2026-02-16T06:10:17.259+0000] {logging_mixin.py:188} INFO - Downloaded TSLA/1771221711.json
[2026-02-16T06:10:17.289+0000] {logging_mixin.py:188} INFO - Downloaded TSLA/1771221723.json
[2026-02-16T06:10:17.318+0000] {logging_mixin.py:188} INFO - Downloaded TSLA/1771221735.json
[2026-02-16T06:10:17.349+0000] {logging_mixin.py:188} INFO - Downloaded TSLA/1771221747.json
[2026-02-16T06:10:17.379+0000] {logging_mixin.py:188} INFO - Downloaded TSLA/1771221759.json
[2026-02-16T06:10:17.405+0000] {logging_mixin.py:188} INFO - Downloaded TSLA/1771221770.json
[2026-02-16T06:10:17.432+0000] {logging_mixin.py:188} INFO - Downloaded TSLA/1771221782.json
[2026-02-16T06:10:17.452+0000] {logging_mixin.py:188} INFO - Downloaded TSLA/1771221798.json
[2026-02-16T06:10:17.472+0000] {logging_mixin.py:188} INFO - Downloaded TSLA/1771221810.json
[2026-02-16T06:10:17.493+0000] {logging_mixin.py:188} INFO - Downloaded TSLA/1771221822.json
[2026-02-16T06:10:17.515+0000] {logging_mixin.py:188} INFO - Downloaded TSLA/1771221834.json
[2026-02-16T06:10:17.533+0000] {logging_mixin.py:188} INFO - Downloaded TSLA/1771221849.json
[2026-02-16T06:10:17.553+0000] {logging_mixin.py:188} INFO - Downloaded TSLA/1771221861.json
[2026-02-16T06:10:17.572+0000] {logging_mixin.py:188} INFO - Downloaded TSLA/1771221873.json
[2026-02-16T06:10:17.591+0000] {logging_mixin.py:188} INFO - Downloaded TSLA/1771221885.json
[2026-02-16T06:10:17.613+0000] {logging_mixin.py:188} INFO - Downloaded TSLA/1771221897.json
[2026-02-16T06:10:17.638+0000] {logging_mixin.py:188} INFO - Downloaded TSLA/1771221908.json
[2026-02-16T06:10:17.659+0000] {logging_mixin.py:188} INFO - Downloaded TSLA/1771221920.json
[2026-02-16T06:10:17.680+0000] {logging_mixin.py:188} INFO - Downloaded TSLA/1771221932.json
[2026-02-16T06:10:17.703+0000] {logging_mixin.py:188} INFO - Downloaded TSLA/1771221943.json
[2026-02-16T06:10:17.726+0000] {logging_mixin.py:188} INFO - Downloaded TSLA/1771221955.json
[2026-02-16T06:10:17.769+0000] {logging_mixin.py:188} INFO - Downloaded TSLA/1771221967.json
[2026-02-16T06:10:17.810+0000] {logging_mixin.py:188} INFO - Downloaded TSLA/1771221979.json
[2026-02-16T06:10:17.896+0000] {logging_mixin.py:188} INFO - Downloaded TSLA/1771222053.json
[2026-02-16T06:10:17.972+0000] {logging_mixin.py:188} INFO - Downloaded TSLA/1771222106.json
[2026-02-16T06:10:18.102+0000] {logging_mixin.py:188} INFO - Downloaded TSLA/1771222118.json
[2026-02-16T06:10:18.183+0000] {logging_mixin.py:188} INFO - Downloaded TSLA/1771222129.json
[2026-02-16T06:10:18.239+0000] {logging_mixin.py:188} INFO - Downloaded TSLA/1771222142.json
[2026-02-16T06:10:18.265+0000] {logging_mixin.py:188} INFO - Downloaded TSLA/1771222154.json
[2026-02-16T06:10:18.286+0000] {logging_mixin.py:188} INFO - Downloaded TSLA/1771222196.json
[2026-02-16T06:10:18.306+0000] {logging_mixin.py:188} INFO - Downloaded TSLA/1771222208.json
[2026-02-16T06:10:18.309+0000] {python.py:237} INFO - Done. Returned value was: ['/opt/***/data/minio/1771221446.json', '/opt/***/data/minio/1771221459.json', '/opt/***/data/minio/1771221471.json', '/opt/***/data/minio/1771221483.json', '/opt/***/data/minio/1771221496.json', '/opt/***/data/minio/1771221508.json', '/opt/***/data/minio/1771221522.json', '/opt/***/data/minio/1771221533.json', '/opt/***/data/minio/1771221545.json', '/opt/***/data/minio/1771221557.json', '/opt/***/data/minio/1771221568.json', '/opt/***/data/minio/1771221580.json', '/opt/***/data/minio/1771221592.json', '/opt/***/data/minio/1771221603.json', '/opt/***/data/minio/1771221615.json', '/opt/***/data/minio/1771221627.json', '/opt/***/data/minio/1771221639.json', '/opt/***/data/minio/1771221650.json', '/opt/***/data/minio/1771221661.json', '/opt/***/data/minio/1771221673.json', '/opt/***/data/minio/1771221686.json', '/opt/***/data/minio/1771221698.json', '/opt/***/data/minio/1771221709.json', '/opt/***/data/minio/1771221720.json', '/opt/***/data/minio/1771221733.json', '/opt/***/data/minio/1771221744.json', '/opt/***/data/minio/1771221757.json', '/opt/***/data/minio/1771221768.json', '/opt/***/data/minio/1771221779.json', '/opt/***/data/minio/1771221792.json', '/opt/***/data/minio/1771221807.json', '/opt/***/data/minio/1771221820.json', '/opt/***/data/minio/1771221831.json', '/opt/***/data/minio/1771221843.json', '/opt/***/data/minio/1771221858.json', '/opt/***/data/minio/1771221871.json', '/opt/***/data/minio/1771221883.json', '/opt/***/data/minio/1771221895.json', '/opt/***/data/minio/1771221906.json', '/opt/***/data/minio/1771221918.json', '/opt/***/data/minio/1771221930.json', '/opt/***/data/minio/1771221941.json', '/opt/***/data/minio/1771221953.json', '/opt/***/data/minio/1771221965.json', '/opt/***/data/minio/1771221976.json', '/opt/***/data/minio/1771221988.json', '/opt/***/data/minio/1771222104.json', '/opt/***/data/minio/1771222116.json', '/opt/***/data/minio/1771222127.json', '/opt/***/data/minio/1771222139.json', '/opt/***/data/minio/1771222151.json', '/opt/***/data/minio/1771222164.json', '/opt/***/data/minio/1771222205.json', '/opt/***/data/minio/1771221451.json', '/opt/***/data/minio/1771221463.json', '/opt/***/data/minio/1771221476.json', '/opt/***/data/minio/1771221489.json', '/opt/***/data/minio/1771221501.json', '/opt/***/data/minio/1771221513.json', '/opt/***/data/minio/1771221526.json', '/opt/***/data/minio/1771221538.json', '/opt/***/data/minio/1771221550.json', '/opt/***/data/minio/1771221561.json', '/opt/***/data/minio/1771221573.json', '/opt/***/data/minio/1771221585.json', '/opt/***/data/minio/1771221596.json', '/opt/***/data/minio/1771221608.json', '/opt/***/data/minio/1771221620.json', '/opt/***/data/minio/1771221631.json', '/opt/***/data/minio/1771221643.json', '/opt/***/data/minio/1771221654.json', '/opt/***/data/minio/1771221666.json', '/opt/***/data/minio/1771221678.json', '/opt/***/data/minio/1771221690.json', '/opt/***/data/minio/1771221702.json', '/opt/***/data/minio/1771221713.json', '/opt/***/data/minio/1771221726.json', '/opt/***/data/minio/1771221737.json', '/opt/***/data/minio/1771221750.json', '/opt/***/data/minio/1771221761.json', '/opt/***/data/minio/1771221772.json', '/opt/***/data/minio/1771221784.json', '/opt/***/data/minio/1771221800.json', '/opt/***/data/minio/1771221812.json', '/opt/***/data/minio/1771221824.json', '/opt/***/data/minio/1771221836.json', '/opt/***/data/minio/1771221851.json', '/opt/***/data/minio/1771221864.json', '/opt/***/data/minio/1771221875.json', '/opt/***/data/minio/1771221887.json', '/opt/***/data/minio/1771221899.json', '/opt/***/data/minio/1771221911.json', '/opt/***/data/minio/1771221923.json', '/opt/***/data/minio/1771221934.json', '/opt/***/data/minio/1771221946.json', '/opt/***/data/minio/1771221957.json', '/opt/***/data/minio/1771221969.json', '/opt/***/data/minio/1771221981.json', '/opt/***/data/minio/1771222097.json', '/opt/***/data/minio/1771222108.json', '/opt/***/data/minio/1771222120.json', '/opt/***/data/minio/1771222132.json', '/opt/***/data/minio/1771222144.json', '/opt/***/data/minio/1771222157.json', '/opt/***/data/minio/1771222198.json', '/opt/***/data/minio/1771221450.json', '/opt/***/data/minio/1771221462.json', '/opt/***/data/minio/1771221475.json', '/opt/***/data/minio/1771221488.json', '/opt/***/data/minio/1771221500.json', '/opt/***/data/minio/1771221512.json', '/opt/***/data/minio/1771221525.json', '/opt/***/data/minio/1771221537.json', '/opt/***/data/minio/1771221549.json', '/opt/***/data/minio/1771221560.json', '/opt/***/data/minio/1771221571.json', '/opt/***/data/minio/1771221583.json', '/opt/***/data/minio/1771221595.json', '/opt/***/data/minio/1771221607.json', '/opt/***/data/minio/1771221619.json', '/opt/***/data/minio/1771221630.json', '/opt/***/data/minio/1771221642.json', '/opt/***/data/minio/1771221653.json', '/opt/***/data/minio/1771221665.json', '/opt/***/data/minio/1771221677.json', '/opt/***/data/minio/1771221689.json', '/opt/***/data/minio/1771221701.json', '/opt/***/data/minio/1771221712.json', '/opt/***/data/minio/1771221724.json', '/opt/***/data/minio/1771221736.json', '/opt/***/data/minio/1771221748.json', '/opt/***/data/minio/1771221760.json', '/opt/***/data/minio/1771221771.json', '/opt/***/data/minio/1771221783.json', '/opt/***/data/minio/1771221799.json', '/opt/***/data/minio/1771221811.json', '/opt/***/data/minio/1771221823.json', '/opt/***/data/minio/1771221835.json', '/opt/***/data/minio/1771221850.json', '/opt/***/data/minio/1771221862.json', '/opt/***/data/minio/1771221874.json', '/opt/***/data/minio/1771221886.json', '/opt/***/data/minio/1771221898.json', '/opt/***/data/minio/1771221910.json', '/opt/***/data/minio/1771221921.json', '/opt/***/data/minio/1771221933.json', '/opt/***/data/minio/1771221945.json', '/opt/***/data/minio/1771221957.json', '/opt/***/data/minio/1771221968.json', '/opt/***/data/minio/1771221980.json', '/opt/***/data/minio/1771222084.json', '/opt/***/data/minio/1771222107.json', '/opt/***/data/minio/1771222119.json', '/opt/***/data/minio/1771222131.json', '/opt/***/data/minio/1771222143.json', '/opt/***/data/minio/1771222156.json', '/opt/***/data/minio/1771222197.json', '/opt/***/data/minio/1771222209.json', '/opt/***/data/minio/1771221448.json', '/opt/***/data/minio/1771221460.json', '/opt/***/data/minio/1771221472.json', '/opt/***/data/minio/1771221484.json', '/opt/***/data/minio/1771221497.json', '/opt/***/data/minio/1771221509.json', '/opt/***/data/minio/1771221523.json', '/opt/***/data/minio/1771221534.json', '/opt/***/data/minio/1771221546.json', '/opt/***/data/minio/1771221558.json', '/opt/***/data/minio/1771221569.json', '/opt/***/data/minio/1771221581.json', '/opt/***/data/minio/1771221593.json', '/opt/***/data/minio/1771221604.json', '/opt/***/data/minio/1771221616.json', '/opt/***/data/minio/1771221628.json', '/opt/***/data/minio/1771221640.json', '/opt/***/data/minio/1771221651.json', '/opt/***/data/minio/1771221663.json', '/opt/***/data/minio/1771221675.json', '/opt/***/data/minio/1771221687.json', '/opt/***/data/minio/1771221698.json', '/opt/***/data/minio/1771221710.json', '/opt/***/data/minio/1771221722.json', '/opt/***/data/minio/1771221734.json', '/opt/***/data/minio/1771221746.json', '/opt/***/data/minio/1771221758.json', '/opt/***/data/minio/1771221769.json', '/opt/***/data/minio/1771221781.json', '/opt/***/data/minio/1771221797.json', '/opt/***/data/minio/1771221808.json', '/opt/***/data/minio/1771221821.json', '/opt/***/data/minio/1771221832.json', '/opt/***/data/minio/1771221848.json', '/opt/***/data/minio/1771221859.json', '/opt/***/data/minio/1771221872.json', '/opt/***/data/minio/1771221884.json', '/opt/***/data/minio/1771221896.json', '/opt/***/data/minio/1771221907.json', '/opt/***/data/minio/1771221919.json', '/opt/***/data/minio/1771221931.json', '/opt/***/data/minio/1771221942.json', '/opt/***/data/minio/1771221954.json', '/opt/***/data/minio/1771221966.json', '/opt/***/data/minio/1771221978.json', '/opt/***/data/minio/1771222021.json', '/opt/***/data/minio/1771222105.json', '/opt/***/data/minio/1771222117.json', '/opt/***/data/minio/1771222128.json', '/opt/***/data/minio/1771222140.json', '/opt/***/data/minio/1771222153.json', '/opt/***/data/minio/1771222195.json', '/opt/***/data/minio/1771222207.json', '/opt/***/data/minio/1771221449.json', '/opt/***/data/minio/1771221461.json', '/opt/***/data/minio/1771221473.json', '/opt/***/data/minio/1771221485.json', '/opt/***/data/minio/1771221498.json', '/opt/***/data/minio/1771221511.json', '/opt/***/data/minio/1771221524.json', '/opt/***/data/minio/1771221535.json', '/opt/***/data/minio/1771221547.json', '/opt/***/data/minio/1771221559.json', '/opt/***/data/minio/1771221570.json', '/opt/***/data/minio/1771221582.json', '/opt/***/data/minio/1771221594.json', '/opt/***/data/minio/1771221605.json', '/opt/***/data/minio/1771221617.json', '/opt/***/data/minio/1771221629.json', '/opt/***/data/minio/1771221641.json', '/opt/***/data/minio/1771221652.json', '/opt/***/data/minio/1771221664.json', '/opt/***/data/minio/1771221676.json', '/opt/***/data/minio/1771221688.json', '/opt/***/data/minio/1771221700.json', '/opt/***/data/minio/1771221711.json', '/opt/***/data/minio/1771221723.json', '/opt/***/data/minio/1771221735.json', '/opt/***/data/minio/1771221747.json', '/opt/***/data/minio/1771221759.json', '/opt/***/data/minio/1771221770.json', '/opt/***/data/minio/1771221782.json', '/opt/***/data/minio/1771221798.json', '/opt/***/data/minio/1771221810.json', '/opt/***/data/minio/1771221822.json', '/opt/***/data/minio/1771221834.json', '/opt/***/data/minio/1771221849.json', '/opt/***/data/minio/1771221861.json', '/opt/***/data/minio/1771221873.json', '/opt/***/data/minio/1771221885.json', '/opt/***/data/minio/1771221897.json', '/opt/***/data/minio/1771221908.json', '/opt/***/data/minio/1771221920.json', '/opt/***/data/minio/1771221932.json', '/opt/***/data/minio/1771221943.json', '/opt/***/data/minio/1771221955.json', '/opt/***/data/minio/1771221967.json', '/opt/***/data/minio/1771221979.json', '/opt/***/data/minio/1771222053.json', '/opt/***/data/minio/1771222106.json', '/opt/***/data/minio/1771222118.json', '/opt/***/data/minio/1771222129.json', '/opt/***/data/minio/1771222142.json', '/opt/***/data/minio/1771222154.json', '/opt/***/data/minio/1771222196.json', '/opt/***/data/minio/1771222208.json']
[2026-02-16T06:10:18.325+0000] {taskinstance.py:441} INFO - ::group::Post task execution logs
[2026-02-16T06:10:18.424+0000] {taskinstance.py:1206} INFO - Marking task as SUCCESS. dag_id=minio_to_snowflake, task_id=download_minio, run_id=scheduled__2026-02-16T06:09:00+00:00, execution_date=20260216T060900, start_date=20260216T061007, end_date=20260216T061018
[2026-02-16T06:10:18.499+0000] {local_task_job_runner.py:243} INFO - Task exited with return code 0
[2026-02-16T06:10:18.563+0000] {taskinstance.py:3503} INFO - 1 downstream tasks scheduled from follow-on schedule check
[2026-02-16T06:10:18.568+0000] {local_task_job_runner.py:222} INFO - ::endgroup::
