[2026-02-11T09:23:03.427+0000] {local_task_job_runner.py:120} INFO - ::group::Pre task execution logs
[2026-02-11T09:23:03.507+0000] {taskinstance.py:2076} INFO - Dependencies all met for dep_context=non-requeueable deps ti=<TaskInstance: minio_to_snowflake.download_minio scheduled__2026-02-11T09:22:00+00:00 [queued]>
[2026-02-11T09:23:03.519+0000] {taskinstance.py:2076} INFO - Dependencies all met for dep_context=requeueable deps ti=<TaskInstance: minio_to_snowflake.download_minio scheduled__2026-02-11T09:22:00+00:00 [queued]>
[2026-02-11T09:23:03.521+0000] {taskinstance.py:2306} INFO - Starting attempt 1 of 2
[2026-02-11T09:23:03.542+0000] {taskinstance.py:2330} INFO - Executing <Task(PythonOperator): download_minio> on 2026-02-11 09:22:00+00:00
[2026-02-11T09:23:03.570+0000] {logging_mixin.py:188} WARNING - /home/***/.local/lib/python3.12/site-packages/***/task/task_runner/standard_task_runner.py:62 DeprecationWarning: This process (pid=19084) is multi-threaded, use of fork() may lead to deadlocks in the child.
[2026-02-11T09:23:03.578+0000] {standard_task_runner.py:64} INFO - Started process 19117 to run task
[2026-02-11T09:23:03.570+0000] {standard_task_runner.py:90} INFO - Running: ['***', 'tasks', 'run', 'minio_to_snowflake', 'download_minio', 'scheduled__2026-02-11T09:22:00+00:00', '--job-id', '1156', '--raw', '--subdir', 'DAGS_FOLDER/minio_to_snowflake.py', '--cfg-path', '/tmp/tmpe2nnjj4h']
[2026-02-11T09:23:03.586+0000] {standard_task_runner.py:91} INFO - Job 1156: Subtask download_minio
[2026-02-11T09:23:03.780+0000] {task_command.py:426} INFO - Running <TaskInstance: minio_to_snowflake.download_minio scheduled__2026-02-11T09:22:00+00:00 [running]> on host 6729b10e6876
[2026-02-11T09:23:03.990+0000] {taskinstance.py:2648} INFO - Exporting env vars: AIRFLOW_CTX_DAG_OWNER='***' AIRFLOW_CTX_DAG_ID='minio_to_snowflake' AIRFLOW_CTX_TASK_ID='download_minio' AIRFLOW_CTX_EXECUTION_DATE='2026-02-11T09:22:00+00:00' AIRFLOW_CTX_TRY_NUMBER='1' AIRFLOW_CTX_DAG_RUN_ID='scheduled__2026-02-11T09:22:00+00:00'
[2026-02-11T09:23:03.993+0000] {taskinstance.py:430} INFO - ::endgroup::
[2026-02-11T09:23:04.443+0000] {logging_mixin.py:188} INFO - Downloaded AAPL/1770795801.json
[2026-02-11T09:23:04.453+0000] {logging_mixin.py:188} INFO - Downloaded AAPL/1770795811.json
[2026-02-11T09:23:04.462+0000] {logging_mixin.py:188} INFO - Downloaded AAPL/1770795821.json
[2026-02-11T09:23:04.470+0000] {logging_mixin.py:188} INFO - Downloaded AAPL/1770795832.json
[2026-02-11T09:23:04.479+0000] {logging_mixin.py:188} INFO - Downloaded AAPL/1770795843.json
[2026-02-11T09:23:04.487+0000] {logging_mixin.py:188} INFO - Downloaded AAPL/1770795854.json
[2026-02-11T09:23:04.496+0000] {logging_mixin.py:188} INFO - Downloaded AAPL/1770795864.json
[2026-02-11T09:23:04.506+0000] {logging_mixin.py:188} INFO - Downloaded AAPL/1770795875.json
[2026-02-11T09:23:04.516+0000] {logging_mixin.py:188} INFO - Downloaded AAPL/1770795889.json
[2026-02-11T09:23:04.526+0000] {logging_mixin.py:188} INFO - Downloaded AAPL/1770795899.json
[2026-02-11T09:23:04.535+0000] {logging_mixin.py:188} INFO - Downloaded AAPL/1770795910.json
[2026-02-11T09:23:04.545+0000] {logging_mixin.py:188} INFO - Downloaded AAPL/1770795920.json
[2026-02-11T09:23:04.553+0000] {logging_mixin.py:188} INFO - Downloaded AAPL/1770795931.json
[2026-02-11T09:23:04.562+0000] {logging_mixin.py:188} INFO - Downloaded AAPL/1770795942.json
[2026-02-11T09:23:04.571+0000] {logging_mixin.py:188} INFO - Downloaded AAPL/1770795952.json
[2026-02-11T09:23:04.580+0000] {logging_mixin.py:188} INFO - Downloaded AAPL/1770795962.json
[2026-02-11T09:23:04.589+0000] {logging_mixin.py:188} INFO - Downloaded AAPL/1770795973.json
[2026-02-11T09:23:04.597+0000] {logging_mixin.py:188} INFO - Downloaded AAPL/1770795984.json
[2026-02-11T09:23:04.606+0000] {logging_mixin.py:188} INFO - Downloaded AAPL/1770795995.json
[2026-02-11T09:23:04.615+0000] {logging_mixin.py:188} INFO - Downloaded AAPL/1770796006.json
[2026-02-11T09:23:04.623+0000] {logging_mixin.py:188} INFO - Downloaded AAPL/1770796016.json
[2026-02-11T09:23:04.632+0000] {logging_mixin.py:188} INFO - Downloaded AAPL/1770796027.json
[2026-02-11T09:23:04.643+0000] {logging_mixin.py:188} INFO - Downloaded AAPL/1770796038.json
[2026-02-11T09:23:04.653+0000] {logging_mixin.py:188} INFO - Downloaded AAPL/1770796048.json
[2026-02-11T09:23:04.662+0000] {logging_mixin.py:188} INFO - Downloaded AAPL/1770796059.json
[2026-02-11T09:23:04.670+0000] {logging_mixin.py:188} INFO - Downloaded AAPL/1770796069.json
[2026-02-11T09:23:04.679+0000] {logging_mixin.py:188} INFO - Downloaded AAPL/1770796079.json
[2026-02-11T09:23:04.687+0000] {logging_mixin.py:188} INFO - Downloaded AAPL/1770796091.json
[2026-02-11T09:23:04.695+0000] {logging_mixin.py:188} INFO - Downloaded AAPL/1770796102.json
[2026-02-11T09:23:04.704+0000] {logging_mixin.py:188} INFO - Downloaded AAPL/1770796113.json
[2026-02-11T09:23:04.713+0000] {logging_mixin.py:188} INFO - Downloaded AAPL/1770796123.json
[2026-02-11T09:23:04.722+0000] {logging_mixin.py:188} INFO - Downloaded AAPL/1770796133.json
[2026-02-11T09:23:04.730+0000] {logging_mixin.py:188} INFO - Downloaded AAPL/1770796143.json
[2026-02-11T09:23:04.739+0000] {logging_mixin.py:188} INFO - Downloaded AAPL/1770796156.json
[2026-02-11T09:23:04.749+0000] {logging_mixin.py:188} INFO - Downloaded AAPL/1770796166.json
[2026-02-11T09:23:04.760+0000] {logging_mixin.py:188} INFO - Downloaded AAPL/1770796178.json
[2026-02-11T09:23:04.769+0000] {logging_mixin.py:188} INFO - Downloaded AAPL/1770796188.json
[2026-02-11T09:23:04.783+0000] {logging_mixin.py:188} INFO - Downloaded AAPL/1770796200.json
[2026-02-11T09:23:04.792+0000] {logging_mixin.py:188} INFO - Downloaded AAPL/1770796211.json
[2026-02-11T09:23:04.801+0000] {logging_mixin.py:188} INFO - Downloaded AAPL/1770796222.json
[2026-02-11T09:23:04.810+0000] {logging_mixin.py:188} INFO - Downloaded AAPL/1770796233.json
[2026-02-11T09:23:04.818+0000] {logging_mixin.py:188} INFO - Downloaded AAPL/1770796243.json
[2026-02-11T09:23:04.826+0000] {logging_mixin.py:188} INFO - Downloaded AAPL/1770796253.json
[2026-02-11T09:23:04.835+0000] {logging_mixin.py:188} INFO - Downloaded AAPL/1770796264.json
[2026-02-11T09:23:04.844+0000] {logging_mixin.py:188} INFO - Downloaded AAPL/1770796275.json
[2026-02-11T09:23:04.853+0000] {logging_mixin.py:188} INFO - Downloaded AAPL/1770796286.json
[2026-02-11T09:23:04.862+0000] {logging_mixin.py:188} INFO - Downloaded AAPL/1770796297.json
[2026-02-11T09:23:04.872+0000] {logging_mixin.py:188} INFO - Downloaded AAPL/1770796307.json
[2026-02-11T09:23:04.884+0000] {logging_mixin.py:188} INFO - Downloaded AAPL/1770796318.json
[2026-02-11T09:23:04.894+0000] {logging_mixin.py:188} INFO - Downloaded AAPL/1770796328.json
[2026-02-11T09:23:04.903+0000] {logging_mixin.py:188} INFO - Downloaded AAPL/1770796339.json
[2026-02-11T09:23:04.912+0000] {logging_mixin.py:188} INFO - Downloaded AAPL/1770796350.json
[2026-02-11T09:23:04.921+0000] {logging_mixin.py:188} INFO - Downloaded AAPL/1770796360.json
[2026-02-11T09:23:04.930+0000] {logging_mixin.py:188} INFO - Downloaded AAPL/1770796371.json
[2026-02-11T09:23:04.939+0000] {logging_mixin.py:188} INFO - Downloaded AAPL/1770796381.json
[2026-02-11T09:23:04.949+0000] {logging_mixin.py:188} INFO - Downloaded AAPL/1770796392.json
[2026-02-11T09:23:04.961+0000] {logging_mixin.py:188} INFO - Downloaded AAPL/1770796402.json
[2026-02-11T09:23:04.971+0000] {logging_mixin.py:188} INFO - Downloaded AAPL/1770796413.json
[2026-02-11T09:23:04.980+0000] {logging_mixin.py:188} INFO - Downloaded AAPL/1770796424.json
[2026-02-11T09:23:04.990+0000] {logging_mixin.py:188} INFO - Downloaded AAPL/1770796435.json
[2026-02-11T09:23:04.999+0000] {logging_mixin.py:188} INFO - Downloaded AAPL/1770796446.json
[2026-02-11T09:23:05.012+0000] {logging_mixin.py:188} INFO - Downloaded AAPL/1770796456.json
[2026-02-11T09:23:05.023+0000] {logging_mixin.py:188} INFO - Downloaded AAPL/1770796467.json
[2026-02-11T09:23:05.033+0000] {logging_mixin.py:188} INFO - Downloaded AAPL/1770796478.json
[2026-02-11T09:23:05.042+0000] {logging_mixin.py:188} INFO - Downloaded AAPL/1770796488.json
[2026-02-11T09:23:05.051+0000] {logging_mixin.py:188} INFO - Downloaded AAPL/1770796499.json
[2026-02-11T09:23:05.059+0000] {logging_mixin.py:188} INFO - Downloaded AAPL/1770796510.json
[2026-02-11T09:23:05.068+0000] {logging_mixin.py:188} INFO - Downloaded AAPL/1770796521.json
[2026-02-11T09:23:05.077+0000] {logging_mixin.py:188} INFO - Downloaded AAPL/1770796531.json
[2026-02-11T09:23:05.086+0000] {logging_mixin.py:188} INFO - Downloaded AAPL/1770796541.json
[2026-02-11T09:23:05.094+0000] {logging_mixin.py:188} INFO - Downloaded AAPL/1770796552.json
[2026-02-11T09:23:05.102+0000] {logging_mixin.py:188} INFO - Downloaded AAPL/1770796562.json
[2026-02-11T09:23:05.110+0000] {logging_mixin.py:188} INFO - Downloaded AAPL/1770796573.json
[2026-02-11T09:23:05.119+0000] {logging_mixin.py:188} INFO - Downloaded AAPL/1770796584.json
[2026-02-11T09:23:05.128+0000] {logging_mixin.py:188} INFO - Downloaded AAPL/1770796595.json
[2026-02-11T09:23:05.137+0000] {logging_mixin.py:188} INFO - Downloaded AAPL/1770796606.json
[2026-02-11T09:23:05.146+0000] {logging_mixin.py:188} INFO - Downloaded AAPL/1770796618.json
[2026-02-11T09:23:05.155+0000] {logging_mixin.py:188} INFO - Downloaded AAPL/1770796628.json
[2026-02-11T09:23:05.164+0000] {logging_mixin.py:188} INFO - Downloaded AAPL/1770796640.json
[2026-02-11T09:23:05.173+0000] {logging_mixin.py:188} INFO - Downloaded AAPL/1770796650.json
[2026-02-11T09:23:05.181+0000] {logging_mixin.py:188} INFO - Downloaded AAPL/1770796661.json
[2026-02-11T09:23:05.190+0000] {logging_mixin.py:188} INFO - Downloaded AAPL/1770796672.json
[2026-02-11T09:23:05.199+0000] {logging_mixin.py:188} INFO - Downloaded AAPL/1770796682.json
[2026-02-11T09:23:05.207+0000] {logging_mixin.py:188} INFO - Downloaded AAPL/1770796693.json
[2026-02-11T09:23:05.216+0000] {logging_mixin.py:188} INFO - Downloaded AAPL/1770796703.json
[2026-02-11T09:23:05.224+0000] {logging_mixin.py:188} INFO - Downloaded AAPL/1770796714.json
[2026-02-11T09:23:05.233+0000] {logging_mixin.py:188} INFO - Downloaded AAPL/1770796724.json
[2026-02-11T09:23:05.242+0000] {logging_mixin.py:188} INFO - Downloaded AAPL/1770796735.json
[2026-02-11T09:23:05.251+0000] {logging_mixin.py:188} INFO - Downloaded AAPL/1770796746.json
[2026-02-11T09:23:05.259+0000] {logging_mixin.py:188} INFO - Downloaded AAPL/1770796757.json
[2026-02-11T09:23:05.268+0000] {logging_mixin.py:188} INFO - Downloaded AAPL/1770796768.json
[2026-02-11T09:23:05.277+0000] {logging_mixin.py:188} INFO - Downloaded AAPL/1770796780.json
[2026-02-11T09:23:05.285+0000] {logging_mixin.py:188} INFO - Downloaded AAPL/1770796790.json
[2026-02-11T09:23:05.294+0000] {logging_mixin.py:188} INFO - Downloaded AAPL/1770796801.json
[2026-02-11T09:23:05.303+0000] {logging_mixin.py:188} INFO - Downloaded AAPL/1770796813.json
[2026-02-11T09:23:05.311+0000] {logging_mixin.py:188} INFO - Downloaded AAPL/1770796823.json
[2026-02-11T09:23:05.320+0000] {logging_mixin.py:188} INFO - Downloaded AAPL/1770796834.json
[2026-02-11T09:23:05.328+0000] {logging_mixin.py:188} INFO - Downloaded AAPL/1770796844.json
[2026-02-11T09:23:05.337+0000] {logging_mixin.py:188} INFO - Downloaded AAPL/1770796855.json
[2026-02-11T09:23:05.345+0000] {logging_mixin.py:188} INFO - Downloaded AAPL/1770796866.json
[2026-02-11T09:23:05.354+0000] {logging_mixin.py:188} INFO - Downloaded AAPL/1770796877.json
[2026-02-11T09:23:05.362+0000] {logging_mixin.py:188} INFO - Downloaded AAPL/1770796887.json
[2026-02-11T09:23:05.371+0000] {logging_mixin.py:188} INFO - Downloaded AAPL/1770796898.json
[2026-02-11T09:23:05.379+0000] {logging_mixin.py:188} INFO - Downloaded AAPL/1770796909.json
[2026-02-11T09:23:05.388+0000] {logging_mixin.py:188} INFO - Downloaded AAPL/1770796920.json
[2026-02-11T09:23:05.398+0000] {logging_mixin.py:188} INFO - Downloaded AAPL/1770796930.json
[2026-02-11T09:23:05.407+0000] {logging_mixin.py:188} INFO - Downloaded AAPL/1770796943.json
[2026-02-11T09:23:05.415+0000] {logging_mixin.py:188} INFO - Downloaded AAPL/1770796954.json
[2026-02-11T09:23:05.424+0000] {logging_mixin.py:188} INFO - Downloaded AAPL/1770796965.json
[2026-02-11T09:23:05.434+0000] {logging_mixin.py:188} INFO - Downloaded AAPL/1770796976.json
[2026-02-11T09:23:05.446+0000] {logging_mixin.py:188} INFO - Downloaded AAPL/1770796987.json
[2026-02-11T09:23:05.458+0000] {logging_mixin.py:188} INFO - Downloaded AAPL/1770796998.json
[2026-02-11T09:23:05.469+0000] {logging_mixin.py:188} INFO - Downloaded AAPL/1770797047.json
[2026-02-11T09:23:05.480+0000] {logging_mixin.py:188} INFO - Downloaded AAPL/1770797059.json
[2026-02-11T09:23:05.490+0000] {logging_mixin.py:188} INFO - Downloaded AAPL/1770797069.json
[2026-02-11T09:23:05.501+0000] {logging_mixin.py:188} INFO - Downloaded AAPL/1770797082.json
[2026-02-11T09:23:05.511+0000] {logging_mixin.py:188} INFO - Downloaded AAPL/1770797095.json
[2026-02-11T09:23:05.521+0000] {logging_mixin.py:188} INFO - Downloaded AAPL/1770797106.json
[2026-02-11T09:23:05.531+0000] {logging_mixin.py:188} INFO - Downloaded AAPL/1770797117.json
[2026-02-11T09:23:05.540+0000] {logging_mixin.py:188} INFO - Downloaded AAPL/1770797128.json
[2026-02-11T09:23:05.549+0000] {logging_mixin.py:188} INFO - Downloaded AAPL/1770797139.json
[2026-02-11T09:23:05.557+0000] {logging_mixin.py:188} INFO - Downloaded AAPL/1770797149.json
[2026-02-11T09:23:05.566+0000] {logging_mixin.py:188} INFO - Downloaded AAPL/1770797159.json
[2026-02-11T09:23:05.578+0000] {logging_mixin.py:188} INFO - Downloaded AAPL/1770797171.json
[2026-02-11T09:23:05.587+0000] {logging_mixin.py:188} INFO - Downloaded AMZN/1770795804.json
[2026-02-11T09:23:05.596+0000] {logging_mixin.py:188} INFO - Downloaded AMZN/1770795815.json
[2026-02-11T09:23:05.605+0000] {logging_mixin.py:188} INFO - Downloaded AMZN/1770795825.json
[2026-02-11T09:23:05.613+0000] {logging_mixin.py:188} INFO - Downloaded AMZN/1770795836.json
[2026-02-11T09:23:05.622+0000] {logging_mixin.py:188} INFO - Downloaded AMZN/1770795847.json
[2026-02-11T09:23:05.631+0000] {logging_mixin.py:188} INFO - Downloaded AMZN/1770795857.json
[2026-02-11T09:23:05.639+0000] {logging_mixin.py:188} INFO - Downloaded AMZN/1770795868.json
[2026-02-11T09:23:05.649+0000] {logging_mixin.py:188} INFO - Downloaded AMZN/1770795882.json
[2026-02-11T09:23:05.659+0000] {logging_mixin.py:188} INFO - Downloaded AMZN/1770795892.json
[2026-02-11T09:23:05.668+0000] {logging_mixin.py:188} INFO - Downloaded AMZN/1770795903.json
[2026-02-11T09:23:05.678+0000] {logging_mixin.py:188} INFO - Downloaded AMZN/1770795913.json
[2026-02-11T09:23:05.689+0000] {logging_mixin.py:188} INFO - Downloaded AMZN/1770795924.json
[2026-02-11T09:23:05.700+0000] {logging_mixin.py:188} INFO - Downloaded AMZN/1770795935.json
[2026-02-11T09:23:05.709+0000] {logging_mixin.py:188} INFO - Downloaded AMZN/1770795945.json
[2026-02-11T09:23:05.718+0000] {logging_mixin.py:188} INFO - Downloaded AMZN/1770795955.json
[2026-02-11T09:23:05.727+0000] {logging_mixin.py:188} INFO - Downloaded AMZN/1770795966.json
[2026-02-11T09:23:05.738+0000] {logging_mixin.py:188} INFO - Downloaded AMZN/1770795977.json
[2026-02-11T09:23:05.747+0000] {logging_mixin.py:188} INFO - Downloaded AMZN/1770795988.json
[2026-02-11T09:23:05.755+0000] {logging_mixin.py:188} INFO - Downloaded AMZN/1770795999.json
[2026-02-11T09:23:05.764+0000] {logging_mixin.py:188} INFO - Downloaded AMZN/1770796009.json
[2026-02-11T09:23:05.772+0000] {logging_mixin.py:188} INFO - Downloaded AMZN/1770796020.json
[2026-02-11T09:23:05.781+0000] {logging_mixin.py:188} INFO - Downloaded AMZN/1770796031.json
[2026-02-11T09:23:05.790+0000] {logging_mixin.py:188} INFO - Downloaded AMZN/1770796041.json
[2026-02-11T09:23:05.799+0000] {logging_mixin.py:188} INFO - Downloaded AMZN/1770796052.json
[2026-02-11T09:23:05.808+0000] {logging_mixin.py:188} INFO - Downloaded AMZN/1770796062.json
[2026-02-11T09:23:05.818+0000] {logging_mixin.py:188} INFO - Downloaded AMZN/1770796072.json
[2026-02-11T09:23:05.827+0000] {logging_mixin.py:188} INFO - Downloaded AMZN/1770796084.json
[2026-02-11T09:23:05.837+0000] {logging_mixin.py:188} INFO - Downloaded AMZN/1770796095.json
[2026-02-11T09:23:05.846+0000] {logging_mixin.py:188} INFO - Downloaded AMZN/1770796106.json
[2026-02-11T09:23:05.854+0000] {logging_mixin.py:188} INFO - Downloaded AMZN/1770796116.json
[2026-02-11T09:23:05.863+0000] {logging_mixin.py:188} INFO - Downloaded AMZN/1770796126.json
[2026-02-11T09:23:05.873+0000] {logging_mixin.py:188} INFO - Downloaded AMZN/1770796136.json
[2026-02-11T09:23:05.882+0000] {logging_mixin.py:188} INFO - Downloaded AMZN/1770796149.json
[2026-02-11T09:23:05.891+0000] {logging_mixin.py:188} INFO - Downloaded AMZN/1770796159.json
[2026-02-11T09:23:05.900+0000] {logging_mixin.py:188} INFO - Downloaded AMZN/1770796171.json
[2026-02-11T09:23:05.912+0000] {logging_mixin.py:188} INFO - Downloaded AMZN/1770796181.json
[2026-02-11T09:23:05.922+0000] {logging_mixin.py:188} INFO - Downloaded AMZN/1770796192.json
[2026-02-11T09:23:05.930+0000] {logging_mixin.py:188} INFO - Downloaded AMZN/1770796204.json
[2026-02-11T09:23:05.940+0000] {logging_mixin.py:188} INFO - Downloaded AMZN/1770796215.json
[2026-02-11T09:23:05.949+0000] {logging_mixin.py:188} INFO - Downloaded AMZN/1770796226.json
[2026-02-11T09:23:05.959+0000] {logging_mixin.py:188} INFO - Downloaded AMZN/1770796236.json
[2026-02-11T09:23:05.968+0000] {logging_mixin.py:188} INFO - Downloaded AMZN/1770796247.json
[2026-02-11T09:23:05.978+0000] {logging_mixin.py:188} INFO - Downloaded AMZN/1770796257.json
[2026-02-11T09:23:05.988+0000] {logging_mixin.py:188} INFO - Downloaded AMZN/1770796268.json
[2026-02-11T09:23:05.998+0000] {logging_mixin.py:188} INFO - Downloaded AMZN/1770796279.json
[2026-02-11T09:23:06.007+0000] {logging_mixin.py:188} INFO - Downloaded AMZN/1770796290.json
[2026-02-11T09:23:06.016+0000] {logging_mixin.py:188} INFO - Downloaded AMZN/1770796300.json
[2026-02-11T09:23:06.026+0000] {logging_mixin.py:188} INFO - Downloaded AMZN/1770796311.json
[2026-02-11T09:23:06.035+0000] {logging_mixin.py:188} INFO - Downloaded AMZN/1770796321.json
[2026-02-11T09:23:06.044+0000] {logging_mixin.py:188} INFO - Downloaded AMZN/1770796332.json
[2026-02-11T09:23:06.053+0000] {logging_mixin.py:188} INFO - Downloaded AMZN/1770796343.json
[2026-02-11T09:23:06.061+0000] {logging_mixin.py:188} INFO - Downloaded AMZN/1770796353.json
[2026-02-11T09:23:06.070+0000] {logging_mixin.py:188} INFO - Downloaded AMZN/1770796364.json
[2026-02-11T09:23:06.080+0000] {logging_mixin.py:188} INFO - Downloaded AMZN/1770796375.json
[2026-02-11T09:23:06.090+0000] {logging_mixin.py:188} INFO - Downloaded AMZN/1770796385.json
[2026-02-11T09:23:06.099+0000] {logging_mixin.py:188} INFO - Downloaded AMZN/1770796396.json
[2026-02-11T09:23:06.108+0000] {logging_mixin.py:188} INFO - Downloaded AMZN/1770796406.json
[2026-02-11T09:23:06.116+0000] {logging_mixin.py:188} INFO - Downloaded AMZN/1770796417.json
[2026-02-11T09:23:06.125+0000] {logging_mixin.py:188} INFO - Downloaded AMZN/1770796428.json
[2026-02-11T09:23:06.134+0000] {logging_mixin.py:188} INFO - Downloaded AMZN/1770796438.json
[2026-02-11T09:23:06.147+0000] {logging_mixin.py:188} INFO - Downloaded AMZN/1770796450.json
[2026-02-11T09:23:06.156+0000] {logging_mixin.py:188} INFO - Downloaded AMZN/1770796460.json
[2026-02-11T09:23:06.165+0000] {logging_mixin.py:188} INFO - Downloaded AMZN/1770796471.json
[2026-02-11T09:23:06.174+0000] {logging_mixin.py:188} INFO - Downloaded AMZN/1770796481.json
[2026-02-11T09:23:06.184+0000] {logging_mixin.py:188} INFO - Downloaded AMZN/1770796492.json
[2026-02-11T09:23:06.192+0000] {logging_mixin.py:188} INFO - Downloaded AMZN/1770796503.json
[2026-02-11T09:23:06.202+0000] {logging_mixin.py:188} INFO - Downloaded AMZN/1770796514.json
[2026-02-11T09:23:06.210+0000] {logging_mixin.py:188} INFO - Downloaded AMZN/1770796524.json
[2026-02-11T09:23:06.220+0000] {logging_mixin.py:188} INFO - Downloaded AMZN/1770796534.json
[2026-02-11T09:23:06.228+0000] {logging_mixin.py:188} INFO - Downloaded AMZN/1770796545.json
[2026-02-11T09:23:06.241+0000] {logging_mixin.py:188} INFO - Downloaded AMZN/1770796555.json
[2026-02-11T09:23:06.252+0000] {logging_mixin.py:188} INFO - Downloaded AMZN/1770796566.json
[2026-02-11T09:23:06.261+0000] {logging_mixin.py:188} INFO - Downloaded AMZN/1770796577.json
[2026-02-11T09:23:06.271+0000] {logging_mixin.py:188} INFO - Downloaded AMZN/1770796588.json
[2026-02-11T09:23:06.281+0000] {logging_mixin.py:188} INFO - Downloaded AMZN/1770796599.json
[2026-02-11T09:23:06.291+0000] {logging_mixin.py:188} INFO - Downloaded AMZN/1770796611.json
[2026-02-11T09:23:06.303+0000] {logging_mixin.py:188} INFO - Downloaded AMZN/1770796621.json
[2026-02-11T09:23:06.316+0000] {logging_mixin.py:188} INFO - Downloaded AMZN/1770796633.json
[2026-02-11T09:23:06.337+0000] {logging_mixin.py:188} INFO - Downloaded AMZN/1770796643.json
[2026-02-11T09:23:06.357+0000] {logging_mixin.py:188} INFO - Downloaded AMZN/1770796654.json
[2026-02-11T09:23:06.383+0000] {logging_mixin.py:188} INFO - Downloaded AMZN/1770796665.json
[2026-02-11T09:23:06.405+0000] {logging_mixin.py:188} INFO - Downloaded AMZN/1770796675.json
[2026-02-11T09:23:06.433+0000] {logging_mixin.py:188} INFO - Downloaded AMZN/1770796686.json
[2026-02-11T09:23:06.466+0000] {logging_mixin.py:188} INFO - Downloaded AMZN/1770796696.json
[2026-02-11T09:23:06.486+0000] {logging_mixin.py:188} INFO - Downloaded AMZN/1770796707.json
[2026-02-11T09:23:06.505+0000] {logging_mixin.py:188} INFO - Downloaded AMZN/1770796717.json
[2026-02-11T09:23:06.524+0000] {logging_mixin.py:188} INFO - Downloaded AMZN/1770796728.json
[2026-02-11T09:23:06.545+0000] {logging_mixin.py:188} INFO - Downloaded AMZN/1770796739.json
[2026-02-11T09:23:06.570+0000] {logging_mixin.py:188} INFO - Downloaded AMZN/1770796750.json
[2026-02-11T09:23:06.594+0000] {logging_mixin.py:188} INFO - Downloaded AMZN/1770796762.json
[2026-02-11T09:23:06.623+0000] {logging_mixin.py:188} INFO - Downloaded AMZN/1770796773.json
[2026-02-11T09:23:06.648+0000] {logging_mixin.py:188} INFO - Downloaded AMZN/1770796783.json
[2026-02-11T09:23:06.680+0000] {logging_mixin.py:188} INFO - Downloaded AMZN/1770796794.json
[2026-02-11T09:23:06.700+0000] {logging_mixin.py:188} INFO - Downloaded AMZN/1770796806.json
[2026-02-11T09:23:06.722+0000] {logging_mixin.py:188} INFO - Downloaded AMZN/1770796817.json
[2026-02-11T09:23:06.742+0000] {logging_mixin.py:188} INFO - Downloaded AMZN/1770796827.json
[2026-02-11T09:23:06.765+0000] {logging_mixin.py:188} INFO - Downloaded AMZN/1770796837.json
[2026-02-11T09:23:06.788+0000] {logging_mixin.py:188} INFO - Downloaded AMZN/1770796848.json
[2026-02-11T09:23:06.808+0000] {logging_mixin.py:188} INFO - Downloaded AMZN/1770796859.json
[2026-02-11T09:23:06.829+0000] {logging_mixin.py:188} INFO - Downloaded AMZN/1770796870.json
[2026-02-11T09:23:06.850+0000] {logging_mixin.py:188} INFO - Downloaded AMZN/1770796880.json
[2026-02-11T09:23:06.868+0000] {logging_mixin.py:188} INFO - Downloaded AMZN/1770796891.json
[2026-02-11T09:23:06.888+0000] {logging_mixin.py:188} INFO - Downloaded AMZN/1770796901.json
[2026-02-11T09:23:06.912+0000] {logging_mixin.py:188} INFO - Downloaded AMZN/1770796913.json
[2026-02-11T09:23:06.932+0000] {logging_mixin.py:188} INFO - Downloaded AMZN/1770796924.json
[2026-02-11T09:23:06.953+0000] {logging_mixin.py:188} INFO - Downloaded AMZN/1770796937.json
[2026-02-11T09:23:06.975+0000] {logging_mixin.py:188} INFO - Downloaded AMZN/1770796947.json
[2026-02-11T09:23:07.001+0000] {logging_mixin.py:188} INFO - Downloaded AMZN/1770796958.json
[2026-02-11T09:23:07.023+0000] {logging_mixin.py:188} INFO - Downloaded AMZN/1770796969.json
[2026-02-11T09:23:07.043+0000] {logging_mixin.py:188} INFO - Downloaded AMZN/1770796980.json
[2026-02-11T09:23:07.064+0000] {logging_mixin.py:188} INFO - Downloaded AMZN/1770796991.json
[2026-02-11T09:23:07.088+0000] {logging_mixin.py:188} INFO - Downloaded AMZN/1770797002.json
[2026-02-11T09:23:07.111+0000] {logging_mixin.py:188} INFO - Downloaded AMZN/1770797039.json
[2026-02-11T09:23:07.136+0000] {logging_mixin.py:188} INFO - Downloaded AMZN/1770797052.json
[2026-02-11T09:23:07.162+0000] {logging_mixin.py:188} INFO - Downloaded AMZN/1770797062.json
[2026-02-11T09:23:07.190+0000] {logging_mixin.py:188} INFO - Downloaded AMZN/1770797074.json
[2026-02-11T09:23:07.217+0000] {logging_mixin.py:188} INFO - Downloaded AMZN/1770797088.json
[2026-02-11T09:23:07.243+0000] {logging_mixin.py:188} INFO - Downloaded AMZN/1770797099.json
[2026-02-11T09:23:07.274+0000] {logging_mixin.py:188} INFO - Downloaded AMZN/1770797110.json
[2026-02-11T09:23:07.307+0000] {logging_mixin.py:188} INFO - Downloaded AMZN/1770797121.json
[2026-02-11T09:23:07.339+0000] {logging_mixin.py:188} INFO - Downloaded AMZN/1770797132.json
[2026-02-11T09:23:07.370+0000] {logging_mixin.py:188} INFO - Downloaded AMZN/1770797142.json
[2026-02-11T09:23:07.403+0000] {logging_mixin.py:188} INFO - Downloaded AMZN/1770797152.json
[2026-02-11T09:23:07.435+0000] {logging_mixin.py:188} INFO - Downloaded AMZN/1770797164.json
[2026-02-11T09:23:07.466+0000] {logging_mixin.py:188} INFO - Downloaded AMZN/1770797175.json
[2026-02-11T09:23:07.497+0000] {logging_mixin.py:188} INFO - Downloaded GOOGL/1770795803.json
[2026-02-11T09:23:07.543+0000] {logging_mixin.py:188} INFO - Downloaded GOOGL/1770795814.json
[2026-02-11T09:23:07.574+0000] {logging_mixin.py:188} INFO - Downloaded GOOGL/1770795824.json
[2026-02-11T09:23:07.598+0000] {logging_mixin.py:188} INFO - Downloaded GOOGL/1770795835.json
[2026-02-11T09:23:07.624+0000] {logging_mixin.py:188} INFO - Downloaded GOOGL/1770795846.json
[2026-02-11T09:23:07.643+0000] {logging_mixin.py:188} INFO - Downloaded GOOGL/1770795857.json
[2026-02-11T09:23:07.664+0000] {logging_mixin.py:188} INFO - Downloaded GOOGL/1770795867.json
[2026-02-11T09:23:07.684+0000] {logging_mixin.py:188} INFO - Downloaded GOOGL/1770795879.json
[2026-02-11T09:23:07.705+0000] {logging_mixin.py:188} INFO - Downloaded GOOGL/1770795891.json
[2026-02-11T09:23:07.726+0000] {logging_mixin.py:188} INFO - Downloaded GOOGL/1770795902.json
[2026-02-11T09:23:07.746+0000] {logging_mixin.py:188} INFO - Downloaded GOOGL/1770795912.json
[2026-02-11T09:23:07.775+0000] {logging_mixin.py:188} INFO - Downloaded GOOGL/1770795923.json
[2026-02-11T09:23:07.799+0000] {logging_mixin.py:188} INFO - Downloaded GOOGL/1770795934.json
[2026-02-11T09:23:07.824+0000] {logging_mixin.py:188} INFO - Downloaded GOOGL/1770795944.json
[2026-02-11T09:23:07.847+0000] {logging_mixin.py:188} INFO - Downloaded GOOGL/1770795954.json
[2026-02-11T09:23:07.868+0000] {logging_mixin.py:188} INFO - Downloaded GOOGL/1770795965.json
[2026-02-11T09:23:07.895+0000] {logging_mixin.py:188} INFO - Downloaded GOOGL/1770795976.json
[2026-02-11T09:23:07.927+0000] {logging_mixin.py:188} INFO - Downloaded GOOGL/1770795987.json
[2026-02-11T09:23:07.970+0000] {logging_mixin.py:188} INFO - Downloaded GOOGL/1770795998.json
[2026-02-11T09:23:08.012+0000] {logging_mixin.py:188} INFO - Downloaded GOOGL/1770796008.json
[2026-02-11T09:23:08.033+0000] {logging_mixin.py:188} INFO - Downloaded GOOGL/1770796019.json
[2026-02-11T09:23:08.086+0000] {logging_mixin.py:188} INFO - Downloaded GOOGL/1770796030.json
[2026-02-11T09:23:08.135+0000] {logging_mixin.py:188} INFO - Downloaded GOOGL/1770796040.json
[2026-02-11T09:23:08.175+0000] {logging_mixin.py:188} INFO - Downloaded GOOGL/1770796051.json
[2026-02-11T09:23:08.204+0000] {logging_mixin.py:188} INFO - Downloaded GOOGL/1770796061.json
[2026-02-11T09:23:08.231+0000] {logging_mixin.py:188} INFO - Downloaded GOOGL/1770796071.json
[2026-02-11T09:23:08.261+0000] {logging_mixin.py:188} INFO - Downloaded GOOGL/1770796083.json
[2026-02-11T09:23:08.292+0000] {logging_mixin.py:188} INFO - Downloaded GOOGL/1770796094.json
[2026-02-11T09:23:08.333+0000] {logging_mixin.py:188} INFO - Downloaded GOOGL/1770796105.json
[2026-02-11T09:23:08.376+0000] {logging_mixin.py:188} INFO - Downloaded GOOGL/1770796115.json
[2026-02-11T09:23:08.407+0000] {logging_mixin.py:188} INFO - Downloaded GOOGL/1770796125.json
[2026-02-11T09:23:08.427+0000] {logging_mixin.py:188} INFO - Downloaded GOOGL/1770796136.json
[2026-02-11T09:23:08.447+0000] {logging_mixin.py:188} INFO - Downloaded GOOGL/1770796147.json
[2026-02-11T09:23:08.467+0000] {logging_mixin.py:188} INFO - Downloaded GOOGL/1770796158.json
[2026-02-11T09:23:08.487+0000] {logging_mixin.py:188} INFO - Downloaded GOOGL/1770796170.json
[2026-02-11T09:23:08.510+0000] {logging_mixin.py:188} INFO - Downloaded GOOGL/1770796180.json
[2026-02-11T09:23:08.531+0000] {logging_mixin.py:188} INFO - Downloaded GOOGL/1770796191.json
[2026-02-11T09:23:08.555+0000] {logging_mixin.py:188} INFO - Downloaded GOOGL/1770796203.json
[2026-02-11T09:23:08.578+0000] {logging_mixin.py:188} INFO - Downloaded GOOGL/1770796214.json
[2026-02-11T09:23:08.597+0000] {logging_mixin.py:188} INFO - Downloaded GOOGL/1770796225.json
[2026-02-11T09:23:08.617+0000] {logging_mixin.py:188} INFO - Downloaded GOOGL/1770796236.json
[2026-02-11T09:23:08.640+0000] {logging_mixin.py:188} INFO - Downloaded GOOGL/1770796246.json
[2026-02-11T09:23:08.664+0000] {logging_mixin.py:188} INFO - Downloaded GOOGL/1770796256.json
[2026-02-11T09:23:08.686+0000] {logging_mixin.py:188} INFO - Downloaded GOOGL/1770796267.json
[2026-02-11T09:23:08.706+0000] {logging_mixin.py:188} INFO - Downloaded GOOGL/1770796277.json
[2026-02-11T09:23:08.726+0000] {logging_mixin.py:188} INFO - Downloaded GOOGL/1770796289.json
[2026-02-11T09:23:08.752+0000] {logging_mixin.py:188} INFO - Downloaded GOOGL/1770796299.json
[2026-02-11T09:23:08.833+0000] {logging_mixin.py:188} INFO - Downloaded GOOGL/1770796310.json
[2026-02-11T09:23:08.859+0000] {logging_mixin.py:188} INFO - Downloaded GOOGL/1770796321.json
[2026-02-11T09:23:08.888+0000] {logging_mixin.py:188} INFO - Downloaded GOOGL/1770796331.json
[2026-02-11T09:23:08.914+0000] {logging_mixin.py:188} INFO - Downloaded GOOGL/1770796342.json
[2026-02-11T09:23:08.941+0000] {logging_mixin.py:188} INFO - Downloaded GOOGL/1770796352.json
[2026-02-11T09:23:08.969+0000] {logging_mixin.py:188} INFO - Downloaded GOOGL/1770796363.json
[2026-02-11T09:23:08.988+0000] {logging_mixin.py:188} INFO - Downloaded GOOGL/1770796374.json
[2026-02-11T09:23:09.008+0000] {logging_mixin.py:188} INFO - Downloaded GOOGL/1770796384.json
[2026-02-11T09:23:09.028+0000] {logging_mixin.py:188} INFO - Downloaded GOOGL/1770796395.json
[2026-02-11T09:23:09.049+0000] {logging_mixin.py:188} INFO - Downloaded GOOGL/1770796406.json
[2026-02-11T09:23:09.071+0000] {logging_mixin.py:188} INFO - Downloaded GOOGL/1770796416.json
[2026-02-11T09:23:09.093+0000] {logging_mixin.py:188} INFO - Downloaded GOOGL/1770796427.json
[2026-02-11T09:23:10.003+0000] {logging_mixin.py:188} INFO - Downloaded GOOGL/1770796438.json
[2026-02-11T09:23:10.038+0000] {logging_mixin.py:188} INFO - Downloaded GOOGL/1770796449.json
[2026-02-11T09:23:10.065+0000] {logging_mixin.py:188} INFO - Downloaded GOOGL/1770796459.json
[2026-02-11T09:23:10.089+0000] {logging_mixin.py:188} INFO - Downloaded GOOGL/1770796470.json
[2026-02-11T09:23:10.143+0000] {logging_mixin.py:188} INFO - Downloaded GOOGL/1770796480.json
[2026-02-11T09:23:10.163+0000] {logging_mixin.py:188} INFO - Downloaded GOOGL/1770796491.json
[2026-02-11T09:23:10.183+0000] {logging_mixin.py:188} INFO - Downloaded GOOGL/1770796502.json
[2026-02-11T09:23:10.203+0000] {logging_mixin.py:188} INFO - Downloaded GOOGL/1770796513.json
[2026-02-11T09:23:10.225+0000] {logging_mixin.py:188} INFO - Downloaded GOOGL/1770796523.json
[2026-02-11T09:23:10.259+0000] {logging_mixin.py:188} INFO - Downloaded GOOGL/1770796534.json
[2026-02-11T09:23:10.589+0000] {logging_mixin.py:188} INFO - Downloaded GOOGL/1770796544.json
[2026-02-11T09:23:10.625+0000] {logging_mixin.py:188} INFO - Downloaded GOOGL/1770796554.json
[2026-02-11T09:23:10.662+0000] {logging_mixin.py:188} INFO - Downloaded GOOGL/1770796565.json
[2026-02-11T09:23:10.764+0000] {logging_mixin.py:188} INFO - Downloaded GOOGL/1770796576.json
[2026-02-11T09:23:10.828+0000] {logging_mixin.py:188} INFO - Downloaded GOOGL/1770796587.json
[2026-02-11T09:23:10.881+0000] {logging_mixin.py:188} INFO - Downloaded GOOGL/1770796598.json
[2026-02-11T09:23:10.928+0000] {logging_mixin.py:188} INFO - Downloaded GOOGL/1770796610.json
[2026-02-11T09:23:10.965+0000] {logging_mixin.py:188} INFO - Downloaded GOOGL/1770796620.json
[2026-02-11T09:23:11.013+0000] {logging_mixin.py:188} INFO - Downloaded GOOGL/1770796632.json
[2026-02-11T09:23:11.050+0000] {logging_mixin.py:188} INFO - Downloaded GOOGL/1770796642.json
[2026-02-11T09:23:11.083+0000] {logging_mixin.py:188} INFO - Downloaded GOOGL/1770796653.json
[2026-02-11T09:23:11.102+0000] {logging_mixin.py:188} INFO - Downloaded GOOGL/1770796664.json
[2026-02-11T09:23:11.122+0000] {logging_mixin.py:188} INFO - Downloaded GOOGL/1770796674.json
[2026-02-11T09:23:11.153+0000] {logging_mixin.py:188} INFO - Downloaded GOOGL/1770796685.json
[2026-02-11T09:23:11.178+0000] {logging_mixin.py:188} INFO - Downloaded GOOGL/1770796696.json
[2026-02-11T09:23:11.201+0000] {logging_mixin.py:188} INFO - Downloaded GOOGL/1770796706.json
[2026-02-11T09:23:11.220+0000] {logging_mixin.py:188} INFO - Downloaded GOOGL/1770796716.json
[2026-02-11T09:23:11.248+0000] {logging_mixin.py:188} INFO - Downloaded GOOGL/1770796727.json
[2026-02-11T09:23:11.271+0000] {logging_mixin.py:188} INFO - Downloaded GOOGL/1770796738.json
[2026-02-11T09:23:11.297+0000] {logging_mixin.py:188} INFO - Downloaded GOOGL/1770796749.json
[2026-02-11T09:23:11.318+0000] {logging_mixin.py:188} INFO - Downloaded GOOGL/1770796761.json
[2026-02-11T09:23:11.341+0000] {logging_mixin.py:188} INFO - Downloaded GOOGL/1770796772.json
[2026-02-11T09:23:11.362+0000] {logging_mixin.py:188} INFO - Downloaded GOOGL/1770796783.json
[2026-02-11T09:23:11.390+0000] {logging_mixin.py:188} INFO - Downloaded GOOGL/1770796793.json
[2026-02-11T09:23:11.414+0000] {logging_mixin.py:188} INFO - Downloaded GOOGL/1770796804.json
[2026-02-11T09:23:11.436+0000] {logging_mixin.py:188} INFO - Downloaded GOOGL/1770796815.json
[2026-02-11T09:23:11.466+0000] {logging_mixin.py:188} INFO - Downloaded GOOGL/1770796826.json
[2026-02-11T09:23:11.521+0000] {logging_mixin.py:188} INFO - Downloaded GOOGL/1770796837.json
[2026-02-11T09:23:11.554+0000] {logging_mixin.py:188} INFO - Downloaded GOOGL/1770796847.json
[2026-02-11T09:23:11.583+0000] {logging_mixin.py:188} INFO - Downloaded GOOGL/1770796858.json
[2026-02-11T09:23:11.611+0000] {logging_mixin.py:188} INFO - Downloaded GOOGL/1770796869.json
[2026-02-11T09:23:11.639+0000] {logging_mixin.py:188} INFO - Downloaded GOOGL/1770796879.json
[2026-02-11T09:23:11.663+0000] {logging_mixin.py:188} INFO - Downloaded GOOGL/1770796890.json
[2026-02-11T09:23:11.689+0000] {logging_mixin.py:188} INFO - Downloaded GOOGL/1770796900.json
[2026-02-11T09:23:11.715+0000] {logging_mixin.py:188} INFO - Downloaded GOOGL/1770796912.json
[2026-02-11T09:23:11.737+0000] {logging_mixin.py:188} INFO - Downloaded GOOGL/1770796923.json
[2026-02-11T09:23:11.768+0000] {logging_mixin.py:188} INFO - Downloaded GOOGL/1770796933.json
[2026-02-11T09:23:11.797+0000] {logging_mixin.py:188} INFO - Downloaded GOOGL/1770796946.json
[2026-02-11T09:23:11.820+0000] {logging_mixin.py:188} INFO - Downloaded GOOGL/1770796957.json
[2026-02-11T09:23:11.846+0000] {logging_mixin.py:188} INFO - Downloaded GOOGL/1770796968.json
[2026-02-11T09:23:11.872+0000] {logging_mixin.py:188} INFO - Downloaded GOOGL/1770796979.json
[2026-02-11T09:23:11.894+0000] {logging_mixin.py:188} INFO - Downloaded GOOGL/1770796990.json
[2026-02-11T09:23:11.913+0000] {logging_mixin.py:188} INFO - Downloaded GOOGL/1770797001.json
[2026-02-11T09:23:11.933+0000] {logging_mixin.py:188} INFO - Downloaded GOOGL/1770797037.json
[2026-02-11T09:23:11.954+0000] {logging_mixin.py:188} INFO - Downloaded GOOGL/1770797051.json
[2026-02-11T09:23:11.975+0000] {logging_mixin.py:188} INFO - Downloaded GOOGL/1770797061.json
[2026-02-11T09:23:11.995+0000] {logging_mixin.py:188} INFO - Downloaded GOOGL/1770797072.json
[2026-02-11T09:23:12.013+0000] {logging_mixin.py:188} INFO - Downloaded GOOGL/1770797087.json
[2026-02-11T09:23:12.037+0000] {logging_mixin.py:188} INFO - Downloaded GOOGL/1770797098.json
[2026-02-11T09:23:12.057+0000] {logging_mixin.py:188} INFO - Downloaded GOOGL/1770797109.json
[2026-02-11T09:23:12.091+0000] {logging_mixin.py:188} INFO - Downloaded GOOGL/1770797120.json
[2026-02-11T09:23:12.119+0000] {logging_mixin.py:188} INFO - Downloaded GOOGL/1770797131.json
[2026-02-11T09:23:12.139+0000] {logging_mixin.py:188} INFO - Downloaded GOOGL/1770797141.json
[2026-02-11T09:23:12.158+0000] {logging_mixin.py:188} INFO - Downloaded GOOGL/1770797151.json
[2026-02-11T09:23:12.176+0000] {logging_mixin.py:188} INFO - Downloaded GOOGL/1770797163.json
[2026-02-11T09:23:12.195+0000] {logging_mixin.py:188} INFO - Downloaded GOOGL/1770797174.json
[2026-02-11T09:23:12.213+0000] {logging_mixin.py:188} INFO - Downloaded MSFT/1770795802.json
[2026-02-11T09:23:12.237+0000] {logging_mixin.py:188} INFO - Downloaded MSFT/1770795812.json
[2026-02-11T09:23:12.256+0000] {logging_mixin.py:188} INFO - Downloaded MSFT/1770795822.json
[2026-02-11T09:23:12.276+0000] {logging_mixin.py:188} INFO - Downloaded MSFT/1770795833.json
[2026-02-11T09:23:12.294+0000] {logging_mixin.py:188} INFO - Downloaded MSFT/1770795844.json
[2026-02-11T09:23:12.313+0000] {logging_mixin.py:188} INFO - Downloaded MSFT/1770795855.json
[2026-02-11T09:23:12.332+0000] {logging_mixin.py:188} INFO - Downloaded MSFT/1770795865.json
[2026-02-11T09:23:12.353+0000] {logging_mixin.py:188} INFO - Downloaded MSFT/1770795876.json
[2026-02-11T09:23:12.373+0000] {logging_mixin.py:188} INFO - Downloaded MSFT/1770795890.json
[2026-02-11T09:23:12.394+0000] {logging_mixin.py:188} INFO - Downloaded MSFT/1770795900.json
[2026-02-11T09:23:12.416+0000] {logging_mixin.py:188} INFO - Downloaded MSFT/1770795910.json
[2026-02-11T09:23:12.437+0000] {logging_mixin.py:188} INFO - Downloaded MSFT/1770795921.json
[2026-02-11T09:23:12.458+0000] {logging_mixin.py:188} INFO - Downloaded MSFT/1770795932.json
[2026-02-11T09:23:12.475+0000] {logging_mixin.py:188} INFO - Downloaded MSFT/1770795942.json
[2026-02-11T09:23:12.495+0000] {logging_mixin.py:188} INFO - Downloaded MSFT/1770795953.json
[2026-02-11T09:23:12.515+0000] {logging_mixin.py:188} INFO - Downloaded MSFT/1770795963.json
[2026-02-11T09:23:12.534+0000] {logging_mixin.py:188} INFO - Downloaded MSFT/1770795974.json
[2026-02-11T09:23:12.554+0000] {logging_mixin.py:188} INFO - Downloaded MSFT/1770795985.json
[2026-02-11T09:23:12.576+0000] {logging_mixin.py:188} INFO - Downloaded MSFT/1770795996.json
[2026-02-11T09:23:12.598+0000] {logging_mixin.py:188} INFO - Downloaded MSFT/1770796007.json
[2026-02-11T09:23:12.617+0000] {logging_mixin.py:188} INFO - Downloaded MSFT/1770796017.json
[2026-02-11T09:23:12.734+0000] {logging_mixin.py:188} INFO - Downloaded MSFT/1770796028.json
[2026-02-11T09:23:12.952+0000] {logging_mixin.py:188} INFO - Downloaded MSFT/1770796039.json
[2026-02-11T09:23:12.976+0000] {logging_mixin.py:188} INFO - Downloaded MSFT/1770796049.json
[2026-02-11T09:23:12.995+0000] {logging_mixin.py:188} INFO - Downloaded MSFT/1770796060.json
[2026-02-11T09:23:13.014+0000] {logging_mixin.py:188} INFO - Downloaded MSFT/1770796070.json
[2026-02-11T09:23:13.033+0000] {logging_mixin.py:188} INFO - Downloaded MSFT/1770796080.json
[2026-02-11T09:23:13.053+0000] {logging_mixin.py:188} INFO - Downloaded MSFT/1770796092.json
[2026-02-11T09:23:13.070+0000] {logging_mixin.py:188} INFO - Downloaded MSFT/1770796103.json
[2026-02-11T09:23:13.094+0000] {logging_mixin.py:188} INFO - Downloaded MSFT/1770796113.json
[2026-02-11T09:23:13.115+0000] {logging_mixin.py:188} INFO - Downloaded MSFT/1770796123.json
[2026-02-11T09:23:13.138+0000] {logging_mixin.py:188} INFO - Downloaded MSFT/1770796134.json
[2026-02-11T09:23:13.165+0000] {logging_mixin.py:188} INFO - Downloaded MSFT/1770796145.json
[2026-02-11T09:23:13.188+0000] {logging_mixin.py:188} INFO - Downloaded MSFT/1770796157.json
[2026-02-11T09:23:13.319+0000] {logging_mixin.py:188} INFO - Downloaded MSFT/1770796167.json
[2026-02-11T09:23:13.338+0000] {logging_mixin.py:188} INFO - Downloaded MSFT/1770796179.json
[2026-02-11T09:23:13.360+0000] {logging_mixin.py:188} INFO - Downloaded MSFT/1770796189.json
[2026-02-11T09:23:14.698+0000] {logging_mixin.py:188} INFO - Downloaded MSFT/1770796201.json
[2026-02-11T09:23:14.718+0000] {logging_mixin.py:188} INFO - Downloaded MSFT/1770796212.json
[2026-02-11T09:23:14.737+0000] {logging_mixin.py:188} INFO - Downloaded MSFT/1770796223.json
[2026-02-11T09:23:14.754+0000] {logging_mixin.py:188} INFO - Downloaded MSFT/1770796234.json
[2026-02-11T09:23:14.773+0000] {logging_mixin.py:188} INFO - Downloaded MSFT/1770796244.json
[2026-02-11T09:23:14.793+0000] {logging_mixin.py:188} INFO - Downloaded MSFT/1770796254.json
[2026-02-11T09:23:14.818+0000] {logging_mixin.py:188} INFO - Downloaded MSFT/1770796265.json
[2026-02-11T09:23:14.836+0000] {logging_mixin.py:188} INFO - Downloaded MSFT/1770796276.json
[2026-02-11T09:23:14.859+0000] {logging_mixin.py:188} INFO - Downloaded MSFT/1770796287.json
[2026-02-11T09:23:14.879+0000] {logging_mixin.py:188} INFO - Downloaded MSFT/1770796297.json
[2026-02-11T09:23:14.900+0000] {logging_mixin.py:188} INFO - Downloaded MSFT/1770796308.json
[2026-02-11T09:23:14.926+0000] {logging_mixin.py:188} INFO - Downloaded MSFT/1770796319.json
[2026-02-11T09:23:14.949+0000] {logging_mixin.py:188} INFO - Downloaded MSFT/1770796329.json
[2026-02-11T09:23:14.969+0000] {logging_mixin.py:188} INFO - Downloaded MSFT/1770796340.json
[2026-02-11T09:23:14.991+0000] {logging_mixin.py:188} INFO - Downloaded MSFT/1770796351.json
[2026-02-11T09:23:15.010+0000] {logging_mixin.py:188} INFO - Downloaded MSFT/1770796361.json
[2026-02-11T09:23:15.028+0000] {logging_mixin.py:188} INFO - Downloaded MSFT/1770796372.json
[2026-02-11T09:23:15.051+0000] {logging_mixin.py:188} INFO - Downloaded MSFT/1770796382.json
[2026-02-11T09:23:15.078+0000] {logging_mixin.py:188} INFO - Downloaded MSFT/1770796393.json
[2026-02-11T09:23:15.104+0000] {logging_mixin.py:188} INFO - Downloaded MSFT/1770796403.json
[2026-02-11T09:23:15.128+0000] {logging_mixin.py:188} INFO - Downloaded MSFT/1770796414.json
[2026-02-11T09:23:15.149+0000] {logging_mixin.py:188} INFO - Downloaded MSFT/1770796425.json
[2026-02-11T09:23:15.200+0000] {logging_mixin.py:188} INFO - Downloaded MSFT/1770796435.json
[2026-02-11T09:23:15.234+0000] {logging_mixin.py:188} INFO - Downloaded MSFT/1770796446.json
[2026-02-11T09:23:15.259+0000] {logging_mixin.py:188} INFO - Downloaded MSFT/1770796457.json
[2026-02-11T09:23:15.282+0000] {logging_mixin.py:188} INFO - Downloaded MSFT/1770796468.json
[2026-02-11T09:23:15.300+0000] {logging_mixin.py:188} INFO - Downloaded MSFT/1770796478.json
[2026-02-11T09:23:15.318+0000] {logging_mixin.py:188} INFO - Downloaded MSFT/1770796489.json
[2026-02-11T09:23:15.338+0000] {logging_mixin.py:188} INFO - Downloaded MSFT/1770796500.json
[2026-02-11T09:23:15.360+0000] {logging_mixin.py:188} INFO - Downloaded MSFT/1770796511.json
[2026-02-11T09:23:15.390+0000] {logging_mixin.py:188} INFO - Downloaded MSFT/1770796521.json
[2026-02-11T09:23:15.409+0000] {logging_mixin.py:188} INFO - Downloaded MSFT/1770796532.json
[2026-02-11T09:23:15.432+0000] {logging_mixin.py:188} INFO - Downloaded MSFT/1770796542.json
[2026-02-11T09:23:15.452+0000] {logging_mixin.py:188} INFO - Downloaded MSFT/1770796553.json
[2026-02-11T09:23:15.475+0000] {logging_mixin.py:188} INFO - Downloaded MSFT/1770796563.json
[2026-02-11T09:23:15.500+0000] {logging_mixin.py:188} INFO - Downloaded MSFT/1770796574.json
[2026-02-11T09:23:15.527+0000] {logging_mixin.py:188} INFO - Downloaded MSFT/1770796585.json
[2026-02-11T09:23:15.546+0000] {logging_mixin.py:188} INFO - Downloaded MSFT/1770796596.json
[2026-02-11T09:23:15.602+0000] {logging_mixin.py:188} INFO - Downloaded MSFT/1770796607.json
[2026-02-11T09:23:15.620+0000] {logging_mixin.py:188} INFO - Downloaded MSFT/1770796619.json
[2026-02-11T09:23:15.639+0000] {logging_mixin.py:188} INFO - Downloaded MSFT/1770796629.json
[2026-02-11T09:23:15.658+0000] {logging_mixin.py:188} INFO - Downloaded MSFT/1770796640.json
[2026-02-11T09:23:15.678+0000] {logging_mixin.py:188} INFO - Downloaded MSFT/1770796651.json
[2026-02-11T09:23:15.702+0000] {logging_mixin.py:188} INFO - Downloaded MSFT/1770796662.json
[2026-02-11T09:23:15.720+0000] {logging_mixin.py:188} INFO - Downloaded MSFT/1770796672.json
[2026-02-11T09:23:15.739+0000] {logging_mixin.py:188} INFO - Downloaded MSFT/1770796683.json
[2026-02-11T09:23:15.763+0000] {logging_mixin.py:188} INFO - Downloaded MSFT/1770796694.json
[2026-02-11T09:23:15.781+0000] {logging_mixin.py:188} INFO - Downloaded MSFT/1770796704.json
[2026-02-11T09:23:15.799+0000] {logging_mixin.py:188} INFO - Downloaded MSFT/1770796714.json
[2026-02-11T09:23:15.816+0000] {logging_mixin.py:188} INFO - Downloaded MSFT/1770796725.json
[2026-02-11T09:23:15.841+0000] {logging_mixin.py:188} INFO - Downloaded MSFT/1770796736.json
[2026-02-11T09:23:15.866+0000] {logging_mixin.py:188} INFO - Downloaded MSFT/1770796747.json
[2026-02-11T09:23:15.888+0000] {logging_mixin.py:188} INFO - Downloaded MSFT/1770796758.json
[2026-02-11T09:23:15.916+0000] {logging_mixin.py:188} INFO - Downloaded MSFT/1770796770.json
[2026-02-11T09:23:15.942+0000] {logging_mixin.py:188} INFO - Downloaded MSFT/1770796780.json
[2026-02-11T09:23:15.961+0000] {logging_mixin.py:188} INFO - Downloaded MSFT/1770796791.json
[2026-02-11T09:23:15.983+0000] {logging_mixin.py:188} INFO - Downloaded MSFT/1770796802.json
[2026-02-11T09:23:16.004+0000] {logging_mixin.py:188} INFO - Downloaded MSFT/1770796814.json
[2026-02-11T09:23:16.028+0000] {logging_mixin.py:188} INFO - Downloaded MSFT/1770796824.json
[2026-02-11T09:23:16.050+0000] {logging_mixin.py:188} INFO - Downloaded MSFT/1770796835.json
[2026-02-11T09:23:16.072+0000] {logging_mixin.py:188} INFO - Downloaded MSFT/1770796845.json
[2026-02-11T09:23:16.091+0000] {logging_mixin.py:188} INFO - Downloaded MSFT/1770796856.json
[2026-02-11T09:23:16.110+0000] {logging_mixin.py:188} INFO - Downloaded MSFT/1770796867.json
[2026-02-11T09:23:16.128+0000] {logging_mixin.py:188} INFO - Downloaded MSFT/1770796878.json
[2026-02-11T09:23:16.149+0000] {logging_mixin.py:188} INFO - Downloaded MSFT/1770796888.json
[2026-02-11T09:23:16.171+0000] {logging_mixin.py:188} INFO - Downloaded MSFT/1770796899.json
[2026-02-11T09:23:16.191+0000] {logging_mixin.py:188} INFO - Downloaded MSFT/1770796910.json
[2026-02-11T09:23:16.212+0000] {logging_mixin.py:188} INFO - Downloaded MSFT/1770796921.json
[2026-02-11T09:23:16.240+0000] {logging_mixin.py:188} INFO - Downloaded MSFT/1770796932.json
[2026-02-11T09:23:16.281+0000] {logging_mixin.py:188} INFO - Downloaded MSFT/1770796944.json
[2026-02-11T09:23:16.312+0000] {logging_mixin.py:188} INFO - Downloaded MSFT/1770796955.json
[2026-02-11T09:23:16.338+0000] {logging_mixin.py:188} INFO - Downloaded MSFT/1770796966.json
[2026-02-11T09:23:16.361+0000] {logging_mixin.py:188} INFO - Downloaded MSFT/1770796977.json
[2026-02-11T09:23:16.385+0000] {logging_mixin.py:188} INFO - Downloaded MSFT/1770796988.json
[2026-02-11T09:23:16.407+0000] {logging_mixin.py:188} INFO - Downloaded MSFT/1770796999.json
[2026-02-11T09:23:16.432+0000] {logging_mixin.py:188} INFO - Downloaded MSFT/1770797048.json
[2026-02-11T09:23:16.464+0000] {logging_mixin.py:188} INFO - Downloaded MSFT/1770797059.json
[2026-02-11T09:23:16.517+0000] {logging_mixin.py:188} INFO - Downloaded MSFT/1770797071.json
[2026-02-11T09:23:16.535+0000] {logging_mixin.py:188} INFO - Downloaded MSFT/1770797083.json
[2026-02-11T09:23:16.552+0000] {logging_mixin.py:188} INFO - Downloaded MSFT/1770797096.json
[2026-02-11T09:23:16.571+0000] {logging_mixin.py:188} INFO - Downloaded MSFT/1770797107.json
[2026-02-11T09:23:16.588+0000] {logging_mixin.py:188} INFO - Downloaded MSFT/1770797118.json
[2026-02-11T09:23:16.605+0000] {logging_mixin.py:188} INFO - Downloaded MSFT/1770797129.json
[2026-02-11T09:23:16.623+0000] {logging_mixin.py:188} INFO - Downloaded MSFT/1770797139.json
[2026-02-11T09:23:16.645+0000] {logging_mixin.py:188} INFO - Downloaded MSFT/1770797150.json
[2026-02-11T09:23:16.666+0000] {logging_mixin.py:188} INFO - Downloaded MSFT/1770797161.json
[2026-02-11T09:23:16.683+0000] {logging_mixin.py:188} INFO - Downloaded MSFT/1770797172.json
[2026-02-11T09:23:16.701+0000] {logging_mixin.py:188} INFO - Downloaded TSLA/1770795803.json
[2026-02-11T09:23:16.719+0000] {logging_mixin.py:188} INFO - Downloaded TSLA/1770795813.json
[2026-02-11T09:23:16.737+0000] {logging_mixin.py:188} INFO - Downloaded TSLA/1770795823.json
[2026-02-11T09:23:16.754+0000] {logging_mixin.py:188} INFO - Downloaded TSLA/1770795834.json
[2026-02-11T09:23:16.771+0000] {logging_mixin.py:188} INFO - Downloaded TSLA/1770795845.json
[2026-02-11T09:23:16.791+0000] {logging_mixin.py:188} INFO - Downloaded TSLA/1770795856.json
[2026-02-11T09:23:16.811+0000] {logging_mixin.py:188} INFO - Downloaded TSLA/1770795866.json
[2026-02-11T09:23:16.832+0000] {logging_mixin.py:188} INFO - Downloaded TSLA/1770795878.json
[2026-02-11T09:23:16.852+0000] {logging_mixin.py:188} INFO - Downloaded TSLA/1770795891.json
[2026-02-11T09:23:16.874+0000] {logging_mixin.py:188} INFO - Downloaded TSLA/1770795901.json
[2026-02-11T09:23:16.898+0000] {logging_mixin.py:188} INFO - Downloaded TSLA/1770795911.json
[2026-02-11T09:23:16.917+0000] {logging_mixin.py:188} INFO - Downloaded TSLA/1770795922.json
[2026-02-11T09:23:16.936+0000] {logging_mixin.py:188} INFO - Downloaded TSLA/1770795933.json
[2026-02-11T09:23:16.958+0000] {logging_mixin.py:188} INFO - Downloaded TSLA/1770795943.json
[2026-02-11T09:23:16.977+0000] {logging_mixin.py:188} INFO - Downloaded TSLA/1770795953.json
[2026-02-11T09:23:16.995+0000] {logging_mixin.py:188} INFO - Downloaded TSLA/1770795964.json
[2026-02-11T09:23:17.014+0000] {logging_mixin.py:188} INFO - Downloaded TSLA/1770795975.json
[2026-02-11T09:23:17.033+0000] {logging_mixin.py:188} INFO - Downloaded TSLA/1770795986.json
[2026-02-11T09:23:17.054+0000] {logging_mixin.py:188} INFO - Downloaded TSLA/1770795997.json
[2026-02-11T09:23:17.072+0000] {logging_mixin.py:188} INFO - Downloaded TSLA/1770796007.json
[2026-02-11T09:23:17.089+0000] {logging_mixin.py:188} INFO - Downloaded TSLA/1770796018.json
[2026-02-11T09:23:17.112+0000] {logging_mixin.py:188} INFO - Downloaded TSLA/1770796029.json
[2026-02-11T09:23:17.136+0000] {logging_mixin.py:188} INFO - Downloaded TSLA/1770796039.json
[2026-02-11T09:23:17.157+0000] {logging_mixin.py:188} INFO - Downloaded TSLA/1770796050.json
[2026-02-11T09:23:17.178+0000] {logging_mixin.py:188} INFO - Downloaded TSLA/1770796060.json
[2026-02-11T09:23:17.202+0000] {logging_mixin.py:188} INFO - Downloaded TSLA/1770796071.json
[2026-02-11T09:23:17.226+0000] {logging_mixin.py:188} INFO - Downloaded TSLA/1770796081.json
[2026-02-11T09:23:17.249+0000] {logging_mixin.py:188} INFO - Downloaded TSLA/1770796093.json
[2026-02-11T09:23:17.274+0000] {logging_mixin.py:188} INFO - Downloaded TSLA/1770796104.json
[2026-02-11T09:23:17.302+0000] {logging_mixin.py:188} INFO - Downloaded TSLA/1770796114.json
[2026-02-11T09:23:17.330+0000] {logging_mixin.py:188} INFO - Downloaded TSLA/1770796124.json
[2026-02-11T09:23:17.359+0000] {logging_mixin.py:188} INFO - Downloaded TSLA/1770796135.json
[2026-02-11T09:23:17.387+0000] {logging_mixin.py:188} INFO - Downloaded TSLA/1770796146.json
[2026-02-11T09:23:17.416+0000] {logging_mixin.py:188} INFO - Downloaded TSLA/1770796157.json
[2026-02-11T09:23:17.442+0000] {logging_mixin.py:188} INFO - Downloaded TSLA/1770796169.json
[2026-02-11T09:23:17.468+0000] {logging_mixin.py:188} INFO - Downloaded TSLA/1770796180.json
[2026-02-11T09:23:17.496+0000] {logging_mixin.py:188} INFO - Downloaded TSLA/1770796190.json
[2026-02-11T09:23:17.537+0000] {logging_mixin.py:188} INFO - Downloaded TSLA/1770796202.json
[2026-02-11T09:23:17.576+0000] {logging_mixin.py:188} INFO - Downloaded TSLA/1770796213.json
[2026-02-11T09:23:17.604+0000] {logging_mixin.py:188} INFO - Downloaded TSLA/1770796224.json
[2026-02-11T09:23:17.625+0000] {logging_mixin.py:188} INFO - Downloaded TSLA/1770796235.json
[2026-02-11T09:23:17.647+0000] {logging_mixin.py:188} INFO - Downloaded TSLA/1770796245.json
[2026-02-11T09:23:17.669+0000] {logging_mixin.py:188} INFO - Downloaded TSLA/1770796255.json
[2026-02-11T09:23:17.688+0000] {logging_mixin.py:188} INFO - Downloaded TSLA/1770796266.json
[2026-02-11T09:23:17.707+0000] {logging_mixin.py:188} INFO - Downloaded TSLA/1770796277.json
[2026-02-11T09:23:17.724+0000] {logging_mixin.py:188} INFO - Downloaded TSLA/1770796288.json
[2026-02-11T09:23:17.745+0000] {logging_mixin.py:188} INFO - Downloaded TSLA/1770796298.json
[2026-02-11T09:23:17.766+0000] {logging_mixin.py:188} INFO - Downloaded TSLA/1770796309.json
[2026-02-11T09:23:17.784+0000] {logging_mixin.py:188} INFO - Downloaded TSLA/1770796320.json
[2026-02-11T09:23:17.802+0000] {logging_mixin.py:188} INFO - Downloaded TSLA/1770796330.json
[2026-02-11T09:23:17.819+0000] {logging_mixin.py:188} INFO - Downloaded TSLA/1770796341.json
[2026-02-11T09:23:17.836+0000] {logging_mixin.py:188} INFO - Downloaded TSLA/1770796352.json
[2026-02-11T09:23:17.854+0000] {logging_mixin.py:188} INFO - Downloaded TSLA/1770796362.json
[2026-02-11T09:23:17.871+0000] {logging_mixin.py:188} INFO - Downloaded TSLA/1770796373.json
[2026-02-11T09:23:17.889+0000] {logging_mixin.py:188} INFO - Downloaded TSLA/1770796383.json
[2026-02-11T09:23:17.908+0000] {logging_mixin.py:188} INFO - Downloaded TSLA/1770796394.json
[2026-02-11T09:23:17.933+0000] {logging_mixin.py:188} INFO - Downloaded TSLA/1770796404.json
[2026-02-11T09:23:17.960+0000] {logging_mixin.py:188} INFO - Downloaded TSLA/1770796415.json
[2026-02-11T09:23:17.980+0000] {logging_mixin.py:188} INFO - Downloaded TSLA/1770796426.json
[2026-02-11T09:23:18.000+0000] {logging_mixin.py:188} INFO - Downloaded TSLA/1770796437.json
[2026-02-11T09:23:18.019+0000] {logging_mixin.py:188} INFO - Downloaded TSLA/1770796448.json
[2026-02-11T09:23:18.042+0000] {logging_mixin.py:188} INFO - Downloaded TSLA/1770796458.json
[2026-02-11T09:23:18.070+0000] {logging_mixin.py:188} INFO - Downloaded TSLA/1770796469.json
[2026-02-11T09:23:18.099+0000] {logging_mixin.py:188} INFO - Downloaded TSLA/1770796479.json
[2026-02-11T09:23:18.127+0000] {logging_mixin.py:188} INFO - Downloaded TSLA/1770796490.json
[2026-02-11T09:23:18.156+0000] {logging_mixin.py:188} INFO - Downloaded TSLA/1770796501.json
[2026-02-11T09:23:18.185+0000] {logging_mixin.py:188} INFO - Downloaded TSLA/1770796512.json
[2026-02-11T09:23:18.212+0000] {logging_mixin.py:188} INFO - Downloaded TSLA/1770796522.json
[2026-02-11T09:23:18.241+0000] {logging_mixin.py:188} INFO - Downloaded TSLA/1770796533.json
[2026-02-11T09:23:18.266+0000] {logging_mixin.py:188} INFO - Downloaded TSLA/1770796543.json
[2026-02-11T09:23:18.296+0000] {logging_mixin.py:188} INFO - Downloaded TSLA/1770796553.json
[2026-02-11T09:23:18.326+0000] {logging_mixin.py:188} INFO - Downloaded TSLA/1770796564.json
[2026-02-11T09:23:18.344+0000] {logging_mixin.py:188} INFO - Downloaded TSLA/1770796575.json
[2026-02-11T09:23:18.362+0000] {logging_mixin.py:188} INFO - Downloaded TSLA/1770796586.json
[2026-02-11T09:23:18.380+0000] {logging_mixin.py:188} INFO - Downloaded TSLA/1770796597.json
[2026-02-11T09:23:18.398+0000] {logging_mixin.py:188} INFO - Downloaded TSLA/1770796609.json
[2026-02-11T09:23:18.418+0000] {logging_mixin.py:188} INFO - Downloaded TSLA/1770796619.json
[2026-02-11T09:23:18.436+0000] {logging_mixin.py:188} INFO - Downloaded TSLA/1770796630.json
[2026-02-11T09:23:18.454+0000] {logging_mixin.py:188} INFO - Downloaded TSLA/1770796641.json
[2026-02-11T09:23:18.472+0000] {logging_mixin.py:188} INFO - Downloaded TSLA/1770796652.json
[2026-02-11T09:23:18.490+0000] {logging_mixin.py:188} INFO - Downloaded TSLA/1770796663.json
[2026-02-11T09:23:18.509+0000] {logging_mixin.py:188} INFO - Downloaded TSLA/1770796673.json
[2026-02-11T09:23:18.533+0000] {logging_mixin.py:188} INFO - Downloaded TSLA/1770796684.json
[2026-02-11T09:23:18.556+0000] {logging_mixin.py:188} INFO - Downloaded TSLA/1770796695.json
[2026-02-11T09:23:18.576+0000] {logging_mixin.py:188} INFO - Downloaded TSLA/1770796705.json
[2026-02-11T09:23:18.593+0000] {logging_mixin.py:188} INFO - Downloaded TSLA/1770796715.json
[2026-02-11T09:23:18.614+0000] {logging_mixin.py:188} INFO - Downloaded TSLA/1770796726.json
[2026-02-11T09:23:18.632+0000] {logging_mixin.py:188} INFO - Downloaded TSLA/1770796737.json
[2026-02-11T09:23:18.650+0000] {logging_mixin.py:188} INFO - Downloaded TSLA/1770796748.json
[2026-02-11T09:23:18.670+0000] {logging_mixin.py:188} INFO - Downloaded TSLA/1770796760.json
[2026-02-11T09:23:18.689+0000] {logging_mixin.py:188} INFO - Downloaded TSLA/1770796771.json
[2026-02-11T09:23:18.715+0000] {logging_mixin.py:188} INFO - Downloaded TSLA/1770796781.json
[2026-02-11T09:23:18.740+0000] {logging_mixin.py:188} INFO - Downloaded TSLA/1770796792.json
[2026-02-11T09:23:18.763+0000] {logging_mixin.py:188} INFO - Downloaded TSLA/1770796803.json
[2026-02-11T09:23:18.789+0000] {logging_mixin.py:188} INFO - Downloaded TSLA/1770796814.json
[2026-02-11T09:23:18.811+0000] {logging_mixin.py:188} INFO - Downloaded TSLA/1770796825.json
[2026-02-11T09:23:18.834+0000] {logging_mixin.py:188} INFO - Downloaded TSLA/1770796836.json
[2026-02-11T09:23:18.852+0000] {logging_mixin.py:188} INFO - Downloaded TSLA/1770796846.json
[2026-02-11T09:23:18.877+0000] {logging_mixin.py:188} INFO - Downloaded TSLA/1770796857.json
[2026-02-11T09:23:18.898+0000] {logging_mixin.py:188} INFO - Downloaded TSLA/1770796868.json
[2026-02-11T09:23:18.919+0000] {logging_mixin.py:188} INFO - Downloaded TSLA/1770796878.json
[2026-02-11T09:23:18.936+0000] {logging_mixin.py:188} INFO - Downloaded TSLA/1770796889.json
[2026-02-11T09:23:18.964+0000] {logging_mixin.py:188} INFO - Downloaded TSLA/1770796899.json
[2026-02-11T09:23:18.984+0000] {logging_mixin.py:188} INFO - Downloaded TSLA/1770796911.json
[2026-02-11T09:23:19.002+0000] {logging_mixin.py:188} INFO - Downloaded TSLA/1770796922.json
[2026-02-11T09:23:19.020+0000] {logging_mixin.py:188} INFO - Downloaded TSLA/1770796932.json
[2026-02-11T09:23:19.039+0000] {logging_mixin.py:188} INFO - Downloaded TSLA/1770796945.json
[2026-02-11T09:23:19.057+0000] {logging_mixin.py:188} INFO - Downloaded TSLA/1770796956.json
[2026-02-11T09:23:19.074+0000] {logging_mixin.py:188} INFO - Downloaded TSLA/1770796967.json
[2026-02-11T09:23:19.091+0000] {logging_mixin.py:188} INFO - Downloaded TSLA/1770796978.json
[2026-02-11T09:23:19.110+0000] {logging_mixin.py:188} INFO - Downloaded TSLA/1770796989.json
[2026-02-11T09:23:19.132+0000] {logging_mixin.py:188} INFO - Downloaded TSLA/1770797000.json
[2026-02-11T09:23:19.150+0000] {logging_mixin.py:188} INFO - Downloaded TSLA/1770797035.json
[2026-02-11T09:23:19.168+0000] {logging_mixin.py:188} INFO - Downloaded TSLA/1770797049.json
[2026-02-11T09:23:19.186+0000] {logging_mixin.py:188} INFO - Downloaded TSLA/1770797060.json
[2026-02-11T09:23:19.203+0000] {logging_mixin.py:188} INFO - Downloaded TSLA/1770797072.json
[2026-02-11T09:23:19.220+0000] {logging_mixin.py:188} INFO - Downloaded TSLA/1770797085.json
[2026-02-11T09:23:19.240+0000] {logging_mixin.py:188} INFO - Downloaded TSLA/1770797097.json
[2026-02-11T09:23:19.262+0000] {logging_mixin.py:188} INFO - Downloaded TSLA/1770797108.json
[2026-02-11T09:23:19.279+0000] {logging_mixin.py:188} INFO - Downloaded TSLA/1770797119.json
[2026-02-11T09:23:19.301+0000] {logging_mixin.py:188} INFO - Downloaded TSLA/1770797130.json
[2026-02-11T09:23:19.318+0000] {logging_mixin.py:188} INFO - Downloaded TSLA/1770797140.json
[2026-02-11T09:23:19.337+0000] {logging_mixin.py:188} INFO - Downloaded TSLA/1770797151.json
[2026-02-11T09:23:19.353+0000] {logging_mixin.py:188} INFO - Downloaded TSLA/1770797162.json
[2026-02-11T09:23:19.371+0000] {logging_mixin.py:188} INFO - Downloaded TSLA/1770797173.json
[2026-02-11T09:23:19.374+0000] {python.py:237} INFO - Done. Returned value was: ['/opt/***/data/minio/1770795801.json', '/opt/***/data/minio/1770795811.json', '/opt/***/data/minio/1770795821.json', '/opt/***/data/minio/1770795832.json', '/opt/***/data/minio/1770795843.json', '/opt/***/data/minio/1770795854.json', '/opt/***/data/minio/1770795864.json', '/opt/***/data/minio/1770795875.json', '/opt/***/data/minio/1770795889.json', '/opt/***/data/minio/1770795899.json', '/opt/***/data/minio/1770795910.json', '/opt/***/data/minio/1770795920.json', '/opt/***/data/minio/1770795931.json', '/opt/***/data/minio/1770795942.json', '/opt/***/data/minio/1770795952.json', '/opt/***/data/minio/1770795962.json', '/opt/***/data/minio/1770795973.json', '/opt/***/data/minio/1770795984.json', '/opt/***/data/minio/1770795995.json', '/opt/***/data/minio/1770796006.json', '/opt/***/data/minio/1770796016.json', '/opt/***/data/minio/1770796027.json', '/opt/***/data/minio/1770796038.json', '/opt/***/data/minio/1770796048.json', '/opt/***/data/minio/1770796059.json', '/opt/***/data/minio/1770796069.json', '/opt/***/data/minio/1770796079.json', '/opt/***/data/minio/1770796091.json', '/opt/***/data/minio/1770796102.json', '/opt/***/data/minio/1770796113.json', '/opt/***/data/minio/1770796123.json', '/opt/***/data/minio/1770796133.json', '/opt/***/data/minio/1770796143.json', '/opt/***/data/minio/1770796156.json', '/opt/***/data/minio/1770796166.json', '/opt/***/data/minio/1770796178.json', '/opt/***/data/minio/1770796188.json', '/opt/***/data/minio/1770796200.json', '/opt/***/data/minio/1770796211.json', '/opt/***/data/minio/1770796222.json', '/opt/***/data/minio/1770796233.json', '/opt/***/data/minio/1770796243.json', '/opt/***/data/minio/1770796253.json', '/opt/***/data/minio/1770796264.json', '/opt/***/data/minio/1770796275.json', '/opt/***/data/minio/1770796286.json', '/opt/***/data/minio/1770796297.json', '/opt/***/data/minio/1770796307.json', '/opt/***/data/minio/1770796318.json', '/opt/***/data/minio/1770796328.json', '/opt/***/data/minio/1770796339.json', '/opt/***/data/minio/1770796350.json', '/opt/***/data/minio/1770796360.json', '/opt/***/data/minio/1770796371.json', '/opt/***/data/minio/1770796381.json', '/opt/***/data/minio/1770796392.json', '/opt/***/data/minio/1770796402.json', '/opt/***/data/minio/1770796413.json', '/opt/***/data/minio/1770796424.json', '/opt/***/data/minio/1770796435.json', '/opt/***/data/minio/1770796446.json', '/opt/***/data/minio/1770796456.json', '/opt/***/data/minio/1770796467.json', '/opt/***/data/minio/1770796478.json', '/opt/***/data/minio/1770796488.json', '/opt/***/data/minio/1770796499.json', '/opt/***/data/minio/1770796510.json', '/opt/***/data/minio/1770796521.json', '/opt/***/data/minio/1770796531.json', '/opt/***/data/minio/1770796541.json', '/opt/***/data/minio/1770796552.json', '/opt/***/data/minio/1770796562.json', '/opt/***/data/minio/1770796573.json', '/opt/***/data/minio/1770796584.json', '/opt/***/data/minio/1770796595.json', '/opt/***/data/minio/1770796606.json', '/opt/***/data/minio/1770796618.json', '/opt/***/data/minio/1770796628.json', '/opt/***/data/minio/1770796640.json', '/opt/***/data/minio/1770796650.json', '/opt/***/data/minio/1770796661.json', '/opt/***/data/minio/1770796672.json', '/opt/***/data/minio/1770796682.json', '/opt/***/data/minio/1770796693.json', '/opt/***/data/minio/1770796703.json', '/opt/***/data/minio/1770796714.json', '/opt/***/data/minio/1770796724.json', '/opt/***/data/minio/1770796735.json', '/opt/***/data/minio/1770796746.json', '/opt/***/data/minio/1770796757.json', '/opt/***/data/minio/1770796768.json', '/opt/***/data/minio/1770796780.json', '/opt/***/data/minio/1770796790.json', '/opt/***/data/minio/1770796801.json', '/opt/***/data/minio/1770796813.json', '/opt/***/data/minio/1770796823.json', '/opt/***/data/minio/1770796834.json', '/opt/***/data/minio/1770796844.json', '/opt/***/data/minio/1770796855.json', '/opt/***/data/minio/1770796866.json', '/opt/***/data/minio/1770796877.json', '/opt/***/data/minio/1770796887.json', '/opt/***/data/minio/1770796898.json', '/opt/***/data/minio/1770796909.json', '/opt/***/data/minio/1770796920.json', '/opt/***/data/minio/1770796930.json', '/opt/***/data/minio/1770796943.json', '/opt/***/data/minio/1770796954.json', '/opt/***/data/minio/1770796965.json', '/opt/***/data/minio/1770796976.json', '/opt/***/data/minio/1770796987.json', '/opt/***/data/minio/1770796998.json', '/opt/***/data/minio/1770797047.json', '/opt/***/data/minio/1770797059.json', '/opt/***/data/minio/1770797069.json', '/opt/***/data/minio/1770797082.json', '/opt/***/data/minio/1770797095.json', '/opt/***/data/minio/1770797106.json', '/opt/***/data/minio/1770797117.json', '/opt/***/data/minio/1770797128.json', '/opt/***/data/minio/1770797139.json', '/opt/***/data/minio/1770797149.json', '/opt/***/data/minio/1770797159.json', '/opt/***/data/minio/1770797171.json', '/opt/***/data/minio/1770795804.json', '/opt/***/data/minio/1770795815.json', '/opt/***/data/minio/1770795825.json', '/opt/***/data/minio/1770795836.json', '/opt/***/data/minio/1770795847.json', '/opt/***/data/minio/1770795857.json', '/opt/***/data/minio/1770795868.json', '/opt/***/data/minio/1770795882.json', '/opt/***/data/minio/1770795892.json', '/opt/***/data/minio/1770795903.json', '/opt/***/data/minio/1770795913.json', '/opt/***/data/minio/1770795924.json', '/opt/***/data/minio/1770795935.json', '/opt/***/data/minio/1770795945.json', '/opt/***/data/minio/1770795955.json', '/opt/***/data/minio/1770795966.json', '/opt/***/data/minio/1770795977.json', '/opt/***/data/minio/1770795988.json', '/opt/***/data/minio/1770795999.json', '/opt/***/data/minio/1770796009.json', '/opt/***/data/minio/1770796020.json', '/opt/***/data/minio/1770796031.json', '/opt/***/data/minio/1770796041.json', '/opt/***/data/minio/1770796052.json', '/opt/***/data/minio/1770796062.json', '/opt/***/data/minio/1770796072.json', '/opt/***/data/minio/1770796084.json', '/opt/***/data/minio/1770796095.json', '/opt/***/data/minio/1770796106.json', '/opt/***/data/minio/1770796116.json', '/opt/***/data/minio/1770796126.json', '/opt/***/data/minio/1770796136.json', '/opt/***/data/minio/1770796149.json', '/opt/***/data/minio/1770796159.json', '/opt/***/data/minio/1770796171.json', '/opt/***/data/minio/1770796181.json', '/opt/***/data/minio/1770796192.json', '/opt/***/data/minio/1770796204.json', '/opt/***/data/minio/1770796215.json', '/opt/***/data/minio/1770796226.json', '/opt/***/data/minio/1770796236.json', '/opt/***/data/minio/1770796247.json', '/opt/***/data/minio/1770796257.json', '/opt/***/data/minio/1770796268.json', '/opt/***/data/minio/1770796279.json', '/opt/***/data/minio/1770796290.json', '/opt/***/data/minio/1770796300.json', '/opt/***/data/minio/1770796311.json', '/opt/***/data/minio/1770796321.json', '/opt/***/data/minio/1770796332.json', '/opt/***/data/minio/1770796343.json', '/opt/***/data/minio/1770796353.json', '/opt/***/data/minio/1770796364.json', '/opt/***/data/minio/1770796375.json', '/opt/***/data/minio/1770796385.json', '/opt/***/data/minio/1770796396.json', '/opt/***/data/minio/1770796406.json', '/opt/***/data/minio/1770796417.json', '/opt/***/data/minio/1770796428.json', '/opt/***/data/minio/1770796438.json', '/opt/***/data/minio/1770796450.json', '/opt/***/data/minio/1770796460.json', '/opt/***/data/minio/1770796471.json', '/opt/***/data/minio/1770796481.json', '/opt/***/data/minio/1770796492.json', '/opt/***/data/minio/1770796503.json', '/opt/***/data/minio/1770796514.json', '/opt/***/data/minio/1770796524.json', '/opt/***/data/minio/1770796534.json', '/opt/***/data/minio/1770796545.json', '/opt/***/data/minio/1770796555.json', '/opt/***/data/minio/1770796566.json', '/opt/***/data/minio/1770796577.json', '/opt/***/data/minio/1770796588.json', '/opt/***/data/minio/1770796599.json', '/opt/***/data/minio/1770796611.json', '/opt/***/data/minio/1770796621.json', '/opt/***/data/minio/1770796633.json', '/opt/***/data/minio/1770796643.json', '/opt/***/data/minio/1770796654.json', '/opt/***/data/minio/1770796665.json', '/opt/***/data/minio/1770796675.json', '/opt/***/data/minio/1770796686.json', '/opt/***/data/minio/1770796696.json', '/opt/***/data/minio/1770796707.json', '/opt/***/data/minio/1770796717.json', '/opt/***/data/minio/1770796728.json', '/opt/***/data/minio/1770796739.json', '/opt/***/data/minio/1770796750.json', '/opt/***/data/minio/1770796762.json', '/opt/***/data/minio/1770796773.json', '/opt/***/data/minio/1770796783.json', '/opt/***/data/minio/1770796794.json', '/opt/***/data/minio/1770796806.json', '/opt/***/data/minio/1770796817.json', '/opt/***/data/minio/1770796827.json', '/opt/***/data/minio/1770796837.json', '/opt/***/data/minio/1770796848.json', '/opt/***/data/minio/1770796859.json', '/opt/***/data/minio/1770796870.json', '/opt/***/data/minio/1770796880.json', '/opt/***/data/minio/1770796891.json', '/opt/***/data/minio/1770796901.json', '/opt/***/data/minio/1770796913.json', '/opt/***/data/minio/1770796924.json', '/opt/***/data/minio/1770796937.json', '/opt/***/data/minio/1770796947.json', '/opt/***/data/minio/1770796958.json', '/opt/***/data/minio/1770796969.json', '/opt/***/data/minio/1770796980.json', '/opt/***/data/minio/1770796991.json', '/opt/***/data/minio/1770797002.json', '/opt/***/data/minio/1770797039.json', '/opt/***/data/minio/1770797052.json', '/opt/***/data/minio/1770797062.json', '/opt/***/data/minio/1770797074.json', '/opt/***/data/minio/1770797088.json', '/opt/***/data/minio/1770797099.json', '/opt/***/data/minio/1770797110.json', '/opt/***/data/minio/1770797121.json', '/opt/***/data/minio/1770797132.json', '/opt/***/data/minio/1770797142.json', '/opt/***/data/minio/1770797152.json', '/opt/***/data/minio/1770797164.json', '/opt/***/data/minio/1770797175.json', '/opt/***/data/minio/1770795803.json', '/opt/***/data/minio/1770795814.json', '/opt/***/data/minio/1770795824.json', '/opt/***/data/minio/1770795835.json', '/opt/***/data/minio/1770795846.json', '/opt/***/data/minio/1770795857.json', '/opt/***/data/minio/1770795867.json', '/opt/***/data/minio/1770795879.json', '/opt/***/data/minio/1770795891.json', '/opt/***/data/minio/1770795902.json', '/opt/***/data/minio/1770795912.json', '/opt/***/data/minio/1770795923.json', '/opt/***/data/minio/1770795934.json', '/opt/***/data/minio/1770795944.json', '/opt/***/data/minio/1770795954.json', '/opt/***/data/minio/1770795965.json', '/opt/***/data/minio/1770795976.json', '/opt/***/data/minio/1770795987.json', '/opt/***/data/minio/1770795998.json', '/opt/***/data/minio/1770796008.json', '/opt/***/data/minio/1770796019.json', '/opt/***/data/minio/1770796030.json', '/opt/***/data/minio/1770796040.json', '/opt/***/data/minio/1770796051.json', '/opt/***/data/minio/1770796061.json', '/opt/***/data/minio/1770796071.json', '/opt/***/data/minio/1770796083.json', '/opt/***/data/minio/1770796094.json', '/opt/***/data/minio/1770796105.json', '/opt/***/data/minio/1770796115.json', '/opt/***/data/minio/1770796125.json', '/opt/***/data/minio/1770796136.json', '/opt/***/data/minio/1770796147.json', '/opt/***/data/minio/1770796158.json', '/opt/***/data/minio/1770796170.json', '/opt/***/data/minio/1770796180.json', '/opt/***/data/minio/1770796191.json', '/opt/***/data/minio/1770796203.json', '/opt/***/data/minio/1770796214.json', '/opt/***/data/minio/1770796225.json', '/opt/***/data/minio/1770796236.json', '/opt/***/data/minio/1770796246.json', '/opt/***/data/minio/1770796256.json', '/opt/***/data/minio/1770796267.json', '/opt/***/data/minio/1770796277.json', '/opt/***/data/minio/1770796289.json', '/opt/***/data/minio/1770796299.json', '/opt/***/data/minio/1770796310.json', '/opt/***/data/minio/1770796321.json', '/opt/***/data/minio/1770796331.json', '/opt/***/data/minio/1770796342.json', '/opt/***/data/minio/1770796352.json', '/opt/***/data/minio/1770796363.json', '/opt/***/data/minio/1770796374.json', '/opt/***/data/minio/1770796384.json', '/opt/***/data/minio/1770796395.json', '/opt/***/data/minio/1770796406.json', '/opt/***/data/minio/1770796416.json', '/opt/***/data/minio/1770796427.json', '/opt/***/data/minio/1770796438.json', '/opt/***/data/minio/1770796449.json', '/opt/***/data/minio/1770796459.json', '/opt/***/data/minio/1770796470.json', '/opt/***/data/minio/1770796480.json', '/opt/***/data/minio/1770796491.json', '/opt/***/data/minio/1770796502.json', '/opt/***/data/minio/1770796513.json', '/opt/***/data/minio/1770796523.json', '/opt/***/data/minio/1770796534.json', '/opt/***/data/minio/1770796544.json', '/opt/***/data/minio/1770796554.json', '/opt/***/data/minio/1770796565.json', '/opt/***/data/minio/1770796576.json', '/opt/***/data/minio/1770796587.json', '/opt/***/data/minio/1770796598.json', '/opt/***/data/minio/1770796610.json', '/opt/***/data/minio/1770796620.json', '/opt/***/data/minio/1770796632.json', '/opt/***/data/minio/1770796642.json', '/opt/***/data/minio/1770796653.json', '/opt/***/data/minio/1770796664.json', '/opt/***/data/minio/1770796674.json', '/opt/***/data/minio/1770796685.json', '/opt/***/data/minio/1770796696.json', '/opt/***/data/minio/1770796706.json', '/opt/***/data/minio/1770796716.json', '/opt/***/data/minio/1770796727.json', '/opt/***/data/minio/1770796738.json', '/opt/***/data/minio/1770796749.json', '/opt/***/data/minio/1770796761.json', '/opt/***/data/minio/1770796772.json', '/opt/***/data/minio/1770796783.json', '/opt/***/data/minio/1770796793.json', '/opt/***/data/minio/1770796804.json', '/opt/***/data/minio/1770796815.json', '/opt/***/data/minio/1770796826.json', '/opt/***/data/minio/1770796837.json', '/opt/***/data/minio/1770796847.json', '/opt/***/data/minio/1770796858.json', '/opt/***/data/minio/1770796869.json', '/opt/***/data/minio/1770796879.json', '/opt/***/data/minio/1770796890.json', '/opt/***/data/minio/1770796900.json', '/opt/***/data/minio/1770796912.json', '/opt/***/data/minio/1770796923.json', '/opt/***/data/minio/1770796933.json', '/opt/***/data/minio/1770796946.json', '/opt/***/data/minio/1770796957.json', '/opt/***/data/minio/1770796968.json', '/opt/***/data/minio/1770796979.json', '/opt/***/data/minio/1770796990.json', '/opt/***/data/minio/1770797001.json', '/opt/***/data/minio/1770797037.json', '/opt/***/data/minio/1770797051.json', '/opt/***/data/minio/1770797061.json', '/opt/***/data/minio/1770797072.json', '/opt/***/data/minio/1770797087.json', '/opt/***/data/minio/1770797098.json', '/opt/***/data/minio/1770797109.json', '/opt/***/data/minio/1770797120.json', '/opt/***/data/minio/1770797131.json', '/opt/***/data/minio/1770797141.json', '/opt/***/data/minio/1770797151.json', '/opt/***/data/minio/1770797163.json', '/opt/***/data/minio/1770797174.json', '/opt/***/data/minio/1770795802.json', '/opt/***/data/minio/1770795812.json', '/opt/***/data/minio/1770795822.json', '/opt/***/data/minio/1770795833.json', '/opt/***/data/minio/1770795844.json', '/opt/***/data/minio/1770795855.json', '/opt/***/data/minio/1770795865.json', '/opt/***/data/minio/1770795876.json', '/opt/***/data/minio/1770795890.json', '/opt/***/data/minio/1770795900.json', '/opt/***/data/minio/1770795910.json', '/opt/***/data/minio/1770795921.json', '/opt/***/data/minio/1770795932.json', '/opt/***/data/minio/1770795942.json', '/opt/***/data/minio/1770795953.json', '/opt/***/data/minio/1770795963.json', '/opt/***/data/minio/1770795974.json', '/opt/***/data/minio/1770795985.json', '/opt/***/data/minio/1770795996.json', '/opt/***/data/minio/1770796007.json', '/opt/***/data/minio/1770796017.json', '/opt/***/data/minio/1770796028.json', '/opt/***/data/minio/1770796039.json', '/opt/***/data/minio/1770796049.json', '/opt/***/data/minio/1770796060.json', '/opt/***/data/minio/1770796070.json', '/opt/***/data/minio/1770796080.json', '/opt/***/data/minio/1770796092.json', '/opt/***/data/minio/1770796103.json', '/opt/***/data/minio/1770796113.json', '/opt/***/data/minio/1770796123.json', '/opt/***/data/minio/1770796134.json', '/opt/***/data/minio/1770796145.json', '/opt/***/data/minio/1770796157.json', '/opt/***/data/minio/1770796167.json', '/opt/***/data/minio/1770796179.json', '/opt/***/data/minio/1770796189.json', '/opt/***/data/minio/1770796201.json', '/opt/***/data/minio/1770796212.json', '/opt/***/data/minio/1770796223.json', '/opt/***/data/minio/1770796234.json', '/opt/***/data/minio/1770796244.json', '/opt/***/data/minio/1770796254.json', '/opt/***/data/minio/1770796265.json', '/opt/***/data/minio/1770796276.json', '/opt/***/data/minio/1770796287.json', '/opt/***/data/minio/1770796297.json', '/opt/***/data/minio/1770796308.json', '/opt/***/data/minio/1770796319.json', '/opt/***/data/minio/1770796329.json', '/opt/***/data/minio/1770796340.json', '/opt/***/data/minio/1770796351.json', '/opt/***/data/minio/1770796361.json', '/opt/***/data/minio/1770796372.json', '/opt/***/data/minio/1770796382.json', '/opt/***/data/minio/1770796393.json', '/opt/***/data/minio/1770796403.json', '/opt/***/data/minio/1770796414.json', '/opt/***/data/minio/1770796425.json', '/opt/***/data/minio/1770796435.json', '/opt/***/data/minio/1770796446.json', '/opt/***/data/minio/1770796457.json', '/opt/***/data/minio/1770796468.json', '/opt/***/data/minio/1770796478.json', '/opt/***/data/minio/1770796489.json', '/opt/***/data/minio/1770796500.json', '/opt/***/data/minio/1770796511.json', '/opt/***/data/minio/1770796521.json', '/opt/***/data/minio/1770796532.json', '/opt/***/data/minio/1770796542.json', '/opt/***/data/minio/1770796553.json', '/opt/***/data/minio/1770796563.json', '/opt/***/data/minio/1770796574.json', '/opt/***/data/minio/1770796585.json', '/opt/***/data/minio/1770796596.json', '/opt/***/data/minio/1770796607.json', '/opt/***/data/minio/1770796619.json', '/opt/***/data/minio/1770796629.json', '/opt/***/data/minio/1770796640.json', '/opt/***/data/minio/1770796651.json', '/opt/***/data/minio/1770796662.json', '/opt/***/data/minio/1770796672.json', '/opt/***/data/minio/1770796683.json', '/opt/***/data/minio/1770796694.json', '/opt/***/data/minio/1770796704.json', '/opt/***/data/minio/1770796714.json', '/opt/***/data/minio/1770796725.json', '/opt/***/data/minio/1770796736.json', '/opt/***/data/minio/1770796747.json', '/opt/***/data/minio/1770796758.json', '/opt/***/data/minio/1770796770.json', '/opt/***/data/minio/1770796780.json', '/opt/***/data/minio/1770796791.json', '/opt/***/data/minio/1770796802.json', '/opt/***/data/minio/1770796814.json', '/opt/***/data/minio/1770796824.json', '/opt/***/data/minio/1770796835.json', '/opt/***/data/minio/1770796845.json', '/opt/***/data/minio/1770796856.json', '/opt/***/data/minio/1770796867.json', '/opt/***/data/minio/1770796878.json', '/opt/***/data/minio/1770796888.json', '/opt/***/data/minio/1770796899.json', '/opt/***/data/minio/1770796910.json', '/opt/***/data/minio/1770796921.json', '/opt/***/data/minio/1770796932.json', '/opt/***/data/minio/1770796944.json', '/opt/***/data/minio/1770796955.json', '/opt/***/data/minio/1770796966.json', '/opt/***/data/minio/1770796977.json', '/opt/***/data/minio/1770796988.json', '/opt/***/data/minio/1770796999.json', '/opt/***/data/minio/1770797048.json', '/opt/***/data/minio/1770797059.json', '/opt/***/data/minio/1770797071.json', '/opt/***/data/minio/1770797083.json', '/opt/***/data/minio/1770797096.json', '/opt/***/data/minio/1770797107.json', '/opt/***/data/minio/1770797118.json', '/opt/***/data/minio/1770797129.json', '/opt/***/data/minio/1770797139.json', '/opt/***/data/minio/1770797150.json', '/opt/***/data/minio/1770797161.json', '/opt/***/data/minio/1770797172.json', '/opt/***/data/minio/1770795803.json', '/opt/***/data/minio/1770795813.json', '/opt/***/data/minio/1770795823.json', '/opt/***/data/minio/1770795834.json', '/opt/***/data/minio/1770795845.json', '/opt/***/data/minio/1770795856.json', '/opt/***/data/minio/1770795866.json', '/opt/***/data/minio/1770795878.json', '/opt/***/data/minio/1770795891.json', '/opt/***/data/minio/1770795901.json', '/opt/***/data/minio/1770795911.json', '/opt/***/data/minio/1770795922.json', '/opt/***/data/minio/1770795933.json', '/opt/***/data/minio/1770795943.json', '/opt/***/data/minio/1770795953.json', '/opt/***/data/minio/1770795964.json', '/opt/***/data/minio/1770795975.json', '/opt/***/data/minio/1770795986.json', '/opt/***/data/minio/1770795997.json', '/opt/***/data/minio/1770796007.json', '/opt/***/data/minio/1770796018.json', '/opt/***/data/minio/1770796029.json', '/opt/***/data/minio/1770796039.json', '/opt/***/data/minio/1770796050.json', '/opt/***/data/minio/1770796060.json', '/opt/***/data/minio/1770796071.json', '/opt/***/data/minio/1770796081.json', '/opt/***/data/minio/1770796093.json', '/opt/***/data/minio/1770796104.json', '/opt/***/data/minio/1770796114.json', '/opt/***/data/minio/1770796124.json', '/opt/***/data/minio/1770796135.json', '/opt/***/data/minio/1770796146.json', '/opt/***/data/minio/1770796157.json', '/opt/***/data/minio/1770796169.json', '/opt/***/data/minio/1770796180.json', '/opt/***/data/minio/1770796190.json', '/opt/***/data/minio/1770796202.json', '/opt/***/data/minio/1770796213.json', '/opt/***/data/minio/1770796224.json', '/opt/***/data/minio/1770796235.json', '/opt/***/data/minio/1770796245.json', '/opt/***/data/minio/1770796255.json', '/opt/***/data/minio/1770796266.json', '/opt/***/data/minio/1770796277.json', '/opt/***/data/minio/1770796288.json', '/opt/***/data/minio/1770796298.json', '/opt/***/data/minio/1770796309.json', '/opt/***/data/minio/1770796320.json', '/opt/***/data/minio/1770796330.json', '/opt/***/data/minio/1770796341.json', '/opt/***/data/minio/1770796352.json', '/opt/***/data/minio/1770796362.json', '/opt/***/data/minio/1770796373.json', '/opt/***/data/minio/1770796383.json', '/opt/***/data/minio/1770796394.json', '/opt/***/data/minio/1770796404.json', '/opt/***/data/minio/1770796415.json', '/opt/***/data/minio/1770796426.json', '/opt/***/data/minio/1770796437.json', '/opt/***/data/minio/1770796448.json', '/opt/***/data/minio/1770796458.json', '/opt/***/data/minio/1770796469.json', '/opt/***/data/minio/1770796479.json', '/opt/***/data/minio/1770796490.json', '/opt/***/data/minio/1770796501.json', '/opt/***/data/minio/1770796512.json', '/opt/***/data/minio/1770796522.json', '/opt/***/data/minio/1770796533.json', '/opt/***/data/minio/1770796543.json', '/opt/***/data/minio/1770796553.json', '/opt/***/data/minio/1770796564.json', '/opt/***/data/minio/1770796575.json', '/opt/***/data/minio/1770796586.json', '/opt/***/data/minio/1770796597.json', '/opt/***/data/minio/1770796609.json', '/opt/***/data/minio/1770796619.json', '/opt/***/data/minio/1770796630.json', '/opt/***/data/minio/1770796641.json', '/opt/***/data/minio/1770796652.json', '/opt/***/data/minio/1770796663.json', '/opt/***/data/minio/1770796673.json', '/opt/***/data/minio/1770796684.json', '/opt/***/data/minio/1770796695.json', '/opt/***/data/minio/1770796705.json', '/opt/***/data/minio/1770796715.json', '/opt/***/data/minio/1770796726.json', '/opt/***/data/minio/1770796737.json', '/opt/***/data/minio/1770796748.json', '/opt/***/data/minio/1770796760.json', '/opt/***/data/minio/1770796771.json', '/opt/***/data/minio/1770796781.json', '/opt/***/data/minio/1770796792.json', '/opt/***/data/minio/1770796803.json', '/opt/***/data/minio/1770796814.json', '/opt/***/data/minio/1770796825.json', '/opt/***/data/minio/1770796836.json', '/opt/***/data/minio/1770796846.json', '/opt/***/data/minio/1770796857.json', '/opt/***/data/minio/1770796868.json', '/opt/***/data/minio/1770796878.json', '/opt/***/data/minio/1770796889.json', '/opt/***/data/minio/1770796899.json', '/opt/***/data/minio/1770796911.json', '/opt/***/data/minio/1770796922.json', '/opt/***/data/minio/1770796932.json', '/opt/***/data/minio/1770796945.json', '/opt/***/data/minio/1770796956.json', '/opt/***/data/minio/1770796967.json', '/opt/***/data/minio/1770796978.json', '/opt/***/data/minio/1770796989.json', '/opt/***/data/minio/1770797000.json', '/opt/***/data/minio/1770797035.json', '/opt/***/data/minio/1770797049.json', '/opt/***/data/minio/1770797060.json', '/opt/***/data/minio/1770797072.json', '/opt/***/data/minio/1770797085.json', '/opt/***/data/minio/1770797097.json', '/opt/***/data/minio/1770797108.json', '/opt/***/data/minio/1770797119.json', '/opt/***/data/minio/1770797130.json', '/opt/***/data/minio/1770797140.json', '/opt/***/data/minio/1770797151.json', '/opt/***/data/minio/1770797162.json', '/opt/***/data/minio/1770797173.json']
[2026-02-11T09:23:19.392+0000] {taskinstance.py:441} INFO - ::group::Post task execution logs
[2026-02-11T09:23:19.474+0000] {taskinstance.py:1206} INFO - Marking task as SUCCESS. dag_id=minio_to_snowflake, task_id=download_minio, run_id=scheduled__2026-02-11T09:22:00+00:00, execution_date=20260211T092200, start_date=20260211T092303, end_date=20260211T092319
[2026-02-11T09:23:19.559+0000] {local_task_job_runner.py:243} INFO - Task exited with return code 0
[2026-02-11T09:23:19.638+0000] {taskinstance.py:3503} INFO - 1 downstream tasks scheduled from follow-on schedule check
[2026-02-11T09:23:19.643+0000] {local_task_job_runner.py:222} INFO - ::endgroup::
