[2026-01-29T13:37:28.089+0000] {local_task_job_runner.py:120} INFO - ::group::Pre task execution logs
[2026-01-29T13:37:28.330+0000] {taskinstance.py:2076} INFO - Dependencies all met for dep_context=non-requeueable deps ti=<TaskInstance: minio_to_snowflake.download_minio scheduled__2026-01-29T13:36:00+00:00 [queued]>
[2026-01-29T13:37:28.362+0000] {taskinstance.py:2076} INFO - Dependencies all met for dep_context=requeueable deps ti=<TaskInstance: minio_to_snowflake.download_minio scheduled__2026-01-29T13:36:00+00:00 [queued]>
[2026-01-29T13:37:28.364+0000] {taskinstance.py:2306} INFO - Starting attempt 1 of 2
[2026-01-29T13:37:28.411+0000] {taskinstance.py:2330} INFO - Executing <Task(PythonOperator): download_minio> on 2026-01-29 13:36:00+00:00
[2026-01-29T13:37:28.459+0000] {logging_mixin.py:188} WARNING - /home/***/.local/lib/python3.12/site-packages/***/task/task_runner/standard_task_runner.py:62 DeprecationWarning: This process (pid=12130) is multi-threaded, use of fork() may lead to deadlocks in the child.
[2026-01-29T13:37:28.464+0000] {standard_task_runner.py:64} INFO - Started process 12688 to run task
[2026-01-29T13:37:28.460+0000] {standard_task_runner.py:90} INFO - Running: ['***', 'tasks', 'run', 'minio_to_snowflake', 'download_minio', 'scheduled__2026-01-29T13:36:00+00:00', '--job-id', '246', '--raw', '--subdir', 'DAGS_FOLDER/minio_to_snowflake.py', '--cfg-path', '/tmp/tmpietcsw_d']
[2026-01-29T13:37:28.469+0000] {standard_task_runner.py:91} INFO - Job 246: Subtask download_minio
[2026-01-29T13:37:28.846+0000] {task_command.py:426} INFO - Running <TaskInstance: minio_to_snowflake.download_minio scheduled__2026-01-29T13:36:00+00:00 [running]> on host 035a00487d49
[2026-01-29T13:37:29.421+0000] {taskinstance.py:2648} INFO - Exporting env vars: AIRFLOW_CTX_DAG_OWNER='***' AIRFLOW_CTX_DAG_ID='minio_to_snowflake' AIRFLOW_CTX_TASK_ID='download_minio' AIRFLOW_CTX_EXECUTION_DATE='2026-01-29T13:36:00+00:00' AIRFLOW_CTX_TRY_NUMBER='1' AIRFLOW_CTX_DAG_RUN_ID='scheduled__2026-01-29T13:36:00+00:00'
[2026-01-29T13:37:29.427+0000] {taskinstance.py:430} INFO - ::endgroup::
[2026-01-29T13:37:32.109+0000] {logging_mixin.py:188} INFO - Downloaded AAPL/1769692353.json
[2026-01-29T13:37:32.160+0000] {logging_mixin.py:188} INFO - Downloaded AAPL/1769692366.json
[2026-01-29T13:37:32.196+0000] {logging_mixin.py:188} INFO - Downloaded AAPL/1769692380.json
[2026-01-29T13:37:32.246+0000] {logging_mixin.py:188} INFO - Downloaded AAPL/1769692392.json
[2026-01-29T13:37:32.285+0000] {logging_mixin.py:188} INFO - Downloaded AAPL/1769692403.json
[2026-01-29T13:37:32.331+0000] {logging_mixin.py:188} INFO - Downloaded AAPL/1769692416.json
[2026-01-29T13:37:32.388+0000] {logging_mixin.py:188} INFO - Downloaded AAPL/1769692432.json
[2026-01-29T13:37:32.433+0000] {logging_mixin.py:188} INFO - Downloaded AAPL/1769692444.json
[2026-01-29T13:37:32.487+0000] {logging_mixin.py:188} INFO - Downloaded AAPL/1769692457.json
[2026-01-29T13:37:32.516+0000] {logging_mixin.py:188} INFO - Downloaded AAPL/1769692469.json
[2026-01-29T13:37:32.543+0000] {logging_mixin.py:188} INFO - Downloaded AAPL/1769692482.json
[2026-01-29T13:37:32.575+0000] {logging_mixin.py:188} INFO - Downloaded AAPL/1769692495.json
[2026-01-29T13:37:32.615+0000] {logging_mixin.py:188} INFO - Downloaded AAPL/1769692508.json
[2026-01-29T13:37:32.650+0000] {logging_mixin.py:188} INFO - Downloaded AAPL/1769692521.json
[2026-01-29T13:37:32.691+0000] {logging_mixin.py:188} INFO - Downloaded AAPL/1769692535.json
[2026-01-29T13:37:32.725+0000] {logging_mixin.py:188} INFO - Downloaded AAPL/1769692548.json
[2026-01-29T13:37:32.774+0000] {logging_mixin.py:188} INFO - Downloaded AAPL/1769692560.json
[2026-01-29T13:37:32.813+0000] {logging_mixin.py:188} INFO - Downloaded AAPL/1769692573.json
[2026-01-29T13:37:32.856+0000] {logging_mixin.py:188} INFO - Downloaded AAPL/1769692584.json
[2026-01-29T13:37:32.893+0000] {logging_mixin.py:188} INFO - Downloaded AAPL/1769692602.json
[2026-01-29T13:37:32.934+0000] {logging_mixin.py:188} INFO - Downloaded AAPL/1769692623.json
[2026-01-29T13:37:32.966+0000] {logging_mixin.py:188} INFO - Downloaded AAPL/1769692636.json
[2026-01-29T13:37:33.006+0000] {logging_mixin.py:188} INFO - Downloaded AAPL/1769692648.json
[2026-01-29T13:37:33.056+0000] {logging_mixin.py:188} INFO - Downloaded AAPL/1769692661.json
[2026-01-29T13:37:33.115+0000] {logging_mixin.py:188} INFO - Downloaded AAPL/1769692676.json
[2026-01-29T13:37:33.161+0000] {logging_mixin.py:188} INFO - Downloaded AAPL/1769692688.json
[2026-01-29T13:37:33.198+0000] {logging_mixin.py:188} INFO - Downloaded AAPL/1769692700.json
[2026-01-29T13:37:33.228+0000] {logging_mixin.py:188} INFO - Downloaded AAPL/1769692719.json
[2026-01-29T13:37:33.259+0000] {logging_mixin.py:188} INFO - Downloaded AAPL/1769692733.json
[2026-01-29T13:37:33.288+0000] {logging_mixin.py:188} INFO - Downloaded AAPL/1769692747.json
[2026-01-29T13:37:33.315+0000] {logging_mixin.py:188} INFO - Downloaded AAPL/1769692760.json
[2026-01-29T13:37:33.349+0000] {logging_mixin.py:188} INFO - Downloaded AAPL/1769692778.json
[2026-01-29T13:37:33.381+0000] {logging_mixin.py:188} INFO - Downloaded AAPL/1769692793.json
[2026-01-29T13:37:33.410+0000] {logging_mixin.py:188} INFO - Downloaded AAPL/1769692812.json
[2026-01-29T13:37:33.474+0000] {logging_mixin.py:188} INFO - Downloaded AAPL/1769692827.json
[2026-01-29T13:37:33.548+0000] {logging_mixin.py:188} INFO - Downloaded AAPL/1769692839.json
[2026-01-29T13:37:33.650+0000] {logging_mixin.py:188} INFO - Downloaded AAPL/1769692856.json
[2026-01-29T13:37:33.704+0000] {logging_mixin.py:188} INFO - Downloaded AAPL/1769692873.json
[2026-01-29T13:37:33.755+0000] {logging_mixin.py:188} INFO - Downloaded AAPL/1769692887.json
[2026-01-29T13:37:33.805+0000] {logging_mixin.py:188} INFO - Downloaded AAPL/1769692909.json
[2026-01-29T13:37:33.862+0000] {logging_mixin.py:188} INFO - Downloaded AAPL/1769692921.json
[2026-01-29T13:37:33.905+0000] {logging_mixin.py:188} INFO - Downloaded AAPL/1769692940.json
[2026-01-29T13:37:33.942+0000] {logging_mixin.py:188} INFO - Downloaded AAPL/1769692953.json
[2026-01-29T13:37:33.969+0000] {logging_mixin.py:188} INFO - Downloaded AAPL/1769692969.json
[2026-01-29T13:37:33.998+0000] {logging_mixin.py:188} INFO - Downloaded AAPL/1769692980.json
[2026-01-29T13:37:34.021+0000] {logging_mixin.py:188} INFO - Downloaded AAPL/1769692991.json
[2026-01-29T13:37:34.050+0000] {logging_mixin.py:188} INFO - Downloaded AAPL/1769693003.json
[2026-01-29T13:37:34.072+0000] {logging_mixin.py:188} INFO - Downloaded AAPL/1769693016.json
[2026-01-29T13:37:34.098+0000] {logging_mixin.py:188} INFO - Downloaded AAPL/1769693028.json
[2026-01-29T13:37:34.119+0000] {logging_mixin.py:188} INFO - Downloaded AAPL/1769693040.json
[2026-01-29T13:37:34.145+0000] {logging_mixin.py:188} INFO - Downloaded AAPL/1769693054.json
[2026-01-29T13:37:34.196+0000] {logging_mixin.py:188} INFO - Downloaded AAPL/1769693066.json
[2026-01-29T13:37:34.223+0000] {logging_mixin.py:188} INFO - Downloaded AAPL/1769693079.json
[2026-01-29T13:37:34.260+0000] {logging_mixin.py:188} INFO - Downloaded AAPL/1769693090.json
[2026-01-29T13:37:34.288+0000] {logging_mixin.py:188} INFO - Downloaded AAPL/1769693105.json
[2026-01-29T13:37:34.316+0000] {logging_mixin.py:188} INFO - Downloaded AAPL/1769693118.json
[2026-01-29T13:37:34.339+0000] {logging_mixin.py:188} INFO - Downloaded AAPL/1769693132.json
[2026-01-29T13:37:34.366+0000] {logging_mixin.py:188} INFO - Downloaded AAPL/1769693144.json
[2026-01-29T13:37:34.387+0000] {logging_mixin.py:188} INFO - Downloaded AAPL/1769693155.json
[2026-01-29T13:37:34.414+0000] {logging_mixin.py:188} INFO - Downloaded AAPL/1769693167.json
[2026-01-29T13:37:34.435+0000] {logging_mixin.py:188} INFO - Downloaded AAPL/1769693180.json
[2026-01-29T13:37:34.458+0000] {logging_mixin.py:188} INFO - Downloaded AAPL/1769693191.json
[2026-01-29T13:37:34.480+0000] {logging_mixin.py:188} INFO - Downloaded AAPL/1769693202.json
[2026-01-29T13:37:34.501+0000] {logging_mixin.py:188} INFO - Downloaded AAPL/1769693213.json
[2026-01-29T13:37:34.523+0000] {logging_mixin.py:188} INFO - Downloaded AAPL/1769693226.json
[2026-01-29T13:37:34.549+0000] {logging_mixin.py:188} INFO - Downloaded AAPL/1769693238.json
[2026-01-29T13:37:34.571+0000] {logging_mixin.py:188} INFO - Downloaded AAPL/1769693249.json
[2026-01-29T13:37:34.596+0000] {logging_mixin.py:188} INFO - Downloaded AAPL/1769693262.json
[2026-01-29T13:37:34.618+0000] {logging_mixin.py:188} INFO - Downloaded AAPL/1769693273.json
[2026-01-29T13:37:34.640+0000] {logging_mixin.py:188} INFO - Downloaded AAPL/1769693286.json
[2026-01-29T13:37:34.665+0000] {logging_mixin.py:188} INFO - Downloaded AAPL/1769693298.json
[2026-01-29T13:37:34.689+0000] {logging_mixin.py:188} INFO - Downloaded AAPL/1769693309.json
[2026-01-29T13:37:34.711+0000] {logging_mixin.py:188} INFO - Downloaded AAPL/1769693321.json
[2026-01-29T13:37:34.739+0000] {logging_mixin.py:188} INFO - Downloaded AAPL/1769693334.json
[2026-01-29T13:37:34.767+0000] {logging_mixin.py:188} INFO - Downloaded AAPL/1769693348.json
[2026-01-29T13:37:34.809+0000] {logging_mixin.py:188} INFO - Downloaded AAPL/1769693359.json
[2026-01-29T13:37:34.845+0000] {logging_mixin.py:188} INFO - Downloaded AAPL/1769693370.json
[2026-01-29T13:37:34.896+0000] {logging_mixin.py:188} INFO - Downloaded AAPL/1769693381.json
[2026-01-29T13:37:34.942+0000] {logging_mixin.py:188} INFO - Downloaded AAPL/1769693392.json
[2026-01-29T13:37:34.969+0000] {logging_mixin.py:188} INFO - Downloaded AAPL/1769693406.json
[2026-01-29T13:37:35.002+0000] {logging_mixin.py:188} INFO - Downloaded AAPL/1769693419.json
[2026-01-29T13:37:35.030+0000] {logging_mixin.py:188} INFO - Downloaded AAPL/1769693432.json
[2026-01-29T13:37:35.061+0000] {logging_mixin.py:188} INFO - Downloaded AAPL/1769693444.json
[2026-01-29T13:37:35.083+0000] {logging_mixin.py:188} INFO - Downloaded AAPL/1769693456.json
[2026-01-29T13:37:35.105+0000] {logging_mixin.py:188} INFO - Downloaded AAPL/1769693467.json
[2026-01-29T13:37:35.129+0000] {logging_mixin.py:188} INFO - Downloaded AAPL/1769693480.json
[2026-01-29T13:37:35.152+0000] {logging_mixin.py:188} INFO - Downloaded AAPL/1769693491.json
[2026-01-29T13:37:35.172+0000] {logging_mixin.py:188} INFO - Downloaded AAPL/1769693504.json
[2026-01-29T13:37:35.197+0000] {logging_mixin.py:188} INFO - Downloaded AAPL/1769693516.json
[2026-01-29T13:37:35.216+0000] {logging_mixin.py:188} INFO - Downloaded AAPL/1769693530.json
[2026-01-29T13:37:35.240+0000] {logging_mixin.py:188} INFO - Downloaded AAPL/1769693543.json
[2026-01-29T13:37:35.265+0000] {logging_mixin.py:188} INFO - Downloaded AAPL/1769693558.json
[2026-01-29T13:37:35.288+0000] {logging_mixin.py:188} INFO - Downloaded AAPL/1769693571.json
[2026-01-29T13:37:35.313+0000] {logging_mixin.py:188} INFO - Downloaded AAPL/1769693584.json
[2026-01-29T13:37:35.334+0000] {logging_mixin.py:188} INFO - Downloaded AAPL/1769693597.json
[2026-01-29T13:37:35.356+0000] {logging_mixin.py:188} INFO - Downloaded AAPL/1769693612.json
[2026-01-29T13:37:35.406+0000] {logging_mixin.py:188} INFO - Downloaded AAPL/1769693629.json
[2026-01-29T13:37:35.448+0000] {logging_mixin.py:188} INFO - Downloaded AMZN/1769692359.json
[2026-01-29T13:37:35.480+0000] {logging_mixin.py:188} INFO - Downloaded AMZN/1769692372.json
[2026-01-29T13:37:35.507+0000] {logging_mixin.py:188} INFO - Downloaded AMZN/1769692385.json
[2026-01-29T13:37:35.531+0000] {logging_mixin.py:188} INFO - Downloaded AMZN/1769692396.json
[2026-01-29T13:37:35.557+0000] {logging_mixin.py:188} INFO - Downloaded AMZN/1769692409.json
[2026-01-29T13:37:35.587+0000] {logging_mixin.py:188} INFO - Downloaded AMZN/1769692424.json
[2026-01-29T13:37:35.624+0000] {logging_mixin.py:188} INFO - Downloaded AMZN/1769692437.json
[2026-01-29T13:37:35.657+0000] {logging_mixin.py:188} INFO - Downloaded AMZN/1769692450.json
[2026-01-29T13:37:35.694+0000] {logging_mixin.py:188} INFO - Downloaded AMZN/1769692462.json
[2026-01-29T13:37:35.720+0000] {logging_mixin.py:188} INFO - Downloaded AMZN/1769692475.json
[2026-01-29T13:37:35.745+0000] {logging_mixin.py:188} INFO - Downloaded AMZN/1769692486.json
[2026-01-29T13:37:35.770+0000] {logging_mixin.py:188} INFO - Downloaded AMZN/1769692501.json
[2026-01-29T13:37:35.795+0000] {logging_mixin.py:188} INFO - Downloaded AMZN/1769692513.json
[2026-01-29T13:37:35.819+0000] {logging_mixin.py:188} INFO - Downloaded AMZN/1769692528.json
[2026-01-29T13:37:35.850+0000] {logging_mixin.py:188} INFO - Downloaded AMZN/1769692540.json
[2026-01-29T13:37:35.873+0000] {logging_mixin.py:188} INFO - Downloaded AMZN/1769692553.json
[2026-01-29T13:37:35.901+0000] {logging_mixin.py:188} INFO - Downloaded AMZN/1769692565.json
[2026-01-29T13:37:35.931+0000] {logging_mixin.py:188} INFO - Downloaded AMZN/1769692577.json
[2026-01-29T13:37:35.963+0000] {logging_mixin.py:188} INFO - Downloaded AMZN/1769692591.json
[2026-01-29T13:37:35.992+0000] {logging_mixin.py:188} INFO - Downloaded AMZN/1769692616.json
[2026-01-29T13:37:36.023+0000] {logging_mixin.py:188} INFO - Downloaded AMZN/1769692628.json
[2026-01-29T13:37:36.074+0000] {logging_mixin.py:188} INFO - Downloaded AMZN/1769692641.json
[2026-01-29T13:37:36.124+0000] {logging_mixin.py:188} INFO - Downloaded AMZN/1769692654.json
[2026-01-29T13:37:36.168+0000] {logging_mixin.py:188} INFO - Downloaded AMZN/1769692669.json
[2026-01-29T13:37:36.220+0000] {logging_mixin.py:188} INFO - Downloaded AMZN/1769692681.json
[2026-01-29T13:37:36.268+0000] {logging_mixin.py:188} INFO - Downloaded AMZN/1769692693.json
[2026-01-29T13:37:36.305+0000] {logging_mixin.py:188} INFO - Downloaded AMZN/1769692711.json
[2026-01-29T13:37:36.339+0000] {logging_mixin.py:188} INFO - Downloaded AMZN/1769692725.json
[2026-01-29T13:37:36.378+0000] {logging_mixin.py:188} INFO - Downloaded AMZN/1769692740.json
[2026-01-29T13:37:36.405+0000] {logging_mixin.py:188} INFO - Downloaded AMZN/1769692753.json
[2026-01-29T13:37:36.442+0000] {logging_mixin.py:188} INFO - Downloaded AMZN/1769692769.json
[2026-01-29T13:37:36.480+0000] {logging_mixin.py:188} INFO - Downloaded AMZN/1769692785.json
[2026-01-29T13:37:36.513+0000] {logging_mixin.py:188} INFO - Downloaded AMZN/1769692804.json
[2026-01-29T13:37:36.545+0000] {logging_mixin.py:188} INFO - Downloaded AMZN/1769692819.json
[2026-01-29T13:37:36.581+0000] {logging_mixin.py:188} INFO - Downloaded AMZN/1769692832.json
[2026-01-29T13:37:36.620+0000] {logging_mixin.py:188} INFO - Downloaded AMZN/1769692847.json
[2026-01-29T13:37:36.655+0000] {logging_mixin.py:188} INFO - Downloaded AMZN/1769692866.json
[2026-01-29T13:37:36.705+0000] {logging_mixin.py:188} INFO - Downloaded AMZN/1769692880.json
[2026-01-29T13:37:36.742+0000] {logging_mixin.py:188} INFO - Downloaded AMZN/1769692902.json
[2026-01-29T13:37:36.792+0000] {logging_mixin.py:188} INFO - Downloaded AMZN/1769692914.json
[2026-01-29T13:37:36.844+0000] {logging_mixin.py:188} INFO - Downloaded AMZN/1769692929.json
[2026-01-29T13:37:36.913+0000] {logging_mixin.py:188} INFO - Downloaded AMZN/1769692946.json
[2026-01-29T13:37:36.986+0000] {logging_mixin.py:188} INFO - Downloaded AMZN/1769692961.json
[2026-01-29T13:37:37.072+0000] {logging_mixin.py:188} INFO - Downloaded AMZN/1769692973.json
[2026-01-29T13:37:37.198+0000] {logging_mixin.py:188} INFO - Downloaded AMZN/1769692984.json
[2026-01-29T13:37:37.258+0000] {logging_mixin.py:188} INFO - Downloaded AMZN/1769692995.json
[2026-01-29T13:37:37.309+0000] {logging_mixin.py:188} INFO - Downloaded AMZN/1769693008.json
[2026-01-29T13:37:37.380+0000] {logging_mixin.py:188} INFO - Downloaded AMZN/1769693021.json
[2026-01-29T13:37:37.432+0000] {logging_mixin.py:188} INFO - Downloaded AMZN/1769693033.json
[2026-01-29T13:37:37.508+0000] {logging_mixin.py:188} INFO - Downloaded AMZN/1769693047.json
[2026-01-29T13:37:37.546+0000] {logging_mixin.py:188} INFO - Downloaded AMZN/1769693059.json
[2026-01-29T13:37:37.600+0000] {logging_mixin.py:188} INFO - Downloaded AMZN/1769693072.json
[2026-01-29T13:37:37.647+0000] {logging_mixin.py:188} INFO - Downloaded AMZN/1769693083.json
[2026-01-29T13:37:37.681+0000] {logging_mixin.py:188} INFO - Downloaded AMZN/1769693095.json
[2026-01-29T13:37:37.734+0000] {logging_mixin.py:188} INFO - Downloaded AMZN/1769693110.json
[2026-01-29T13:37:37.779+0000] {logging_mixin.py:188} INFO - Downloaded AMZN/1769693125.json
[2026-01-29T13:37:37.820+0000] {logging_mixin.py:188} INFO - Downloaded AMZN/1769693136.json
[2026-01-29T13:37:37.859+0000] {logging_mixin.py:188} INFO - Downloaded AMZN/1769693148.json
[2026-01-29T13:37:37.900+0000] {logging_mixin.py:188} INFO - Downloaded AMZN/1769693160.json
[2026-01-29T13:37:37.932+0000] {logging_mixin.py:188} INFO - Downloaded AMZN/1769693173.json
[2026-01-29T13:37:37.961+0000] {logging_mixin.py:188} INFO - Downloaded AMZN/1769693184.json
[2026-01-29T13:37:38.008+0000] {logging_mixin.py:188} INFO - Downloaded AMZN/1769693195.json
[2026-01-29T13:37:38.046+0000] {logging_mixin.py:188} INFO - Downloaded AMZN/1769693206.json
[2026-01-29T13:37:38.086+0000] {logging_mixin.py:188} INFO - Downloaded AMZN/1769693219.json
[2026-01-29T13:37:38.132+0000] {logging_mixin.py:188} INFO - Downloaded AMZN/1769693230.json
[2026-01-29T13:37:38.178+0000] {logging_mixin.py:188} INFO - Downloaded AMZN/1769693242.json
[2026-01-29T13:37:38.229+0000] {logging_mixin.py:188} INFO - Downloaded AMZN/1769693255.json
[2026-01-29T13:37:38.266+0000] {logging_mixin.py:188} INFO - Downloaded AMZN/1769693266.json
[2026-01-29T13:37:38.303+0000] {logging_mixin.py:188} INFO - Downloaded AMZN/1769693279.json
[2026-01-29T13:37:38.371+0000] {logging_mixin.py:188} INFO - Downloaded AMZN/1769693290.json
[2026-01-29T13:37:38.418+0000] {logging_mixin.py:188} INFO - Downloaded AMZN/1769693302.json
[2026-01-29T13:37:38.462+0000] {logging_mixin.py:188} INFO - Downloaded AMZN/1769693314.json
[2026-01-29T13:37:38.521+0000] {logging_mixin.py:188} INFO - Downloaded AMZN/1769693326.json
[2026-01-29T13:37:38.599+0000] {logging_mixin.py:188} INFO - Downloaded AMZN/1769693340.json
[2026-01-29T13:37:38.663+0000] {logging_mixin.py:188} INFO - Downloaded AMZN/1769693352.json
[2026-01-29T13:37:38.761+0000] {logging_mixin.py:188} INFO - Downloaded AMZN/1769693363.json
[2026-01-29T13:37:38.810+0000] {logging_mixin.py:188} INFO - Downloaded AMZN/1769693374.json
[2026-01-29T13:37:38.863+0000] {logging_mixin.py:188} INFO - Downloaded AMZN/1769693385.json
[2026-01-29T13:37:38.906+0000] {logging_mixin.py:188} INFO - Downloaded AMZN/1769693399.json
[2026-01-29T13:37:38.957+0000] {logging_mixin.py:188} INFO - Downloaded AMZN/1769693411.json
[2026-01-29T13:37:39.036+0000] {logging_mixin.py:188} INFO - Downloaded AMZN/1769693425.json
[2026-01-29T13:37:39.148+0000] {logging_mixin.py:188} INFO - Downloaded AMZN/1769693437.json
[2026-01-29T13:37:39.266+0000] {logging_mixin.py:188} INFO - Downloaded AMZN/1769693449.json
[2026-01-29T13:37:39.301+0000] {logging_mixin.py:188} INFO - Downloaded AMZN/1769693460.json
[2026-01-29T13:37:39.339+0000] {logging_mixin.py:188} INFO - Downloaded AMZN/1769693473.json
[2026-01-29T13:37:39.418+0000] {logging_mixin.py:188} INFO - Downloaded AMZN/1769693484.json
[2026-01-29T13:37:39.458+0000] {logging_mixin.py:188} INFO - Downloaded AMZN/1769693496.json
[2026-01-29T13:37:39.497+0000] {logging_mixin.py:188} INFO - Downloaded AMZN/1769693508.json
[2026-01-29T13:37:39.566+0000] {logging_mixin.py:188} INFO - Downloaded AMZN/1769693522.json
[2026-01-29T13:37:39.620+0000] {logging_mixin.py:188} INFO - Downloaded AMZN/1769693536.json
[2026-01-29T13:37:39.684+0000] {logging_mixin.py:188} INFO - Downloaded AMZN/1769693549.json
[2026-01-29T13:37:39.723+0000] {logging_mixin.py:188} INFO - Downloaded AMZN/1769693564.json
[2026-01-29T13:37:39.757+0000] {logging_mixin.py:188} INFO - Downloaded AMZN/1769693577.json
[2026-01-29T13:37:39.880+0000] {logging_mixin.py:188} INFO - Downloaded AMZN/1769693590.json
[2026-01-29T13:37:39.940+0000] {logging_mixin.py:188} INFO - Downloaded AMZN/1769693604.json
[2026-01-29T13:37:40.031+0000] {logging_mixin.py:188} INFO - Downloaded AMZN/1769693616.json
[2026-01-29T13:37:40.122+0000] {logging_mixin.py:188} INFO - Downloaded GOOGL/1769692357.json
[2026-01-29T13:37:40.193+0000] {logging_mixin.py:188} INFO - Downloaded GOOGL/1769692370.json
[2026-01-29T13:37:40.251+0000] {logging_mixin.py:188} INFO - Downloaded GOOGL/1769692383.json
[2026-01-29T13:37:40.318+0000] {logging_mixin.py:188} INFO - Downloaded GOOGL/1769692395.json
[2026-01-29T13:37:40.374+0000] {logging_mixin.py:188} INFO - Downloaded GOOGL/1769692407.json
[2026-01-29T13:37:40.424+0000] {logging_mixin.py:188} INFO - Downloaded GOOGL/1769692422.json
[2026-01-29T13:37:40.479+0000] {logging_mixin.py:188} INFO - Downloaded GOOGL/1769692436.json
[2026-01-29T13:37:40.525+0000] {logging_mixin.py:188} INFO - Downloaded GOOGL/1769692448.json
[2026-01-29T13:37:40.588+0000] {logging_mixin.py:188} INFO - Downloaded GOOGL/1769692461.json
[2026-01-29T13:37:40.651+0000] {logging_mixin.py:188} INFO - Downloaded GOOGL/1769692473.json
[2026-01-29T13:37:40.702+0000] {logging_mixin.py:188} INFO - Downloaded GOOGL/1769692485.json
[2026-01-29T13:37:40.764+0000] {logging_mixin.py:188} INFO - Downloaded GOOGL/1769692499.json
[2026-01-29T13:37:40.846+0000] {logging_mixin.py:188} INFO - Downloaded GOOGL/1769692513.json
[2026-01-29T13:37:40.913+0000] {logging_mixin.py:188} INFO - Downloaded GOOGL/1769692524.json
[2026-01-29T13:37:40.998+0000] {logging_mixin.py:188} INFO - Downloaded GOOGL/1769692538.json
[2026-01-29T13:37:41.140+0000] {logging_mixin.py:188} INFO - Downloaded GOOGL/1769692551.json
[2026-01-29T13:37:41.275+0000] {logging_mixin.py:188} INFO - Downloaded GOOGL/1769692564.json
[2026-01-29T13:37:41.432+0000] {logging_mixin.py:188} INFO - Downloaded GOOGL/1769692576.json
[2026-01-29T13:37:41.486+0000] {logging_mixin.py:188} INFO - Downloaded GOOGL/1769692589.json
[2026-01-29T13:37:41.530+0000] {logging_mixin.py:188} INFO - Downloaded GOOGL/1769692615.json
[2026-01-29T13:37:41.585+0000] {logging_mixin.py:188} INFO - Downloaded GOOGL/1769692627.json
[2026-01-29T13:37:41.616+0000] {logging_mixin.py:188} INFO - Downloaded GOOGL/1769692640.json
[2026-01-29T13:37:41.651+0000] {logging_mixin.py:188} INFO - Downloaded GOOGL/1769692652.json
[2026-01-29T13:37:41.688+0000] {logging_mixin.py:188} INFO - Downloaded GOOGL/1769692668.json
[2026-01-29T13:37:41.719+0000] {logging_mixin.py:188} INFO - Downloaded GOOGL/1769692680.json
[2026-01-29T13:37:41.751+0000] {logging_mixin.py:188} INFO - Downloaded GOOGL/1769692692.json
[2026-01-29T13:37:41.782+0000] {logging_mixin.py:188} INFO - Downloaded GOOGL/1769692710.json
[2026-01-29T13:37:41.807+0000] {logging_mixin.py:188} INFO - Downloaded GOOGL/1769692723.json
[2026-01-29T13:37:42.124+0000] {logging_mixin.py:188} INFO - Downloaded GOOGL/1769692739.json
[2026-01-29T13:37:42.173+0000] {logging_mixin.py:188} INFO - Downloaded GOOGL/1769692752.json
[2026-01-29T13:37:42.221+0000] {logging_mixin.py:188} INFO - Downloaded GOOGL/1769692765.json
[2026-01-29T13:37:42.264+0000] {logging_mixin.py:188} INFO - Downloaded GOOGL/1769692784.json
[2026-01-29T13:37:42.320+0000] {logging_mixin.py:188} INFO - Downloaded GOOGL/1769692803.json
[2026-01-29T13:37:42.367+0000] {logging_mixin.py:188} INFO - Downloaded GOOGL/1769692817.json
[2026-01-29T13:37:42.438+0000] {logging_mixin.py:188} INFO - Downloaded GOOGL/1769692831.json
[2026-01-29T13:37:42.496+0000] {logging_mixin.py:188} INFO - Downloaded GOOGL/1769692846.json
[2026-01-29T13:37:42.565+0000] {logging_mixin.py:188} INFO - Downloaded GOOGL/1769692864.json
[2026-01-29T13:37:42.643+0000] {logging_mixin.py:188} INFO - Downloaded GOOGL/1769692878.json
[2026-01-29T13:37:42.687+0000] {logging_mixin.py:188} INFO - Downloaded GOOGL/1769692913.json
[2026-01-29T13:37:42.726+0000] {logging_mixin.py:188} INFO - Downloaded GOOGL/1769692928.json
[2026-01-29T13:37:42.759+0000] {logging_mixin.py:188} INFO - Downloaded GOOGL/1769692944.json
[2026-01-29T13:37:42.821+0000] {logging_mixin.py:188} INFO - Downloaded GOOGL/1769692960.json
[2026-01-29T13:37:42.860+0000] {logging_mixin.py:188} INFO - Downloaded GOOGL/1769692972.json
[2026-01-29T13:37:42.916+0000] {logging_mixin.py:188} INFO - Downloaded GOOGL/1769692983.json
[2026-01-29T13:37:42.962+0000] {logging_mixin.py:188} INFO - Downloaded GOOGL/1769692994.json
[2026-01-29T13:37:42.997+0000] {logging_mixin.py:188} INFO - Downloaded GOOGL/1769693007.json
[2026-01-29T13:37:43.033+0000] {logging_mixin.py:188} INFO - Downloaded GOOGL/1769693020.json
[2026-01-29T13:37:43.071+0000] {logging_mixin.py:188} INFO - Downloaded GOOGL/1769693032.json
[2026-01-29T13:37:43.111+0000] {logging_mixin.py:188} INFO - Downloaded GOOGL/1769693044.json
[2026-01-29T13:37:43.153+0000] {logging_mixin.py:188} INFO - Downloaded GOOGL/1769693058.json
[2026-01-29T13:37:43.193+0000] {logging_mixin.py:188} INFO - Downloaded GOOGL/1769693071.json
[2026-01-29T13:37:43.227+0000] {logging_mixin.py:188} INFO - Downloaded GOOGL/1769693082.json
[2026-01-29T13:37:43.294+0000] {logging_mixin.py:188} INFO - Downloaded GOOGL/1769693094.json
[2026-01-29T13:37:43.331+0000] {logging_mixin.py:188} INFO - Downloaded GOOGL/1769693109.json
[2026-01-29T13:37:43.368+0000] {logging_mixin.py:188} INFO - Downloaded GOOGL/1769693124.json
[2026-01-29T13:37:43.409+0000] {logging_mixin.py:188} INFO - Downloaded GOOGL/1769693135.json
[2026-01-29T13:37:43.437+0000] {logging_mixin.py:188} INFO - Downloaded GOOGL/1769693147.json
[2026-01-29T13:37:43.471+0000] {logging_mixin.py:188} INFO - Downloaded GOOGL/1769693158.json
[2026-01-29T13:37:43.514+0000] {logging_mixin.py:188} INFO - Downloaded GOOGL/1769693172.json
[2026-01-29T13:37:43.574+0000] {logging_mixin.py:188} INFO - Downloaded GOOGL/1769693183.json
[2026-01-29T13:37:43.627+0000] {logging_mixin.py:188} INFO - Downloaded GOOGL/1769693194.json
[2026-01-29T13:37:43.653+0000] {logging_mixin.py:188} INFO - Downloaded GOOGL/1769693205.json
[2026-01-29T13:37:43.680+0000] {logging_mixin.py:188} INFO - Downloaded GOOGL/1769693218.json
[2026-01-29T13:37:43.711+0000] {logging_mixin.py:188} INFO - Downloaded GOOGL/1769693229.json
[2026-01-29T13:37:43.758+0000] {logging_mixin.py:188} INFO - Downloaded GOOGL/1769693241.json
[2026-01-29T13:37:43.809+0000] {logging_mixin.py:188} INFO - Downloaded GOOGL/1769693254.json
[2026-01-29T13:37:43.915+0000] {logging_mixin.py:188} INFO - Downloaded GOOGL/1769693265.json
[2026-01-29T13:37:43.954+0000] {logging_mixin.py:188} INFO - Downloaded GOOGL/1769693277.json
[2026-01-29T13:37:43.992+0000] {logging_mixin.py:188} INFO - Downloaded GOOGL/1769693289.json
[2026-01-29T13:37:44.027+0000] {logging_mixin.py:188} INFO - Downloaded GOOGL/1769693301.json
[2026-01-29T13:37:44.064+0000] {logging_mixin.py:188} INFO - Downloaded GOOGL/1769693313.json
[2026-01-29T13:37:44.098+0000] {logging_mixin.py:188} INFO - Downloaded GOOGL/1769693324.json
[2026-01-29T13:37:44.128+0000] {logging_mixin.py:188} INFO - Downloaded GOOGL/1769693339.json
[2026-01-29T13:37:44.158+0000] {logging_mixin.py:188} INFO - Downloaded GOOGL/1769693351.json
[2026-01-29T13:37:44.194+0000] {logging_mixin.py:188} INFO - Downloaded GOOGL/1769693362.json
[2026-01-29T13:37:44.232+0000] {logging_mixin.py:188} INFO - Downloaded GOOGL/1769693373.json
[2026-01-29T13:37:44.266+0000] {logging_mixin.py:188} INFO - Downloaded GOOGL/1769693384.json
[2026-01-29T13:37:44.302+0000] {logging_mixin.py:188} INFO - Downloaded GOOGL/1769693398.json
[2026-01-29T13:37:44.343+0000] {logging_mixin.py:188} INFO - Downloaded GOOGL/1769693410.json
[2026-01-29T13:37:44.373+0000] {logging_mixin.py:188} INFO - Downloaded GOOGL/1769693422.json
[2026-01-29T13:37:44.401+0000] {logging_mixin.py:188} INFO - Downloaded GOOGL/1769693436.json
[2026-01-29T13:37:44.428+0000] {logging_mixin.py:188} INFO - Downloaded GOOGL/1769693447.json
[2026-01-29T13:37:44.453+0000] {logging_mixin.py:188} INFO - Downloaded GOOGL/1769693459.json
[2026-01-29T13:37:44.477+0000] {logging_mixin.py:188} INFO - Downloaded GOOGL/1769693471.json
[2026-01-29T13:37:44.504+0000] {logging_mixin.py:188} INFO - Downloaded GOOGL/1769693483.json
[2026-01-29T13:37:44.533+0000] {logging_mixin.py:188} INFO - Downloaded GOOGL/1769693495.json
[2026-01-29T13:37:44.555+0000] {logging_mixin.py:188} INFO - Downloaded GOOGL/1769693507.json
[2026-01-29T13:37:44.585+0000] {logging_mixin.py:188} INFO - Downloaded GOOGL/1769693520.json
[2026-01-29T13:37:44.617+0000] {logging_mixin.py:188} INFO - Downloaded GOOGL/1769693533.json
[2026-01-29T13:37:44.652+0000] {logging_mixin.py:188} INFO - Downloaded GOOGL/1769693547.json
[2026-01-29T13:37:44.695+0000] {logging_mixin.py:188} INFO - Downloaded GOOGL/1769693562.json
[2026-01-29T13:37:44.724+0000] {logging_mixin.py:188} INFO - Downloaded GOOGL/1769693576.json
[2026-01-29T13:37:44.751+0000] {logging_mixin.py:188} INFO - Downloaded GOOGL/1769693587.json
[2026-01-29T13:37:44.784+0000] {logging_mixin.py:188} INFO - Downloaded GOOGL/1769693603.json
[2026-01-29T13:37:44.834+0000] {logging_mixin.py:188} INFO - Downloaded GOOGL/1769693615.json
[2026-01-29T13:37:44.872+0000] {logging_mixin.py:188} INFO - Downloaded MSFT/1769692355.json
[2026-01-29T13:37:44.896+0000] {logging_mixin.py:188} INFO - Downloaded MSFT/1769692368.json
[2026-01-29T13:37:44.921+0000] {logging_mixin.py:188} INFO - Downloaded MSFT/1769692381.json
[2026-01-29T13:37:44.943+0000] {logging_mixin.py:188} INFO - Downloaded MSFT/1769692393.json
[2026-01-29T13:37:44.970+0000] {logging_mixin.py:188} INFO - Downloaded MSFT/1769692405.json
[2026-01-29T13:37:45.000+0000] {logging_mixin.py:188} INFO - Downloaded MSFT/1769692417.json
[2026-01-29T13:37:45.023+0000] {logging_mixin.py:188} INFO - Downloaded MSFT/1769692433.json
[2026-01-29T13:37:45.049+0000] {logging_mixin.py:188} INFO - Downloaded MSFT/1769692446.json
[2026-01-29T13:37:45.076+0000] {logging_mixin.py:188} INFO - Downloaded MSFT/1769692458.json
[2026-01-29T13:37:45.102+0000] {logging_mixin.py:188} INFO - Downloaded MSFT/1769692471.json
[2026-01-29T13:37:45.128+0000] {logging_mixin.py:188} INFO - Downloaded MSFT/1769692483.json
[2026-01-29T13:37:45.153+0000] {logging_mixin.py:188} INFO - Downloaded MSFT/1769692497.json
[2026-01-29T13:37:45.174+0000] {logging_mixin.py:188} INFO - Downloaded MSFT/1769692511.json
[2026-01-29T13:37:45.197+0000] {logging_mixin.py:188} INFO - Downloaded MSFT/1769692522.json
[2026-01-29T13:37:45.222+0000] {logging_mixin.py:188} INFO - Downloaded MSFT/1769692536.json
[2026-01-29T13:37:45.242+0000] {logging_mixin.py:188} INFO - Downloaded MSFT/1769692549.json
[2026-01-29T13:37:45.267+0000] {logging_mixin.py:188} INFO - Downloaded MSFT/1769692561.json
[2026-01-29T13:37:45.287+0000] {logging_mixin.py:188} INFO - Downloaded MSFT/1769692574.json
[2026-01-29T13:37:45.311+0000] {logging_mixin.py:188} INFO - Downloaded MSFT/1769692586.json
[2026-01-29T13:37:45.339+0000] {logging_mixin.py:188} INFO - Downloaded MSFT/1769692605.json
[2026-01-29T13:37:45.366+0000] {logging_mixin.py:188} INFO - Downloaded MSFT/1769692624.json
[2026-01-29T13:37:45.389+0000] {logging_mixin.py:188} INFO - Downloaded MSFT/1769692638.json
[2026-01-29T13:37:45.413+0000] {logging_mixin.py:188} INFO - Downloaded MSFT/1769692649.json
[2026-01-29T13:37:45.440+0000] {logging_mixin.py:188} INFO - Downloaded MSFT/1769692663.json
[2026-01-29T13:37:45.470+0000] {logging_mixin.py:188} INFO - Downloaded MSFT/1769692678.json
[2026-01-29T13:37:45.491+0000] {logging_mixin.py:188} INFO - Downloaded MSFT/1769692690.json
[2026-01-29T13:37:45.513+0000] {logging_mixin.py:188} INFO - Downloaded MSFT/1769692701.json
[2026-01-29T13:37:45.534+0000] {logging_mixin.py:188} INFO - Downloaded MSFT/1769692721.json
[2026-01-29T13:37:45.554+0000] {logging_mixin.py:188} INFO - Downloaded MSFT/1769692736.json
[2026-01-29T13:37:45.576+0000] {logging_mixin.py:188} INFO - Downloaded MSFT/1769692749.json
[2026-01-29T13:37:45.597+0000] {logging_mixin.py:188} INFO - Downloaded MSFT/1769692762.json
[2026-01-29T13:37:45.618+0000] {logging_mixin.py:188} INFO - Downloaded MSFT/1769692780.json
[2026-01-29T13:37:45.640+0000] {logging_mixin.py:188} INFO - Downloaded MSFT/1769692798.json
[2026-01-29T13:37:45.664+0000] {logging_mixin.py:188} INFO - Downloaded MSFT/1769692813.json
[2026-01-29T13:37:45.686+0000] {logging_mixin.py:188} INFO - Downloaded MSFT/1769692828.json
[2026-01-29T13:37:45.709+0000] {logging_mixin.py:188} INFO - Downloaded MSFT/1769692844.json
[2026-01-29T13:37:45.732+0000] {logging_mixin.py:188} INFO - Downloaded MSFT/1769692860.json
[2026-01-29T13:37:45.753+0000] {logging_mixin.py:188} INFO - Downloaded MSFT/1769692874.json
[2026-01-29T13:37:45.781+0000] {logging_mixin.py:188} INFO - Downloaded MSFT/1769692889.json
[2026-01-29T13:37:45.803+0000] {logging_mixin.py:188} INFO - Downloaded MSFT/1769692910.json
[2026-01-29T13:37:45.830+0000] {logging_mixin.py:188} INFO - Downloaded MSFT/1769692926.json
[2026-01-29T13:37:45.857+0000] {logging_mixin.py:188} INFO - Downloaded MSFT/1769692941.json
[2026-01-29T13:37:45.889+0000] {logging_mixin.py:188} INFO - Downloaded MSFT/1769692954.json
[2026-01-29T13:37:45.950+0000] {logging_mixin.py:188} INFO - Downloaded MSFT/1769692970.json
[2026-01-29T13:37:46.009+0000] {logging_mixin.py:188} INFO - Downloaded MSFT/1769692981.json
[2026-01-29T13:37:46.055+0000] {logging_mixin.py:188} INFO - Downloaded MSFT/1769692992.json
[2026-01-29T13:37:46.136+0000] {logging_mixin.py:188} INFO - Downloaded MSFT/1769693004.json
[2026-01-29T13:37:46.170+0000] {logging_mixin.py:188} INFO - Downloaded MSFT/1769693017.json
[2026-01-29T13:37:46.224+0000] {logging_mixin.py:188} INFO - Downloaded MSFT/1769693030.json
[2026-01-29T13:37:46.287+0000] {logging_mixin.py:188} INFO - Downloaded MSFT/1769693041.json
[2026-01-29T13:37:46.334+0000] {logging_mixin.py:188} INFO - Downloaded MSFT/1769693055.json
[2026-01-29T13:37:46.372+0000] {logging_mixin.py:188} INFO - Downloaded MSFT/1769693067.json
[2026-01-29T13:37:46.445+0000] {logging_mixin.py:188} INFO - Downloaded MSFT/1769693080.json
[2026-01-29T13:37:46.488+0000] {logging_mixin.py:188} INFO - Downloaded MSFT/1769693092.json
[2026-01-29T13:37:46.535+0000] {logging_mixin.py:188} INFO - Downloaded MSFT/1769693107.json
[2026-01-29T13:37:46.576+0000] {logging_mixin.py:188} INFO - Downloaded MSFT/1769693119.json
[2026-01-29T13:37:46.602+0000] {logging_mixin.py:188} INFO - Downloaded MSFT/1769693133.json
[2026-01-29T13:37:46.628+0000] {logging_mixin.py:188} INFO - Downloaded MSFT/1769693145.json
[2026-01-29T13:37:46.657+0000] {logging_mixin.py:188} INFO - Downloaded MSFT/1769693156.json
[2026-01-29T13:37:46.686+0000] {logging_mixin.py:188} INFO - Downloaded MSFT/1769693168.json
[2026-01-29T13:37:46.715+0000] {logging_mixin.py:188} INFO - Downloaded MSFT/1769693181.json
[2026-01-29T13:37:46.743+0000] {logging_mixin.py:188} INFO - Downloaded MSFT/1769693192.json
[2026-01-29T13:37:46.770+0000] {logging_mixin.py:188} INFO - Downloaded MSFT/1769693203.json
[2026-01-29T13:37:46.799+0000] {logging_mixin.py:188} INFO - Downloaded MSFT/1769693215.json
[2026-01-29T13:37:46.835+0000] {logging_mixin.py:188} INFO - Downloaded MSFT/1769693227.json
[2026-01-29T13:37:46.867+0000] {logging_mixin.py:188} INFO - Downloaded MSFT/1769693239.json
[2026-01-29T13:37:46.893+0000] {logging_mixin.py:188} INFO - Downloaded MSFT/1769693250.json
[2026-01-29T13:37:46.927+0000] {logging_mixin.py:188} INFO - Downloaded MSFT/1769693263.json
[2026-01-29T13:37:46.957+0000] {logging_mixin.py:188} INFO - Downloaded MSFT/1769693275.json
[2026-01-29T13:37:46.981+0000] {logging_mixin.py:188} INFO - Downloaded MSFT/1769693287.json
[2026-01-29T13:37:47.009+0000] {logging_mixin.py:188} INFO - Downloaded MSFT/1769693299.json
[2026-01-29T13:37:47.040+0000] {logging_mixin.py:188} INFO - Downloaded MSFT/1769693310.json
[2026-01-29T13:37:47.071+0000] {logging_mixin.py:188} INFO - Downloaded MSFT/1769693322.json
[2026-01-29T13:37:47.107+0000] {logging_mixin.py:188} INFO - Downloaded MSFT/1769693335.json
[2026-01-29T13:37:47.148+0000] {logging_mixin.py:188} INFO - Downloaded MSFT/1769693349.json
[2026-01-29T13:37:47.179+0000] {logging_mixin.py:188} INFO - Downloaded MSFT/1769693360.json
[2026-01-29T13:37:47.207+0000] {logging_mixin.py:188} INFO - Downloaded MSFT/1769693371.json
[2026-01-29T13:37:47.235+0000] {logging_mixin.py:188} INFO - Downloaded MSFT/1769693382.json
[2026-01-29T13:37:47.267+0000] {logging_mixin.py:188} INFO - Downloaded MSFT/1769693394.json
[2026-01-29T13:37:47.299+0000] {logging_mixin.py:188} INFO - Downloaded MSFT/1769693407.json
[2026-01-29T13:37:47.335+0000] {logging_mixin.py:188} INFO - Downloaded MSFT/1769693420.json
[2026-01-29T13:37:47.365+0000] {logging_mixin.py:188} INFO - Downloaded MSFT/1769693434.json
[2026-01-29T13:37:47.397+0000] {logging_mixin.py:188} INFO - Downloaded MSFT/1769693445.json
[2026-01-29T13:37:47.424+0000] {logging_mixin.py:188} INFO - Downloaded MSFT/1769693457.json
[2026-01-29T13:37:47.453+0000] {logging_mixin.py:188} INFO - Downloaded MSFT/1769693469.json
[2026-01-29T13:37:47.482+0000] {logging_mixin.py:188} INFO - Downloaded MSFT/1769693481.json
[2026-01-29T13:37:47.514+0000] {logging_mixin.py:188} INFO - Downloaded MSFT/1769693492.json
[2026-01-29T13:37:47.550+0000] {logging_mixin.py:188} INFO - Downloaded MSFT/1769693505.json
[2026-01-29T13:37:47.580+0000] {logging_mixin.py:188} INFO - Downloaded MSFT/1769693517.json
[2026-01-29T13:37:47.636+0000] {logging_mixin.py:188} INFO - Downloaded MSFT/1769693531.json
[2026-01-29T13:37:47.662+0000] {logging_mixin.py:188} INFO - Downloaded MSFT/1769693544.json
[2026-01-29T13:37:47.702+0000] {logging_mixin.py:188} INFO - Downloaded MSFT/1769693559.json
[2026-01-29T13:37:47.732+0000] {logging_mixin.py:188} INFO - Downloaded MSFT/1769693574.json
[2026-01-29T13:37:47.759+0000] {logging_mixin.py:188} INFO - Downloaded MSFT/1769693585.json
[2026-01-29T13:37:47.791+0000] {logging_mixin.py:188} INFO - Downloaded MSFT/1769693600.json
[2026-01-29T13:37:47.819+0000] {logging_mixin.py:188} INFO - Downloaded MSFT/1769693613.json
[2026-01-29T13:37:47.853+0000] {logging_mixin.py:188} INFO - Downloaded TSLA/1769692356.json
[2026-01-29T13:37:47.887+0000] {logging_mixin.py:188} INFO - Downloaded TSLA/1769692369.json
[2026-01-29T13:37:47.912+0000] {logging_mixin.py:188} INFO - Downloaded TSLA/1769692382.json
[2026-01-29T13:37:47.939+0000] {logging_mixin.py:188} INFO - Downloaded TSLA/1769692394.json
[2026-01-29T13:37:47.969+0000] {logging_mixin.py:188} INFO - Downloaded TSLA/1769692406.json
[2026-01-29T13:37:47.997+0000] {logging_mixin.py:188} INFO - Downloaded TSLA/1769692419.json
[2026-01-29T13:37:48.025+0000] {logging_mixin.py:188} INFO - Downloaded TSLA/1769692434.json
[2026-01-29T13:37:48.056+0000] {logging_mixin.py:188} INFO - Downloaded TSLA/1769692447.json
[2026-01-29T13:37:48.083+0000] {logging_mixin.py:188} INFO - Downloaded TSLA/1769692460.json
[2026-01-29T13:37:48.109+0000] {logging_mixin.py:188} INFO - Downloaded TSLA/1769692472.json
[2026-01-29T13:37:48.140+0000] {logging_mixin.py:188} INFO - Downloaded TSLA/1769692484.json
[2026-01-29T13:37:48.168+0000] {logging_mixin.py:188} INFO - Downloaded TSLA/1769692498.json
[2026-01-29T13:37:48.194+0000] {logging_mixin.py:188} INFO - Downloaded TSLA/1769692512.json
[2026-01-29T13:37:48.233+0000] {logging_mixin.py:188} INFO - Downloaded TSLA/1769692523.json
[2026-01-29T13:37:48.261+0000] {logging_mixin.py:188} INFO - Downloaded TSLA/1769692537.json
[2026-01-29T13:37:48.295+0000] {logging_mixin.py:188} INFO - Downloaded TSLA/1769692550.json
[2026-01-29T13:37:48.333+0000] {logging_mixin.py:188} INFO - Downloaded TSLA/1769692563.json
[2026-01-29T13:37:48.362+0000] {logging_mixin.py:188} INFO - Downloaded TSLA/1769692575.json
[2026-01-29T13:37:48.388+0000] {logging_mixin.py:188} INFO - Downloaded TSLA/1769692588.json
[2026-01-29T13:37:48.415+0000] {logging_mixin.py:188} INFO - Downloaded TSLA/1769692610.json
[2026-01-29T13:37:48.444+0000] {logging_mixin.py:188} INFO - Downloaded TSLA/1769692626.json
[2026-01-29T13:37:48.470+0000] {logging_mixin.py:188} INFO - Downloaded TSLA/1769692639.json
[2026-01-29T13:37:48.498+0000] {logging_mixin.py:188} INFO - Downloaded TSLA/1769692651.json
[2026-01-29T13:37:48.526+0000] {logging_mixin.py:188} INFO - Downloaded TSLA/1769692666.json
[2026-01-29T13:37:48.558+0000] {logging_mixin.py:188} INFO - Downloaded TSLA/1769692679.json
[2026-01-29T13:37:48.585+0000] {logging_mixin.py:188} INFO - Downloaded TSLA/1769692691.json
[2026-01-29T13:37:48.614+0000] {logging_mixin.py:188} INFO - Downloaded TSLA/1769692708.json
[2026-01-29T13:37:48.642+0000] {logging_mixin.py:188} INFO - Downloaded TSLA/1769692722.json
[2026-01-29T13:37:48.665+0000] {logging_mixin.py:188} INFO - Downloaded TSLA/1769692737.json
[2026-01-29T13:37:48.702+0000] {logging_mixin.py:188} INFO - Downloaded TSLA/1769692750.json
[2026-01-29T13:37:48.736+0000] {logging_mixin.py:188} INFO - Downloaded TSLA/1769692763.json
[2026-01-29T13:37:48.765+0000] {logging_mixin.py:188} INFO - Downloaded TSLA/1769692782.json
[2026-01-29T13:37:48.799+0000] {logging_mixin.py:188} INFO - Downloaded TSLA/1769692802.json
[2026-01-29T13:37:48.832+0000] {logging_mixin.py:188} INFO - Downloaded TSLA/1769692816.json
[2026-01-29T13:37:48.882+0000] {logging_mixin.py:188} INFO - Downloaded TSLA/1769692830.json
[2026-01-29T13:37:48.933+0000] {logging_mixin.py:188} INFO - Downloaded TSLA/1769692845.json
[2026-01-29T13:37:48.983+0000] {logging_mixin.py:188} INFO - Downloaded TSLA/1769692861.json
[2026-01-29T13:37:49.014+0000] {logging_mixin.py:188} INFO - Downloaded TSLA/1769692875.json
[2026-01-29T13:37:49.043+0000] {logging_mixin.py:188} INFO - Downloaded TSLA/1769692890.json
[2026-01-29T13:37:49.068+0000] {logging_mixin.py:188} INFO - Downloaded TSLA/1769692912.json
[2026-01-29T13:37:49.093+0000] {logging_mixin.py:188} INFO - Downloaded TSLA/1769692927.json
[2026-01-29T13:37:49.121+0000] {logging_mixin.py:188} INFO - Downloaded TSLA/1769692942.json
[2026-01-29T13:37:49.147+0000] {logging_mixin.py:188} INFO - Downloaded TSLA/1769692956.json
[2026-01-29T13:37:49.173+0000] {logging_mixin.py:188} INFO - Downloaded TSLA/1769692971.json
[2026-01-29T13:37:49.226+0000] {logging_mixin.py:188} INFO - Downloaded TSLA/1769692982.json
[2026-01-29T13:37:49.258+0000] {logging_mixin.py:188} INFO - Downloaded TSLA/1769692993.json
[2026-01-29T13:37:49.288+0000] {logging_mixin.py:188} INFO - Downloaded TSLA/1769693006.json
[2026-01-29T13:37:49.326+0000] {logging_mixin.py:188} INFO - Downloaded TSLA/1769693018.json
[2026-01-29T13:37:49.377+0000] {logging_mixin.py:188} INFO - Downloaded TSLA/1769693031.json
[2026-01-29T13:37:49.423+0000] {logging_mixin.py:188} INFO - Downloaded TSLA/1769693043.json
[2026-01-29T13:37:49.462+0000] {logging_mixin.py:188} INFO - Downloaded TSLA/1769693056.json
[2026-01-29T13:37:49.501+0000] {logging_mixin.py:188} INFO - Downloaded TSLA/1769693069.json
[2026-01-29T13:37:49.551+0000] {logging_mixin.py:188} INFO - Downloaded TSLA/1769693081.json
[2026-01-29T13:37:49.594+0000] {logging_mixin.py:188} INFO - Downloaded TSLA/1769693093.json
[2026-01-29T13:37:49.626+0000] {logging_mixin.py:188} INFO - Downloaded TSLA/1769693108.json
[2026-01-29T13:37:49.668+0000] {logging_mixin.py:188} INFO - Downloaded TSLA/1769693122.json
[2026-01-29T13:37:49.708+0000] {logging_mixin.py:188} INFO - Downloaded TSLA/1769693134.json
[2026-01-29T13:37:49.737+0000] {logging_mixin.py:188} INFO - Downloaded TSLA/1769693146.json
[2026-01-29T13:37:49.766+0000] {logging_mixin.py:188} INFO - Downloaded TSLA/1769693157.json
[2026-01-29T13:37:49.813+0000] {logging_mixin.py:188} INFO - Downloaded TSLA/1769693169.json
[2026-01-29T13:37:49.835+0000] {logging_mixin.py:188} INFO - Downloaded TSLA/1769693181.json
[2026-01-29T13:37:49.864+0000] {logging_mixin.py:188} INFO - Downloaded TSLA/1769693193.json
[2026-01-29T13:37:49.907+0000] {logging_mixin.py:188} INFO - Downloaded TSLA/1769693204.json
[2026-01-29T13:37:49.942+0000] {logging_mixin.py:188} INFO - Downloaded TSLA/1769693216.json
[2026-01-29T13:37:49.977+0000] {logging_mixin.py:188} INFO - Downloaded TSLA/1769693228.json
[2026-01-29T13:37:50.032+0000] {logging_mixin.py:188} INFO - Downloaded TSLA/1769693240.json
[2026-01-29T13:37:50.077+0000] {logging_mixin.py:188} INFO - Downloaded TSLA/1769693253.json
[2026-01-29T13:37:50.122+0000] {logging_mixin.py:188} INFO - Downloaded TSLA/1769693264.json
[2026-01-29T13:37:50.172+0000] {logging_mixin.py:188} INFO - Downloaded TSLA/1769693276.json
[2026-01-29T13:37:50.201+0000] {logging_mixin.py:188} INFO - Downloaded TSLA/1769693288.json
[2026-01-29T13:37:50.243+0000] {logging_mixin.py:188} INFO - Downloaded TSLA/1769693300.json
[2026-01-29T13:37:50.276+0000] {logging_mixin.py:188} INFO - Downloaded TSLA/1769693312.json
[2026-01-29T13:37:50.324+0000] {logging_mixin.py:188} INFO - Downloaded TSLA/1769693323.json
[2026-01-29T13:37:50.365+0000] {logging_mixin.py:188} INFO - Downloaded TSLA/1769693337.json
[2026-01-29T13:37:50.396+0000] {logging_mixin.py:188} INFO - Downloaded TSLA/1769693350.json
[2026-01-29T13:37:50.424+0000] {logging_mixin.py:188} INFO - Downloaded TSLA/1769693361.json
[2026-01-29T13:37:50.455+0000] {logging_mixin.py:188} INFO - Downloaded TSLA/1769693372.json
[2026-01-29T13:37:50.483+0000] {logging_mixin.py:188} INFO - Downloaded TSLA/1769693383.json
[2026-01-29T13:37:50.525+0000] {logging_mixin.py:188} INFO - Downloaded TSLA/1769693396.json
[2026-01-29T13:37:50.555+0000] {logging_mixin.py:188} INFO - Downloaded TSLA/1769693409.json
[2026-01-29T13:37:50.594+0000] {logging_mixin.py:188} INFO - Downloaded TSLA/1769693421.json
[2026-01-29T13:37:50.619+0000] {logging_mixin.py:188} INFO - Downloaded TSLA/1769693435.json
[2026-01-29T13:37:50.640+0000] {logging_mixin.py:188} INFO - Downloaded TSLA/1769693446.json
[2026-01-29T13:37:50.666+0000] {logging_mixin.py:188} INFO - Downloaded TSLA/1769693458.json
[2026-01-29T13:37:50.695+0000] {logging_mixin.py:188} INFO - Downloaded TSLA/1769693470.json
[2026-01-29T13:37:50.721+0000] {logging_mixin.py:188} INFO - Downloaded TSLA/1769693482.json
[2026-01-29T13:37:50.751+0000] {logging_mixin.py:188} INFO - Downloaded TSLA/1769693493.json
[2026-01-29T13:37:50.789+0000] {logging_mixin.py:188} INFO - Downloaded TSLA/1769693506.json
[2026-01-29T13:37:50.817+0000] {logging_mixin.py:188} INFO - Downloaded TSLA/1769693518.json
[2026-01-29T13:37:50.849+0000] {logging_mixin.py:188} INFO - Downloaded TSLA/1769693532.json
[2026-01-29T13:37:50.883+0000] {logging_mixin.py:188} INFO - Downloaded TSLA/1769693545.json
[2026-01-29T13:37:50.920+0000] {logging_mixin.py:188} INFO - Downloaded TSLA/1769693560.json
[2026-01-29T13:37:50.955+0000] {logging_mixin.py:188} INFO - Downloaded TSLA/1769693575.json
[2026-01-29T13:37:50.994+0000] {logging_mixin.py:188} INFO - Downloaded TSLA/1769693586.json
[2026-01-29T13:37:51.039+0000] {logging_mixin.py:188} INFO - Downloaded TSLA/1769693602.json
[2026-01-29T13:37:51.071+0000] {logging_mixin.py:188} INFO - Downloaded TSLA/1769693614.json
[2026-01-29T13:37:51.135+0000] {python.py:237} INFO - Done. Returned value was: ['/opt/***/data/minio/1769692353.json', '/opt/***/data/minio/1769692366.json', '/opt/***/data/minio/1769692380.json', '/opt/***/data/minio/1769692392.json', '/opt/***/data/minio/1769692403.json', '/opt/***/data/minio/1769692416.json', '/opt/***/data/minio/1769692432.json', '/opt/***/data/minio/1769692444.json', '/opt/***/data/minio/1769692457.json', '/opt/***/data/minio/1769692469.json', '/opt/***/data/minio/1769692482.json', '/opt/***/data/minio/1769692495.json', '/opt/***/data/minio/1769692508.json', '/opt/***/data/minio/1769692521.json', '/opt/***/data/minio/1769692535.json', '/opt/***/data/minio/1769692548.json', '/opt/***/data/minio/1769692560.json', '/opt/***/data/minio/1769692573.json', '/opt/***/data/minio/1769692584.json', '/opt/***/data/minio/1769692602.json', '/opt/***/data/minio/1769692623.json', '/opt/***/data/minio/1769692636.json', '/opt/***/data/minio/1769692648.json', '/opt/***/data/minio/1769692661.json', '/opt/***/data/minio/1769692676.json', '/opt/***/data/minio/1769692688.json', '/opt/***/data/minio/1769692700.json', '/opt/***/data/minio/1769692719.json', '/opt/***/data/minio/1769692733.json', '/opt/***/data/minio/1769692747.json', '/opt/***/data/minio/1769692760.json', '/opt/***/data/minio/1769692778.json', '/opt/***/data/minio/1769692793.json', '/opt/***/data/minio/1769692812.json', '/opt/***/data/minio/1769692827.json', '/opt/***/data/minio/1769692839.json', '/opt/***/data/minio/1769692856.json', '/opt/***/data/minio/1769692873.json', '/opt/***/data/minio/1769692887.json', '/opt/***/data/minio/1769692909.json', '/opt/***/data/minio/1769692921.json', '/opt/***/data/minio/1769692940.json', '/opt/***/data/minio/1769692953.json', '/opt/***/data/minio/1769692969.json', '/opt/***/data/minio/1769692980.json', '/opt/***/data/minio/1769692991.json', '/opt/***/data/minio/1769693003.json', '/opt/***/data/minio/1769693016.json', '/opt/***/data/minio/1769693028.json', '/opt/***/data/minio/1769693040.json', '/opt/***/data/minio/1769693054.json', '/opt/***/data/minio/1769693066.json', '/opt/***/data/minio/1769693079.json', '/opt/***/data/minio/1769693090.json', '/opt/***/data/minio/1769693105.json', '/opt/***/data/minio/1769693118.json', '/opt/***/data/minio/1769693132.json', '/opt/***/data/minio/1769693144.json', '/opt/***/data/minio/1769693155.json', '/opt/***/data/minio/1769693167.json', '/opt/***/data/minio/1769693180.json', '/opt/***/data/minio/1769693191.json', '/opt/***/data/minio/1769693202.json', '/opt/***/data/minio/1769693213.json', '/opt/***/data/minio/1769693226.json', '/opt/***/data/minio/1769693238.json', '/opt/***/data/minio/1769693249.json', '/opt/***/data/minio/1769693262.json', '/opt/***/data/minio/1769693273.json', '/opt/***/data/minio/1769693286.json', '/opt/***/data/minio/1769693298.json', '/opt/***/data/minio/1769693309.json', '/opt/***/data/minio/1769693321.json', '/opt/***/data/minio/1769693334.json', '/opt/***/data/minio/1769693348.json', '/opt/***/data/minio/1769693359.json', '/opt/***/data/minio/1769693370.json', '/opt/***/data/minio/1769693381.json', '/opt/***/data/minio/1769693392.json', '/opt/***/data/minio/1769693406.json', '/opt/***/data/minio/1769693419.json', '/opt/***/data/minio/1769693432.json', '/opt/***/data/minio/1769693444.json', '/opt/***/data/minio/1769693456.json', '/opt/***/data/minio/1769693467.json', '/opt/***/data/minio/1769693480.json', '/opt/***/data/minio/1769693491.json', '/opt/***/data/minio/1769693504.json', '/opt/***/data/minio/1769693516.json', '/opt/***/data/minio/1769693530.json', '/opt/***/data/minio/1769693543.json', '/opt/***/data/minio/1769693558.json', '/opt/***/data/minio/1769693571.json', '/opt/***/data/minio/1769693584.json', '/opt/***/data/minio/1769693597.json', '/opt/***/data/minio/1769693612.json', '/opt/***/data/minio/1769693629.json', '/opt/***/data/minio/1769692359.json', '/opt/***/data/minio/1769692372.json', '/opt/***/data/minio/1769692385.json', '/opt/***/data/minio/1769692396.json', '/opt/***/data/minio/1769692409.json', '/opt/***/data/minio/1769692424.json', '/opt/***/data/minio/1769692437.json', '/opt/***/data/minio/1769692450.json', '/opt/***/data/minio/1769692462.json', '/opt/***/data/minio/1769692475.json', '/opt/***/data/minio/1769692486.json', '/opt/***/data/minio/1769692501.json', '/opt/***/data/minio/1769692513.json', '/opt/***/data/minio/1769692528.json', '/opt/***/data/minio/1769692540.json', '/opt/***/data/minio/1769692553.json', '/opt/***/data/minio/1769692565.json', '/opt/***/data/minio/1769692577.json', '/opt/***/data/minio/1769692591.json', '/opt/***/data/minio/1769692616.json', '/opt/***/data/minio/1769692628.json', '/opt/***/data/minio/1769692641.json', '/opt/***/data/minio/1769692654.json', '/opt/***/data/minio/1769692669.json', '/opt/***/data/minio/1769692681.json', '/opt/***/data/minio/1769692693.json', '/opt/***/data/minio/1769692711.json', '/opt/***/data/minio/1769692725.json', '/opt/***/data/minio/1769692740.json', '/opt/***/data/minio/1769692753.json', '/opt/***/data/minio/1769692769.json', '/opt/***/data/minio/1769692785.json', '/opt/***/data/minio/1769692804.json', '/opt/***/data/minio/1769692819.json', '/opt/***/data/minio/1769692832.json', '/opt/***/data/minio/1769692847.json', '/opt/***/data/minio/1769692866.json', '/opt/***/data/minio/1769692880.json', '/opt/***/data/minio/1769692902.json', '/opt/***/data/minio/1769692914.json', '/opt/***/data/minio/1769692929.json', '/opt/***/data/minio/1769692946.json', '/opt/***/data/minio/1769692961.json', '/opt/***/data/minio/1769692973.json', '/opt/***/data/minio/1769692984.json', '/opt/***/data/minio/1769692995.json', '/opt/***/data/minio/1769693008.json', '/opt/***/data/minio/1769693021.json', '/opt/***/data/minio/1769693033.json', '/opt/***/data/minio/1769693047.json', '/opt/***/data/minio/1769693059.json', '/opt/***/data/minio/1769693072.json', '/opt/***/data/minio/1769693083.json', '/opt/***/data/minio/1769693095.json', '/opt/***/data/minio/1769693110.json', '/opt/***/data/minio/1769693125.json', '/opt/***/data/minio/1769693136.json', '/opt/***/data/minio/1769693148.json', '/opt/***/data/minio/1769693160.json', '/opt/***/data/minio/1769693173.json', '/opt/***/data/minio/1769693184.json', '/opt/***/data/minio/1769693195.json', '/opt/***/data/minio/1769693206.json', '/opt/***/data/minio/1769693219.json', '/opt/***/data/minio/1769693230.json', '/opt/***/data/minio/1769693242.json', '/opt/***/data/minio/1769693255.json', '/opt/***/data/minio/1769693266.json', '/opt/***/data/minio/1769693279.json', '/opt/***/data/minio/1769693290.json', '/opt/***/data/minio/1769693302.json', '/opt/***/data/minio/1769693314.json', '/opt/***/data/minio/1769693326.json', '/opt/***/data/minio/1769693340.json', '/opt/***/data/minio/1769693352.json', '/opt/***/data/minio/1769693363.json', '/opt/***/data/minio/1769693374.json', '/opt/***/data/minio/1769693385.json', '/opt/***/data/minio/1769693399.json', '/opt/***/data/minio/1769693411.json', '/opt/***/data/minio/1769693425.json', '/opt/***/data/minio/1769693437.json', '/opt/***/data/minio/1769693449.json', '/opt/***/data/minio/1769693460.json', '/opt/***/data/minio/1769693473.json', '/opt/***/data/minio/1769693484.json', '/opt/***/data/minio/1769693496.json', '/opt/***/data/minio/1769693508.json', '/opt/***/data/minio/1769693522.json', '/opt/***/data/minio/1769693536.json', '/opt/***/data/minio/1769693549.json', '/opt/***/data/minio/1769693564.json', '/opt/***/data/minio/1769693577.json', '/opt/***/data/minio/1769693590.json', '/opt/***/data/minio/1769693604.json', '/opt/***/data/minio/1769693616.json', '/opt/***/data/minio/1769692357.json', '/opt/***/data/minio/1769692370.json', '/opt/***/data/minio/1769692383.json', '/opt/***/data/minio/1769692395.json', '/opt/***/data/minio/1769692407.json', '/opt/***/data/minio/1769692422.json', '/opt/***/data/minio/1769692436.json', '/opt/***/data/minio/1769692448.json', '/opt/***/data/minio/1769692461.json', '/opt/***/data/minio/1769692473.json', '/opt/***/data/minio/1769692485.json', '/opt/***/data/minio/1769692499.json', '/opt/***/data/minio/1769692513.json', '/opt/***/data/minio/1769692524.json', '/opt/***/data/minio/1769692538.json', '/opt/***/data/minio/1769692551.json', '/opt/***/data/minio/1769692564.json', '/opt/***/data/minio/1769692576.json', '/opt/***/data/minio/1769692589.json', '/opt/***/data/minio/1769692615.json', '/opt/***/data/minio/1769692627.json', '/opt/***/data/minio/1769692640.json', '/opt/***/data/minio/1769692652.json', '/opt/***/data/minio/1769692668.json', '/opt/***/data/minio/1769692680.json', '/opt/***/data/minio/1769692692.json', '/opt/***/data/minio/1769692710.json', '/opt/***/data/minio/1769692723.json', '/opt/***/data/minio/1769692739.json', '/opt/***/data/minio/1769692752.json', '/opt/***/data/minio/1769692765.json', '/opt/***/data/minio/1769692784.json', '/opt/***/data/minio/1769692803.json', '/opt/***/data/minio/1769692817.json', '/opt/***/data/minio/1769692831.json', '/opt/***/data/minio/1769692846.json', '/opt/***/data/minio/1769692864.json', '/opt/***/data/minio/1769692878.json', '/opt/***/data/minio/1769692913.json', '/opt/***/data/minio/1769692928.json', '/opt/***/data/minio/1769692944.json', '/opt/***/data/minio/1769692960.json', '/opt/***/data/minio/1769692972.json', '/opt/***/data/minio/1769692983.json', '/opt/***/data/minio/1769692994.json', '/opt/***/data/minio/1769693007.json', '/opt/***/data/minio/1769693020.json', '/opt/***/data/minio/1769693032.json', '/opt/***/data/minio/1769693044.json', '/opt/***/data/minio/1769693058.json', '/opt/***/data/minio/1769693071.json', '/opt/***/data/minio/1769693082.json', '/opt/***/data/minio/1769693094.json', '/opt/***/data/minio/1769693109.json', '/opt/***/data/minio/1769693124.json', '/opt/***/data/minio/1769693135.json', '/opt/***/data/minio/1769693147.json', '/opt/***/data/minio/1769693158.json', '/opt/***/data/minio/1769693172.json', '/opt/***/data/minio/1769693183.json', '/opt/***/data/minio/1769693194.json', '/opt/***/data/minio/1769693205.json', '/opt/***/data/minio/1769693218.json', '/opt/***/data/minio/1769693229.json', '/opt/***/data/minio/1769693241.json', '/opt/***/data/minio/1769693254.json', '/opt/***/data/minio/1769693265.json', '/opt/***/data/minio/1769693277.json', '/opt/***/data/minio/1769693289.json', '/opt/***/data/minio/1769693301.json', '/opt/***/data/minio/1769693313.json', '/opt/***/data/minio/1769693324.json', '/opt/***/data/minio/1769693339.json', '/opt/***/data/minio/1769693351.json', '/opt/***/data/minio/1769693362.json', '/opt/***/data/minio/1769693373.json', '/opt/***/data/minio/1769693384.json', '/opt/***/data/minio/1769693398.json', '/opt/***/data/minio/1769693410.json', '/opt/***/data/minio/1769693422.json', '/opt/***/data/minio/1769693436.json', '/opt/***/data/minio/1769693447.json', '/opt/***/data/minio/1769693459.json', '/opt/***/data/minio/1769693471.json', '/opt/***/data/minio/1769693483.json', '/opt/***/data/minio/1769693495.json', '/opt/***/data/minio/1769693507.json', '/opt/***/data/minio/1769693520.json', '/opt/***/data/minio/1769693533.json', '/opt/***/data/minio/1769693547.json', '/opt/***/data/minio/1769693562.json', '/opt/***/data/minio/1769693576.json', '/opt/***/data/minio/1769693587.json', '/opt/***/data/minio/1769693603.json', '/opt/***/data/minio/1769693615.json', '/opt/***/data/minio/1769692355.json', '/opt/***/data/minio/1769692368.json', '/opt/***/data/minio/1769692381.json', '/opt/***/data/minio/1769692393.json', '/opt/***/data/minio/1769692405.json', '/opt/***/data/minio/1769692417.json', '/opt/***/data/minio/1769692433.json', '/opt/***/data/minio/1769692446.json', '/opt/***/data/minio/1769692458.json', '/opt/***/data/minio/1769692471.json', '/opt/***/data/minio/1769692483.json', '/opt/***/data/minio/1769692497.json', '/opt/***/data/minio/1769692511.json', '/opt/***/data/minio/1769692522.json', '/opt/***/data/minio/1769692536.json', '/opt/***/data/minio/1769692549.json', '/opt/***/data/minio/1769692561.json', '/opt/***/data/minio/1769692574.json', '/opt/***/data/minio/1769692586.json', '/opt/***/data/minio/1769692605.json', '/opt/***/data/minio/1769692624.json', '/opt/***/data/minio/1769692638.json', '/opt/***/data/minio/1769692649.json', '/opt/***/data/minio/1769692663.json', '/opt/***/data/minio/1769692678.json', '/opt/***/data/minio/1769692690.json', '/opt/***/data/minio/1769692701.json', '/opt/***/data/minio/1769692721.json', '/opt/***/data/minio/1769692736.json', '/opt/***/data/minio/1769692749.json', '/opt/***/data/minio/1769692762.json', '/opt/***/data/minio/1769692780.json', '/opt/***/data/minio/1769692798.json', '/opt/***/data/minio/1769692813.json', '/opt/***/data/minio/1769692828.json', '/opt/***/data/minio/1769692844.json', '/opt/***/data/minio/1769692860.json', '/opt/***/data/minio/1769692874.json', '/opt/***/data/minio/1769692889.json', '/opt/***/data/minio/1769692910.json', '/opt/***/data/minio/1769692926.json', '/opt/***/data/minio/1769692941.json', '/opt/***/data/minio/1769692954.json', '/opt/***/data/minio/1769692970.json', '/opt/***/data/minio/1769692981.json', '/opt/***/data/minio/1769692992.json', '/opt/***/data/minio/1769693004.json', '/opt/***/data/minio/1769693017.json', '/opt/***/data/minio/1769693030.json', '/opt/***/data/minio/1769693041.json', '/opt/***/data/minio/1769693055.json', '/opt/***/data/minio/1769693067.json', '/opt/***/data/minio/1769693080.json', '/opt/***/data/minio/1769693092.json', '/opt/***/data/minio/1769693107.json', '/opt/***/data/minio/1769693119.json', '/opt/***/data/minio/1769693133.json', '/opt/***/data/minio/1769693145.json', '/opt/***/data/minio/1769693156.json', '/opt/***/data/minio/1769693168.json', '/opt/***/data/minio/1769693181.json', '/opt/***/data/minio/1769693192.json', '/opt/***/data/minio/1769693203.json', '/opt/***/data/minio/1769693215.json', '/opt/***/data/minio/1769693227.json', '/opt/***/data/minio/1769693239.json', '/opt/***/data/minio/1769693250.json', '/opt/***/data/minio/1769693263.json', '/opt/***/data/minio/1769693275.json', '/opt/***/data/minio/1769693287.json', '/opt/***/data/minio/1769693299.json', '/opt/***/data/minio/1769693310.json', '/opt/***/data/minio/1769693322.json', '/opt/***/data/minio/1769693335.json', '/opt/***/data/minio/1769693349.json', '/opt/***/data/minio/1769693360.json', '/opt/***/data/minio/1769693371.json', '/opt/***/data/minio/1769693382.json', '/opt/***/data/minio/1769693394.json', '/opt/***/data/minio/1769693407.json', '/opt/***/data/minio/1769693420.json', '/opt/***/data/minio/1769693434.json', '/opt/***/data/minio/1769693445.json', '/opt/***/data/minio/1769693457.json', '/opt/***/data/minio/1769693469.json', '/opt/***/data/minio/1769693481.json', '/opt/***/data/minio/1769693492.json', '/opt/***/data/minio/1769693505.json', '/opt/***/data/minio/1769693517.json', '/opt/***/data/minio/1769693531.json', '/opt/***/data/minio/1769693544.json', '/opt/***/data/minio/1769693559.json', '/opt/***/data/minio/1769693574.json', '/opt/***/data/minio/1769693585.json', '/opt/***/data/minio/1769693600.json', '/opt/***/data/minio/1769693613.json', '/opt/***/data/minio/1769692356.json', '/opt/***/data/minio/1769692369.json', '/opt/***/data/minio/1769692382.json', '/opt/***/data/minio/1769692394.json', '/opt/***/data/minio/1769692406.json', '/opt/***/data/minio/1769692419.json', '/opt/***/data/minio/1769692434.json', '/opt/***/data/minio/1769692447.json', '/opt/***/data/minio/1769692460.json', '/opt/***/data/minio/1769692472.json', '/opt/***/data/minio/1769692484.json', '/opt/***/data/minio/1769692498.json', '/opt/***/data/minio/1769692512.json', '/opt/***/data/minio/1769692523.json', '/opt/***/data/minio/1769692537.json', '/opt/***/data/minio/1769692550.json', '/opt/***/data/minio/1769692563.json', '/opt/***/data/minio/1769692575.json', '/opt/***/data/minio/1769692588.json', '/opt/***/data/minio/1769692610.json', '/opt/***/data/minio/1769692626.json', '/opt/***/data/minio/1769692639.json', '/opt/***/data/minio/1769692651.json', '/opt/***/data/minio/1769692666.json', '/opt/***/data/minio/1769692679.json', '/opt/***/data/minio/1769692691.json', '/opt/***/data/minio/1769692708.json', '/opt/***/data/minio/1769692722.json', '/opt/***/data/minio/1769692737.json', '/opt/***/data/minio/1769692750.json', '/opt/***/data/minio/1769692763.json', '/opt/***/data/minio/1769692782.json', '/opt/***/data/minio/1769692802.json', '/opt/***/data/minio/1769692816.json', '/opt/***/data/minio/1769692830.json', '/opt/***/data/minio/1769692845.json', '/opt/***/data/minio/1769692861.json', '/opt/***/data/minio/1769692875.json', '/opt/***/data/minio/1769692890.json', '/opt/***/data/minio/1769692912.json', '/opt/***/data/minio/1769692927.json', '/opt/***/data/minio/1769692942.json', '/opt/***/data/minio/1769692956.json', '/opt/***/data/minio/1769692971.json', '/opt/***/data/minio/1769692982.json', '/opt/***/data/minio/1769692993.json', '/opt/***/data/minio/1769693006.json', '/opt/***/data/minio/1769693018.json', '/opt/***/data/minio/1769693031.json', '/opt/***/data/minio/1769693043.json', '/opt/***/data/minio/1769693056.json', '/opt/***/data/minio/1769693069.json', '/opt/***/data/minio/1769693081.json', '/opt/***/data/minio/1769693093.json', '/opt/***/data/minio/1769693108.json', '/opt/***/data/minio/1769693122.json', '/opt/***/data/minio/1769693134.json', '/opt/***/data/minio/1769693146.json', '/opt/***/data/minio/1769693157.json', '/opt/***/data/minio/1769693169.json', '/opt/***/data/minio/1769693181.json', '/opt/***/data/minio/1769693193.json', '/opt/***/data/minio/1769693204.json', '/opt/***/data/minio/1769693216.json', '/opt/***/data/minio/1769693228.json', '/opt/***/data/minio/1769693240.json', '/opt/***/data/minio/1769693253.json', '/opt/***/data/minio/1769693264.json', '/opt/***/data/minio/1769693276.json', '/opt/***/data/minio/1769693288.json', '/opt/***/data/minio/1769693300.json', '/opt/***/data/minio/1769693312.json', '/opt/***/data/minio/1769693323.json', '/opt/***/data/minio/1769693337.json', '/opt/***/data/minio/1769693350.json', '/opt/***/data/minio/1769693361.json', '/opt/***/data/minio/1769693372.json', '/opt/***/data/minio/1769693383.json', '/opt/***/data/minio/1769693396.json', '/opt/***/data/minio/1769693409.json', '/opt/***/data/minio/1769693421.json', '/opt/***/data/minio/1769693435.json', '/opt/***/data/minio/1769693446.json', '/opt/***/data/minio/1769693458.json', '/opt/***/data/minio/1769693470.json', '/opt/***/data/minio/1769693482.json', '/opt/***/data/minio/1769693493.json', '/opt/***/data/minio/1769693506.json', '/opt/***/data/minio/1769693518.json', '/opt/***/data/minio/1769693532.json', '/opt/***/data/minio/1769693545.json', '/opt/***/data/minio/1769693560.json', '/opt/***/data/minio/1769693575.json', '/opt/***/data/minio/1769693586.json', '/opt/***/data/minio/1769693602.json', '/opt/***/data/minio/1769693614.json']
[2026-01-29T13:37:51.184+0000] {taskinstance.py:441} INFO - ::group::Post task execution logs
[2026-01-29T13:37:51.339+0000] {taskinstance.py:1206} INFO - Marking task as SUCCESS. dag_id=minio_to_snowflake, task_id=download_minio, run_id=scheduled__2026-01-29T13:36:00+00:00, execution_date=20260129T133600, start_date=20260129T133728, end_date=20260129T133751
[2026-01-29T13:37:55.450+0000] {local_task_job_runner.py:243} INFO - Task exited with return code 0
[2026-01-29T13:37:55.505+0000] {taskinstance.py:3503} INFO - 1 downstream tasks scheduled from follow-on schedule check
[2026-01-29T13:37:55.509+0000] {local_task_job_runner.py:222} INFO - ::endgroup::
