[2026-02-17T08:05:11.868+0000] {local_task_job_runner.py:120} INFO - ::group::Pre task execution logs
[2026-02-17T08:05:11.920+0000] {taskinstance.py:2076} INFO - Dependencies all met for dep_context=non-requeueable deps ti=<TaskInstance: minio_to_snowflake.download_minio scheduled__2026-02-17T07:55:00+00:00 [queued]>
[2026-02-17T08:05:11.934+0000] {taskinstance.py:2076} INFO - Dependencies all met for dep_context=requeueable deps ti=<TaskInstance: minio_to_snowflake.download_minio scheduled__2026-02-17T07:55:00+00:00 [queued]>
[2026-02-17T08:05:11.935+0000] {taskinstance.py:2306} INFO - Starting attempt 2 of 2
[2026-02-17T08:05:11.956+0000] {taskinstance.py:2330} INFO - Executing <Task(PythonOperator): download_minio> on 2026-02-17 07:55:00+00:00
[2026-02-17T08:05:11.973+0000] {standard_task_runner.py:90} INFO - Running: ['***', 'tasks', 'run', 'minio_to_snowflake', 'download_minio', 'scheduled__2026-02-17T07:55:00+00:00', '--job-id', '1509', '--raw', '--subdir', 'DAGS_FOLDER/minio_to_snowflake.py', '--cfg-path', '/tmp/tmp932u62pg']
[2026-02-17T08:05:11.978+0000] {standard_task_runner.py:91} INFO - Job 1509: Subtask download_minio
[2026-02-17T08:05:11.978+0000] {logging_mixin.py:188} WARNING - /home/***/.local/lib/python3.12/site-packages/***/task/task_runner/standard_task_runner.py:62 DeprecationWarning: This process (pid=1136) is multi-threaded, use of fork() may lead to deadlocks in the child.
[2026-02-17T08:05:11.980+0000] {standard_task_runner.py:64} INFO - Started process 1381 to run task
[2026-02-17T08:05:12.107+0000] {task_command.py:426} INFO - Running <TaskInstance: minio_to_snowflake.download_minio scheduled__2026-02-17T07:55:00+00:00 [running]> on host 2a72b80a66a9
[2026-02-17T08:05:12.326+0000] {taskinstance.py:2648} INFO - Exporting env vars: AIRFLOW_CTX_DAG_OWNER='***' AIRFLOW_CTX_DAG_ID='minio_to_snowflake' AIRFLOW_CTX_TASK_ID='download_minio' AIRFLOW_CTX_EXECUTION_DATE='2026-02-17T07:55:00+00:00' AIRFLOW_CTX_TRY_NUMBER='2' AIRFLOW_CTX_DAG_RUN_ID='scheduled__2026-02-17T07:55:00+00:00'
[2026-02-17T08:05:12.328+0000] {taskinstance.py:430} INFO - ::endgroup::
[2026-02-17T08:05:12.688+0000] {logging_mixin.py:188} INFO - Downloaded AAPL/1771315083.json
[2026-02-17T08:05:12.698+0000] {logging_mixin.py:188} INFO - Downloaded AAPL/1771315095.json
[2026-02-17T08:05:12.710+0000] {logging_mixin.py:188} INFO - Downloaded AAPL/1771315106.json
[2026-02-17T08:05:12.721+0000] {logging_mixin.py:188} INFO - Downloaded AAPL/1771315117.json
[2026-02-17T08:05:12.732+0000] {logging_mixin.py:188} INFO - Downloaded AAPL/1771315128.json
[2026-02-17T08:05:12.742+0000] {logging_mixin.py:188} INFO - Downloaded AAPL/1771315140.json
[2026-02-17T08:05:12.774+0000] {logging_mixin.py:188} INFO - Downloaded AAPL/1771315152.json
[2026-02-17T08:05:12.795+0000] {logging_mixin.py:188} INFO - Downloaded AAPL/1771315163.json
[2026-02-17T08:05:12.819+0000] {logging_mixin.py:188} INFO - Downloaded AAPL/1771315174.json
[2026-02-17T08:05:12.844+0000] {logging_mixin.py:188} INFO - Downloaded AAPL/1771315186.json
[2026-02-17T08:05:12.863+0000] {logging_mixin.py:188} INFO - Downloaded AAPL/1771315197.json
[2026-02-17T08:05:12.885+0000] {logging_mixin.py:188} INFO - Downloaded AAPL/1771315209.json
[2026-02-17T08:05:12.910+0000] {logging_mixin.py:188} INFO - Downloaded AAPL/1771315221.json
[2026-02-17T08:05:12.933+0000] {logging_mixin.py:188} INFO - Downloaded AAPL/1771315232.json
[2026-02-17T08:05:12.952+0000] {logging_mixin.py:188} INFO - Downloaded AAPL/1771315243.json
[2026-02-17T08:05:12.970+0000] {logging_mixin.py:188} INFO - Downloaded AAPL/1771315255.json
[2026-02-17T08:05:12.986+0000] {logging_mixin.py:188} INFO - Downloaded AAPL/1771315267.json
[2026-02-17T08:05:12.998+0000] {logging_mixin.py:188} INFO - Downloaded AAPL/1771315279.json
[2026-02-17T08:05:13.011+0000] {logging_mixin.py:188} INFO - Downloaded AAPL/1771315291.json
[2026-02-17T08:05:13.025+0000] {logging_mixin.py:188} INFO - Downloaded AAPL/1771315301.json
[2026-02-17T08:05:13.038+0000] {logging_mixin.py:188} INFO - Downloaded AAPL/1771315311.json
[2026-02-17T08:05:13.052+0000] {logging_mixin.py:188} INFO - Downloaded AAPL/1771315323.json
[2026-02-17T08:05:13.063+0000] {logging_mixin.py:188} INFO - Downloaded AAPL/1771315334.json
[2026-02-17T08:05:13.076+0000] {logging_mixin.py:188} INFO - Downloaded AAPL/1771315346.json
[2026-02-17T08:05:13.090+0000] {logging_mixin.py:188} INFO - Downloaded AAPL/1771315356.json
[2026-02-17T08:05:13.116+0000] {logging_mixin.py:188} INFO - Downloaded AAPL/1771315367.json
[2026-02-17T08:05:13.139+0000] {logging_mixin.py:188} INFO - Downloaded AAPL/1771315378.json
[2026-02-17T08:05:13.158+0000] {logging_mixin.py:188} INFO - Downloaded AAPL/1771315389.json
[2026-02-17T08:05:13.174+0000] {logging_mixin.py:188} INFO - Downloaded AAPL/1771315399.json
[2026-02-17T08:05:13.189+0000] {logging_mixin.py:188} INFO - Downloaded AAPL/1771315411.json
[2026-02-17T08:05:13.202+0000] {logging_mixin.py:188} INFO - Downloaded AAPL/1771315424.json
[2026-02-17T08:05:13.217+0000] {logging_mixin.py:188} INFO - Downloaded AAPL/1771315437.json
[2026-02-17T08:05:13.228+0000] {logging_mixin.py:188} INFO - Downloaded AAPL/1771315451.json
[2026-02-17T08:05:13.239+0000] {logging_mixin.py:188} INFO - Downloaded AAPL/1771315462.json
[2026-02-17T08:05:13.253+0000] {logging_mixin.py:188} INFO - Downloaded AAPL/1771315474.json
[2026-02-17T08:05:13.265+0000] {logging_mixin.py:188} INFO - Downloaded AAPL/1771315485.json
[2026-02-17T08:05:13.282+0000] {logging_mixin.py:188} INFO - Downloaded AAPL/1771315496.json
[2026-02-17T08:05:13.308+0000] {logging_mixin.py:188} INFO - Downloaded AAPL/1771315507.json
[2026-02-17T08:05:13.329+0000] {logging_mixin.py:188} INFO - Downloaded AMZN/1771315088.json
[2026-02-17T08:05:13.344+0000] {logging_mixin.py:188} INFO - Downloaded AMZN/1771315099.json
[2026-02-17T08:05:13.362+0000] {logging_mixin.py:188} INFO - Downloaded AMZN/1771315110.json
[2026-02-17T08:05:13.378+0000] {logging_mixin.py:188} INFO - Downloaded AMZN/1771315121.json
[2026-02-17T08:05:13.399+0000] {logging_mixin.py:188} INFO - Downloaded AMZN/1771315133.json
[2026-02-17T08:05:13.414+0000] {logging_mixin.py:188} INFO - Downloaded AMZN/1771315145.json
[2026-02-17T08:05:13.431+0000] {logging_mixin.py:188} INFO - Downloaded AMZN/1771315156.json
[2026-02-17T08:05:13.442+0000] {logging_mixin.py:188} INFO - Downloaded AMZN/1771315167.json
[2026-02-17T08:05:13.453+0000] {logging_mixin.py:188} INFO - Downloaded AMZN/1771315178.json
[2026-02-17T08:05:13.466+0000] {logging_mixin.py:188} INFO - Downloaded AMZN/1771315190.json
[2026-02-17T08:05:13.482+0000] {logging_mixin.py:188} INFO - Downloaded AMZN/1771315202.json
[2026-02-17T08:05:13.493+0000] {logging_mixin.py:188} INFO - Downloaded AMZN/1771315213.json
[2026-02-17T08:05:13.507+0000] {logging_mixin.py:188} INFO - Downloaded AMZN/1771315225.json
[2026-02-17T08:05:13.520+0000] {logging_mixin.py:188} INFO - Downloaded AMZN/1771315236.json
[2026-02-17T08:05:13.532+0000] {logging_mixin.py:188} INFO - Downloaded AMZN/1771315247.json
[2026-02-17T08:05:13.542+0000] {logging_mixin.py:188} INFO - Downloaded AMZN/1771315259.json
[2026-02-17T08:05:13.553+0000] {logging_mixin.py:188} INFO - Downloaded AMZN/1771315271.json
[2026-02-17T08:05:13.569+0000] {logging_mixin.py:188} INFO - Downloaded AMZN/1771315283.json
[2026-02-17T08:05:13.580+0000] {logging_mixin.py:188} INFO - Downloaded AMZN/1771315295.json
[2026-02-17T08:05:13.591+0000] {logging_mixin.py:188} INFO - Downloaded AMZN/1771315305.json
[2026-02-17T08:05:13.603+0000] {logging_mixin.py:188} INFO - Downloaded AMZN/1771315316.json
[2026-02-17T08:05:13.613+0000] {logging_mixin.py:188} INFO - Downloaded AMZN/1771315326.json
[2026-02-17T08:05:13.625+0000] {logging_mixin.py:188} INFO - Downloaded AMZN/1771315339.json
[2026-02-17T08:05:13.636+0000] {logging_mixin.py:188} INFO - Downloaded AMZN/1771315350.json
[2026-02-17T08:05:13.648+0000] {logging_mixin.py:188} INFO - Downloaded AMZN/1771315360.json
[2026-02-17T08:05:13.661+0000] {logging_mixin.py:188} INFO - Downloaded AMZN/1771315372.json
[2026-02-17T08:05:13.673+0000] {logging_mixin.py:188} INFO - Downloaded AMZN/1771315382.json
[2026-02-17T08:05:13.685+0000] {logging_mixin.py:188} INFO - Downloaded AMZN/1771315392.json
[2026-02-17T08:05:13.698+0000] {logging_mixin.py:188} INFO - Downloaded AMZN/1771315404.json
[2026-02-17T08:05:13.710+0000] {logging_mixin.py:188} INFO - Downloaded AMZN/1771315416.json
[2026-02-17T08:05:13.720+0000] {logging_mixin.py:188} INFO - Downloaded AMZN/1771315429.json
[2026-02-17T08:05:13.730+0000] {logging_mixin.py:188} INFO - Downloaded AMZN/1771315444.json
[2026-02-17T08:05:13.741+0000] {logging_mixin.py:188} INFO - Downloaded AMZN/1771315455.json
[2026-02-17T08:05:13.753+0000] {logging_mixin.py:188} INFO - Downloaded AMZN/1771315467.json
[2026-02-17T08:05:13.765+0000] {logging_mixin.py:188} INFO - Downloaded AMZN/1771315478.json
[2026-02-17T08:05:13.775+0000] {logging_mixin.py:188} INFO - Downloaded AMZN/1771315489.json
[2026-02-17T08:05:13.787+0000] {logging_mixin.py:188} INFO - Downloaded AMZN/1771315500.json
[2026-02-17T08:05:13.801+0000] {logging_mixin.py:188} INFO - Downloaded GOOGL/1771315086.json
[2026-02-17T08:05:13.815+0000] {logging_mixin.py:188} INFO - Downloaded GOOGL/1771315097.json
[2026-02-17T08:05:13.829+0000] {logging_mixin.py:188} INFO - Downloaded GOOGL/1771315109.json
[2026-02-17T08:05:13.844+0000] {logging_mixin.py:188} INFO - Downloaded GOOGL/1771315119.json
[2026-02-17T08:05:13.860+0000] {logging_mixin.py:188} INFO - Downloaded GOOGL/1771315130.json
[2026-02-17T08:05:13.876+0000] {logging_mixin.py:188} INFO - Downloaded GOOGL/1771315143.json
[2026-02-17T08:05:13.894+0000] {logging_mixin.py:188} INFO - Downloaded GOOGL/1771315154.json
[2026-02-17T08:05:13.909+0000] {logging_mixin.py:188} INFO - Downloaded GOOGL/1771315165.json
[2026-02-17T08:05:13.923+0000] {logging_mixin.py:188} INFO - Downloaded GOOGL/1771315176.json
[2026-02-17T08:05:13.936+0000] {logging_mixin.py:188} INFO - Downloaded GOOGL/1771315188.json
[2026-02-17T08:05:13.949+0000] {logging_mixin.py:188} INFO - Downloaded GOOGL/1771315199.json
[2026-02-17T08:05:13.962+0000] {logging_mixin.py:188} INFO - Downloaded GOOGL/1771315211.json
[2026-02-17T08:05:13.974+0000] {logging_mixin.py:188} INFO - Downloaded GOOGL/1771315223.json
[2026-02-17T08:05:13.985+0000] {logging_mixin.py:188} INFO - Downloaded GOOGL/1771315234.json
[2026-02-17T08:05:13.996+0000] {logging_mixin.py:188} INFO - Downloaded GOOGL/1771315245.json
[2026-02-17T08:05:14.007+0000] {logging_mixin.py:188} INFO - Downloaded GOOGL/1771315257.json
[2026-02-17T08:05:14.020+0000] {logging_mixin.py:188} INFO - Downloaded GOOGL/1771315269.json
[2026-02-17T08:05:14.030+0000] {logging_mixin.py:188} INFO - Downloaded GOOGL/1771315281.json
[2026-02-17T08:05:14.042+0000] {logging_mixin.py:188} INFO - Downloaded GOOGL/1771315293.json
[2026-02-17T08:05:14.054+0000] {logging_mixin.py:188} INFO - Downloaded GOOGL/1771315303.json
[2026-02-17T08:05:14.065+0000] {logging_mixin.py:188} INFO - Downloaded GOOGL/1771315315.json
[2026-02-17T08:05:14.076+0000] {logging_mixin.py:188} INFO - Downloaded GOOGL/1771315325.json
[2026-02-17T08:05:14.086+0000] {logging_mixin.py:188} INFO - Downloaded GOOGL/1771315336.json
[2026-02-17T08:05:14.098+0000] {logging_mixin.py:188} INFO - Downloaded GOOGL/1771315348.json
[2026-02-17T08:05:14.109+0000] {logging_mixin.py:188} INFO - Downloaded GOOGL/1771315358.json
[2026-02-17T08:05:14.120+0000] {logging_mixin.py:188} INFO - Downloaded GOOGL/1771315370.json
[2026-02-17T08:05:14.130+0000] {logging_mixin.py:188} INFO - Downloaded GOOGL/1771315380.json
[2026-02-17T08:05:14.142+0000] {logging_mixin.py:188} INFO - Downloaded GOOGL/1771315391.json
[2026-02-17T08:05:14.158+0000] {logging_mixin.py:188} INFO - Downloaded GOOGL/1771315401.json
[2026-02-17T08:05:14.169+0000] {logging_mixin.py:188} INFO - Downloaded GOOGL/1771315414.json
[2026-02-17T08:05:14.183+0000] {logging_mixin.py:188} INFO - Downloaded GOOGL/1771315428.json
[2026-02-17T08:05:14.196+0000] {logging_mixin.py:188} INFO - Downloaded GOOGL/1771315440.json
[2026-02-17T08:05:14.209+0000] {logging_mixin.py:188} INFO - Downloaded GOOGL/1771315453.json
[2026-02-17T08:05:14.221+0000] {logging_mixin.py:188} INFO - Downloaded GOOGL/1771315464.json
[2026-02-17T08:05:14.234+0000] {logging_mixin.py:188} INFO - Downloaded GOOGL/1771315476.json
[2026-02-17T08:05:14.245+0000] {logging_mixin.py:188} INFO - Downloaded GOOGL/1771315487.json
[2026-02-17T08:05:14.256+0000] {logging_mixin.py:188} INFO - Downloaded GOOGL/1771315498.json
[2026-02-17T08:05:14.267+0000] {logging_mixin.py:188} INFO - Downloaded GOOGL/1771315510.json
[2026-02-17T08:05:14.278+0000] {logging_mixin.py:188} INFO - Downloaded MSFT/1771315084.json
[2026-02-17T08:05:14.290+0000] {logging_mixin.py:188} INFO - Downloaded MSFT/1771315096.json
[2026-02-17T08:05:14.302+0000] {logging_mixin.py:188} INFO - Downloaded MSFT/1771315108.json
[2026-02-17T08:05:14.315+0000] {logging_mixin.py:188} INFO - Downloaded MSFT/1771315118.json
[2026-02-17T08:05:14.326+0000] {logging_mixin.py:188} INFO - Downloaded MSFT/1771315129.json
[2026-02-17T08:05:14.340+0000] {logging_mixin.py:188} INFO - Downloaded MSFT/1771315142.json
[2026-02-17T08:05:14.351+0000] {logging_mixin.py:188} INFO - Downloaded MSFT/1771315153.json
[2026-02-17T08:05:14.362+0000] {logging_mixin.py:188} INFO - Downloaded MSFT/1771315164.json
[2026-02-17T08:05:14.376+0000] {logging_mixin.py:188} INFO - Downloaded MSFT/1771315175.json
[2026-02-17T08:05:14.390+0000] {logging_mixin.py:188} INFO - Downloaded MSFT/1771315187.json
[2026-02-17T08:05:14.404+0000] {logging_mixin.py:188} INFO - Downloaded MSFT/1771315198.json
[2026-02-17T08:05:14.419+0000] {logging_mixin.py:188} INFO - Downloaded MSFT/1771315210.json
[2026-02-17T08:05:14.436+0000] {logging_mixin.py:188} INFO - Downloaded MSFT/1771315222.json
[2026-02-17T08:05:14.451+0000] {logging_mixin.py:188} INFO - Downloaded MSFT/1771315233.json
[2026-02-17T08:05:14.466+0000] {logging_mixin.py:188} INFO - Downloaded MSFT/1771315244.json
[2026-02-17T08:05:14.480+0000] {logging_mixin.py:188} INFO - Downloaded MSFT/1771315256.json
[2026-02-17T08:05:14.505+0000] {logging_mixin.py:188} INFO - Downloaded MSFT/1771315268.json
[2026-02-17T08:05:14.522+0000] {logging_mixin.py:188} INFO - Downloaded MSFT/1771315280.json
[2026-02-17T08:05:14.535+0000] {logging_mixin.py:188} INFO - Downloaded MSFT/1771315292.json
[2026-02-17T08:05:14.546+0000] {logging_mixin.py:188} INFO - Downloaded MSFT/1771315302.json
[2026-02-17T08:05:14.557+0000] {logging_mixin.py:188} INFO - Downloaded MSFT/1771315312.json
[2026-02-17T08:05:14.568+0000] {logging_mixin.py:188} INFO - Downloaded MSFT/1771315324.json
[2026-02-17T08:05:14.580+0000] {logging_mixin.py:188} INFO - Downloaded MSFT/1771315335.json
[2026-02-17T08:05:14.592+0000] {logging_mixin.py:188} INFO - Downloaded MSFT/1771315347.json
[2026-02-17T08:05:14.605+0000] {logging_mixin.py:188} INFO - Downloaded MSFT/1771315357.json
[2026-02-17T08:05:14.616+0000] {logging_mixin.py:188} INFO - Downloaded MSFT/1771315368.json
[2026-02-17T08:05:14.628+0000] {logging_mixin.py:188} INFO - Downloaded MSFT/1771315379.json
[2026-02-17T08:05:14.639+0000] {logging_mixin.py:188} INFO - Downloaded MSFT/1771315390.json
[2026-02-17T08:05:14.650+0000] {logging_mixin.py:188} INFO - Downloaded MSFT/1771315400.json
[2026-02-17T08:05:14.661+0000] {logging_mixin.py:188} INFO - Downloaded MSFT/1771315412.json
[2026-02-17T08:05:14.672+0000] {logging_mixin.py:188} INFO - Downloaded MSFT/1771315427.json
[2026-02-17T08:05:14.684+0000] {logging_mixin.py:188} INFO - Downloaded MSFT/1771315438.json
[2026-02-17T08:05:14.696+0000] {logging_mixin.py:188} INFO - Downloaded MSFT/1771315452.json
[2026-02-17T08:05:14.707+0000] {logging_mixin.py:188} INFO - Downloaded MSFT/1771315463.json
[2026-02-17T08:05:14.718+0000] {logging_mixin.py:188} INFO - Downloaded MSFT/1771315475.json
[2026-02-17T08:05:14.730+0000] {logging_mixin.py:188} INFO - Downloaded MSFT/1771315486.json
[2026-02-17T08:05:14.745+0000] {logging_mixin.py:188} INFO - Downloaded MSFT/1771315497.json
[2026-02-17T08:05:14.761+0000] {logging_mixin.py:188} INFO - Downloaded MSFT/1771315508.json
[2026-02-17T08:05:14.772+0000] {logging_mixin.py:188} INFO - Downloaded TSLA/1771315087.json
[2026-02-17T08:05:14.785+0000] {logging_mixin.py:188} INFO - Downloaded TSLA/1771315098.json
[2026-02-17T08:05:14.796+0000] {logging_mixin.py:188} INFO - Downloaded TSLA/1771315110.json
[2026-02-17T08:05:14.807+0000] {logging_mixin.py:188} INFO - Downloaded TSLA/1771315120.json
[2026-02-17T08:05:14.818+0000] {logging_mixin.py:188} INFO - Downloaded TSLA/1771315132.json
[2026-02-17T08:05:14.832+0000] {logging_mixin.py:188} INFO - Downloaded TSLA/1771315144.json
[2026-02-17T08:05:14.842+0000] {logging_mixin.py:188} INFO - Downloaded TSLA/1771315155.json
[2026-02-17T08:05:14.855+0000] {logging_mixin.py:188} INFO - Downloaded TSLA/1771315166.json
[2026-02-17T08:05:14.866+0000] {logging_mixin.py:188} INFO - Downloaded TSLA/1771315178.json
[2026-02-17T08:05:14.877+0000] {logging_mixin.py:188} INFO - Downloaded TSLA/1771315189.json
[2026-02-17T08:05:14.890+0000] {logging_mixin.py:188} INFO - Downloaded TSLA/1771315201.json
[2026-02-17T08:05:14.903+0000] {logging_mixin.py:188} INFO - Downloaded TSLA/1771315212.json
[2026-02-17T08:05:14.915+0000] {logging_mixin.py:188} INFO - Downloaded TSLA/1771315224.json
[2026-02-17T08:05:14.927+0000] {logging_mixin.py:188} INFO - Downloaded TSLA/1771315235.json
[2026-02-17T08:05:14.939+0000] {logging_mixin.py:188} INFO - Downloaded TSLA/1771315246.json
[2026-02-17T08:05:14.951+0000] {logging_mixin.py:188} INFO - Downloaded TSLA/1771315258.json
[2026-02-17T08:05:14.961+0000] {logging_mixin.py:188} INFO - Downloaded TSLA/1771315270.json
[2026-02-17T08:05:14.973+0000] {logging_mixin.py:188} INFO - Downloaded TSLA/1771315282.json
[2026-02-17T08:05:14.985+0000] {logging_mixin.py:188} INFO - Downloaded TSLA/1771315294.json
[2026-02-17T08:05:14.996+0000] {logging_mixin.py:188} INFO - Downloaded TSLA/1771315304.json
[2026-02-17T08:05:15.007+0000] {logging_mixin.py:188} INFO - Downloaded TSLA/1771315316.json
[2026-02-17T08:05:15.019+0000] {logging_mixin.py:188} INFO - Downloaded TSLA/1771315326.json
[2026-02-17T08:05:15.030+0000] {logging_mixin.py:188} INFO - Downloaded TSLA/1771315338.json
[2026-02-17T08:05:15.040+0000] {logging_mixin.py:188} INFO - Downloaded TSLA/1771315349.json
[2026-02-17T08:05:15.054+0000] {logging_mixin.py:188} INFO - Downloaded TSLA/1771315359.json
[2026-02-17T08:05:15.066+0000] {logging_mixin.py:188} INFO - Downloaded TSLA/1771315371.json
[2026-02-17T08:05:15.076+0000] {logging_mixin.py:188} INFO - Downloaded TSLA/1771315381.json
[2026-02-17T08:05:15.087+0000] {logging_mixin.py:188} INFO - Downloaded TSLA/1771315391.json
[2026-02-17T08:05:15.099+0000] {logging_mixin.py:188} INFO - Downloaded TSLA/1771315403.json
[2026-02-17T08:05:15.111+0000] {logging_mixin.py:188} INFO - Downloaded TSLA/1771315415.json
[2026-02-17T08:05:15.123+0000] {logging_mixin.py:188} INFO - Downloaded TSLA/1771315428.json
[2026-02-17T08:05:15.137+0000] {logging_mixin.py:188} INFO - Downloaded TSLA/1771315441.json
[2026-02-17T08:05:15.149+0000] {logging_mixin.py:188} INFO - Downloaded TSLA/1771315454.json
[2026-02-17T08:05:15.162+0000] {logging_mixin.py:188} INFO - Downloaded TSLA/1771315465.json
[2026-02-17T08:05:15.174+0000] {logging_mixin.py:188} INFO - Downloaded TSLA/1771315477.json
[2026-02-17T08:05:15.185+0000] {logging_mixin.py:188} INFO - Downloaded TSLA/1771315488.json
[2026-02-17T08:05:15.196+0000] {logging_mixin.py:188} INFO - Downloaded TSLA/1771315498.json
[2026-02-17T08:05:15.208+0000] {logging_mixin.py:188} INFO - Downloaded TSLA/1771315511.json
[2026-02-17T08:05:15.210+0000] {python.py:237} INFO - Done. Returned value was: ['/opt/***/data/minio/AAPL/1771315083.json', '/opt/***/data/minio/AAPL/1771315095.json', '/opt/***/data/minio/AAPL/1771315106.json', '/opt/***/data/minio/AAPL/1771315117.json', '/opt/***/data/minio/AAPL/1771315128.json', '/opt/***/data/minio/AAPL/1771315140.json', '/opt/***/data/minio/AAPL/1771315152.json', '/opt/***/data/minio/AAPL/1771315163.json', '/opt/***/data/minio/AAPL/1771315174.json', '/opt/***/data/minio/AAPL/1771315186.json', '/opt/***/data/minio/AAPL/1771315197.json', '/opt/***/data/minio/AAPL/1771315209.json', '/opt/***/data/minio/AAPL/1771315221.json', '/opt/***/data/minio/AAPL/1771315232.json', '/opt/***/data/minio/AAPL/1771315243.json', '/opt/***/data/minio/AAPL/1771315255.json', '/opt/***/data/minio/AAPL/1771315267.json', '/opt/***/data/minio/AAPL/1771315279.json', '/opt/***/data/minio/AAPL/1771315291.json', '/opt/***/data/minio/AAPL/1771315301.json', '/opt/***/data/minio/AAPL/1771315311.json', '/opt/***/data/minio/AAPL/1771315323.json', '/opt/***/data/minio/AAPL/1771315334.json', '/opt/***/data/minio/AAPL/1771315346.json', '/opt/***/data/minio/AAPL/1771315356.json', '/opt/***/data/minio/AAPL/1771315367.json', '/opt/***/data/minio/AAPL/1771315378.json', '/opt/***/data/minio/AAPL/1771315389.json', '/opt/***/data/minio/AAPL/1771315399.json', '/opt/***/data/minio/AAPL/1771315411.json', '/opt/***/data/minio/AAPL/1771315424.json', '/opt/***/data/minio/AAPL/1771315437.json', '/opt/***/data/minio/AAPL/1771315451.json', '/opt/***/data/minio/AAPL/1771315462.json', '/opt/***/data/minio/AAPL/1771315474.json', '/opt/***/data/minio/AAPL/1771315485.json', '/opt/***/data/minio/AAPL/1771315496.json', '/opt/***/data/minio/AAPL/1771315507.json', '/opt/***/data/minio/AMZN/1771315088.json', '/opt/***/data/minio/AMZN/1771315099.json', '/opt/***/data/minio/AMZN/1771315110.json', '/opt/***/data/minio/AMZN/1771315121.json', '/opt/***/data/minio/AMZN/1771315133.json', '/opt/***/data/minio/AMZN/1771315145.json', '/opt/***/data/minio/AMZN/1771315156.json', '/opt/***/data/minio/AMZN/1771315167.json', '/opt/***/data/minio/AMZN/1771315178.json', '/opt/***/data/minio/AMZN/1771315190.json', '/opt/***/data/minio/AMZN/1771315202.json', '/opt/***/data/minio/AMZN/1771315213.json', '/opt/***/data/minio/AMZN/1771315225.json', '/opt/***/data/minio/AMZN/1771315236.json', '/opt/***/data/minio/AMZN/1771315247.json', '/opt/***/data/minio/AMZN/1771315259.json', '/opt/***/data/minio/AMZN/1771315271.json', '/opt/***/data/minio/AMZN/1771315283.json', '/opt/***/data/minio/AMZN/1771315295.json', '/opt/***/data/minio/AMZN/1771315305.json', '/opt/***/data/minio/AMZN/1771315316.json', '/opt/***/data/minio/AMZN/1771315326.json', '/opt/***/data/minio/AMZN/1771315339.json', '/opt/***/data/minio/AMZN/1771315350.json', '/opt/***/data/minio/AMZN/1771315360.json', '/opt/***/data/minio/AMZN/1771315372.json', '/opt/***/data/minio/AMZN/1771315382.json', '/opt/***/data/minio/AMZN/1771315392.json', '/opt/***/data/minio/AMZN/1771315404.json', '/opt/***/data/minio/AMZN/1771315416.json', '/opt/***/data/minio/AMZN/1771315429.json', '/opt/***/data/minio/AMZN/1771315444.json', '/opt/***/data/minio/AMZN/1771315455.json', '/opt/***/data/minio/AMZN/1771315467.json', '/opt/***/data/minio/AMZN/1771315478.json', '/opt/***/data/minio/AMZN/1771315489.json', '/opt/***/data/minio/AMZN/1771315500.json', '/opt/***/data/minio/GOOGL/1771315086.json', '/opt/***/data/minio/GOOGL/1771315097.json', '/opt/***/data/minio/GOOGL/1771315109.json', '/opt/***/data/minio/GOOGL/1771315119.json', '/opt/***/data/minio/GOOGL/1771315130.json', '/opt/***/data/minio/GOOGL/1771315143.json', '/opt/***/data/minio/GOOGL/1771315154.json', '/opt/***/data/minio/GOOGL/1771315165.json', '/opt/***/data/minio/GOOGL/1771315176.json', '/opt/***/data/minio/GOOGL/1771315188.json', '/opt/***/data/minio/GOOGL/1771315199.json', '/opt/***/data/minio/GOOGL/1771315211.json', '/opt/***/data/minio/GOOGL/1771315223.json', '/opt/***/data/minio/GOOGL/1771315234.json', '/opt/***/data/minio/GOOGL/1771315245.json', '/opt/***/data/minio/GOOGL/1771315257.json', '/opt/***/data/minio/GOOGL/1771315269.json', '/opt/***/data/minio/GOOGL/1771315281.json', '/opt/***/data/minio/GOOGL/1771315293.json', '/opt/***/data/minio/GOOGL/1771315303.json', '/opt/***/data/minio/GOOGL/1771315315.json', '/opt/***/data/minio/GOOGL/1771315325.json', '/opt/***/data/minio/GOOGL/1771315336.json', '/opt/***/data/minio/GOOGL/1771315348.json', '/opt/***/data/minio/GOOGL/1771315358.json', '/opt/***/data/minio/GOOGL/1771315370.json', '/opt/***/data/minio/GOOGL/1771315380.json', '/opt/***/data/minio/GOOGL/1771315391.json', '/opt/***/data/minio/GOOGL/1771315401.json', '/opt/***/data/minio/GOOGL/1771315414.json', '/opt/***/data/minio/GOOGL/1771315428.json', '/opt/***/data/minio/GOOGL/1771315440.json', '/opt/***/data/minio/GOOGL/1771315453.json', '/opt/***/data/minio/GOOGL/1771315464.json', '/opt/***/data/minio/GOOGL/1771315476.json', '/opt/***/data/minio/GOOGL/1771315487.json', '/opt/***/data/minio/GOOGL/1771315498.json', '/opt/***/data/minio/GOOGL/1771315510.json', '/opt/***/data/minio/MSFT/1771315084.json', '/opt/***/data/minio/MSFT/1771315096.json', '/opt/***/data/minio/MSFT/1771315108.json', '/opt/***/data/minio/MSFT/1771315118.json', '/opt/***/data/minio/MSFT/1771315129.json', '/opt/***/data/minio/MSFT/1771315142.json', '/opt/***/data/minio/MSFT/1771315153.json', '/opt/***/data/minio/MSFT/1771315164.json', '/opt/***/data/minio/MSFT/1771315175.json', '/opt/***/data/minio/MSFT/1771315187.json', '/opt/***/data/minio/MSFT/1771315198.json', '/opt/***/data/minio/MSFT/1771315210.json', '/opt/***/data/minio/MSFT/1771315222.json', '/opt/***/data/minio/MSFT/1771315233.json', '/opt/***/data/minio/MSFT/1771315244.json', '/opt/***/data/minio/MSFT/1771315256.json', '/opt/***/data/minio/MSFT/1771315268.json', '/opt/***/data/minio/MSFT/1771315280.json', '/opt/***/data/minio/MSFT/1771315292.json', '/opt/***/data/minio/MSFT/1771315302.json', '/opt/***/data/minio/MSFT/1771315312.json', '/opt/***/data/minio/MSFT/1771315324.json', '/opt/***/data/minio/MSFT/1771315335.json', '/opt/***/data/minio/MSFT/1771315347.json', '/opt/***/data/minio/MSFT/1771315357.json', '/opt/***/data/minio/MSFT/1771315368.json', '/opt/***/data/minio/MSFT/1771315379.json', '/opt/***/data/minio/MSFT/1771315390.json', '/opt/***/data/minio/MSFT/1771315400.json', '/opt/***/data/minio/MSFT/1771315412.json', '/opt/***/data/minio/MSFT/1771315427.json', '/opt/***/data/minio/MSFT/1771315438.json', '/opt/***/data/minio/MSFT/1771315452.json', '/opt/***/data/minio/MSFT/1771315463.json', '/opt/***/data/minio/MSFT/1771315475.json', '/opt/***/data/minio/MSFT/1771315486.json', '/opt/***/data/minio/MSFT/1771315497.json', '/opt/***/data/minio/MSFT/1771315508.json', '/opt/***/data/minio/TSLA/1771315087.json', '/opt/***/data/minio/TSLA/1771315098.json', '/opt/***/data/minio/TSLA/1771315110.json', '/opt/***/data/minio/TSLA/1771315120.json', '/opt/***/data/minio/TSLA/1771315132.json', '/opt/***/data/minio/TSLA/1771315144.json', '/opt/***/data/minio/TSLA/1771315155.json', '/opt/***/data/minio/TSLA/1771315166.json', '/opt/***/data/minio/TSLA/1771315178.json', '/opt/***/data/minio/TSLA/1771315189.json', '/opt/***/data/minio/TSLA/1771315201.json', '/opt/***/data/minio/TSLA/1771315212.json', '/opt/***/data/minio/TSLA/1771315224.json', '/opt/***/data/minio/TSLA/1771315235.json', '/opt/***/data/minio/TSLA/1771315246.json', '/opt/***/data/minio/TSLA/1771315258.json', '/opt/***/data/minio/TSLA/1771315270.json', '/opt/***/data/minio/TSLA/1771315282.json', '/opt/***/data/minio/TSLA/1771315294.json', '/opt/***/data/minio/TSLA/1771315304.json', '/opt/***/data/minio/TSLA/1771315316.json', '/opt/***/data/minio/TSLA/1771315326.json', '/opt/***/data/minio/TSLA/1771315338.json', '/opt/***/data/minio/TSLA/1771315349.json', '/opt/***/data/minio/TSLA/1771315359.json', '/opt/***/data/minio/TSLA/1771315371.json', '/opt/***/data/minio/TSLA/1771315381.json', '/opt/***/data/minio/TSLA/1771315391.json', '/opt/***/data/minio/TSLA/1771315403.json', '/opt/***/data/minio/TSLA/1771315415.json', '/opt/***/data/minio/TSLA/1771315428.json', '/opt/***/data/minio/TSLA/1771315441.json', '/opt/***/data/minio/TSLA/1771315454.json', '/opt/***/data/minio/TSLA/1771315465.json', '/opt/***/data/minio/TSLA/1771315477.json', '/opt/***/data/minio/TSLA/1771315488.json', '/opt/***/data/minio/TSLA/1771315498.json', '/opt/***/data/minio/TSLA/1771315511.json']
[2026-02-17T08:05:15.214+0000] {taskinstance.py:441} INFO - ::group::Post task execution logs
[2026-02-17T08:05:15.261+0000] {taskinstance.py:1206} INFO - Marking task as SUCCESS. dag_id=minio_to_snowflake, task_id=download_minio, run_id=scheduled__2026-02-17T07:55:00+00:00, execution_date=20260217T075500, start_date=20260217T080511, end_date=20260217T080515
[2026-02-17T08:05:15.329+0000] {local_task_job_runner.py:243} INFO - Task exited with return code 0
[2026-02-17T08:05:15.388+0000] {taskinstance.py:3503} INFO - 1 downstream tasks scheduled from follow-on schedule check
[2026-02-17T08:05:15.416+0000] {local_task_job_runner.py:222} INFO - ::endgroup::
