[2026-01-29T13:50:06.641+0000] {local_task_job_runner.py:120} INFO - ::group::Pre task execution logs
[2026-01-29T13:50:06.774+0000] {taskinstance.py:2076} INFO - Dependencies all met for dep_context=non-requeueable deps ti=<TaskInstance: minio_to_snowflake.download_minio scheduled__2026-01-29T13:49:00+00:00 [queued]>
[2026-01-29T13:50:06.800+0000] {taskinstance.py:2076} INFO - Dependencies all met for dep_context=requeueable deps ti=<TaskInstance: minio_to_snowflake.download_minio scheduled__2026-01-29T13:49:00+00:00 [queued]>
[2026-01-29T13:50:06.803+0000] {taskinstance.py:2306} INFO - Starting attempt 1 of 2
[2026-01-29T13:50:06.847+0000] {taskinstance.py:2330} INFO - Executing <Task(PythonOperator): download_minio> on 2026-01-29 13:49:00+00:00
[2026-01-29T13:50:06.888+0000] {logging_mixin.py:188} WARNING - /home/***/.local/lib/python3.12/site-packages/***/task/task_runner/standard_task_runner.py:62 DeprecationWarning: This process (pid=22485) is multi-threaded, use of fork() may lead to deadlocks in the child.
[2026-01-29T13:50:06.892+0000] {standard_task_runner.py:64} INFO - Started process 22876 to run task
[2026-01-29T13:50:06.889+0000] {standard_task_runner.py:90} INFO - Running: ['***', 'tasks', 'run', 'minio_to_snowflake', 'download_minio', 'scheduled__2026-01-29T13:49:00+00:00', '--job-id', '267', '--raw', '--subdir', 'DAGS_FOLDER/minio_to_snowflake.py', '--cfg-path', '/tmp/tmpn4r496mb']
[2026-01-29T13:50:06.901+0000] {standard_task_runner.py:91} INFO - Job 267: Subtask download_minio
[2026-01-29T13:50:07.236+0000] {task_command.py:426} INFO - Running <TaskInstance: minio_to_snowflake.download_minio scheduled__2026-01-29T13:49:00+00:00 [running]> on host 035a00487d49
[2026-01-29T13:50:08.200+0000] {taskinstance.py:2648} INFO - Exporting env vars: AIRFLOW_CTX_DAG_OWNER='***' AIRFLOW_CTX_DAG_ID='minio_to_snowflake' AIRFLOW_CTX_TASK_ID='download_minio' AIRFLOW_CTX_EXECUTION_DATE='2026-01-29T13:49:00+00:00' AIRFLOW_CTX_TRY_NUMBER='1' AIRFLOW_CTX_DAG_RUN_ID='scheduled__2026-01-29T13:49:00+00:00'
[2026-01-29T13:50:08.208+0000] {taskinstance.py:430} INFO - ::endgroup::
[2026-01-29T13:50:09.119+0000] {logging_mixin.py:188} INFO - Downloaded AAPL/1769692353.json
[2026-01-29T13:50:09.143+0000] {logging_mixin.py:188} INFO - Downloaded AAPL/1769692366.json
[2026-01-29T13:50:09.170+0000] {logging_mixin.py:188} INFO - Downloaded AAPL/1769692380.json
[2026-01-29T13:50:09.197+0000] {logging_mixin.py:188} INFO - Downloaded AAPL/1769692392.json
[2026-01-29T13:50:09.223+0000] {logging_mixin.py:188} INFO - Downloaded AAPL/1769692403.json
[2026-01-29T13:50:09.247+0000] {logging_mixin.py:188} INFO - Downloaded AAPL/1769692416.json
[2026-01-29T13:50:09.274+0000] {logging_mixin.py:188} INFO - Downloaded AAPL/1769692432.json
[2026-01-29T13:50:09.300+0000] {logging_mixin.py:188} INFO - Downloaded AAPL/1769692444.json
[2026-01-29T13:50:09.325+0000] {logging_mixin.py:188} INFO - Downloaded AAPL/1769692457.json
[2026-01-29T13:50:09.351+0000] {logging_mixin.py:188} INFO - Downloaded AAPL/1769692469.json
[2026-01-29T13:50:09.380+0000] {logging_mixin.py:188} INFO - Downloaded AAPL/1769692482.json
[2026-01-29T13:50:09.409+0000] {logging_mixin.py:188} INFO - Downloaded AAPL/1769692495.json
[2026-01-29T13:50:09.432+0000] {logging_mixin.py:188} INFO - Downloaded AAPL/1769692508.json
[2026-01-29T13:50:09.453+0000] {logging_mixin.py:188} INFO - Downloaded AAPL/1769692521.json
[2026-01-29T13:50:09.474+0000] {logging_mixin.py:188} INFO - Downloaded AAPL/1769692535.json
[2026-01-29T13:50:09.495+0000] {logging_mixin.py:188} INFO - Downloaded AAPL/1769692548.json
[2026-01-29T13:50:09.512+0000] {logging_mixin.py:188} INFO - Downloaded AAPL/1769692560.json
[2026-01-29T13:50:09.531+0000] {logging_mixin.py:188} INFO - Downloaded AAPL/1769692573.json
[2026-01-29T13:50:09.550+0000] {logging_mixin.py:188} INFO - Downloaded AAPL/1769692584.json
[2026-01-29T13:50:09.569+0000] {logging_mixin.py:188} INFO - Downloaded AAPL/1769692602.json
[2026-01-29T13:50:09.587+0000] {logging_mixin.py:188} INFO - Downloaded AAPL/1769692623.json
[2026-01-29T13:50:09.610+0000] {logging_mixin.py:188} INFO - Downloaded AAPL/1769692636.json
[2026-01-29T13:50:09.637+0000] {logging_mixin.py:188} INFO - Downloaded AAPL/1769692648.json
[2026-01-29T13:50:09.666+0000] {logging_mixin.py:188} INFO - Downloaded AAPL/1769692661.json
[2026-01-29T13:50:09.689+0000] {logging_mixin.py:188} INFO - Downloaded AAPL/1769692676.json
[2026-01-29T13:50:09.715+0000] {logging_mixin.py:188} INFO - Downloaded AAPL/1769692688.json
[2026-01-29T13:50:09.738+0000] {logging_mixin.py:188} INFO - Downloaded AAPL/1769692700.json
[2026-01-29T13:50:09.764+0000] {logging_mixin.py:188} INFO - Downloaded AAPL/1769692719.json
[2026-01-29T13:50:09.787+0000] {logging_mixin.py:188} INFO - Downloaded AAPL/1769692733.json
[2026-01-29T13:50:09.807+0000] {logging_mixin.py:188} INFO - Downloaded AAPL/1769692747.json
[2026-01-29T13:50:09.824+0000] {logging_mixin.py:188} INFO - Downloaded AAPL/1769692760.json
[2026-01-29T13:50:09.845+0000] {logging_mixin.py:188} INFO - Downloaded AAPL/1769692778.json
[2026-01-29T13:50:09.865+0000] {logging_mixin.py:188} INFO - Downloaded AAPL/1769692793.json
[2026-01-29T13:50:09.884+0000] {logging_mixin.py:188} INFO - Downloaded AAPL/1769692812.json
[2026-01-29T13:50:09.902+0000] {logging_mixin.py:188} INFO - Downloaded AAPL/1769692827.json
[2026-01-29T13:50:09.920+0000] {logging_mixin.py:188} INFO - Downloaded AAPL/1769692839.json
[2026-01-29T13:50:09.939+0000] {logging_mixin.py:188} INFO - Downloaded AAPL/1769692856.json
[2026-01-29T13:50:09.960+0000] {logging_mixin.py:188} INFO - Downloaded AAPL/1769692873.json
[2026-01-29T13:50:09.981+0000] {logging_mixin.py:188} INFO - Downloaded AAPL/1769692887.json
[2026-01-29T13:50:10.004+0000] {logging_mixin.py:188} INFO - Downloaded AAPL/1769692909.json
[2026-01-29T13:50:10.028+0000] {logging_mixin.py:188} INFO - Downloaded AAPL/1769692921.json
[2026-01-29T13:50:10.048+0000] {logging_mixin.py:188} INFO - Downloaded AAPL/1769692940.json
[2026-01-29T13:50:10.069+0000] {logging_mixin.py:188} INFO - Downloaded AAPL/1769692953.json
[2026-01-29T13:50:10.090+0000] {logging_mixin.py:188} INFO - Downloaded AAPL/1769692969.json
[2026-01-29T13:50:10.110+0000] {logging_mixin.py:188} INFO - Downloaded AAPL/1769692980.json
[2026-01-29T13:50:10.129+0000] {logging_mixin.py:188} INFO - Downloaded AAPL/1769692991.json
[2026-01-29T13:50:10.147+0000] {logging_mixin.py:188} INFO - Downloaded AAPL/1769693003.json
[2026-01-29T13:50:10.165+0000] {logging_mixin.py:188} INFO - Downloaded AAPL/1769693016.json
[2026-01-29T13:50:10.183+0000] {logging_mixin.py:188} INFO - Downloaded AAPL/1769693028.json
[2026-01-29T13:50:10.203+0000] {logging_mixin.py:188} INFO - Downloaded AAPL/1769693040.json
[2026-01-29T13:50:10.222+0000] {logging_mixin.py:188} INFO - Downloaded AAPL/1769693054.json
[2026-01-29T13:50:10.242+0000] {logging_mixin.py:188} INFO - Downloaded AAPL/1769693066.json
[2026-01-29T13:50:10.262+0000] {logging_mixin.py:188} INFO - Downloaded AAPL/1769693079.json
[2026-01-29T13:50:10.282+0000] {logging_mixin.py:188} INFO - Downloaded AAPL/1769693090.json
[2026-01-29T13:50:10.302+0000] {logging_mixin.py:188} INFO - Downloaded AAPL/1769693105.json
[2026-01-29T13:50:10.322+0000] {logging_mixin.py:188} INFO - Downloaded AAPL/1769693118.json
[2026-01-29T13:50:10.345+0000] {logging_mixin.py:188} INFO - Downloaded AAPL/1769693132.json
[2026-01-29T13:50:10.367+0000] {logging_mixin.py:188} INFO - Downloaded AAPL/1769693144.json
[2026-01-29T13:50:10.386+0000] {logging_mixin.py:188} INFO - Downloaded AAPL/1769693155.json
[2026-01-29T13:50:10.405+0000] {logging_mixin.py:188} INFO - Downloaded AAPL/1769693167.json
[2026-01-29T13:50:10.435+0000] {logging_mixin.py:188} INFO - Downloaded AAPL/1769693180.json
[2026-01-29T13:50:10.478+0000] {logging_mixin.py:188} INFO - Downloaded AAPL/1769693191.json
[2026-01-29T13:50:10.514+0000] {logging_mixin.py:188} INFO - Downloaded AAPL/1769693202.json
[2026-01-29T13:50:10.536+0000] {logging_mixin.py:188} INFO - Downloaded AAPL/1769693213.json
[2026-01-29T13:50:10.558+0000] {logging_mixin.py:188} INFO - Downloaded AAPL/1769693226.json
[2026-01-29T13:50:10.577+0000] {logging_mixin.py:188} INFO - Downloaded AAPL/1769693238.json
[2026-01-29T13:50:10.598+0000] {logging_mixin.py:188} INFO - Downloaded AAPL/1769693249.json
[2026-01-29T13:50:10.624+0000] {logging_mixin.py:188} INFO - Downloaded AAPL/1769693262.json
[2026-01-29T13:50:10.649+0000] {logging_mixin.py:188} INFO - Downloaded AAPL/1769693273.json
[2026-01-29T13:50:10.673+0000] {logging_mixin.py:188} INFO - Downloaded AAPL/1769693286.json
[2026-01-29T13:50:10.694+0000] {logging_mixin.py:188} INFO - Downloaded AAPL/1769693298.json
[2026-01-29T13:50:10.714+0000] {logging_mixin.py:188} INFO - Downloaded AAPL/1769693309.json
[2026-01-29T13:50:10.751+0000] {logging_mixin.py:188} INFO - Downloaded AAPL/1769693321.json
[2026-01-29T13:50:10.790+0000] {logging_mixin.py:188} INFO - Downloaded AAPL/1769693334.json
[2026-01-29T13:50:10.844+0000] {logging_mixin.py:188} INFO - Downloaded AAPL/1769693348.json
[2026-01-29T13:50:10.898+0000] {logging_mixin.py:188} INFO - Downloaded AAPL/1769693359.json
[2026-01-29T13:50:10.925+0000] {logging_mixin.py:188} INFO - Downloaded AAPL/1769693370.json
[2026-01-29T13:50:10.960+0000] {logging_mixin.py:188} INFO - Downloaded AAPL/1769693381.json
[2026-01-29T13:50:10.984+0000] {logging_mixin.py:188} INFO - Downloaded AAPL/1769693392.json
[2026-01-29T13:50:11.016+0000] {logging_mixin.py:188} INFO - Downloaded AAPL/1769693406.json
[2026-01-29T13:50:11.080+0000] {logging_mixin.py:188} INFO - Downloaded AAPL/1769693419.json
[2026-01-29T13:50:11.106+0000] {logging_mixin.py:188} INFO - Downloaded AAPL/1769693432.json
[2026-01-29T13:50:11.135+0000] {logging_mixin.py:188} INFO - Downloaded AAPL/1769693444.json
[2026-01-29T13:50:11.160+0000] {logging_mixin.py:188} INFO - Downloaded AAPL/1769693456.json
[2026-01-29T13:50:11.187+0000] {logging_mixin.py:188} INFO - Downloaded AAPL/1769693467.json
[2026-01-29T13:50:11.207+0000] {logging_mixin.py:188} INFO - Downloaded AAPL/1769693480.json
[2026-01-29T13:50:11.237+0000] {logging_mixin.py:188} INFO - Downloaded AAPL/1769693491.json
[2026-01-29T13:50:11.264+0000] {logging_mixin.py:188} INFO - Downloaded AAPL/1769693504.json
[2026-01-29T13:50:11.291+0000] {logging_mixin.py:188} INFO - Downloaded AAPL/1769693516.json
[2026-01-29T13:50:11.318+0000] {logging_mixin.py:188} INFO - Downloaded AAPL/1769693530.json
[2026-01-29T13:50:11.346+0000] {logging_mixin.py:188} INFO - Downloaded AAPL/1769693543.json
[2026-01-29T13:50:11.370+0000] {logging_mixin.py:188} INFO - Downloaded AAPL/1769693558.json
[2026-01-29T13:50:11.392+0000] {logging_mixin.py:188} INFO - Downloaded AAPL/1769693571.json
[2026-01-29T13:50:11.412+0000] {logging_mixin.py:188} INFO - Downloaded AAPL/1769693584.json
[2026-01-29T13:50:11.442+0000] {logging_mixin.py:188} INFO - Downloaded AAPL/1769693597.json
[2026-01-29T13:50:11.468+0000] {logging_mixin.py:188} INFO - Downloaded AAPL/1769693612.json
[2026-01-29T13:50:11.492+0000] {logging_mixin.py:188} INFO - Downloaded AAPL/1769693629.json
[2026-01-29T13:50:11.522+0000] {logging_mixin.py:188} INFO - Downloaded AMZN/1769692359.json
[2026-01-29T13:50:11.552+0000] {logging_mixin.py:188} INFO - Downloaded AMZN/1769692372.json
[2026-01-29T13:50:11.579+0000] {logging_mixin.py:188} INFO - Downloaded AMZN/1769692385.json
[2026-01-29T13:50:11.622+0000] {logging_mixin.py:188} INFO - Downloaded AMZN/1769692396.json
[2026-01-29T13:50:11.649+0000] {logging_mixin.py:188} INFO - Downloaded AMZN/1769692409.json
[2026-01-29T13:50:11.677+0000] {logging_mixin.py:188} INFO - Downloaded AMZN/1769692424.json
[2026-01-29T13:50:11.708+0000] {logging_mixin.py:188} INFO - Downloaded AMZN/1769692437.json
[2026-01-29T13:50:11.734+0000] {logging_mixin.py:188} INFO - Downloaded AMZN/1769692450.json
[2026-01-29T13:50:11.758+0000] {logging_mixin.py:188} INFO - Downloaded AMZN/1769692462.json
[2026-01-29T13:50:11.785+0000] {logging_mixin.py:188} INFO - Downloaded AMZN/1769692475.json
[2026-01-29T13:50:11.811+0000] {logging_mixin.py:188} INFO - Downloaded AMZN/1769692486.json
[2026-01-29T13:50:11.837+0000] {logging_mixin.py:188} INFO - Downloaded AMZN/1769692501.json
[2026-01-29T13:50:11.859+0000] {logging_mixin.py:188} INFO - Downloaded AMZN/1769692513.json
[2026-01-29T13:50:11.883+0000] {logging_mixin.py:188} INFO - Downloaded AMZN/1769692528.json
[2026-01-29T13:50:11.909+0000] {logging_mixin.py:188} INFO - Downloaded AMZN/1769692540.json
[2026-01-29T13:50:11.933+0000] {logging_mixin.py:188} INFO - Downloaded AMZN/1769692553.json
[2026-01-29T13:50:11.962+0000] {logging_mixin.py:188} INFO - Downloaded AMZN/1769692565.json
[2026-01-29T13:50:11.990+0000] {logging_mixin.py:188} INFO - Downloaded AMZN/1769692577.json
[2026-01-29T13:50:12.031+0000] {logging_mixin.py:188} INFO - Downloaded AMZN/1769692591.json
[2026-01-29T13:50:12.081+0000] {logging_mixin.py:188} INFO - Downloaded AMZN/1769692616.json
[2026-01-29T13:50:12.123+0000] {logging_mixin.py:188} INFO - Downloaded AMZN/1769692628.json
[2026-01-29T13:50:12.157+0000] {logging_mixin.py:188} INFO - Downloaded AMZN/1769692641.json
[2026-01-29T13:50:12.183+0000] {logging_mixin.py:188} INFO - Downloaded AMZN/1769692654.json
[2026-01-29T13:50:12.208+0000] {logging_mixin.py:188} INFO - Downloaded AMZN/1769692669.json
[2026-01-29T13:50:12.232+0000] {logging_mixin.py:188} INFO - Downloaded AMZN/1769692681.json
[2026-01-29T13:50:12.257+0000] {logging_mixin.py:188} INFO - Downloaded AMZN/1769692693.json
[2026-01-29T13:50:12.283+0000] {logging_mixin.py:188} INFO - Downloaded AMZN/1769692711.json
[2026-01-29T13:50:12.320+0000] {logging_mixin.py:188} INFO - Downloaded AMZN/1769692725.json
[2026-01-29T13:50:12.348+0000] {logging_mixin.py:188} INFO - Downloaded AMZN/1769692740.json
[2026-01-29T13:50:12.373+0000] {logging_mixin.py:188} INFO - Downloaded AMZN/1769692753.json
[2026-01-29T13:50:12.398+0000] {logging_mixin.py:188} INFO - Downloaded AMZN/1769692769.json
[2026-01-29T13:50:12.430+0000] {logging_mixin.py:188} INFO - Downloaded AMZN/1769692785.json
[2026-01-29T13:50:12.490+0000] {logging_mixin.py:188} INFO - Downloaded AMZN/1769692804.json
[2026-01-29T13:50:12.534+0000] {logging_mixin.py:188} INFO - Downloaded AMZN/1769692819.json
[2026-01-29T13:50:12.570+0000] {logging_mixin.py:188} INFO - Downloaded AMZN/1769692832.json
[2026-01-29T13:50:12.618+0000] {logging_mixin.py:188} INFO - Downloaded AMZN/1769692847.json
[2026-01-29T13:50:12.649+0000] {logging_mixin.py:188} INFO - Downloaded AMZN/1769692866.json
[2026-01-29T13:50:12.688+0000] {logging_mixin.py:188} INFO - Downloaded AMZN/1769692880.json
[2026-01-29T13:50:12.724+0000] {logging_mixin.py:188} INFO - Downloaded AMZN/1769692902.json
[2026-01-29T13:50:12.768+0000] {logging_mixin.py:188} INFO - Downloaded AMZN/1769692914.json
[2026-01-29T13:50:12.793+0000] {logging_mixin.py:188} INFO - Downloaded AMZN/1769692929.json
[2026-01-29T13:50:12.814+0000] {logging_mixin.py:188} INFO - Downloaded AMZN/1769692946.json
[2026-01-29T13:50:12.835+0000] {logging_mixin.py:188} INFO - Downloaded AMZN/1769692961.json
[2026-01-29T13:50:12.858+0000] {logging_mixin.py:188} INFO - Downloaded AMZN/1769692973.json
[2026-01-29T13:50:12.882+0000] {logging_mixin.py:188} INFO - Downloaded AMZN/1769692984.json
[2026-01-29T13:50:12.908+0000] {logging_mixin.py:188} INFO - Downloaded AMZN/1769692995.json
[2026-01-29T13:50:12.932+0000] {logging_mixin.py:188} INFO - Downloaded AMZN/1769693008.json
[2026-01-29T13:50:12.956+0000] {logging_mixin.py:188} INFO - Downloaded AMZN/1769693021.json
[2026-01-29T13:50:12.979+0000] {logging_mixin.py:188} INFO - Downloaded AMZN/1769693033.json
[2026-01-29T13:50:13.003+0000] {logging_mixin.py:188} INFO - Downloaded AMZN/1769693047.json
[2026-01-29T13:50:13.027+0000] {logging_mixin.py:188} INFO - Downloaded AMZN/1769693059.json
[2026-01-29T13:50:13.050+0000] {logging_mixin.py:188} INFO - Downloaded AMZN/1769693072.json
[2026-01-29T13:50:13.073+0000] {logging_mixin.py:188} INFO - Downloaded AMZN/1769693083.json
[2026-01-29T13:50:13.097+0000] {logging_mixin.py:188} INFO - Downloaded AMZN/1769693095.json
[2026-01-29T13:50:13.123+0000] {logging_mixin.py:188} INFO - Downloaded AMZN/1769693110.json
[2026-01-29T13:50:13.151+0000] {logging_mixin.py:188} INFO - Downloaded AMZN/1769693125.json
[2026-01-29T13:50:13.177+0000] {logging_mixin.py:188} INFO - Downloaded AMZN/1769693136.json
[2026-01-29T13:50:13.208+0000] {logging_mixin.py:188} INFO - Downloaded AMZN/1769693148.json
[2026-01-29T13:50:13.238+0000] {logging_mixin.py:188} INFO - Downloaded AMZN/1769693160.json
[2026-01-29T13:50:13.264+0000] {logging_mixin.py:188} INFO - Downloaded AMZN/1769693173.json
[2026-01-29T13:50:13.290+0000] {logging_mixin.py:188} INFO - Downloaded AMZN/1769693184.json
[2026-01-29T13:50:13.321+0000] {logging_mixin.py:188} INFO - Downloaded AMZN/1769693195.json
[2026-01-29T13:50:13.345+0000] {logging_mixin.py:188} INFO - Downloaded AMZN/1769693206.json
[2026-01-29T13:50:13.366+0000] {logging_mixin.py:188} INFO - Downloaded AMZN/1769693219.json
[2026-01-29T13:50:13.388+0000] {logging_mixin.py:188} INFO - Downloaded AMZN/1769693230.json
[2026-01-29T13:50:13.407+0000] {logging_mixin.py:188} INFO - Downloaded AMZN/1769693242.json
[2026-01-29T13:50:13.430+0000] {logging_mixin.py:188} INFO - Downloaded AMZN/1769693255.json
[2026-01-29T13:50:13.453+0000] {logging_mixin.py:188} INFO - Downloaded AMZN/1769693266.json
[2026-01-29T13:50:13.478+0000] {logging_mixin.py:188} INFO - Downloaded AMZN/1769693279.json
[2026-01-29T13:50:13.500+0000] {logging_mixin.py:188} INFO - Downloaded AMZN/1769693290.json
[2026-01-29T13:50:13.520+0000] {logging_mixin.py:188} INFO - Downloaded AMZN/1769693302.json
[2026-01-29T13:50:13.543+0000] {logging_mixin.py:188} INFO - Downloaded AMZN/1769693314.json
[2026-01-29T13:50:13.565+0000] {logging_mixin.py:188} INFO - Downloaded AMZN/1769693326.json
[2026-01-29T13:50:13.587+0000] {logging_mixin.py:188} INFO - Downloaded AMZN/1769693340.json
[2026-01-29T13:50:13.607+0000] {logging_mixin.py:188} INFO - Downloaded AMZN/1769693352.json
[2026-01-29T13:50:13.630+0000] {logging_mixin.py:188} INFO - Downloaded AMZN/1769693363.json
[2026-01-29T13:50:13.651+0000] {logging_mixin.py:188} INFO - Downloaded AMZN/1769693374.json
[2026-01-29T13:50:13.670+0000] {logging_mixin.py:188} INFO - Downloaded AMZN/1769693385.json
[2026-01-29T13:50:13.688+0000] {logging_mixin.py:188} INFO - Downloaded AMZN/1769693399.json
[2026-01-29T13:50:13.709+0000] {logging_mixin.py:188} INFO - Downloaded AMZN/1769693411.json
[2026-01-29T13:50:13.731+0000] {logging_mixin.py:188} INFO - Downloaded AMZN/1769693425.json
[2026-01-29T13:50:13.755+0000] {logging_mixin.py:188} INFO - Downloaded AMZN/1769693437.json
[2026-01-29T13:50:13.779+0000] {logging_mixin.py:188} INFO - Downloaded AMZN/1769693449.json
[2026-01-29T13:50:13.798+0000] {logging_mixin.py:188} INFO - Downloaded AMZN/1769693460.json
[2026-01-29T13:50:13.823+0000] {logging_mixin.py:188} INFO - Downloaded AMZN/1769693473.json
[2026-01-29T13:50:13.845+0000] {logging_mixin.py:188} INFO - Downloaded AMZN/1769693484.json
[2026-01-29T13:50:13.872+0000] {logging_mixin.py:188} INFO - Downloaded AMZN/1769693496.json
[2026-01-29T13:50:13.893+0000] {logging_mixin.py:188} INFO - Downloaded AMZN/1769693508.json
[2026-01-29T13:50:13.912+0000] {logging_mixin.py:188} INFO - Downloaded AMZN/1769693522.json
[2026-01-29T13:50:13.931+0000] {logging_mixin.py:188} INFO - Downloaded AMZN/1769693536.json
[2026-01-29T13:50:13.952+0000] {logging_mixin.py:188} INFO - Downloaded AMZN/1769693549.json
[2026-01-29T13:50:13.975+0000] {logging_mixin.py:188} INFO - Downloaded AMZN/1769693564.json
[2026-01-29T13:50:13.996+0000] {logging_mixin.py:188} INFO - Downloaded AMZN/1769693577.json
[2026-01-29T13:50:14.016+0000] {logging_mixin.py:188} INFO - Downloaded AMZN/1769693590.json
[2026-01-29T13:50:14.038+0000] {logging_mixin.py:188} INFO - Downloaded AMZN/1769693604.json
[2026-01-29T13:50:14.060+0000] {logging_mixin.py:188} INFO - Downloaded AMZN/1769693616.json
[2026-01-29T13:50:14.083+0000] {logging_mixin.py:188} INFO - Downloaded GOOGL/1769692357.json
[2026-01-29T13:50:14.103+0000] {logging_mixin.py:188} INFO - Downloaded GOOGL/1769692370.json
[2026-01-29T13:50:14.128+0000] {logging_mixin.py:188} INFO - Downloaded GOOGL/1769692383.json
[2026-01-29T13:50:14.195+0000] {logging_mixin.py:188} INFO - Downloaded GOOGL/1769692395.json
[2026-01-29T13:50:14.221+0000] {logging_mixin.py:188} INFO - Downloaded GOOGL/1769692407.json
[2026-01-29T13:50:14.250+0000] {logging_mixin.py:188} INFO - Downloaded GOOGL/1769692422.json
[2026-01-29T13:50:14.272+0000] {logging_mixin.py:188} INFO - Downloaded GOOGL/1769692436.json
[2026-01-29T13:50:14.305+0000] {logging_mixin.py:188} INFO - Downloaded GOOGL/1769692448.json
[2026-01-29T13:50:14.336+0000] {logging_mixin.py:188} INFO - Downloaded GOOGL/1769692461.json
[2026-01-29T13:50:14.380+0000] {logging_mixin.py:188} INFO - Downloaded GOOGL/1769692473.json
[2026-01-29T13:50:14.476+0000] {logging_mixin.py:188} INFO - Downloaded GOOGL/1769692485.json
[2026-01-29T13:50:14.517+0000] {logging_mixin.py:188} INFO - Downloaded GOOGL/1769692499.json
[2026-01-29T13:50:14.561+0000] {logging_mixin.py:188} INFO - Downloaded GOOGL/1769692513.json
[2026-01-29T13:50:14.584+0000] {logging_mixin.py:188} INFO - Downloaded GOOGL/1769692524.json
[2026-01-29T13:50:14.610+0000] {logging_mixin.py:188} INFO - Downloaded GOOGL/1769692538.json
[2026-01-29T13:50:14.631+0000] {logging_mixin.py:188} INFO - Downloaded GOOGL/1769692551.json
[2026-01-29T13:50:14.658+0000] {logging_mixin.py:188} INFO - Downloaded GOOGL/1769692564.json
[2026-01-29T13:50:14.685+0000] {logging_mixin.py:188} INFO - Downloaded GOOGL/1769692576.json
[2026-01-29T13:50:14.711+0000] {logging_mixin.py:188} INFO - Downloaded GOOGL/1769692589.json
[2026-01-29T13:50:14.734+0000] {logging_mixin.py:188} INFO - Downloaded GOOGL/1769692615.json
[2026-01-29T13:50:14.762+0000] {logging_mixin.py:188} INFO - Downloaded GOOGL/1769692627.json
[2026-01-29T13:50:14.785+0000] {logging_mixin.py:188} INFO - Downloaded GOOGL/1769692640.json
[2026-01-29T13:50:14.810+0000] {logging_mixin.py:188} INFO - Downloaded GOOGL/1769692652.json
[2026-01-29T13:50:14.835+0000] {logging_mixin.py:188} INFO - Downloaded GOOGL/1769692668.json
[2026-01-29T13:50:14.858+0000] {logging_mixin.py:188} INFO - Downloaded GOOGL/1769692680.json
[2026-01-29T13:50:14.876+0000] {logging_mixin.py:188} INFO - Downloaded GOOGL/1769692692.json
[2026-01-29T13:50:14.897+0000] {logging_mixin.py:188} INFO - Downloaded GOOGL/1769692710.json
[2026-01-29T13:50:14.921+0000] {logging_mixin.py:188} INFO - Downloaded GOOGL/1769692723.json
[2026-01-29T13:50:14.943+0000] {logging_mixin.py:188} INFO - Downloaded GOOGL/1769692739.json
[2026-01-29T13:50:14.963+0000] {logging_mixin.py:188} INFO - Downloaded GOOGL/1769692752.json
[2026-01-29T13:50:14.987+0000] {logging_mixin.py:188} INFO - Downloaded GOOGL/1769692765.json
[2026-01-29T13:50:15.005+0000] {logging_mixin.py:188} INFO - Downloaded GOOGL/1769692784.json
[2026-01-29T13:50:15.027+0000] {logging_mixin.py:188} INFO - Downloaded GOOGL/1769692803.json
[2026-01-29T13:50:15.050+0000] {logging_mixin.py:188} INFO - Downloaded GOOGL/1769692817.json
[2026-01-29T13:50:15.073+0000] {logging_mixin.py:188} INFO - Downloaded GOOGL/1769692831.json
[2026-01-29T13:50:15.093+0000] {logging_mixin.py:188} INFO - Downloaded GOOGL/1769692846.json
[2026-01-29T13:50:15.116+0000] {logging_mixin.py:188} INFO - Downloaded GOOGL/1769692864.json
[2026-01-29T13:50:15.136+0000] {logging_mixin.py:188} INFO - Downloaded GOOGL/1769692878.json
[2026-01-29T13:50:15.155+0000] {logging_mixin.py:188} INFO - Downloaded GOOGL/1769692913.json
[2026-01-29T13:50:15.177+0000] {logging_mixin.py:188} INFO - Downloaded GOOGL/1769692928.json
[2026-01-29T13:50:15.199+0000] {logging_mixin.py:188} INFO - Downloaded GOOGL/1769692944.json
[2026-01-29T13:50:15.224+0000] {logging_mixin.py:188} INFO - Downloaded GOOGL/1769692960.json
[2026-01-29T13:50:15.245+0000] {logging_mixin.py:188} INFO - Downloaded GOOGL/1769692972.json
[2026-01-29T13:50:15.272+0000] {logging_mixin.py:188} INFO - Downloaded GOOGL/1769692983.json
[2026-01-29T13:50:15.293+0000] {logging_mixin.py:188} INFO - Downloaded GOOGL/1769692994.json
[2026-01-29T13:50:15.312+0000] {logging_mixin.py:188} INFO - Downloaded GOOGL/1769693007.json
[2026-01-29T13:50:15.335+0000] {logging_mixin.py:188} INFO - Downloaded GOOGL/1769693020.json
[2026-01-29T13:50:15.358+0000] {logging_mixin.py:188} INFO - Downloaded GOOGL/1769693032.json
[2026-01-29T13:50:15.383+0000] {logging_mixin.py:188} INFO - Downloaded GOOGL/1769693044.json
[2026-01-29T13:50:15.404+0000] {logging_mixin.py:188} INFO - Downloaded GOOGL/1769693058.json
[2026-01-29T13:50:15.430+0000] {logging_mixin.py:188} INFO - Downloaded GOOGL/1769693071.json
[2026-01-29T13:50:15.456+0000] {logging_mixin.py:188} INFO - Downloaded GOOGL/1769693082.json
[2026-01-29T13:50:15.479+0000] {logging_mixin.py:188} INFO - Downloaded GOOGL/1769693094.json
[2026-01-29T13:50:15.506+0000] {logging_mixin.py:188} INFO - Downloaded GOOGL/1769693109.json
[2026-01-29T13:50:15.527+0000] {logging_mixin.py:188} INFO - Downloaded GOOGL/1769693124.json
[2026-01-29T13:50:15.550+0000] {logging_mixin.py:188} INFO - Downloaded GOOGL/1769693135.json
[2026-01-29T13:50:15.581+0000] {logging_mixin.py:188} INFO - Downloaded GOOGL/1769693147.json
[2026-01-29T13:50:15.621+0000] {logging_mixin.py:188} INFO - Downloaded GOOGL/1769693158.json
[2026-01-29T13:50:15.677+0000] {logging_mixin.py:188} INFO - Downloaded GOOGL/1769693172.json
[2026-01-29T13:50:15.731+0000] {logging_mixin.py:188} INFO - Downloaded GOOGL/1769693183.json
[2026-01-29T13:50:15.768+0000] {logging_mixin.py:188} INFO - Downloaded GOOGL/1769693194.json
[2026-01-29T13:50:15.813+0000] {logging_mixin.py:188} INFO - Downloaded GOOGL/1769693205.json
[2026-01-29T13:50:15.857+0000] {logging_mixin.py:188} INFO - Downloaded GOOGL/1769693218.json
[2026-01-29T13:50:15.913+0000] {logging_mixin.py:188} INFO - Downloaded GOOGL/1769693229.json
[2026-01-29T13:50:15.952+0000] {logging_mixin.py:188} INFO - Downloaded GOOGL/1769693241.json
[2026-01-29T13:50:15.976+0000] {logging_mixin.py:188} INFO - Downloaded GOOGL/1769693254.json
[2026-01-29T13:50:15.997+0000] {logging_mixin.py:188} INFO - Downloaded GOOGL/1769693265.json
[2026-01-29T13:50:16.029+0000] {logging_mixin.py:188} INFO - Downloaded GOOGL/1769693277.json
[2026-01-29T13:50:16.062+0000] {logging_mixin.py:188} INFO - Downloaded GOOGL/1769693289.json
[2026-01-29T13:50:16.088+0000] {logging_mixin.py:188} INFO - Downloaded GOOGL/1769693301.json
[2026-01-29T13:50:16.108+0000] {logging_mixin.py:188} INFO - Downloaded GOOGL/1769693313.json
[2026-01-29T13:50:16.129+0000] {logging_mixin.py:188} INFO - Downloaded GOOGL/1769693324.json
[2026-01-29T13:50:16.151+0000] {logging_mixin.py:188} INFO - Downloaded GOOGL/1769693339.json
[2026-01-29T13:50:16.181+0000] {logging_mixin.py:188} INFO - Downloaded GOOGL/1769693351.json
[2026-01-29T13:50:16.202+0000] {logging_mixin.py:188} INFO - Downloaded GOOGL/1769693362.json
[2026-01-29T13:50:16.229+0000] {logging_mixin.py:188} INFO - Downloaded GOOGL/1769693373.json
[2026-01-29T13:50:16.252+0000] {logging_mixin.py:188} INFO - Downloaded GOOGL/1769693384.json
[2026-01-29T13:50:16.275+0000] {logging_mixin.py:188} INFO - Downloaded GOOGL/1769693398.json
[2026-01-29T13:50:16.294+0000] {logging_mixin.py:188} INFO - Downloaded GOOGL/1769693410.json
[2026-01-29T13:50:16.323+0000] {logging_mixin.py:188} INFO - Downloaded GOOGL/1769693422.json
[2026-01-29T13:50:16.348+0000] {logging_mixin.py:188} INFO - Downloaded GOOGL/1769693436.json
[2026-01-29T13:50:16.369+0000] {logging_mixin.py:188} INFO - Downloaded GOOGL/1769693447.json
[2026-01-29T13:50:16.392+0000] {logging_mixin.py:188} INFO - Downloaded GOOGL/1769693459.json
[2026-01-29T13:50:16.417+0000] {logging_mixin.py:188} INFO - Downloaded GOOGL/1769693471.json
[2026-01-29T13:50:16.444+0000] {logging_mixin.py:188} INFO - Downloaded GOOGL/1769693483.json
[2026-01-29T13:50:16.466+0000] {logging_mixin.py:188} INFO - Downloaded GOOGL/1769693495.json
[2026-01-29T13:50:16.488+0000] {logging_mixin.py:188} INFO - Downloaded GOOGL/1769693507.json
[2026-01-29T13:50:16.514+0000] {logging_mixin.py:188} INFO - Downloaded GOOGL/1769693520.json
[2026-01-29T13:50:16.540+0000] {logging_mixin.py:188} INFO - Downloaded GOOGL/1769693533.json
[2026-01-29T13:50:16.567+0000] {logging_mixin.py:188} INFO - Downloaded GOOGL/1769693547.json
[2026-01-29T13:50:16.590+0000] {logging_mixin.py:188} INFO - Downloaded GOOGL/1769693562.json
[2026-01-29T13:50:16.612+0000] {logging_mixin.py:188} INFO - Downloaded GOOGL/1769693576.json
[2026-01-29T13:50:16.638+0000] {logging_mixin.py:188} INFO - Downloaded GOOGL/1769693587.json
[2026-01-29T13:50:16.662+0000] {logging_mixin.py:188} INFO - Downloaded GOOGL/1769693603.json
[2026-01-29T13:50:16.686+0000] {logging_mixin.py:188} INFO - Downloaded GOOGL/1769693615.json
[2026-01-29T13:50:16.707+0000] {logging_mixin.py:188} INFO - Downloaded MSFT/1769692355.json
[2026-01-29T13:50:16.728+0000] {logging_mixin.py:188} INFO - Downloaded MSFT/1769692368.json
[2026-01-29T13:50:16.754+0000] {logging_mixin.py:188} INFO - Downloaded MSFT/1769692381.json
[2026-01-29T13:50:16.786+0000] {logging_mixin.py:188} INFO - Downloaded MSFT/1769692393.json
[2026-01-29T13:50:16.820+0000] {logging_mixin.py:188} INFO - Downloaded MSFT/1769692405.json
[2026-01-29T13:50:16.852+0000] {logging_mixin.py:188} INFO - Downloaded MSFT/1769692417.json
[2026-01-29T13:50:16.874+0000] {logging_mixin.py:188} INFO - Downloaded MSFT/1769692433.json
[2026-01-29T13:50:16.894+0000] {logging_mixin.py:188} INFO - Downloaded MSFT/1769692446.json
[2026-01-29T13:50:16.912+0000] {logging_mixin.py:188} INFO - Downloaded MSFT/1769692458.json
[2026-01-29T13:50:16.929+0000] {logging_mixin.py:188} INFO - Downloaded MSFT/1769692471.json
[2026-01-29T13:50:16.947+0000] {logging_mixin.py:188} INFO - Downloaded MSFT/1769692483.json
[2026-01-29T13:50:16.965+0000] {logging_mixin.py:188} INFO - Downloaded MSFT/1769692497.json
[2026-01-29T13:50:16.982+0000] {logging_mixin.py:188} INFO - Downloaded MSFT/1769692511.json
[2026-01-29T13:50:16.999+0000] {logging_mixin.py:188} INFO - Downloaded MSFT/1769692522.json
[2026-01-29T13:50:17.017+0000] {logging_mixin.py:188} INFO - Downloaded MSFT/1769692536.json
[2026-01-29T13:50:17.038+0000] {logging_mixin.py:188} INFO - Downloaded MSFT/1769692549.json
[2026-01-29T13:50:17.056+0000] {logging_mixin.py:188} INFO - Downloaded MSFT/1769692561.json
[2026-01-29T13:50:17.074+0000] {logging_mixin.py:188} INFO - Downloaded MSFT/1769692574.json
[2026-01-29T13:50:17.094+0000] {logging_mixin.py:188} INFO - Downloaded MSFT/1769692586.json
[2026-01-29T13:50:17.118+0000] {logging_mixin.py:188} INFO - Downloaded MSFT/1769692605.json
[2026-01-29T13:50:17.142+0000] {logging_mixin.py:188} INFO - Downloaded MSFT/1769692624.json
[2026-01-29T13:50:17.172+0000] {logging_mixin.py:188} INFO - Downloaded MSFT/1769692638.json
[2026-01-29T13:50:17.192+0000] {logging_mixin.py:188} INFO - Downloaded MSFT/1769692649.json
[2026-01-29T13:50:17.210+0000] {logging_mixin.py:188} INFO - Downloaded MSFT/1769692663.json
[2026-01-29T13:50:17.228+0000] {logging_mixin.py:188} INFO - Downloaded MSFT/1769692678.json
[2026-01-29T13:50:17.246+0000] {logging_mixin.py:188} INFO - Downloaded MSFT/1769692690.json
[2026-01-29T13:50:17.264+0000] {logging_mixin.py:188} INFO - Downloaded MSFT/1769692701.json
[2026-01-29T13:50:17.283+0000] {logging_mixin.py:188} INFO - Downloaded MSFT/1769692721.json
[2026-01-29T13:50:17.302+0000] {logging_mixin.py:188} INFO - Downloaded MSFT/1769692736.json
[2026-01-29T13:50:17.323+0000] {logging_mixin.py:188} INFO - Downloaded MSFT/1769692749.json
[2026-01-29T13:50:17.342+0000] {logging_mixin.py:188} INFO - Downloaded MSFT/1769692762.json
[2026-01-29T13:50:17.360+0000] {logging_mixin.py:188} INFO - Downloaded MSFT/1769692780.json
[2026-01-29T13:50:17.377+0000] {logging_mixin.py:188} INFO - Downloaded MSFT/1769692798.json
[2026-01-29T13:50:17.394+0000] {logging_mixin.py:188} INFO - Downloaded MSFT/1769692813.json
[2026-01-29T13:50:17.412+0000] {logging_mixin.py:188} INFO - Downloaded MSFT/1769692828.json
[2026-01-29T13:50:17.433+0000] {logging_mixin.py:188} INFO - Downloaded MSFT/1769692844.json
[2026-01-29T13:50:17.453+0000] {logging_mixin.py:188} INFO - Downloaded MSFT/1769692860.json
[2026-01-29T13:50:17.474+0000] {logging_mixin.py:188} INFO - Downloaded MSFT/1769692874.json
[2026-01-29T13:50:17.492+0000] {logging_mixin.py:188} INFO - Downloaded MSFT/1769692889.json
[2026-01-29T13:50:17.513+0000] {logging_mixin.py:188} INFO - Downloaded MSFT/1769692910.json
[2026-01-29T13:50:17.533+0000] {logging_mixin.py:188} INFO - Downloaded MSFT/1769692926.json
[2026-01-29T13:50:17.552+0000] {logging_mixin.py:188} INFO - Downloaded MSFT/1769692941.json
[2026-01-29T13:50:17.572+0000] {logging_mixin.py:188} INFO - Downloaded MSFT/1769692954.json
[2026-01-29T13:50:17.592+0000] {logging_mixin.py:188} INFO - Downloaded MSFT/1769692970.json
[2026-01-29T13:50:17.612+0000] {logging_mixin.py:188} INFO - Downloaded MSFT/1769692981.json
[2026-01-29T13:50:17.641+0000] {logging_mixin.py:188} INFO - Downloaded MSFT/1769692992.json
[2026-01-29T13:50:17.662+0000] {logging_mixin.py:188} INFO - Downloaded MSFT/1769693004.json
[2026-01-29T13:50:17.682+0000] {logging_mixin.py:188} INFO - Downloaded MSFT/1769693017.json
[2026-01-29T13:50:17.702+0000] {logging_mixin.py:188} INFO - Downloaded MSFT/1769693030.json
[2026-01-29T13:50:17.725+0000] {logging_mixin.py:188} INFO - Downloaded MSFT/1769693041.json
[2026-01-29T13:50:17.748+0000] {logging_mixin.py:188} INFO - Downloaded MSFT/1769693055.json
[2026-01-29T13:50:17.769+0000] {logging_mixin.py:188} INFO - Downloaded MSFT/1769693067.json
[2026-01-29T13:50:17.793+0000] {logging_mixin.py:188} INFO - Downloaded MSFT/1769693080.json
[2026-01-29T13:50:17.815+0000] {logging_mixin.py:188} INFO - Downloaded MSFT/1769693092.json
[2026-01-29T13:50:17.844+0000] {logging_mixin.py:188} INFO - Downloaded MSFT/1769693107.json
[2026-01-29T13:50:17.884+0000] {logging_mixin.py:188} INFO - Downloaded MSFT/1769693119.json
[2026-01-29T13:50:17.925+0000] {logging_mixin.py:188} INFO - Downloaded MSFT/1769693133.json
[2026-01-29T13:50:17.979+0000] {logging_mixin.py:188} INFO - Downloaded MSFT/1769693145.json
[2026-01-29T13:50:18.033+0000] {logging_mixin.py:188} INFO - Downloaded MSFT/1769693156.json
[2026-01-29T13:50:18.067+0000] {logging_mixin.py:188} INFO - Downloaded MSFT/1769693168.json
[2026-01-29T13:50:18.100+0000] {logging_mixin.py:188} INFO - Downloaded MSFT/1769693181.json
[2026-01-29T13:50:18.121+0000] {logging_mixin.py:188} INFO - Downloaded MSFT/1769693192.json
[2026-01-29T13:50:18.145+0000] {logging_mixin.py:188} INFO - Downloaded MSFT/1769693203.json
[2026-01-29T13:50:18.165+0000] {logging_mixin.py:188} INFO - Downloaded MSFT/1769693215.json
[2026-01-29T13:50:18.187+0000] {logging_mixin.py:188} INFO - Downloaded MSFT/1769693227.json
[2026-01-29T13:50:18.210+0000] {logging_mixin.py:188} INFO - Downloaded MSFT/1769693239.json
[2026-01-29T13:50:18.233+0000] {logging_mixin.py:188} INFO - Downloaded MSFT/1769693250.json
[2026-01-29T13:50:18.267+0000] {logging_mixin.py:188} INFO - Downloaded MSFT/1769693263.json
[2026-01-29T13:50:18.296+0000] {logging_mixin.py:188} INFO - Downloaded MSFT/1769693275.json
[2026-01-29T13:50:18.321+0000] {logging_mixin.py:188} INFO - Downloaded MSFT/1769693287.json
[2026-01-29T13:50:18.351+0000] {logging_mixin.py:188} INFO - Downloaded MSFT/1769693299.json
[2026-01-29T13:50:18.378+0000] {logging_mixin.py:188} INFO - Downloaded MSFT/1769693310.json
[2026-01-29T13:50:18.403+0000] {logging_mixin.py:188} INFO - Downloaded MSFT/1769693322.json
[2026-01-29T13:50:18.440+0000] {logging_mixin.py:188} INFO - Downloaded MSFT/1769693335.json
[2026-01-29T13:50:18.469+0000] {logging_mixin.py:188} INFO - Downloaded MSFT/1769693349.json
[2026-01-29T13:50:18.498+0000] {logging_mixin.py:188} INFO - Downloaded MSFT/1769693360.json
[2026-01-29T13:50:18.529+0000] {logging_mixin.py:188} INFO - Downloaded MSFT/1769693371.json
[2026-01-29T13:50:18.560+0000] {logging_mixin.py:188} INFO - Downloaded MSFT/1769693382.json
[2026-01-29T13:50:18.590+0000] {logging_mixin.py:188} INFO - Downloaded MSFT/1769693394.json
[2026-01-29T13:50:18.619+0000] {logging_mixin.py:188} INFO - Downloaded MSFT/1769693407.json
[2026-01-29T13:50:18.648+0000] {logging_mixin.py:188} INFO - Downloaded MSFT/1769693420.json
[2026-01-29T13:50:18.676+0000] {logging_mixin.py:188} INFO - Downloaded MSFT/1769693434.json
[2026-01-29T13:50:18.706+0000] {logging_mixin.py:188} INFO - Downloaded MSFT/1769693445.json
[2026-01-29T13:50:18.736+0000] {logging_mixin.py:188} INFO - Downloaded MSFT/1769693457.json
[2026-01-29T13:50:18.763+0000] {logging_mixin.py:188} INFO - Downloaded MSFT/1769693469.json
[2026-01-29T13:50:18.790+0000] {logging_mixin.py:188} INFO - Downloaded MSFT/1769693481.json
[2026-01-29T13:50:18.814+0000] {logging_mixin.py:188} INFO - Downloaded MSFT/1769693492.json
[2026-01-29T13:50:18.845+0000] {logging_mixin.py:188} INFO - Downloaded MSFT/1769693505.json
[2026-01-29T13:50:18.869+0000] {logging_mixin.py:188} INFO - Downloaded MSFT/1769693517.json
[2026-01-29T13:50:18.890+0000] {logging_mixin.py:188} INFO - Downloaded MSFT/1769693531.json
[2026-01-29T13:50:18.912+0000] {logging_mixin.py:188} INFO - Downloaded MSFT/1769693544.json
[2026-01-29T13:50:18.945+0000] {logging_mixin.py:188} INFO - Downloaded MSFT/1769693559.json
[2026-01-29T13:50:18.980+0000] {logging_mixin.py:188} INFO - Downloaded MSFT/1769693574.json
[2026-01-29T13:50:19.036+0000] {logging_mixin.py:188} INFO - Downloaded MSFT/1769693585.json
[2026-01-29T13:50:19.073+0000] {logging_mixin.py:188} INFO - Downloaded MSFT/1769693600.json
[2026-01-29T13:50:19.105+0000] {logging_mixin.py:188} INFO - Downloaded MSFT/1769693613.json
[2026-01-29T13:50:19.127+0000] {logging_mixin.py:188} INFO - Downloaded TSLA/1769692356.json
[2026-01-29T13:50:19.150+0000] {logging_mixin.py:188} INFO - Downloaded TSLA/1769692369.json
[2026-01-29T13:50:19.176+0000] {logging_mixin.py:188} INFO - Downloaded TSLA/1769692382.json
[2026-01-29T13:50:19.204+0000] {logging_mixin.py:188} INFO - Downloaded TSLA/1769692394.json
[2026-01-29T13:50:19.232+0000] {logging_mixin.py:188} INFO - Downloaded TSLA/1769692406.json
[2026-01-29T13:50:19.262+0000] {logging_mixin.py:188} INFO - Downloaded TSLA/1769692419.json
[2026-01-29T13:50:19.292+0000] {logging_mixin.py:188} INFO - Downloaded TSLA/1769692434.json
[2026-01-29T13:50:19.322+0000] {logging_mixin.py:188} INFO - Downloaded TSLA/1769692447.json
[2026-01-29T13:50:19.344+0000] {logging_mixin.py:188} INFO - Downloaded TSLA/1769692460.json
[2026-01-29T13:50:19.373+0000] {logging_mixin.py:188} INFO - Downloaded TSLA/1769692472.json
[2026-01-29T13:50:19.393+0000] {logging_mixin.py:188} INFO - Downloaded TSLA/1769692484.json
[2026-01-29T13:50:19.415+0000] {logging_mixin.py:188} INFO - Downloaded TSLA/1769692498.json
[2026-01-29T13:50:19.446+0000] {logging_mixin.py:188} INFO - Downloaded TSLA/1769692512.json
[2026-01-29T13:50:19.465+0000] {logging_mixin.py:188} INFO - Downloaded TSLA/1769692523.json
[2026-01-29T13:50:19.485+0000] {logging_mixin.py:188} INFO - Downloaded TSLA/1769692537.json
[2026-01-29T13:50:19.503+0000] {logging_mixin.py:188} INFO - Downloaded TSLA/1769692550.json
[2026-01-29T13:50:19.524+0000] {logging_mixin.py:188} INFO - Downloaded TSLA/1769692563.json
[2026-01-29T13:50:19.543+0000] {logging_mixin.py:188} INFO - Downloaded TSLA/1769692575.json
[2026-01-29T13:50:19.565+0000] {logging_mixin.py:188} INFO - Downloaded TSLA/1769692588.json
[2026-01-29T13:50:19.584+0000] {logging_mixin.py:188} INFO - Downloaded TSLA/1769692610.json
[2026-01-29T13:50:19.604+0000] {logging_mixin.py:188} INFO - Downloaded TSLA/1769692626.json
[2026-01-29T13:50:19.625+0000] {logging_mixin.py:188} INFO - Downloaded TSLA/1769692639.json
[2026-01-29T13:50:19.650+0000] {logging_mixin.py:188} INFO - Downloaded TSLA/1769692651.json
[2026-01-29T13:50:19.682+0000] {logging_mixin.py:188} INFO - Downloaded TSLA/1769692666.json
[2026-01-29T13:50:19.702+0000] {logging_mixin.py:188} INFO - Downloaded TSLA/1769692679.json
[2026-01-29T13:50:19.722+0000] {logging_mixin.py:188} INFO - Downloaded TSLA/1769692691.json
[2026-01-29T13:50:19.741+0000] {logging_mixin.py:188} INFO - Downloaded TSLA/1769692708.json
[2026-01-29T13:50:19.761+0000] {logging_mixin.py:188} INFO - Downloaded TSLA/1769692722.json
[2026-01-29T13:50:19.780+0000] {logging_mixin.py:188} INFO - Downloaded TSLA/1769692737.json
[2026-01-29T13:50:19.798+0000] {logging_mixin.py:188} INFO - Downloaded TSLA/1769692750.json
[2026-01-29T13:50:19.816+0000] {logging_mixin.py:188} INFO - Downloaded TSLA/1769692763.json
[2026-01-29T13:50:19.834+0000] {logging_mixin.py:188} INFO - Downloaded TSLA/1769692782.json
[2026-01-29T13:50:19.852+0000] {logging_mixin.py:188} INFO - Downloaded TSLA/1769692802.json
[2026-01-29T13:50:19.870+0000] {logging_mixin.py:188} INFO - Downloaded TSLA/1769692816.json
[2026-01-29T13:50:19.889+0000] {logging_mixin.py:188} INFO - Downloaded TSLA/1769692830.json
[2026-01-29T13:50:19.909+0000] {logging_mixin.py:188} INFO - Downloaded TSLA/1769692845.json
[2026-01-29T13:50:19.933+0000] {logging_mixin.py:188} INFO - Downloaded TSLA/1769692861.json
[2026-01-29T13:50:19.953+0000] {logging_mixin.py:188} INFO - Downloaded TSLA/1769692875.json
[2026-01-29T13:50:19.976+0000] {logging_mixin.py:188} INFO - Downloaded TSLA/1769692890.json
[2026-01-29T13:50:19.995+0000] {logging_mixin.py:188} INFO - Downloaded TSLA/1769692912.json
[2026-01-29T13:50:20.013+0000] {logging_mixin.py:188} INFO - Downloaded TSLA/1769692927.json
[2026-01-29T13:50:20.032+0000] {logging_mixin.py:188} INFO - Downloaded TSLA/1769692942.json
[2026-01-29T13:50:20.050+0000] {logging_mixin.py:188} INFO - Downloaded TSLA/1769692956.json
[2026-01-29T13:50:20.071+0000] {logging_mixin.py:188} INFO - Downloaded TSLA/1769692971.json
[2026-01-29T13:50:20.091+0000] {logging_mixin.py:188} INFO - Downloaded TSLA/1769692982.json
[2026-01-29T13:50:20.113+0000] {logging_mixin.py:188} INFO - Downloaded TSLA/1769692993.json
[2026-01-29T13:50:20.132+0000] {logging_mixin.py:188} INFO - Downloaded TSLA/1769693006.json
[2026-01-29T13:50:20.160+0000] {logging_mixin.py:188} INFO - Downloaded TSLA/1769693018.json
[2026-01-29T13:50:20.179+0000] {logging_mixin.py:188} INFO - Downloaded TSLA/1769693031.json
[2026-01-29T13:50:20.206+0000] {logging_mixin.py:188} INFO - Downloaded TSLA/1769693043.json
[2026-01-29T13:50:20.225+0000] {logging_mixin.py:188} INFO - Downloaded TSLA/1769693056.json
[2026-01-29T13:50:20.254+0000] {logging_mixin.py:188} INFO - Downloaded TSLA/1769693069.json
[2026-01-29T13:50:20.318+0000] {logging_mixin.py:188} INFO - Downloaded TSLA/1769693081.json
[2026-01-29T13:50:20.348+0000] {logging_mixin.py:188} INFO - Downloaded TSLA/1769693093.json
[2026-01-29T13:50:20.390+0000] {logging_mixin.py:188} INFO - Downloaded TSLA/1769693108.json
[2026-01-29T13:50:20.478+0000] {logging_mixin.py:188} INFO - Downloaded TSLA/1769693122.json
[2026-01-29T13:50:20.571+0000] {logging_mixin.py:188} INFO - Downloaded TSLA/1769693134.json
[2026-01-29T13:50:20.604+0000] {logging_mixin.py:188} INFO - Downloaded TSLA/1769693146.json
[2026-01-29T13:50:20.627+0000] {logging_mixin.py:188} INFO - Downloaded TSLA/1769693157.json
[2026-01-29T13:50:20.646+0000] {logging_mixin.py:188} INFO - Downloaded TSLA/1769693169.json
[2026-01-29T13:50:20.665+0000] {logging_mixin.py:188} INFO - Downloaded TSLA/1769693181.json
[2026-01-29T13:50:20.684+0000] {logging_mixin.py:188} INFO - Downloaded TSLA/1769693193.json
[2026-01-29T13:50:20.706+0000] {logging_mixin.py:188} INFO - Downloaded TSLA/1769693204.json
[2026-01-29T13:50:20.726+0000] {logging_mixin.py:188} INFO - Downloaded TSLA/1769693216.json
[2026-01-29T13:50:20.745+0000] {logging_mixin.py:188} INFO - Downloaded TSLA/1769693228.json
[2026-01-29T13:50:20.766+0000] {logging_mixin.py:188} INFO - Downloaded TSLA/1769693240.json
[2026-01-29T13:50:20.794+0000] {logging_mixin.py:188} INFO - Downloaded TSLA/1769693253.json
[2026-01-29T13:50:20.813+0000] {logging_mixin.py:188} INFO - Downloaded TSLA/1769693264.json
[2026-01-29T13:50:20.833+0000] {logging_mixin.py:188} INFO - Downloaded TSLA/1769693276.json
[2026-01-29T13:50:20.853+0000] {logging_mixin.py:188} INFO - Downloaded TSLA/1769693288.json
[2026-01-29T13:50:20.873+0000] {logging_mixin.py:188} INFO - Downloaded TSLA/1769693300.json
[2026-01-29T13:50:20.892+0000] {logging_mixin.py:188} INFO - Downloaded TSLA/1769693312.json
[2026-01-29T13:50:20.912+0000] {logging_mixin.py:188} INFO - Downloaded TSLA/1769693323.json
[2026-01-29T13:50:20.938+0000] {logging_mixin.py:188} INFO - Downloaded TSLA/1769693337.json
[2026-01-29T13:50:20.968+0000] {logging_mixin.py:188} INFO - Downloaded TSLA/1769693350.json
[2026-01-29T13:50:21.003+0000] {logging_mixin.py:188} INFO - Downloaded TSLA/1769693361.json
[2026-01-29T13:50:21.028+0000] {logging_mixin.py:188} INFO - Downloaded TSLA/1769693372.json
[2026-01-29T13:50:21.055+0000] {logging_mixin.py:188} INFO - Downloaded TSLA/1769693383.json
[2026-01-29T13:50:21.094+0000] {logging_mixin.py:188} INFO - Downloaded TSLA/1769693396.json
[2026-01-29T13:50:21.131+0000] {logging_mixin.py:188} INFO - Downloaded TSLA/1769693409.json
[2026-01-29T13:50:21.163+0000] {logging_mixin.py:188} INFO - Downloaded TSLA/1769693421.json
[2026-01-29T13:50:21.190+0000] {logging_mixin.py:188} INFO - Downloaded TSLA/1769693435.json
[2026-01-29T13:50:21.222+0000] {logging_mixin.py:188} INFO - Downloaded TSLA/1769693446.json
[2026-01-29T13:50:21.268+0000] {logging_mixin.py:188} INFO - Downloaded TSLA/1769693458.json
[2026-01-29T13:50:21.297+0000] {logging_mixin.py:188} INFO - Downloaded TSLA/1769693470.json
[2026-01-29T13:50:21.327+0000] {logging_mixin.py:188} INFO - Downloaded TSLA/1769693482.json
[2026-01-29T13:50:21.365+0000] {logging_mixin.py:188} INFO - Downloaded TSLA/1769693493.json
[2026-01-29T13:50:21.402+0000] {logging_mixin.py:188} INFO - Downloaded TSLA/1769693506.json
[2026-01-29T13:50:21.426+0000] {logging_mixin.py:188} INFO - Downloaded TSLA/1769693518.json
[2026-01-29T13:50:21.454+0000] {logging_mixin.py:188} INFO - Downloaded TSLA/1769693532.json
[2026-01-29T13:50:21.475+0000] {logging_mixin.py:188} INFO - Downloaded TSLA/1769693545.json
[2026-01-29T13:50:21.498+0000] {logging_mixin.py:188} INFO - Downloaded TSLA/1769693560.json
[2026-01-29T13:50:21.522+0000] {logging_mixin.py:188} INFO - Downloaded TSLA/1769693575.json
[2026-01-29T13:50:21.543+0000] {logging_mixin.py:188} INFO - Downloaded TSLA/1769693586.json
[2026-01-29T13:50:21.564+0000] {logging_mixin.py:188} INFO - Downloaded TSLA/1769693602.json
[2026-01-29T13:50:21.585+0000] {logging_mixin.py:188} INFO - Downloaded TSLA/1769693614.json
[2026-01-29T13:50:21.636+0000] {python.py:237} INFO - Done. Returned value was: ['/opt/***/data/minio/1769692353.json', '/opt/***/data/minio/1769692366.json', '/opt/***/data/minio/1769692380.json', '/opt/***/data/minio/1769692392.json', '/opt/***/data/minio/1769692403.json', '/opt/***/data/minio/1769692416.json', '/opt/***/data/minio/1769692432.json', '/opt/***/data/minio/1769692444.json', '/opt/***/data/minio/1769692457.json', '/opt/***/data/minio/1769692469.json', '/opt/***/data/minio/1769692482.json', '/opt/***/data/minio/1769692495.json', '/opt/***/data/minio/1769692508.json', '/opt/***/data/minio/1769692521.json', '/opt/***/data/minio/1769692535.json', '/opt/***/data/minio/1769692548.json', '/opt/***/data/minio/1769692560.json', '/opt/***/data/minio/1769692573.json', '/opt/***/data/minio/1769692584.json', '/opt/***/data/minio/1769692602.json', '/opt/***/data/minio/1769692623.json', '/opt/***/data/minio/1769692636.json', '/opt/***/data/minio/1769692648.json', '/opt/***/data/minio/1769692661.json', '/opt/***/data/minio/1769692676.json', '/opt/***/data/minio/1769692688.json', '/opt/***/data/minio/1769692700.json', '/opt/***/data/minio/1769692719.json', '/opt/***/data/minio/1769692733.json', '/opt/***/data/minio/1769692747.json', '/opt/***/data/minio/1769692760.json', '/opt/***/data/minio/1769692778.json', '/opt/***/data/minio/1769692793.json', '/opt/***/data/minio/1769692812.json', '/opt/***/data/minio/1769692827.json', '/opt/***/data/minio/1769692839.json', '/opt/***/data/minio/1769692856.json', '/opt/***/data/minio/1769692873.json', '/opt/***/data/minio/1769692887.json', '/opt/***/data/minio/1769692909.json', '/opt/***/data/minio/1769692921.json', '/opt/***/data/minio/1769692940.json', '/opt/***/data/minio/1769692953.json', '/opt/***/data/minio/1769692969.json', '/opt/***/data/minio/1769692980.json', '/opt/***/data/minio/1769692991.json', '/opt/***/data/minio/1769693003.json', '/opt/***/data/minio/1769693016.json', '/opt/***/data/minio/1769693028.json', '/opt/***/data/minio/1769693040.json', '/opt/***/data/minio/1769693054.json', '/opt/***/data/minio/1769693066.json', '/opt/***/data/minio/1769693079.json', '/opt/***/data/minio/1769693090.json', '/opt/***/data/minio/1769693105.json', '/opt/***/data/minio/1769693118.json', '/opt/***/data/minio/1769693132.json', '/opt/***/data/minio/1769693144.json', '/opt/***/data/minio/1769693155.json', '/opt/***/data/minio/1769693167.json', '/opt/***/data/minio/1769693180.json', '/opt/***/data/minio/1769693191.json', '/opt/***/data/minio/1769693202.json', '/opt/***/data/minio/1769693213.json', '/opt/***/data/minio/1769693226.json', '/opt/***/data/minio/1769693238.json', '/opt/***/data/minio/1769693249.json', '/opt/***/data/minio/1769693262.json', '/opt/***/data/minio/1769693273.json', '/opt/***/data/minio/1769693286.json', '/opt/***/data/minio/1769693298.json', '/opt/***/data/minio/1769693309.json', '/opt/***/data/minio/1769693321.json', '/opt/***/data/minio/1769693334.json', '/opt/***/data/minio/1769693348.json', '/opt/***/data/minio/1769693359.json', '/opt/***/data/minio/1769693370.json', '/opt/***/data/minio/1769693381.json', '/opt/***/data/minio/1769693392.json', '/opt/***/data/minio/1769693406.json', '/opt/***/data/minio/1769693419.json', '/opt/***/data/minio/1769693432.json', '/opt/***/data/minio/1769693444.json', '/opt/***/data/minio/1769693456.json', '/opt/***/data/minio/1769693467.json', '/opt/***/data/minio/1769693480.json', '/opt/***/data/minio/1769693491.json', '/opt/***/data/minio/1769693504.json', '/opt/***/data/minio/1769693516.json', '/opt/***/data/minio/1769693530.json', '/opt/***/data/minio/1769693543.json', '/opt/***/data/minio/1769693558.json', '/opt/***/data/minio/1769693571.json', '/opt/***/data/minio/1769693584.json', '/opt/***/data/minio/1769693597.json', '/opt/***/data/minio/1769693612.json', '/opt/***/data/minio/1769693629.json', '/opt/***/data/minio/1769692359.json', '/opt/***/data/minio/1769692372.json', '/opt/***/data/minio/1769692385.json', '/opt/***/data/minio/1769692396.json', '/opt/***/data/minio/1769692409.json', '/opt/***/data/minio/1769692424.json', '/opt/***/data/minio/1769692437.json', '/opt/***/data/minio/1769692450.json', '/opt/***/data/minio/1769692462.json', '/opt/***/data/minio/1769692475.json', '/opt/***/data/minio/1769692486.json', '/opt/***/data/minio/1769692501.json', '/opt/***/data/minio/1769692513.json', '/opt/***/data/minio/1769692528.json', '/opt/***/data/minio/1769692540.json', '/opt/***/data/minio/1769692553.json', '/opt/***/data/minio/1769692565.json', '/opt/***/data/minio/1769692577.json', '/opt/***/data/minio/1769692591.json', '/opt/***/data/minio/1769692616.json', '/opt/***/data/minio/1769692628.json', '/opt/***/data/minio/1769692641.json', '/opt/***/data/minio/1769692654.json', '/opt/***/data/minio/1769692669.json', '/opt/***/data/minio/1769692681.json', '/opt/***/data/minio/1769692693.json', '/opt/***/data/minio/1769692711.json', '/opt/***/data/minio/1769692725.json', '/opt/***/data/minio/1769692740.json', '/opt/***/data/minio/1769692753.json', '/opt/***/data/minio/1769692769.json', '/opt/***/data/minio/1769692785.json', '/opt/***/data/minio/1769692804.json', '/opt/***/data/minio/1769692819.json', '/opt/***/data/minio/1769692832.json', '/opt/***/data/minio/1769692847.json', '/opt/***/data/minio/1769692866.json', '/opt/***/data/minio/1769692880.json', '/opt/***/data/minio/1769692902.json', '/opt/***/data/minio/1769692914.json', '/opt/***/data/minio/1769692929.json', '/opt/***/data/minio/1769692946.json', '/opt/***/data/minio/1769692961.json', '/opt/***/data/minio/1769692973.json', '/opt/***/data/minio/1769692984.json', '/opt/***/data/minio/1769692995.json', '/opt/***/data/minio/1769693008.json', '/opt/***/data/minio/1769693021.json', '/opt/***/data/minio/1769693033.json', '/opt/***/data/minio/1769693047.json', '/opt/***/data/minio/1769693059.json', '/opt/***/data/minio/1769693072.json', '/opt/***/data/minio/1769693083.json', '/opt/***/data/minio/1769693095.json', '/opt/***/data/minio/1769693110.json', '/opt/***/data/minio/1769693125.json', '/opt/***/data/minio/1769693136.json', '/opt/***/data/minio/1769693148.json', '/opt/***/data/minio/1769693160.json', '/opt/***/data/minio/1769693173.json', '/opt/***/data/minio/1769693184.json', '/opt/***/data/minio/1769693195.json', '/opt/***/data/minio/1769693206.json', '/opt/***/data/minio/1769693219.json', '/opt/***/data/minio/1769693230.json', '/opt/***/data/minio/1769693242.json', '/opt/***/data/minio/1769693255.json', '/opt/***/data/minio/1769693266.json', '/opt/***/data/minio/1769693279.json', '/opt/***/data/minio/1769693290.json', '/opt/***/data/minio/1769693302.json', '/opt/***/data/minio/1769693314.json', '/opt/***/data/minio/1769693326.json', '/opt/***/data/minio/1769693340.json', '/opt/***/data/minio/1769693352.json', '/opt/***/data/minio/1769693363.json', '/opt/***/data/minio/1769693374.json', '/opt/***/data/minio/1769693385.json', '/opt/***/data/minio/1769693399.json', '/opt/***/data/minio/1769693411.json', '/opt/***/data/minio/1769693425.json', '/opt/***/data/minio/1769693437.json', '/opt/***/data/minio/1769693449.json', '/opt/***/data/minio/1769693460.json', '/opt/***/data/minio/1769693473.json', '/opt/***/data/minio/1769693484.json', '/opt/***/data/minio/1769693496.json', '/opt/***/data/minio/1769693508.json', '/opt/***/data/minio/1769693522.json', '/opt/***/data/minio/1769693536.json', '/opt/***/data/minio/1769693549.json', '/opt/***/data/minio/1769693564.json', '/opt/***/data/minio/1769693577.json', '/opt/***/data/minio/1769693590.json', '/opt/***/data/minio/1769693604.json', '/opt/***/data/minio/1769693616.json', '/opt/***/data/minio/1769692357.json', '/opt/***/data/minio/1769692370.json', '/opt/***/data/minio/1769692383.json', '/opt/***/data/minio/1769692395.json', '/opt/***/data/minio/1769692407.json', '/opt/***/data/minio/1769692422.json', '/opt/***/data/minio/1769692436.json', '/opt/***/data/minio/1769692448.json', '/opt/***/data/minio/1769692461.json', '/opt/***/data/minio/1769692473.json', '/opt/***/data/minio/1769692485.json', '/opt/***/data/minio/1769692499.json', '/opt/***/data/minio/1769692513.json', '/opt/***/data/minio/1769692524.json', '/opt/***/data/minio/1769692538.json', '/opt/***/data/minio/1769692551.json', '/opt/***/data/minio/1769692564.json', '/opt/***/data/minio/1769692576.json', '/opt/***/data/minio/1769692589.json', '/opt/***/data/minio/1769692615.json', '/opt/***/data/minio/1769692627.json', '/opt/***/data/minio/1769692640.json', '/opt/***/data/minio/1769692652.json', '/opt/***/data/minio/1769692668.json', '/opt/***/data/minio/1769692680.json', '/opt/***/data/minio/1769692692.json', '/opt/***/data/minio/1769692710.json', '/opt/***/data/minio/1769692723.json', '/opt/***/data/minio/1769692739.json', '/opt/***/data/minio/1769692752.json', '/opt/***/data/minio/1769692765.json', '/opt/***/data/minio/1769692784.json', '/opt/***/data/minio/1769692803.json', '/opt/***/data/minio/1769692817.json', '/opt/***/data/minio/1769692831.json', '/opt/***/data/minio/1769692846.json', '/opt/***/data/minio/1769692864.json', '/opt/***/data/minio/1769692878.json', '/opt/***/data/minio/1769692913.json', '/opt/***/data/minio/1769692928.json', '/opt/***/data/minio/1769692944.json', '/opt/***/data/minio/1769692960.json', '/opt/***/data/minio/1769692972.json', '/opt/***/data/minio/1769692983.json', '/opt/***/data/minio/1769692994.json', '/opt/***/data/minio/1769693007.json', '/opt/***/data/minio/1769693020.json', '/opt/***/data/minio/1769693032.json', '/opt/***/data/minio/1769693044.json', '/opt/***/data/minio/1769693058.json', '/opt/***/data/minio/1769693071.json', '/opt/***/data/minio/1769693082.json', '/opt/***/data/minio/1769693094.json', '/opt/***/data/minio/1769693109.json', '/opt/***/data/minio/1769693124.json', '/opt/***/data/minio/1769693135.json', '/opt/***/data/minio/1769693147.json', '/opt/***/data/minio/1769693158.json', '/opt/***/data/minio/1769693172.json', '/opt/***/data/minio/1769693183.json', '/opt/***/data/minio/1769693194.json', '/opt/***/data/minio/1769693205.json', '/opt/***/data/minio/1769693218.json', '/opt/***/data/minio/1769693229.json', '/opt/***/data/minio/1769693241.json', '/opt/***/data/minio/1769693254.json', '/opt/***/data/minio/1769693265.json', '/opt/***/data/minio/1769693277.json', '/opt/***/data/minio/1769693289.json', '/opt/***/data/minio/1769693301.json', '/opt/***/data/minio/1769693313.json', '/opt/***/data/minio/1769693324.json', '/opt/***/data/minio/1769693339.json', '/opt/***/data/minio/1769693351.json', '/opt/***/data/minio/1769693362.json', '/opt/***/data/minio/1769693373.json', '/opt/***/data/minio/1769693384.json', '/opt/***/data/minio/1769693398.json', '/opt/***/data/minio/1769693410.json', '/opt/***/data/minio/1769693422.json', '/opt/***/data/minio/1769693436.json', '/opt/***/data/minio/1769693447.json', '/opt/***/data/minio/1769693459.json', '/opt/***/data/minio/1769693471.json', '/opt/***/data/minio/1769693483.json', '/opt/***/data/minio/1769693495.json', '/opt/***/data/minio/1769693507.json', '/opt/***/data/minio/1769693520.json', '/opt/***/data/minio/1769693533.json', '/opt/***/data/minio/1769693547.json', '/opt/***/data/minio/1769693562.json', '/opt/***/data/minio/1769693576.json', '/opt/***/data/minio/1769693587.json', '/opt/***/data/minio/1769693603.json', '/opt/***/data/minio/1769693615.json', '/opt/***/data/minio/1769692355.json', '/opt/***/data/minio/1769692368.json', '/opt/***/data/minio/1769692381.json', '/opt/***/data/minio/1769692393.json', '/opt/***/data/minio/1769692405.json', '/opt/***/data/minio/1769692417.json', '/opt/***/data/minio/1769692433.json', '/opt/***/data/minio/1769692446.json', '/opt/***/data/minio/1769692458.json', '/opt/***/data/minio/1769692471.json', '/opt/***/data/minio/1769692483.json', '/opt/***/data/minio/1769692497.json', '/opt/***/data/minio/1769692511.json', '/opt/***/data/minio/1769692522.json', '/opt/***/data/minio/1769692536.json', '/opt/***/data/minio/1769692549.json', '/opt/***/data/minio/1769692561.json', '/opt/***/data/minio/1769692574.json', '/opt/***/data/minio/1769692586.json', '/opt/***/data/minio/1769692605.json', '/opt/***/data/minio/1769692624.json', '/opt/***/data/minio/1769692638.json', '/opt/***/data/minio/1769692649.json', '/opt/***/data/minio/1769692663.json', '/opt/***/data/minio/1769692678.json', '/opt/***/data/minio/1769692690.json', '/opt/***/data/minio/1769692701.json', '/opt/***/data/minio/1769692721.json', '/opt/***/data/minio/1769692736.json', '/opt/***/data/minio/1769692749.json', '/opt/***/data/minio/1769692762.json', '/opt/***/data/minio/1769692780.json', '/opt/***/data/minio/1769692798.json', '/opt/***/data/minio/1769692813.json', '/opt/***/data/minio/1769692828.json', '/opt/***/data/minio/1769692844.json', '/opt/***/data/minio/1769692860.json', '/opt/***/data/minio/1769692874.json', '/opt/***/data/minio/1769692889.json', '/opt/***/data/minio/1769692910.json', '/opt/***/data/minio/1769692926.json', '/opt/***/data/minio/1769692941.json', '/opt/***/data/minio/1769692954.json', '/opt/***/data/minio/1769692970.json', '/opt/***/data/minio/1769692981.json', '/opt/***/data/minio/1769692992.json', '/opt/***/data/minio/1769693004.json', '/opt/***/data/minio/1769693017.json', '/opt/***/data/minio/1769693030.json', '/opt/***/data/minio/1769693041.json', '/opt/***/data/minio/1769693055.json', '/opt/***/data/minio/1769693067.json', '/opt/***/data/minio/1769693080.json', '/opt/***/data/minio/1769693092.json', '/opt/***/data/minio/1769693107.json', '/opt/***/data/minio/1769693119.json', '/opt/***/data/minio/1769693133.json', '/opt/***/data/minio/1769693145.json', '/opt/***/data/minio/1769693156.json', '/opt/***/data/minio/1769693168.json', '/opt/***/data/minio/1769693181.json', '/opt/***/data/minio/1769693192.json', '/opt/***/data/minio/1769693203.json', '/opt/***/data/minio/1769693215.json', '/opt/***/data/minio/1769693227.json', '/opt/***/data/minio/1769693239.json', '/opt/***/data/minio/1769693250.json', '/opt/***/data/minio/1769693263.json', '/opt/***/data/minio/1769693275.json', '/opt/***/data/minio/1769693287.json', '/opt/***/data/minio/1769693299.json', '/opt/***/data/minio/1769693310.json', '/opt/***/data/minio/1769693322.json', '/opt/***/data/minio/1769693335.json', '/opt/***/data/minio/1769693349.json', '/opt/***/data/minio/1769693360.json', '/opt/***/data/minio/1769693371.json', '/opt/***/data/minio/1769693382.json', '/opt/***/data/minio/1769693394.json', '/opt/***/data/minio/1769693407.json', '/opt/***/data/minio/1769693420.json', '/opt/***/data/minio/1769693434.json', '/opt/***/data/minio/1769693445.json', '/opt/***/data/minio/1769693457.json', '/opt/***/data/minio/1769693469.json', '/opt/***/data/minio/1769693481.json', '/opt/***/data/minio/1769693492.json', '/opt/***/data/minio/1769693505.json', '/opt/***/data/minio/1769693517.json', '/opt/***/data/minio/1769693531.json', '/opt/***/data/minio/1769693544.json', '/opt/***/data/minio/1769693559.json', '/opt/***/data/minio/1769693574.json', '/opt/***/data/minio/1769693585.json', '/opt/***/data/minio/1769693600.json', '/opt/***/data/minio/1769693613.json', '/opt/***/data/minio/1769692356.json', '/opt/***/data/minio/1769692369.json', '/opt/***/data/minio/1769692382.json', '/opt/***/data/minio/1769692394.json', '/opt/***/data/minio/1769692406.json', '/opt/***/data/minio/1769692419.json', '/opt/***/data/minio/1769692434.json', '/opt/***/data/minio/1769692447.json', '/opt/***/data/minio/1769692460.json', '/opt/***/data/minio/1769692472.json', '/opt/***/data/minio/1769692484.json', '/opt/***/data/minio/1769692498.json', '/opt/***/data/minio/1769692512.json', '/opt/***/data/minio/1769692523.json', '/opt/***/data/minio/1769692537.json', '/opt/***/data/minio/1769692550.json', '/opt/***/data/minio/1769692563.json', '/opt/***/data/minio/1769692575.json', '/opt/***/data/minio/1769692588.json', '/opt/***/data/minio/1769692610.json', '/opt/***/data/minio/1769692626.json', '/opt/***/data/minio/1769692639.json', '/opt/***/data/minio/1769692651.json', '/opt/***/data/minio/1769692666.json', '/opt/***/data/minio/1769692679.json', '/opt/***/data/minio/1769692691.json', '/opt/***/data/minio/1769692708.json', '/opt/***/data/minio/1769692722.json', '/opt/***/data/minio/1769692737.json', '/opt/***/data/minio/1769692750.json', '/opt/***/data/minio/1769692763.json', '/opt/***/data/minio/1769692782.json', '/opt/***/data/minio/1769692802.json', '/opt/***/data/minio/1769692816.json', '/opt/***/data/minio/1769692830.json', '/opt/***/data/minio/1769692845.json', '/opt/***/data/minio/1769692861.json', '/opt/***/data/minio/1769692875.json', '/opt/***/data/minio/1769692890.json', '/opt/***/data/minio/1769692912.json', '/opt/***/data/minio/1769692927.json', '/opt/***/data/minio/1769692942.json', '/opt/***/data/minio/1769692956.json', '/opt/***/data/minio/1769692971.json', '/opt/***/data/minio/1769692982.json', '/opt/***/data/minio/1769692993.json', '/opt/***/data/minio/1769693006.json', '/opt/***/data/minio/1769693018.json', '/opt/***/data/minio/1769693031.json', '/opt/***/data/minio/1769693043.json', '/opt/***/data/minio/1769693056.json', '/opt/***/data/minio/1769693069.json', '/opt/***/data/minio/1769693081.json', '/opt/***/data/minio/1769693093.json', '/opt/***/data/minio/1769693108.json', '/opt/***/data/minio/1769693122.json', '/opt/***/data/minio/1769693134.json', '/opt/***/data/minio/1769693146.json', '/opt/***/data/minio/1769693157.json', '/opt/***/data/minio/1769693169.json', '/opt/***/data/minio/1769693181.json', '/opt/***/data/minio/1769693193.json', '/opt/***/data/minio/1769693204.json', '/opt/***/data/minio/1769693216.json', '/opt/***/data/minio/1769693228.json', '/opt/***/data/minio/1769693240.json', '/opt/***/data/minio/1769693253.json', '/opt/***/data/minio/1769693264.json', '/opt/***/data/minio/1769693276.json', '/opt/***/data/minio/1769693288.json', '/opt/***/data/minio/1769693300.json', '/opt/***/data/minio/1769693312.json', '/opt/***/data/minio/1769693323.json', '/opt/***/data/minio/1769693337.json', '/opt/***/data/minio/1769693350.json', '/opt/***/data/minio/1769693361.json', '/opt/***/data/minio/1769693372.json', '/opt/***/data/minio/1769693383.json', '/opt/***/data/minio/1769693396.json', '/opt/***/data/minio/1769693409.json', '/opt/***/data/minio/1769693421.json', '/opt/***/data/minio/1769693435.json', '/opt/***/data/minio/1769693446.json', '/opt/***/data/minio/1769693458.json', '/opt/***/data/minio/1769693470.json', '/opt/***/data/minio/1769693482.json', '/opt/***/data/minio/1769693493.json', '/opt/***/data/minio/1769693506.json', '/opt/***/data/minio/1769693518.json', '/opt/***/data/minio/1769693532.json', '/opt/***/data/minio/1769693545.json', '/opt/***/data/minio/1769693560.json', '/opt/***/data/minio/1769693575.json', '/opt/***/data/minio/1769693586.json', '/opt/***/data/minio/1769693602.json', '/opt/***/data/minio/1769693614.json']
[2026-01-29T13:50:21.674+0000] {taskinstance.py:441} INFO - ::group::Post task execution logs
[2026-01-29T13:50:21.834+0000] {taskinstance.py:1206} INFO - Marking task as SUCCESS. dag_id=minio_to_snowflake, task_id=download_minio, run_id=scheduled__2026-01-29T13:49:00+00:00, execution_date=20260129T134900, start_date=20260129T135006, end_date=20260129T135021
[2026-01-29T13:50:21.933+0000] {local_task_job_runner.py:243} INFO - Task exited with return code 0
[2026-01-29T13:50:22.010+0000] {taskinstance.py:3503} INFO - 1 downstream tasks scheduled from follow-on schedule check
[2026-01-29T13:50:22.019+0000] {local_task_job_runner.py:222} INFO - ::endgroup::
