[2026-02-16T06:05:13.036+0000] {local_task_job_runner.py:120} INFO - ::group::Pre task execution logs
[2026-02-16T06:05:13.085+0000] {taskinstance.py:2076} INFO - Dependencies all met for dep_context=non-requeueable deps ti=<TaskInstance: minio_to_snowflake.download_minio scheduled__2026-02-16T06:04:00+00:00 [queued]>
[2026-02-16T06:05:13.097+0000] {taskinstance.py:2076} INFO - Dependencies all met for dep_context=requeueable deps ti=<TaskInstance: minio_to_snowflake.download_minio scheduled__2026-02-16T06:04:00+00:00 [queued]>
[2026-02-16T06:05:13.101+0000] {taskinstance.py:2306} INFO - Starting attempt 1 of 2
[2026-02-16T06:05:13.135+0000] {taskinstance.py:2330} INFO - Executing <Task(PythonOperator): download_minio> on 2026-02-16 06:04:00+00:00
[2026-02-16T06:05:13.162+0000] {logging_mixin.py:188} WARNING - /home/***/.local/lib/python3.12/site-packages/***/task/task_runner/standard_task_runner.py:62 DeprecationWarning: This process (pid=1696) is multi-threaded, use of fork() may lead to deadlocks in the child.
[2026-02-16T06:05:13.164+0000] {standard_task_runner.py:64} INFO - Started process 1737 to run task
[2026-02-16T06:05:13.162+0000] {standard_task_runner.py:90} INFO - Running: ['***', 'tasks', 'run', 'minio_to_snowflake', 'download_minio', 'scheduled__2026-02-16T06:04:00+00:00', '--job-id', '1413', '--raw', '--subdir', 'DAGS_FOLDER/minio_to_snowflake.py', '--cfg-path', '/tmp/tmp7qz652h5']
[2026-02-16T06:05:13.167+0000] {standard_task_runner.py:91} INFO - Job 1413: Subtask download_minio
[2026-02-16T06:05:13.483+0000] {task_command.py:426} INFO - Running <TaskInstance: minio_to_snowflake.download_minio scheduled__2026-02-16T06:04:00+00:00 [running]> on host 353dfeb821e2
[2026-02-16T06:05:13.881+0000] {taskinstance.py:2648} INFO - Exporting env vars: AIRFLOW_CTX_DAG_OWNER='***' AIRFLOW_CTX_DAG_ID='minio_to_snowflake' AIRFLOW_CTX_TASK_ID='download_minio' AIRFLOW_CTX_EXECUTION_DATE='2026-02-16T06:04:00+00:00' AIRFLOW_CTX_TRY_NUMBER='1' AIRFLOW_CTX_DAG_RUN_ID='scheduled__2026-02-16T06:04:00+00:00'
[2026-02-16T06:05:13.884+0000] {taskinstance.py:430} INFO - ::endgroup::
[2026-02-16T06:05:14.419+0000] {logging_mixin.py:188} INFO - Downloaded AAPL/1771221446.json
[2026-02-16T06:05:14.522+0000] {logging_mixin.py:188} INFO - Downloaded AAPL/1771221459.json
[2026-02-16T06:05:14.540+0000] {logging_mixin.py:188} INFO - Downloaded AAPL/1771221471.json
[2026-02-16T06:05:14.634+0000] {logging_mixin.py:188} INFO - Downloaded AAPL/1771221483.json
[2026-02-16T06:05:14.667+0000] {logging_mixin.py:188} INFO - Downloaded AAPL/1771221496.json
[2026-02-16T06:05:14.678+0000] {logging_mixin.py:188} INFO - Downloaded AAPL/1771221508.json
[2026-02-16T06:05:14.703+0000] {logging_mixin.py:188} INFO - Downloaded AAPL/1771221522.json
[2026-02-16T06:05:14.746+0000] {logging_mixin.py:188} INFO - Downloaded AAPL/1771221533.json
[2026-02-16T06:05:14.758+0000] {logging_mixin.py:188} INFO - Downloaded AAPL/1771221545.json
[2026-02-16T06:05:14.788+0000] {logging_mixin.py:188} INFO - Downloaded AAPL/1771221557.json
[2026-02-16T06:05:14.801+0000] {logging_mixin.py:188} INFO - Downloaded AAPL/1771221568.json
[2026-02-16T06:05:14.818+0000] {logging_mixin.py:188} INFO - Downloaded AAPL/1771221580.json
[2026-02-16T06:05:14.938+0000] {logging_mixin.py:188} INFO - Downloaded AAPL/1771221592.json
[2026-02-16T06:05:14.968+0000] {logging_mixin.py:188} INFO - Downloaded AAPL/1771221603.json
[2026-02-16T06:05:15.010+0000] {logging_mixin.py:188} INFO - Downloaded AAPL/1771221615.json
[2026-02-16T06:05:15.044+0000] {logging_mixin.py:188} INFO - Downloaded AAPL/1771221627.json
[2026-02-16T06:05:15.058+0000] {logging_mixin.py:188} INFO - Downloaded AAPL/1771221639.json
[2026-02-16T06:05:15.071+0000] {logging_mixin.py:188} INFO - Downloaded AAPL/1771221650.json
[2026-02-16T06:05:15.080+0000] {logging_mixin.py:188} INFO - Downloaded AAPL/1771221661.json
[2026-02-16T06:05:15.088+0000] {logging_mixin.py:188} INFO - Downloaded AAPL/1771221673.json
[2026-02-16T06:05:15.104+0000] {logging_mixin.py:188} INFO - Downloaded AAPL/1771221686.json
[2026-02-16T06:05:15.280+0000] {logging_mixin.py:188} INFO - Downloaded AAPL/1771221698.json
[2026-02-16T06:05:15.361+0000] {logging_mixin.py:188} INFO - Downloaded AAPL/1771221709.json
[2026-02-16T06:05:15.380+0000] {logging_mixin.py:188} INFO - Downloaded AAPL/1771221720.json
[2026-02-16T06:05:15.399+0000] {logging_mixin.py:188} INFO - Downloaded AAPL/1771221733.json
[2026-02-16T06:05:15.417+0000] {logging_mixin.py:188} INFO - Downloaded AAPL/1771221744.json
[2026-02-16T06:05:15.437+0000] {logging_mixin.py:188} INFO - Downloaded AAPL/1771221757.json
[2026-02-16T06:05:15.451+0000] {logging_mixin.py:188} INFO - Downloaded AAPL/1771221768.json
[2026-02-16T06:05:15.464+0000] {logging_mixin.py:188} INFO - Downloaded AAPL/1771221779.json
[2026-02-16T06:05:15.473+0000] {logging_mixin.py:188} INFO - Downloaded AAPL/1771221792.json
[2026-02-16T06:05:15.502+0000] {logging_mixin.py:188} INFO - Downloaded AAPL/1771221807.json
[2026-02-16T06:05:15.514+0000] {logging_mixin.py:188} INFO - Downloaded AAPL/1771221820.json
[2026-02-16T06:05:15.532+0000] {logging_mixin.py:188} INFO - Downloaded AAPL/1771221831.json
[2026-02-16T06:05:15.541+0000] {logging_mixin.py:188} INFO - Downloaded AAPL/1771221843.json
[2026-02-16T06:05:15.558+0000] {logging_mixin.py:188} INFO - Downloaded AAPL/1771221858.json
[2026-02-16T06:05:15.568+0000] {logging_mixin.py:188} INFO - Downloaded AAPL/1771221871.json
[2026-02-16T06:05:15.602+0000] {logging_mixin.py:188} INFO - Downloaded AAPL/1771221883.json
[2026-02-16T06:05:15.651+0000] {logging_mixin.py:188} INFO - Downloaded AAPL/1771221895.json
[2026-02-16T06:05:15.660+0000] {logging_mixin.py:188} INFO - Downloaded AAPL/1771221906.json
[2026-02-16T06:05:15.686+0000] {logging_mixin.py:188} INFO - Downloaded AMZN/1771221451.json
[2026-02-16T06:05:15.848+0000] {logging_mixin.py:188} INFO - Downloaded AMZN/1771221463.json
[2026-02-16T06:05:15.963+0000] {logging_mixin.py:188} INFO - Downloaded AMZN/1771221476.json
[2026-02-16T06:05:16.016+0000] {logging_mixin.py:188} INFO - Downloaded AMZN/1771221489.json
[2026-02-16T06:05:16.060+0000] {logging_mixin.py:188} INFO - Downloaded AMZN/1771221501.json
[2026-02-16T06:05:16.072+0000] {logging_mixin.py:188} INFO - Downloaded AMZN/1771221513.json
[2026-02-16T06:05:16.130+0000] {logging_mixin.py:188} INFO - Downloaded AMZN/1771221526.json
[2026-02-16T06:05:16.205+0000] {logging_mixin.py:188} INFO - Downloaded AMZN/1771221538.json
[2026-02-16T06:05:16.256+0000] {logging_mixin.py:188} INFO - Downloaded AMZN/1771221550.json
[2026-02-16T06:05:16.266+0000] {logging_mixin.py:188} INFO - Downloaded AMZN/1771221561.json
[2026-02-16T06:05:16.321+0000] {logging_mixin.py:188} INFO - Downloaded AMZN/1771221573.json
[2026-02-16T06:05:16.388+0000] {logging_mixin.py:188} INFO - Downloaded AMZN/1771221585.json
[2026-02-16T06:05:16.401+0000] {logging_mixin.py:188} INFO - Downloaded AMZN/1771221596.json
[2026-02-16T06:05:16.427+0000] {logging_mixin.py:188} INFO - Downloaded AMZN/1771221608.json
[2026-02-16T06:05:16.436+0000] {logging_mixin.py:188} INFO - Downloaded AMZN/1771221620.json
[2026-02-16T06:05:16.448+0000] {logging_mixin.py:188} INFO - Downloaded AMZN/1771221631.json
[2026-02-16T06:05:16.465+0000] {logging_mixin.py:188} INFO - Downloaded AMZN/1771221643.json
[2026-02-16T06:05:16.480+0000] {logging_mixin.py:188} INFO - Downloaded AMZN/1771221654.json
[2026-02-16T06:05:16.495+0000] {logging_mixin.py:188} INFO - Downloaded AMZN/1771221666.json
[2026-02-16T06:05:16.509+0000] {logging_mixin.py:188} INFO - Downloaded AMZN/1771221678.json
[2026-02-16T06:05:16.522+0000] {logging_mixin.py:188} INFO - Downloaded AMZN/1771221690.json
[2026-02-16T06:05:16.534+0000] {logging_mixin.py:188} INFO - Downloaded AMZN/1771221702.json
[2026-02-16T06:05:16.548+0000] {logging_mixin.py:188} INFO - Downloaded AMZN/1771221713.json
[2026-02-16T06:05:16.558+0000] {logging_mixin.py:188} INFO - Downloaded AMZN/1771221726.json
[2026-02-16T06:05:16.572+0000] {logging_mixin.py:188} INFO - Downloaded AMZN/1771221737.json
[2026-02-16T06:05:16.582+0000] {logging_mixin.py:188} INFO - Downloaded AMZN/1771221750.json
[2026-02-16T06:05:16.593+0000] {logging_mixin.py:188} INFO - Downloaded AMZN/1771221761.json
[2026-02-16T06:05:16.605+0000] {logging_mixin.py:188} INFO - Downloaded AMZN/1771221772.json
[2026-02-16T06:05:16.618+0000] {logging_mixin.py:188} INFO - Downloaded AMZN/1771221784.json
[2026-02-16T06:05:16.629+0000] {logging_mixin.py:188} INFO - Downloaded AMZN/1771221800.json
[2026-02-16T06:05:16.640+0000] {logging_mixin.py:188} INFO - Downloaded AMZN/1771221812.json
[2026-02-16T06:05:16.650+0000] {logging_mixin.py:188} INFO - Downloaded AMZN/1771221824.json
[2026-02-16T06:05:16.662+0000] {logging_mixin.py:188} INFO - Downloaded AMZN/1771221836.json
[2026-02-16T06:05:16.677+0000] {logging_mixin.py:188} INFO - Downloaded AMZN/1771221851.json
[2026-02-16T06:05:16.690+0000] {logging_mixin.py:188} INFO - Downloaded AMZN/1771221864.json
[2026-02-16T06:05:16.705+0000] {logging_mixin.py:188} INFO - Downloaded AMZN/1771221875.json
[2026-02-16T06:05:16.716+0000] {logging_mixin.py:188} INFO - Downloaded AMZN/1771221887.json
[2026-02-16T06:05:16.728+0000] {logging_mixin.py:188} INFO - Downloaded AMZN/1771221899.json
[2026-02-16T06:05:16.740+0000] {logging_mixin.py:188} INFO - Downloaded AMZN/1771221911.json
[2026-02-16T06:05:16.752+0000] {logging_mixin.py:188} INFO - Downloaded GOOGL/1771221450.json
[2026-02-16T06:05:16.766+0000] {logging_mixin.py:188} INFO - Downloaded GOOGL/1771221462.json
[2026-02-16T06:05:16.779+0000] {logging_mixin.py:188} INFO - Downloaded GOOGL/1771221475.json
[2026-02-16T06:05:16.789+0000] {logging_mixin.py:188} INFO - Downloaded GOOGL/1771221488.json
[2026-02-16T06:05:16.801+0000] {logging_mixin.py:188} INFO - Downloaded GOOGL/1771221500.json
[2026-02-16T06:05:16.818+0000] {logging_mixin.py:188} INFO - Downloaded GOOGL/1771221512.json
[2026-02-16T06:05:16.829+0000] {logging_mixin.py:188} INFO - Downloaded GOOGL/1771221525.json
[2026-02-16T06:05:16.844+0000] {logging_mixin.py:188} INFO - Downloaded GOOGL/1771221537.json
[2026-02-16T06:05:16.854+0000] {logging_mixin.py:188} INFO - Downloaded GOOGL/1771221549.json
[2026-02-16T06:05:16.869+0000] {logging_mixin.py:188} INFO - Downloaded GOOGL/1771221560.json
[2026-02-16T06:05:16.912+0000] {logging_mixin.py:188} INFO - Downloaded GOOGL/1771221571.json
[2026-02-16T06:05:16.929+0000] {logging_mixin.py:188} INFO - Downloaded GOOGL/1771221583.json
[2026-02-16T06:05:16.946+0000] {logging_mixin.py:188} INFO - Downloaded GOOGL/1771221595.json
[2026-02-16T06:05:17.000+0000] {logging_mixin.py:188} INFO - Downloaded GOOGL/1771221607.json
[2026-02-16T06:05:17.009+0000] {logging_mixin.py:188} INFO - Downloaded GOOGL/1771221619.json
[2026-02-16T06:05:17.018+0000] {logging_mixin.py:188} INFO - Downloaded GOOGL/1771221630.json
[2026-02-16T06:05:17.027+0000] {logging_mixin.py:188} INFO - Downloaded GOOGL/1771221642.json
[2026-02-16T06:05:17.040+0000] {logging_mixin.py:188} INFO - Downloaded GOOGL/1771221653.json
[2026-02-16T06:05:17.052+0000] {logging_mixin.py:188} INFO - Downloaded GOOGL/1771221665.json
[2026-02-16T06:05:17.063+0000] {logging_mixin.py:188} INFO - Downloaded GOOGL/1771221677.json
[2026-02-16T06:05:17.084+0000] {logging_mixin.py:188} INFO - Downloaded GOOGL/1771221689.json
[2026-02-16T06:05:17.113+0000] {logging_mixin.py:188} INFO - Downloaded GOOGL/1771221701.json
[2026-02-16T06:05:17.140+0000] {logging_mixin.py:188} INFO - Downloaded GOOGL/1771221712.json
[2026-02-16T06:05:17.162+0000] {logging_mixin.py:188} INFO - Downloaded GOOGL/1771221724.json
[2026-02-16T06:05:17.174+0000] {logging_mixin.py:188} INFO - Downloaded GOOGL/1771221736.json
[2026-02-16T06:05:17.183+0000] {logging_mixin.py:188} INFO - Downloaded GOOGL/1771221748.json
[2026-02-16T06:05:17.191+0000] {logging_mixin.py:188} INFO - Downloaded GOOGL/1771221760.json
[2026-02-16T06:05:17.203+0000] {logging_mixin.py:188} INFO - Downloaded GOOGL/1771221771.json
[2026-02-16T06:05:17.214+0000] {logging_mixin.py:188} INFO - Downloaded GOOGL/1771221783.json
[2026-02-16T06:05:17.223+0000] {logging_mixin.py:188} INFO - Downloaded GOOGL/1771221799.json
[2026-02-16T06:05:17.233+0000] {logging_mixin.py:188} INFO - Downloaded GOOGL/1771221811.json
[2026-02-16T06:05:17.243+0000] {logging_mixin.py:188} INFO - Downloaded GOOGL/1771221823.json
[2026-02-16T06:05:17.260+0000] {logging_mixin.py:188} INFO - Downloaded GOOGL/1771221835.json
[2026-02-16T06:05:17.279+0000] {logging_mixin.py:188} INFO - Downloaded GOOGL/1771221850.json
[2026-02-16T06:05:17.295+0000] {logging_mixin.py:188} INFO - Downloaded GOOGL/1771221862.json
[2026-02-16T06:05:17.306+0000] {logging_mixin.py:188} INFO - Downloaded GOOGL/1771221874.json
[2026-02-16T06:05:17.320+0000] {logging_mixin.py:188} INFO - Downloaded GOOGL/1771221886.json
[2026-02-16T06:05:17.415+0000] {logging_mixin.py:188} INFO - Downloaded GOOGL/1771221898.json
[2026-02-16T06:05:17.425+0000] {logging_mixin.py:188} INFO - Downloaded GOOGL/1771221910.json
[2026-02-16T06:05:17.435+0000] {logging_mixin.py:188} INFO - Downloaded MSFT/1771221448.json
[2026-02-16T06:05:17.446+0000] {logging_mixin.py:188} INFO - Downloaded MSFT/1771221460.json
[2026-02-16T06:05:17.455+0000] {logging_mixin.py:188} INFO - Downloaded MSFT/1771221472.json
[2026-02-16T06:05:17.464+0000] {logging_mixin.py:188} INFO - Downloaded MSFT/1771221484.json
[2026-02-16T06:05:17.473+0000] {logging_mixin.py:188} INFO - Downloaded MSFT/1771221497.json
[2026-02-16T06:05:17.909+0000] {logging_mixin.py:188} INFO - Downloaded MSFT/1771221509.json
[2026-02-16T06:05:17.927+0000] {logging_mixin.py:188} INFO - Downloaded MSFT/1771221523.json
[2026-02-16T06:05:17.939+0000] {logging_mixin.py:188} INFO - Downloaded MSFT/1771221534.json
[2026-02-16T06:05:18.320+0000] {logging_mixin.py:188} INFO - Downloaded MSFT/1771221546.json
[2026-02-16T06:05:18.342+0000] {logging_mixin.py:188} INFO - Downloaded MSFT/1771221558.json
[2026-02-16T06:05:18.357+0000] {logging_mixin.py:188} INFO - Downloaded MSFT/1771221569.json
[2026-02-16T06:05:18.374+0000] {logging_mixin.py:188} INFO - Downloaded MSFT/1771221581.json
[2026-02-16T06:05:18.417+0000] {logging_mixin.py:188} INFO - Downloaded MSFT/1771221593.json
[2026-02-16T06:05:18.430+0000] {logging_mixin.py:188} INFO - Downloaded MSFT/1771221604.json
[2026-02-16T06:05:18.442+0000] {logging_mixin.py:188} INFO - Downloaded MSFT/1771221616.json
[2026-02-16T06:05:18.478+0000] {logging_mixin.py:188} INFO - Downloaded MSFT/1771221628.json
[2026-02-16T06:05:18.501+0000] {logging_mixin.py:188} INFO - Downloaded MSFT/1771221640.json
[2026-02-16T06:05:18.518+0000] {logging_mixin.py:188} INFO - Downloaded MSFT/1771221651.json
[2026-02-16T06:05:18.533+0000] {logging_mixin.py:188} INFO - Downloaded MSFT/1771221663.json
[2026-02-16T06:05:18.549+0000] {logging_mixin.py:188} INFO - Downloaded MSFT/1771221675.json
[2026-02-16T06:05:18.564+0000] {logging_mixin.py:188} INFO - Downloaded MSFT/1771221687.json
[2026-02-16T06:05:18.594+0000] {logging_mixin.py:188} INFO - Downloaded MSFT/1771221698.json
[2026-02-16T06:05:18.605+0000] {logging_mixin.py:188} INFO - Downloaded MSFT/1771221710.json
[2026-02-16T06:05:18.616+0000] {logging_mixin.py:188} INFO - Downloaded MSFT/1771221722.json
[2026-02-16T06:05:18.631+0000] {logging_mixin.py:188} INFO - Downloaded MSFT/1771221734.json
[2026-02-16T06:05:18.649+0000] {logging_mixin.py:188} INFO - Downloaded MSFT/1771221746.json
[2026-02-16T06:05:18.670+0000] {logging_mixin.py:188} INFO - Downloaded MSFT/1771221758.json
[2026-02-16T06:05:18.684+0000] {logging_mixin.py:188} INFO - Downloaded MSFT/1771221769.json
[2026-02-16T06:05:18.696+0000] {logging_mixin.py:188} INFO - Downloaded MSFT/1771221781.json
[2026-02-16T06:05:18.710+0000] {logging_mixin.py:188} INFO - Downloaded MSFT/1771221797.json
[2026-02-16T06:05:18.726+0000] {logging_mixin.py:188} INFO - Downloaded MSFT/1771221808.json
[2026-02-16T06:05:18.740+0000] {logging_mixin.py:188} INFO - Downloaded MSFT/1771221821.json
[2026-02-16T06:05:18.751+0000] {logging_mixin.py:188} INFO - Downloaded MSFT/1771221832.json
[2026-02-16T06:05:18.764+0000] {logging_mixin.py:188} INFO - Downloaded MSFT/1771221848.json
[2026-02-16T06:05:18.782+0000] {logging_mixin.py:188} INFO - Downloaded MSFT/1771221859.json
[2026-02-16T06:05:18.795+0000] {logging_mixin.py:188} INFO - Downloaded MSFT/1771221872.json
[2026-02-16T06:05:18.807+0000] {logging_mixin.py:188} INFO - Downloaded MSFT/1771221884.json
[2026-02-16T06:05:18.841+0000] {logging_mixin.py:188} INFO - Downloaded MSFT/1771221896.json
[2026-02-16T06:05:18.858+0000] {logging_mixin.py:188} INFO - Downloaded MSFT/1771221907.json
[2026-02-16T06:05:18.879+0000] {logging_mixin.py:188} INFO - Downloaded TSLA/1771221449.json
[2026-02-16T06:05:18.910+0000] {logging_mixin.py:188} INFO - Downloaded TSLA/1771221461.json
[2026-02-16T06:05:18.941+0000] {logging_mixin.py:188} INFO - Downloaded TSLA/1771221473.json
[2026-02-16T06:05:19.003+0000] {logging_mixin.py:188} INFO - Downloaded TSLA/1771221485.json
[2026-02-16T06:05:19.016+0000] {logging_mixin.py:188} INFO - Downloaded TSLA/1771221498.json
[2026-02-16T06:05:19.031+0000] {logging_mixin.py:188} INFO - Downloaded TSLA/1771221511.json
[2026-02-16T06:05:19.047+0000] {logging_mixin.py:188} INFO - Downloaded TSLA/1771221524.json
[2026-02-16T06:05:19.064+0000] {logging_mixin.py:188} INFO - Downloaded TSLA/1771221535.json
[2026-02-16T06:05:19.084+0000] {logging_mixin.py:188} INFO - Downloaded TSLA/1771221547.json
[2026-02-16T06:05:19.128+0000] {logging_mixin.py:188} INFO - Downloaded TSLA/1771221559.json
[2026-02-16T06:05:19.164+0000] {logging_mixin.py:188} INFO - Downloaded TSLA/1771221570.json
[2026-02-16T06:05:19.174+0000] {logging_mixin.py:188} INFO - Downloaded TSLA/1771221582.json
[2026-02-16T06:05:19.184+0000] {logging_mixin.py:188} INFO - Downloaded TSLA/1771221594.json
[2026-02-16T06:05:19.196+0000] {logging_mixin.py:188} INFO - Downloaded TSLA/1771221605.json
[2026-02-16T06:05:19.211+0000] {logging_mixin.py:188} INFO - Downloaded TSLA/1771221617.json
[2026-02-16T06:05:19.226+0000] {logging_mixin.py:188} INFO - Downloaded TSLA/1771221629.json
[2026-02-16T06:05:19.251+0000] {logging_mixin.py:188} INFO - Downloaded TSLA/1771221641.json
[2026-02-16T06:05:19.269+0000] {logging_mixin.py:188} INFO - Downloaded TSLA/1771221652.json
[2026-02-16T06:05:19.285+0000] {logging_mixin.py:188} INFO - Downloaded TSLA/1771221664.json
[2026-02-16T06:05:19.299+0000] {logging_mixin.py:188} INFO - Downloaded TSLA/1771221676.json
[2026-02-16T06:05:19.311+0000] {logging_mixin.py:188} INFO - Downloaded TSLA/1771221688.json
[2026-02-16T06:05:19.324+0000] {logging_mixin.py:188} INFO - Downloaded TSLA/1771221700.json
[2026-02-16T06:05:19.340+0000] {logging_mixin.py:188} INFO - Downloaded TSLA/1771221711.json
[2026-02-16T06:05:19.358+0000] {logging_mixin.py:188} INFO - Downloaded TSLA/1771221723.json
[2026-02-16T06:05:19.371+0000] {logging_mixin.py:188} INFO - Downloaded TSLA/1771221735.json
[2026-02-16T06:05:19.382+0000] {logging_mixin.py:188} INFO - Downloaded TSLA/1771221747.json
[2026-02-16T06:05:19.403+0000] {logging_mixin.py:188} INFO - Downloaded TSLA/1771221759.json
[2026-02-16T06:05:19.418+0000] {logging_mixin.py:188} INFO - Downloaded TSLA/1771221770.json
[2026-02-16T06:05:19.446+0000] {logging_mixin.py:188} INFO - Downloaded TSLA/1771221782.json
[2026-02-16T06:05:19.459+0000] {logging_mixin.py:188} INFO - Downloaded TSLA/1771221798.json
[2026-02-16T06:05:19.474+0000] {logging_mixin.py:188} INFO - Downloaded TSLA/1771221810.json
[2026-02-16T06:05:19.491+0000] {logging_mixin.py:188} INFO - Downloaded TSLA/1771221822.json
[2026-02-16T06:05:19.502+0000] {logging_mixin.py:188} INFO - Downloaded TSLA/1771221834.json
[2026-02-16T06:05:19.516+0000] {logging_mixin.py:188} INFO - Downloaded TSLA/1771221849.json
[2026-02-16T06:05:19.531+0000] {logging_mixin.py:188} INFO - Downloaded TSLA/1771221861.json
[2026-02-16T06:05:19.544+0000] {logging_mixin.py:188} INFO - Downloaded TSLA/1771221873.json
[2026-02-16T06:05:19.556+0000] {logging_mixin.py:188} INFO - Downloaded TSLA/1771221885.json
[2026-02-16T06:05:19.570+0000] {logging_mixin.py:188} INFO - Downloaded TSLA/1771221897.json
[2026-02-16T06:05:19.583+0000] {logging_mixin.py:188} INFO - Downloaded TSLA/1771221908.json
[2026-02-16T06:05:19.586+0000] {python.py:237} INFO - Done. Returned value was: ['/opt/***/data/minio/1771221446.json', '/opt/***/data/minio/1771221459.json', '/opt/***/data/minio/1771221471.json', '/opt/***/data/minio/1771221483.json', '/opt/***/data/minio/1771221496.json', '/opt/***/data/minio/1771221508.json', '/opt/***/data/minio/1771221522.json', '/opt/***/data/minio/1771221533.json', '/opt/***/data/minio/1771221545.json', '/opt/***/data/minio/1771221557.json', '/opt/***/data/minio/1771221568.json', '/opt/***/data/minio/1771221580.json', '/opt/***/data/minio/1771221592.json', '/opt/***/data/minio/1771221603.json', '/opt/***/data/minio/1771221615.json', '/opt/***/data/minio/1771221627.json', '/opt/***/data/minio/1771221639.json', '/opt/***/data/minio/1771221650.json', '/opt/***/data/minio/1771221661.json', '/opt/***/data/minio/1771221673.json', '/opt/***/data/minio/1771221686.json', '/opt/***/data/minio/1771221698.json', '/opt/***/data/minio/1771221709.json', '/opt/***/data/minio/1771221720.json', '/opt/***/data/minio/1771221733.json', '/opt/***/data/minio/1771221744.json', '/opt/***/data/minio/1771221757.json', '/opt/***/data/minio/1771221768.json', '/opt/***/data/minio/1771221779.json', '/opt/***/data/minio/1771221792.json', '/opt/***/data/minio/1771221807.json', '/opt/***/data/minio/1771221820.json', '/opt/***/data/minio/1771221831.json', '/opt/***/data/minio/1771221843.json', '/opt/***/data/minio/1771221858.json', '/opt/***/data/minio/1771221871.json', '/opt/***/data/minio/1771221883.json', '/opt/***/data/minio/1771221895.json', '/opt/***/data/minio/1771221906.json', '/opt/***/data/minio/1771221451.json', '/opt/***/data/minio/1771221463.json', '/opt/***/data/minio/1771221476.json', '/opt/***/data/minio/1771221489.json', '/opt/***/data/minio/1771221501.json', '/opt/***/data/minio/1771221513.json', '/opt/***/data/minio/1771221526.json', '/opt/***/data/minio/1771221538.json', '/opt/***/data/minio/1771221550.json', '/opt/***/data/minio/1771221561.json', '/opt/***/data/minio/1771221573.json', '/opt/***/data/minio/1771221585.json', '/opt/***/data/minio/1771221596.json', '/opt/***/data/minio/1771221608.json', '/opt/***/data/minio/1771221620.json', '/opt/***/data/minio/1771221631.json', '/opt/***/data/minio/1771221643.json', '/opt/***/data/minio/1771221654.json', '/opt/***/data/minio/1771221666.json', '/opt/***/data/minio/1771221678.json', '/opt/***/data/minio/1771221690.json', '/opt/***/data/minio/1771221702.json', '/opt/***/data/minio/1771221713.json', '/opt/***/data/minio/1771221726.json', '/opt/***/data/minio/1771221737.json', '/opt/***/data/minio/1771221750.json', '/opt/***/data/minio/1771221761.json', '/opt/***/data/minio/1771221772.json', '/opt/***/data/minio/1771221784.json', '/opt/***/data/minio/1771221800.json', '/opt/***/data/minio/1771221812.json', '/opt/***/data/minio/1771221824.json', '/opt/***/data/minio/1771221836.json', '/opt/***/data/minio/1771221851.json', '/opt/***/data/minio/1771221864.json', '/opt/***/data/minio/1771221875.json', '/opt/***/data/minio/1771221887.json', '/opt/***/data/minio/1771221899.json', '/opt/***/data/minio/1771221911.json', '/opt/***/data/minio/1771221450.json', '/opt/***/data/minio/1771221462.json', '/opt/***/data/minio/1771221475.json', '/opt/***/data/minio/1771221488.json', '/opt/***/data/minio/1771221500.json', '/opt/***/data/minio/1771221512.json', '/opt/***/data/minio/1771221525.json', '/opt/***/data/minio/1771221537.json', '/opt/***/data/minio/1771221549.json', '/opt/***/data/minio/1771221560.json', '/opt/***/data/minio/1771221571.json', '/opt/***/data/minio/1771221583.json', '/opt/***/data/minio/1771221595.json', '/opt/***/data/minio/1771221607.json', '/opt/***/data/minio/1771221619.json', '/opt/***/data/minio/1771221630.json', '/opt/***/data/minio/1771221642.json', '/opt/***/data/minio/1771221653.json', '/opt/***/data/minio/1771221665.json', '/opt/***/data/minio/1771221677.json', '/opt/***/data/minio/1771221689.json', '/opt/***/data/minio/1771221701.json', '/opt/***/data/minio/1771221712.json', '/opt/***/data/minio/1771221724.json', '/opt/***/data/minio/1771221736.json', '/opt/***/data/minio/1771221748.json', '/opt/***/data/minio/1771221760.json', '/opt/***/data/minio/1771221771.json', '/opt/***/data/minio/1771221783.json', '/opt/***/data/minio/1771221799.json', '/opt/***/data/minio/1771221811.json', '/opt/***/data/minio/1771221823.json', '/opt/***/data/minio/1771221835.json', '/opt/***/data/minio/1771221850.json', '/opt/***/data/minio/1771221862.json', '/opt/***/data/minio/1771221874.json', '/opt/***/data/minio/1771221886.json', '/opt/***/data/minio/1771221898.json', '/opt/***/data/minio/1771221910.json', '/opt/***/data/minio/1771221448.json', '/opt/***/data/minio/1771221460.json', '/opt/***/data/minio/1771221472.json', '/opt/***/data/minio/1771221484.json', '/opt/***/data/minio/1771221497.json', '/opt/***/data/minio/1771221509.json', '/opt/***/data/minio/1771221523.json', '/opt/***/data/minio/1771221534.json', '/opt/***/data/minio/1771221546.json', '/opt/***/data/minio/1771221558.json', '/opt/***/data/minio/1771221569.json', '/opt/***/data/minio/1771221581.json', '/opt/***/data/minio/1771221593.json', '/opt/***/data/minio/1771221604.json', '/opt/***/data/minio/1771221616.json', '/opt/***/data/minio/1771221628.json', '/opt/***/data/minio/1771221640.json', '/opt/***/data/minio/1771221651.json', '/opt/***/data/minio/1771221663.json', '/opt/***/data/minio/1771221675.json', '/opt/***/data/minio/1771221687.json', '/opt/***/data/minio/1771221698.json', '/opt/***/data/minio/1771221710.json', '/opt/***/data/minio/1771221722.json', '/opt/***/data/minio/1771221734.json', '/opt/***/data/minio/1771221746.json', '/opt/***/data/minio/1771221758.json', '/opt/***/data/minio/1771221769.json', '/opt/***/data/minio/1771221781.json', '/opt/***/data/minio/1771221797.json', '/opt/***/data/minio/1771221808.json', '/opt/***/data/minio/1771221821.json', '/opt/***/data/minio/1771221832.json', '/opt/***/data/minio/1771221848.json', '/opt/***/data/minio/1771221859.json', '/opt/***/data/minio/1771221872.json', '/opt/***/data/minio/1771221884.json', '/opt/***/data/minio/1771221896.json', '/opt/***/data/minio/1771221907.json', '/opt/***/data/minio/1771221449.json', '/opt/***/data/minio/1771221461.json', '/opt/***/data/minio/1771221473.json', '/opt/***/data/minio/1771221485.json', '/opt/***/data/minio/1771221498.json', '/opt/***/data/minio/1771221511.json', '/opt/***/data/minio/1771221524.json', '/opt/***/data/minio/1771221535.json', '/opt/***/data/minio/1771221547.json', '/opt/***/data/minio/1771221559.json', '/opt/***/data/minio/1771221570.json', '/opt/***/data/minio/1771221582.json', '/opt/***/data/minio/1771221594.json', '/opt/***/data/minio/1771221605.json', '/opt/***/data/minio/1771221617.json', '/opt/***/data/minio/1771221629.json', '/opt/***/data/minio/1771221641.json', '/opt/***/data/minio/1771221652.json', '/opt/***/data/minio/1771221664.json', '/opt/***/data/minio/1771221676.json', '/opt/***/data/minio/1771221688.json', '/opt/***/data/minio/1771221700.json', '/opt/***/data/minio/1771221711.json', '/opt/***/data/minio/1771221723.json', '/opt/***/data/minio/1771221735.json', '/opt/***/data/minio/1771221747.json', '/opt/***/data/minio/1771221759.json', '/opt/***/data/minio/1771221770.json', '/opt/***/data/minio/1771221782.json', '/opt/***/data/minio/1771221798.json', '/opt/***/data/minio/1771221810.json', '/opt/***/data/minio/1771221822.json', '/opt/***/data/minio/1771221834.json', '/opt/***/data/minio/1771221849.json', '/opt/***/data/minio/1771221861.json', '/opt/***/data/minio/1771221873.json', '/opt/***/data/minio/1771221885.json', '/opt/***/data/minio/1771221897.json', '/opt/***/data/minio/1771221908.json']
[2026-02-16T06:05:19.591+0000] {taskinstance.py:441} INFO - ::group::Post task execution logs
[2026-02-16T06:05:19.707+0000] {taskinstance.py:1206} INFO - Marking task as SUCCESS. dag_id=minio_to_snowflake, task_id=download_minio, run_id=scheduled__2026-02-16T06:04:00+00:00, execution_date=20260216T060400, start_date=20260216T060513, end_date=20260216T060519
[2026-02-16T06:05:19.758+0000] {local_task_job_runner.py:243} INFO - Task exited with return code 0
[2026-02-16T06:05:19.811+0000] {taskinstance.py:3503} INFO - 1 downstream tasks scheduled from follow-on schedule check
[2026-02-16T06:05:19.851+0000] {local_task_job_runner.py:222} INFO - ::endgroup::
