[2026-02-04T09:34:02.559+0000] {local_task_job_runner.py:120} INFO - ::group::Pre task execution logs
[2026-02-04T09:34:02.607+0000] {taskinstance.py:2076} INFO - Dependencies all met for dep_context=non-requeueable deps ti=<TaskInstance: minio_to_snowflake.download_minio scheduled__2026-02-04T09:33:00+00:00 [queued]>
[2026-02-04T09:34:02.616+0000] {taskinstance.py:2076} INFO - Dependencies all met for dep_context=requeueable deps ti=<TaskInstance: minio_to_snowflake.download_minio scheduled__2026-02-04T09:33:00+00:00 [queued]>
[2026-02-04T09:34:02.617+0000] {taskinstance.py:2306} INFO - Starting attempt 1 of 2
[2026-02-04T09:34:02.631+0000] {taskinstance.py:2330} INFO - Executing <Task(PythonOperator): download_minio> on 2026-02-04 09:33:00+00:00
[2026-02-04T09:34:02.642+0000] {standard_task_runner.py:90} INFO - Running: ['***', 'tasks', 'run', 'minio_to_snowflake', 'download_minio', 'scheduled__2026-02-04T09:33:00+00:00', '--job-id', '872', '--raw', '--subdir', 'DAGS_FOLDER/minio_to_snowflake.py', '--cfg-path', '/tmp/tmpl5serqtn']
[2026-02-04T09:34:02.644+0000] {logging_mixin.py:188} WARNING - /home/***/.local/lib/python3.12/site-packages/***/task/task_runner/standard_task_runner.py:62 DeprecationWarning: This process (pid=54680) is multi-threaded, use of fork() may lead to deadlocks in the child.
[2026-02-04T09:34:02.647+0000] {standard_task_runner.py:91} INFO - Job 872: Subtask download_minio
[2026-02-04T09:34:02.647+0000] {standard_task_runner.py:64} INFO - Started process 54695 to run task
[2026-02-04T09:34:02.738+0000] {task_command.py:426} INFO - Running <TaskInstance: minio_to_snowflake.download_minio scheduled__2026-02-04T09:33:00+00:00 [running]> on host 1a57f62d265e
[2026-02-04T09:34:02.869+0000] {taskinstance.py:2648} INFO - Exporting env vars: AIRFLOW_CTX_DAG_OWNER='***' AIRFLOW_CTX_DAG_ID='minio_to_snowflake' AIRFLOW_CTX_TASK_ID='download_minio' AIRFLOW_CTX_EXECUTION_DATE='2026-02-04T09:33:00+00:00' AIRFLOW_CTX_TRY_NUMBER='1' AIRFLOW_CTX_DAG_RUN_ID='scheduled__2026-02-04T09:33:00+00:00'
[2026-02-04T09:34:02.872+0000] {taskinstance.py:430} INFO - ::endgroup::
[2026-02-04T09:34:03.092+0000] {logging_mixin.py:188} INFO - Downloaded AAPL/1770190211.json
[2026-02-04T09:34:03.101+0000] {logging_mixin.py:188} INFO - Downloaded AAPL/1770190221.json
[2026-02-04T09:34:03.110+0000] {logging_mixin.py:188} INFO - Downloaded AAPL/1770190233.json
[2026-02-04T09:34:03.119+0000] {logging_mixin.py:188} INFO - Downloaded AAPL/1770190244.json
[2026-02-04T09:34:03.128+0000] {logging_mixin.py:188} INFO - Downloaded AAPL/1770190256.json
[2026-02-04T09:34:03.138+0000] {logging_mixin.py:188} INFO - Downloaded AAPL/1770190268.json
[2026-02-04T09:34:03.146+0000] {logging_mixin.py:188} INFO - Downloaded AAPL/1770190278.json
[2026-02-04T09:34:03.155+0000] {logging_mixin.py:188} INFO - Downloaded AAPL/1770190289.json
[2026-02-04T09:34:03.165+0000] {logging_mixin.py:188} INFO - Downloaded AAPL/1770190300.json
[2026-02-04T09:34:03.174+0000] {logging_mixin.py:188} INFO - Downloaded AAPL/1770190310.json
[2026-02-04T09:34:03.184+0000] {logging_mixin.py:188} INFO - Downloaded AAPL/1770190323.json
[2026-02-04T09:34:03.194+0000] {logging_mixin.py:188} INFO - Downloaded AAPL/1770190333.json
[2026-02-04T09:34:03.204+0000] {logging_mixin.py:188} INFO - Downloaded AAPL/1770190344.json
[2026-02-04T09:34:03.212+0000] {logging_mixin.py:188} INFO - Downloaded AAPL/1770190356.json
[2026-02-04T09:34:03.221+0000] {logging_mixin.py:188} INFO - Downloaded AAPL/1770190368.json
[2026-02-04T09:34:03.230+0000] {logging_mixin.py:188} INFO - Downloaded AAPL/1770190378.json
[2026-02-04T09:34:03.239+0000] {logging_mixin.py:188} INFO - Downloaded AAPL/1770190388.json
[2026-02-04T09:34:03.248+0000] {logging_mixin.py:188} INFO - Downloaded AAPL/1770190399.json
[2026-02-04T09:34:03.257+0000] {logging_mixin.py:188} INFO - Downloaded AAPL/1770190410.json
[2026-02-04T09:34:03.266+0000] {logging_mixin.py:188} INFO - Downloaded AAPL/1770190421.json
[2026-02-04T09:34:03.275+0000] {logging_mixin.py:188} INFO - Downloaded AAPL/1770190432.json
[2026-02-04T09:34:03.283+0000] {logging_mixin.py:188} INFO - Downloaded AAPL/1770190442.json
[2026-02-04T09:34:03.292+0000] {logging_mixin.py:188} INFO - Downloaded AAPL/1770190453.json
[2026-02-04T09:34:03.300+0000] {logging_mixin.py:188} INFO - Downloaded AAPL/1770190463.json
[2026-02-04T09:34:03.309+0000] {logging_mixin.py:188} INFO - Downloaded AAPL/1770190474.json
[2026-02-04T09:34:03.319+0000] {logging_mixin.py:188} INFO - Downloaded AAPL/1770190485.json
[2026-02-04T09:34:03.328+0000] {logging_mixin.py:188} INFO - Downloaded AAPL/1770190495.json
[2026-02-04T09:34:03.342+0000] {logging_mixin.py:188} INFO - Downloaded AAPL/1770190506.json
[2026-02-04T09:34:03.354+0000] {logging_mixin.py:188} INFO - Downloaded AAPL/1770190516.json
[2026-02-04T09:34:03.366+0000] {logging_mixin.py:188} INFO - Downloaded AAPL/1770190527.json
[2026-02-04T09:34:03.376+0000] {logging_mixin.py:188} INFO - Downloaded AAPL/1770190537.json
[2026-02-04T09:34:03.387+0000] {logging_mixin.py:188} INFO - Downloaded AAPL/1770190548.json
[2026-02-04T09:34:03.397+0000] {logging_mixin.py:188} INFO - Downloaded AAPL/1770190559.json
[2026-02-04T09:34:03.407+0000] {logging_mixin.py:188} INFO - Downloaded AAPL/1770190569.json
[2026-02-04T09:34:03.417+0000] {logging_mixin.py:188} INFO - Downloaded AAPL/1770190580.json
[2026-02-04T09:34:03.426+0000] {logging_mixin.py:188} INFO - Downloaded AAPL/1770190590.json
[2026-02-04T09:34:03.436+0000] {logging_mixin.py:188} INFO - Downloaded AAPL/1770190600.json
[2026-02-04T09:34:03.445+0000] {logging_mixin.py:188} INFO - Downloaded AAPL/1770190611.json
[2026-02-04T09:34:03.455+0000] {logging_mixin.py:188} INFO - Downloaded AAPL/1770190621.json
[2026-02-04T09:34:03.465+0000] {logging_mixin.py:188} INFO - Downloaded AAPL/1770190632.json
[2026-02-04T09:34:03.474+0000] {logging_mixin.py:188} INFO - Downloaded AAPL/1770190642.json
[2026-02-04T09:34:03.482+0000] {logging_mixin.py:188} INFO - Downloaded AAPL/1770190652.json
[2026-02-04T09:34:03.491+0000] {logging_mixin.py:188} INFO - Downloaded AAPL/1770190663.json
[2026-02-04T09:34:03.505+0000] {logging_mixin.py:188} INFO - Downloaded AAPL/1770190673.json
[2026-02-04T09:34:03.513+0000] {logging_mixin.py:188} INFO - Downloaded AAPL/1770190683.json
[2026-02-04T09:34:03.522+0000] {logging_mixin.py:188} INFO - Downloaded AAPL/1770190694.json
[2026-02-04T09:34:03.531+0000] {logging_mixin.py:188} INFO - Downloaded AAPL/1770190704.json
[2026-02-04T09:34:03.539+0000] {logging_mixin.py:188} INFO - Downloaded AAPL/1770190715.json
[2026-02-04T09:34:03.548+0000] {logging_mixin.py:188} INFO - Downloaded AAPL/1770190725.json
[2026-02-04T09:34:03.556+0000] {logging_mixin.py:188} INFO - Downloaded AAPL/1770190736.json
[2026-02-04T09:34:03.564+0000] {logging_mixin.py:188} INFO - Downloaded AAPL/1770190746.json
[2026-02-04T09:34:03.573+0000] {logging_mixin.py:188} INFO - Downloaded AAPL/1770190757.json
[2026-02-04T09:34:03.582+0000] {logging_mixin.py:188} INFO - Downloaded AAPL/1770190767.json
[2026-02-04T09:34:03.590+0000] {logging_mixin.py:188} INFO - Downloaded AAPL/1770190778.json
[2026-02-04T09:34:03.599+0000] {logging_mixin.py:188} INFO - Downloaded AAPL/1770190788.json
[2026-02-04T09:34:03.608+0000] {logging_mixin.py:188} INFO - Downloaded AAPL/1770190799.json
[2026-02-04T09:34:03.616+0000] {logging_mixin.py:188} INFO - Downloaded AAPL/1770190810.json
[2026-02-04T09:34:03.624+0000] {logging_mixin.py:188} INFO - Downloaded AAPL/1770190820.json
[2026-02-04T09:34:03.633+0000] {logging_mixin.py:188} INFO - Downloaded AAPL/1770190831.json
[2026-02-04T09:34:03.642+0000] {logging_mixin.py:188} INFO - Downloaded AAPL/1770190842.json
[2026-02-04T09:34:03.651+0000] {logging_mixin.py:188} INFO - Downloaded AAPL/1770190852.json
[2026-02-04T09:34:03.659+0000] {logging_mixin.py:188} INFO - Downloaded AAPL/1770190863.json
[2026-02-04T09:34:03.667+0000] {logging_mixin.py:188} INFO - Downloaded AAPL/1770190873.json
[2026-02-04T09:34:03.677+0000] {logging_mixin.py:188} INFO - Downloaded AAPL/1770190884.json
[2026-02-04T09:34:03.686+0000] {logging_mixin.py:188} INFO - Downloaded AAPL/1770190895.json
[2026-02-04T09:34:03.694+0000] {logging_mixin.py:188} INFO - Downloaded AAPL/1770190908.json
[2026-02-04T09:34:03.703+0000] {logging_mixin.py:188} INFO - Downloaded AAPL/1770190919.json
[2026-02-04T09:34:03.711+0000] {logging_mixin.py:188} INFO - Downloaded AAPL/1770190929.json
[2026-02-04T09:34:03.720+0000] {logging_mixin.py:188} INFO - Downloaded AAPL/1770190940.json
[2026-02-04T09:34:03.728+0000] {logging_mixin.py:188} INFO - Downloaded AAPL/1770190951.json
[2026-02-04T09:34:03.737+0000] {logging_mixin.py:188} INFO - Downloaded AAPL/1770190962.json
[2026-02-04T09:34:03.745+0000] {logging_mixin.py:188} INFO - Downloaded AAPL/1770190972.json
[2026-02-04T09:34:03.754+0000] {logging_mixin.py:188} INFO - Downloaded AAPL/1770190983.json
[2026-02-04T09:34:03.762+0000] {logging_mixin.py:188} INFO - Downloaded AAPL/1770190995.json
[2026-02-04T09:34:03.771+0000] {logging_mixin.py:188} INFO - Downloaded AAPL/1770191006.json
[2026-02-04T09:34:03.779+0000] {logging_mixin.py:188} INFO - Downloaded AAPL/1770191017.json
[2026-02-04T09:34:03.788+0000] {logging_mixin.py:188} INFO - Downloaded AAPL/1770191028.json
[2026-02-04T09:34:03.796+0000] {logging_mixin.py:188} INFO - Downloaded AAPL/1770191039.json
[2026-02-04T09:34:03.805+0000] {logging_mixin.py:188} INFO - Downloaded AAPL/1770191049.json
[2026-02-04T09:34:03.813+0000] {logging_mixin.py:188} INFO - Downloaded AAPL/1770191060.json
[2026-02-04T09:34:03.821+0000] {logging_mixin.py:188} INFO - Downloaded AAPL/1770191070.json
[2026-02-04T09:34:03.830+0000] {logging_mixin.py:188} INFO - Downloaded AAPL/1770191081.json
[2026-02-04T09:34:03.839+0000] {logging_mixin.py:188} INFO - Downloaded AAPL/1770191091.json
[2026-02-04T09:34:03.848+0000] {logging_mixin.py:188} INFO - Downloaded AAPL/1770191101.json
[2026-02-04T09:34:03.857+0000] {logging_mixin.py:188} INFO - Downloaded AAPL/1770191111.json
[2026-02-04T09:34:03.868+0000] {logging_mixin.py:188} INFO - Downloaded AAPL/1770191122.json
[2026-02-04T09:34:03.877+0000] {logging_mixin.py:188} INFO - Downloaded AAPL/1770191133.json
[2026-02-04T09:34:03.887+0000] {logging_mixin.py:188} INFO - Downloaded AAPL/1770191144.json
[2026-02-04T09:34:03.895+0000] {logging_mixin.py:188} INFO - Downloaded AAPL/1770191154.json
[2026-02-04T09:34:03.904+0000] {logging_mixin.py:188} INFO - Downloaded AAPL/1770191165.json
[2026-02-04T09:34:03.912+0000] {logging_mixin.py:188} INFO - Downloaded AAPL/1770191175.json
[2026-02-04T09:34:03.924+0000] {logging_mixin.py:188} INFO - Downloaded AAPL/1770191186.json
[2026-02-04T09:34:03.934+0000] {logging_mixin.py:188} INFO - Downloaded AAPL/1770191197.json
[2026-02-04T09:34:03.943+0000] {logging_mixin.py:188} INFO - Downloaded AAPL/1770191207.json
[2026-02-04T09:34:03.953+0000] {logging_mixin.py:188} INFO - Downloaded AAPL/1770191218.json
[2026-02-04T09:34:03.962+0000] {logging_mixin.py:188} INFO - Downloaded AAPL/1770191229.json
[2026-02-04T09:34:03.972+0000] {logging_mixin.py:188} INFO - Downloaded AAPL/1770191240.json
[2026-02-04T09:34:03.981+0000] {logging_mixin.py:188} INFO - Downloaded AAPL/1770191251.json
[2026-02-04T09:34:03.991+0000] {logging_mixin.py:188} INFO - Downloaded AAPL/1770191261.json
[2026-02-04T09:34:04.002+0000] {logging_mixin.py:188} INFO - Downloaded AAPL/1770191272.json
[2026-02-04T09:34:04.011+0000] {logging_mixin.py:188} INFO - Downloaded AAPL/1770191283.json
[2026-02-04T09:34:04.022+0000] {logging_mixin.py:188} INFO - Downloaded AAPL/1770191293.json
[2026-02-04T09:34:04.031+0000] {logging_mixin.py:188} INFO - Downloaded AMZN/1770190215.json
[2026-02-04T09:34:04.040+0000] {logging_mixin.py:188} INFO - Downloaded AMZN/1770190226.json
[2026-02-04T09:34:04.049+0000] {logging_mixin.py:188} INFO - Downloaded AMZN/1770190237.json
[2026-02-04T09:34:04.057+0000] {logging_mixin.py:188} INFO - Downloaded AMZN/1770190249.json
[2026-02-04T09:34:04.066+0000] {logging_mixin.py:188} INFO - Downloaded AMZN/1770190261.json
[2026-02-04T09:34:04.075+0000] {logging_mixin.py:188} INFO - Downloaded AMZN/1770190271.json
[2026-02-04T09:34:04.083+0000] {logging_mixin.py:188} INFO - Downloaded AMZN/1770190282.json
[2026-02-04T09:34:04.091+0000] {logging_mixin.py:188} INFO - Downloaded AMZN/1770190293.json
[2026-02-04T09:34:04.101+0000] {logging_mixin.py:188} INFO - Downloaded AMZN/1770190303.json
[2026-02-04T09:34:04.110+0000] {logging_mixin.py:188} INFO - Downloaded AMZN/1770190316.json
[2026-02-04T09:34:04.119+0000] {logging_mixin.py:188} INFO - Downloaded AMZN/1770190326.json
[2026-02-04T09:34:04.127+0000] {logging_mixin.py:188} INFO - Downloaded AMZN/1770190337.json
[2026-02-04T09:34:04.135+0000] {logging_mixin.py:188} INFO - Downloaded AMZN/1770190348.json
[2026-02-04T09:34:04.143+0000] {logging_mixin.py:188} INFO - Downloaded AMZN/1770190360.json
[2026-02-04T09:34:04.152+0000] {logging_mixin.py:188} INFO - Downloaded AMZN/1770190371.json
[2026-02-04T09:34:04.160+0000] {logging_mixin.py:188} INFO - Downloaded AMZN/1770190381.json
[2026-02-04T09:34:04.169+0000] {logging_mixin.py:188} INFO - Downloaded AMZN/1770190392.json
[2026-02-04T09:34:04.178+0000] {logging_mixin.py:188} INFO - Downloaded AMZN/1770190403.json
[2026-02-04T09:34:04.187+0000] {logging_mixin.py:188} INFO - Downloaded AMZN/1770190414.json
[2026-02-04T09:34:04.198+0000] {logging_mixin.py:188} INFO - Downloaded AMZN/1770190425.json
[2026-02-04T09:34:04.207+0000] {logging_mixin.py:188} INFO - Downloaded AMZN/1770190435.json
[2026-02-04T09:34:04.215+0000] {logging_mixin.py:188} INFO - Downloaded AMZN/1770190446.json
[2026-02-04T09:34:04.223+0000] {logging_mixin.py:188} INFO - Downloaded AMZN/1770190456.json
[2026-02-04T09:34:04.232+0000] {logging_mixin.py:188} INFO - Downloaded AMZN/1770190467.json
[2026-02-04T09:34:04.240+0000] {logging_mixin.py:188} INFO - Downloaded AMZN/1770190477.json
[2026-02-04T09:34:04.250+0000] {logging_mixin.py:188} INFO - Downloaded AMZN/1770190488.json
[2026-02-04T09:34:04.258+0000] {logging_mixin.py:188} INFO - Downloaded AMZN/1770190499.json
[2026-02-04T09:34:04.267+0000] {logging_mixin.py:188} INFO - Downloaded AMZN/1770190509.json
[2026-02-04T09:34:04.275+0000] {logging_mixin.py:188} INFO - Downloaded AMZN/1770190520.json
[2026-02-04T09:34:04.284+0000] {logging_mixin.py:188} INFO - Downloaded AMZN/1770190531.json
[2026-02-04T09:34:04.292+0000] {logging_mixin.py:188} INFO - Downloaded AMZN/1770190541.json
[2026-02-04T09:34:04.301+0000] {logging_mixin.py:188} INFO - Downloaded AMZN/1770190552.json
[2026-02-04T09:34:04.309+0000] {logging_mixin.py:188} INFO - Downloaded AMZN/1770190562.json
[2026-02-04T09:34:04.319+0000] {logging_mixin.py:188} INFO - Downloaded AMZN/1770190573.json
[2026-02-04T09:34:04.327+0000] {logging_mixin.py:188} INFO - Downloaded AMZN/1770190583.json
[2026-02-04T09:34:04.336+0000] {logging_mixin.py:188} INFO - Downloaded AMZN/1770190593.json
[2026-02-04T09:34:04.344+0000] {logging_mixin.py:188} INFO - Downloaded AMZN/1770190604.json
[2026-02-04T09:34:04.356+0000] {logging_mixin.py:188} INFO - Downloaded AMZN/1770190615.json
[2026-02-04T09:34:04.367+0000] {logging_mixin.py:188} INFO - Downloaded AMZN/1770190625.json
[2026-02-04T09:34:04.378+0000] {logging_mixin.py:188} INFO - Downloaded AMZN/1770190635.json
[2026-02-04T09:34:04.388+0000] {logging_mixin.py:188} INFO - Downloaded AMZN/1770190645.json
[2026-02-04T09:34:04.397+0000] {logging_mixin.py:188} INFO - Downloaded AMZN/1770190656.json
[2026-02-04T09:34:04.407+0000] {logging_mixin.py:188} INFO - Downloaded AMZN/1770190666.json
[2026-02-04T09:34:04.417+0000] {logging_mixin.py:188} INFO - Downloaded AMZN/1770190677.json
[2026-02-04T09:34:04.427+0000] {logging_mixin.py:188} INFO - Downloaded AMZN/1770190687.json
[2026-02-04T09:34:04.437+0000] {logging_mixin.py:188} INFO - Downloaded AMZN/1770190697.json
[2026-02-04T09:34:04.448+0000] {logging_mixin.py:188} INFO - Downloaded AMZN/1770190708.json
[2026-02-04T09:34:04.458+0000] {logging_mixin.py:188} INFO - Downloaded AMZN/1770190718.json
[2026-02-04T09:34:04.469+0000] {logging_mixin.py:188} INFO - Downloaded AMZN/1770190729.json
[2026-02-04T09:34:04.481+0000] {logging_mixin.py:188} INFO - Downloaded AMZN/1770190739.json
[2026-02-04T09:34:04.493+0000] {logging_mixin.py:188} INFO - Downloaded AMZN/1770190750.json
[2026-02-04T09:34:04.503+0000] {logging_mixin.py:188} INFO - Downloaded AMZN/1770190760.json
[2026-02-04T09:34:04.512+0000] {logging_mixin.py:188} INFO - Downloaded AMZN/1770190771.json
[2026-02-04T09:34:04.520+0000] {logging_mixin.py:188} INFO - Downloaded AMZN/1770190781.json
[2026-02-04T09:34:04.530+0000] {logging_mixin.py:188} INFO - Downloaded AMZN/1770190792.json
[2026-02-04T09:34:04.539+0000] {logging_mixin.py:188} INFO - Downloaded AMZN/1770190803.json
[2026-02-04T09:34:04.547+0000] {logging_mixin.py:188} INFO - Downloaded AMZN/1770190813.json
[2026-02-04T09:34:04.558+0000] {logging_mixin.py:188} INFO - Downloaded AMZN/1770190824.json
[2026-02-04T09:34:04.566+0000] {logging_mixin.py:188} INFO - Downloaded AMZN/1770190835.json
[2026-02-04T09:34:04.575+0000] {logging_mixin.py:188} INFO - Downloaded AMZN/1770190845.json
[2026-02-04T09:34:04.583+0000] {logging_mixin.py:188} INFO - Downloaded AMZN/1770190856.json
[2026-02-04T09:34:04.592+0000] {logging_mixin.py:188} INFO - Downloaded AMZN/1770190866.json
[2026-02-04T09:34:04.601+0000] {logging_mixin.py:188} INFO - Downloaded AMZN/1770190877.json
[2026-02-04T09:34:04.610+0000] {logging_mixin.py:188} INFO - Downloaded AMZN/1770190888.json
[2026-02-04T09:34:04.618+0000] {logging_mixin.py:188} INFO - Downloaded AMZN/1770190901.json
[2026-02-04T09:34:04.627+0000] {logging_mixin.py:188} INFO - Downloaded AMZN/1770190912.json
[2026-02-04T09:34:04.637+0000] {logging_mixin.py:188} INFO - Downloaded AMZN/1770190923.json
[2026-02-04T09:34:04.645+0000] {logging_mixin.py:188} INFO - Downloaded AMZN/1770190933.json
[2026-02-04T09:34:04.654+0000] {logging_mixin.py:188} INFO - Downloaded AMZN/1770190944.json
[2026-02-04T09:34:04.663+0000] {logging_mixin.py:188} INFO - Downloaded AMZN/1770190955.json
[2026-02-04T09:34:04.671+0000] {logging_mixin.py:188} INFO - Downloaded AMZN/1770190965.json
[2026-02-04T09:34:04.680+0000] {logging_mixin.py:188} INFO - Downloaded AMZN/1770190976.json
[2026-02-04T09:34:04.689+0000] {logging_mixin.py:188} INFO - Downloaded AMZN/1770190988.json
[2026-02-04T09:34:04.697+0000] {logging_mixin.py:188} INFO - Downloaded AMZN/1770190999.json
[2026-02-04T09:34:04.706+0000] {logging_mixin.py:188} INFO - Downloaded AMZN/1770191010.json
[2026-02-04T09:34:04.715+0000] {logging_mixin.py:188} INFO - Downloaded AMZN/1770191021.json
[2026-02-04T09:34:04.723+0000] {logging_mixin.py:188} INFO - Downloaded AMZN/1770191032.json
[2026-02-04T09:34:04.733+0000] {logging_mixin.py:188} INFO - Downloaded AMZN/1770191042.json
[2026-02-04T09:34:04.741+0000] {logging_mixin.py:188} INFO - Downloaded AMZN/1770191053.json
[2026-02-04T09:34:04.750+0000] {logging_mixin.py:188} INFO - Downloaded AMZN/1770191063.json
[2026-02-04T09:34:04.759+0000] {logging_mixin.py:188} INFO - Downloaded AMZN/1770191074.json
[2026-02-04T09:34:04.768+0000] {logging_mixin.py:188} INFO - Downloaded AMZN/1770191084.json
[2026-02-04T09:34:04.776+0000] {logging_mixin.py:188} INFO - Downloaded AMZN/1770191094.json
[2026-02-04T09:34:04.785+0000] {logging_mixin.py:188} INFO - Downloaded AMZN/1770191105.json
[2026-02-04T09:34:04.794+0000] {logging_mixin.py:188} INFO - Downloaded AMZN/1770191115.json
[2026-02-04T09:34:04.803+0000] {logging_mixin.py:188} INFO - Downloaded AMZN/1770191126.json
[2026-02-04T09:34:04.811+0000] {logging_mixin.py:188} INFO - Downloaded AMZN/1770191137.json
[2026-02-04T09:34:04.820+0000] {logging_mixin.py:188} INFO - Downloaded AMZN/1770191147.json
[2026-02-04T09:34:04.829+0000] {logging_mixin.py:188} INFO - Downloaded AMZN/1770191158.json
[2026-02-04T09:34:04.839+0000] {logging_mixin.py:188} INFO - Downloaded AMZN/1770191168.json
[2026-02-04T09:34:04.849+0000] {logging_mixin.py:188} INFO - Downloaded AMZN/1770191179.json
[2026-02-04T09:34:04.857+0000] {logging_mixin.py:188} INFO - Downloaded AMZN/1770191190.json
[2026-02-04T09:34:04.867+0000] {logging_mixin.py:188} INFO - Downloaded AMZN/1770191200.json
[2026-02-04T09:34:04.875+0000] {logging_mixin.py:188} INFO - Downloaded AMZN/1770191211.json
[2026-02-04T09:34:04.884+0000] {logging_mixin.py:188} INFO - Downloaded AMZN/1770191222.json
[2026-02-04T09:34:04.892+0000] {logging_mixin.py:188} INFO - Downloaded AMZN/1770191233.json
[2026-02-04T09:34:04.902+0000] {logging_mixin.py:188} INFO - Downloaded AMZN/1770191244.json
[2026-02-04T09:34:04.910+0000] {logging_mixin.py:188} INFO - Downloaded AMZN/1770191254.json
[2026-02-04T09:34:04.920+0000] {logging_mixin.py:188} INFO - Downloaded AMZN/1770191265.json
[2026-02-04T09:34:04.928+0000] {logging_mixin.py:188} INFO - Downloaded AMZN/1770191276.json
[2026-02-04T09:34:04.937+0000] {logging_mixin.py:188} INFO - Downloaded AMZN/1770191286.json
[2026-02-04T09:34:04.947+0000] {logging_mixin.py:188} INFO - Downloaded GOOGL/1770190214.json
[2026-02-04T09:34:04.955+0000] {logging_mixin.py:188} INFO - Downloaded GOOGL/1770190224.json
[2026-02-04T09:34:04.964+0000] {logging_mixin.py:188} INFO - Downloaded GOOGL/1770190236.json
[2026-02-04T09:34:04.973+0000] {logging_mixin.py:188} INFO - Downloaded GOOGL/1770190248.json
[2026-02-04T09:34:04.981+0000] {logging_mixin.py:188} INFO - Downloaded GOOGL/1770190260.json
[2026-02-04T09:34:04.990+0000] {logging_mixin.py:188} INFO - Downloaded GOOGL/1770190270.json
[2026-02-04T09:34:04.998+0000] {logging_mixin.py:188} INFO - Downloaded GOOGL/1770190281.json
[2026-02-04T09:34:05.008+0000] {logging_mixin.py:188} INFO - Downloaded GOOGL/1770190292.json
[2026-02-04T09:34:05.018+0000] {logging_mixin.py:188} INFO - Downloaded GOOGL/1770190302.json
[2026-02-04T09:34:05.026+0000] {logging_mixin.py:188} INFO - Downloaded GOOGL/1770190315.json
[2026-02-04T09:34:05.036+0000] {logging_mixin.py:188} INFO - Downloaded GOOGL/1770190325.json
[2026-02-04T09:34:05.045+0000] {logging_mixin.py:188} INFO - Downloaded GOOGL/1770190336.json
[2026-02-04T09:34:05.058+0000] {logging_mixin.py:188} INFO - Downloaded GOOGL/1770190347.json
[2026-02-04T09:34:05.068+0000] {logging_mixin.py:188} INFO - Downloaded GOOGL/1770190359.json
[2026-02-04T09:34:05.077+0000] {logging_mixin.py:188} INFO - Downloaded GOOGL/1770190370.json
[2026-02-04T09:34:05.085+0000] {logging_mixin.py:188} INFO - Downloaded GOOGL/1770190380.json
[2026-02-04T09:34:05.094+0000] {logging_mixin.py:188} INFO - Downloaded GOOGL/1770190391.json
[2026-02-04T09:34:05.103+0000] {logging_mixin.py:188} INFO - Downloaded GOOGL/1770190402.json
[2026-02-04T09:34:05.112+0000] {logging_mixin.py:188} INFO - Downloaded GOOGL/1770190413.json
[2026-02-04T09:34:05.121+0000] {logging_mixin.py:188} INFO - Downloaded GOOGL/1770190424.json
[2026-02-04T09:34:05.129+0000] {logging_mixin.py:188} INFO - Downloaded GOOGL/1770190434.json
[2026-02-04T09:34:05.138+0000] {logging_mixin.py:188} INFO - Downloaded GOOGL/1770190445.json
[2026-02-04T09:34:05.146+0000] {logging_mixin.py:188} INFO - Downloaded GOOGL/1770190455.json
[2026-02-04T09:34:05.154+0000] {logging_mixin.py:188} INFO - Downloaded GOOGL/1770190466.json
[2026-02-04T09:34:05.163+0000] {logging_mixin.py:188} INFO - Downloaded GOOGL/1770190477.json
[2026-02-04T09:34:05.171+0000] {logging_mixin.py:188} INFO - Downloaded GOOGL/1770190487.json
[2026-02-04T09:34:05.180+0000] {logging_mixin.py:188} INFO - Downloaded GOOGL/1770190498.json
[2026-02-04T09:34:05.190+0000] {logging_mixin.py:188} INFO - Downloaded GOOGL/1770190508.json
[2026-02-04T09:34:05.201+0000] {logging_mixin.py:188} INFO - Downloaded GOOGL/1770190519.json
[2026-02-04T09:34:05.211+0000] {logging_mixin.py:188} INFO - Downloaded GOOGL/1770190529.json
[2026-02-04T09:34:05.219+0000] {logging_mixin.py:188} INFO - Downloaded GOOGL/1770190540.json
[2026-02-04T09:34:05.228+0000] {logging_mixin.py:188} INFO - Downloaded GOOGL/1770190551.json
[2026-02-04T09:34:05.237+0000] {logging_mixin.py:188} INFO - Downloaded GOOGL/1770190561.json
[2026-02-04T09:34:05.246+0000] {logging_mixin.py:188} INFO - Downloaded GOOGL/1770190572.json
[2026-02-04T09:34:05.255+0000] {logging_mixin.py:188} INFO - Downloaded GOOGL/1770190582.json
[2026-02-04T09:34:05.263+0000] {logging_mixin.py:188} INFO - Downloaded GOOGL/1770190592.json
[2026-02-04T09:34:05.272+0000] {logging_mixin.py:188} INFO - Downloaded GOOGL/1770190603.json
[2026-02-04T09:34:05.280+0000] {logging_mixin.py:188} INFO - Downloaded GOOGL/1770190614.json
[2026-02-04T09:34:05.289+0000] {logging_mixin.py:188} INFO - Downloaded GOOGL/1770190624.json
[2026-02-04T09:34:05.297+0000] {logging_mixin.py:188} INFO - Downloaded GOOGL/1770190634.json
[2026-02-04T09:34:05.306+0000] {logging_mixin.py:188} INFO - Downloaded GOOGL/1770190645.json
[2026-02-04T09:34:05.314+0000] {logging_mixin.py:188} INFO - Downloaded GOOGL/1770190655.json
[2026-02-04T09:34:05.323+0000] {logging_mixin.py:188} INFO - Downloaded GOOGL/1770190665.json
[2026-02-04T09:34:05.331+0000] {logging_mixin.py:188} INFO - Downloaded GOOGL/1770190676.json
[2026-02-04T09:34:05.339+0000] {logging_mixin.py:188} INFO - Downloaded GOOGL/1770190686.json
[2026-02-04T09:34:05.348+0000] {logging_mixin.py:188} INFO - Downloaded GOOGL/1770190697.json
[2026-02-04T09:34:05.356+0000] {logging_mixin.py:188} INFO - Downloaded GOOGL/1770190707.json
[2026-02-04T09:34:05.367+0000] {logging_mixin.py:188} INFO - Downloaded GOOGL/1770190718.json
[2026-02-04T09:34:05.376+0000] {logging_mixin.py:188} INFO - Downloaded GOOGL/1770190728.json
[2026-02-04T09:34:05.385+0000] {logging_mixin.py:188} INFO - Downloaded GOOGL/1770190738.json
[2026-02-04T09:34:05.394+0000] {logging_mixin.py:188} INFO - Downloaded GOOGL/1770190749.json
[2026-02-04T09:34:05.403+0000] {logging_mixin.py:188} INFO - Downloaded GOOGL/1770190760.json
[2026-02-04T09:34:05.412+0000] {logging_mixin.py:188} INFO - Downloaded GOOGL/1770190770.json
[2026-02-04T09:34:05.421+0000] {logging_mixin.py:188} INFO - Downloaded GOOGL/1770190780.json
[2026-02-04T09:34:05.432+0000] {logging_mixin.py:188} INFO - Downloaded GOOGL/1770190791.json
[2026-02-04T09:34:05.442+0000] {logging_mixin.py:188} INFO - Downloaded GOOGL/1770190802.json
[2026-02-04T09:34:05.453+0000] {logging_mixin.py:188} INFO - Downloaded GOOGL/1770190813.json
[2026-02-04T09:34:05.466+0000] {logging_mixin.py:188} INFO - Downloaded GOOGL/1770190823.json
[2026-02-04T09:34:05.478+0000] {logging_mixin.py:188} INFO - Downloaded GOOGL/1770190834.json
[2026-02-04T09:34:05.489+0000] {logging_mixin.py:188} INFO - Downloaded GOOGL/1770190844.json
[2026-02-04T09:34:05.499+0000] {logging_mixin.py:188} INFO - Downloaded GOOGL/1770190855.json
[2026-02-04T09:34:05.509+0000] {logging_mixin.py:188} INFO - Downloaded GOOGL/1770190865.json
[2026-02-04T09:34:05.520+0000] {logging_mixin.py:188} INFO - Downloaded GOOGL/1770190876.json
[2026-02-04T09:34:05.536+0000] {logging_mixin.py:188} INFO - Downloaded GOOGL/1770190887.json
[2026-02-04T09:34:05.571+0000] {logging_mixin.py:188} INFO - Downloaded GOOGL/1770190899.json
[2026-02-04T09:34:05.593+0000] {logging_mixin.py:188} INFO - Downloaded GOOGL/1770190911.json
[2026-02-04T09:34:05.618+0000] {logging_mixin.py:188} INFO - Downloaded GOOGL/1770190922.json
[2026-02-04T09:34:05.635+0000] {logging_mixin.py:188} INFO - Downloaded GOOGL/1770190932.json
[2026-02-04T09:34:05.651+0000] {logging_mixin.py:188} INFO - Downloaded GOOGL/1770190943.json
[2026-02-04T09:34:05.664+0000] {logging_mixin.py:188} INFO - Downloaded GOOGL/1770190954.json
[2026-02-04T09:34:05.680+0000] {logging_mixin.py:188} INFO - Downloaded GOOGL/1770190965.json
[2026-02-04T09:34:05.698+0000] {logging_mixin.py:188} INFO - Downloaded GOOGL/1770190975.json
[2026-02-04T09:34:05.714+0000] {logging_mixin.py:188} INFO - Downloaded GOOGL/1770190987.json
[2026-02-04T09:34:05.733+0000] {logging_mixin.py:188} INFO - Downloaded GOOGL/1770190998.json
[2026-02-04T09:34:05.755+0000] {logging_mixin.py:188} INFO - Downloaded GOOGL/1770191009.json
[2026-02-04T09:34:05.771+0000] {logging_mixin.py:188} INFO - Downloaded GOOGL/1770191020.json
[2026-02-04T09:34:05.784+0000] {logging_mixin.py:188} INFO - Downloaded GOOGL/1770191031.json
[2026-02-04T09:34:05.797+0000] {logging_mixin.py:188} INFO - Downloaded GOOGL/1770191041.json
[2026-02-04T09:34:05.814+0000] {logging_mixin.py:188} INFO - Downloaded GOOGL/1770191052.json
[2026-02-04T09:34:05.824+0000] {logging_mixin.py:188} INFO - Downloaded GOOGL/1770191062.json
[2026-02-04T09:34:05.833+0000] {logging_mixin.py:188} INFO - Downloaded GOOGL/1770191073.json
[2026-02-04T09:34:05.841+0000] {logging_mixin.py:188} INFO - Downloaded GOOGL/1770191083.json
[2026-02-04T09:34:05.849+0000] {logging_mixin.py:188} INFO - Downloaded GOOGL/1770191094.json
[2026-02-04T09:34:05.857+0000] {logging_mixin.py:188} INFO - Downloaded GOOGL/1770191104.json
[2026-02-04T09:34:05.867+0000] {logging_mixin.py:188} INFO - Downloaded GOOGL/1770191114.json
[2026-02-04T09:34:05.876+0000] {logging_mixin.py:188} INFO - Downloaded GOOGL/1770191125.json
[2026-02-04T09:34:05.885+0000] {logging_mixin.py:188} INFO - Downloaded GOOGL/1770191136.json
[2026-02-04T09:34:05.893+0000] {logging_mixin.py:188} INFO - Downloaded GOOGL/1770191146.json
[2026-02-04T09:34:05.904+0000] {logging_mixin.py:188} INFO - Downloaded GOOGL/1770191157.json
[2026-02-04T09:34:05.912+0000] {logging_mixin.py:188} INFO - Downloaded GOOGL/1770191167.json
[2026-02-04T09:34:05.922+0000] {logging_mixin.py:188} INFO - Downloaded GOOGL/1770191178.json
[2026-02-04T09:34:05.933+0000] {logging_mixin.py:188} INFO - Downloaded GOOGL/1770191189.json
[2026-02-04T09:34:05.945+0000] {logging_mixin.py:188} INFO - Downloaded GOOGL/1770191200.json
[2026-02-04T09:34:05.955+0000] {logging_mixin.py:188} INFO - Downloaded GOOGL/1770191210.json
[2026-02-04T09:34:05.964+0000] {logging_mixin.py:188} INFO - Downloaded GOOGL/1770191221.json
[2026-02-04T09:34:05.972+0000] {logging_mixin.py:188} INFO - Downloaded GOOGL/1770191232.json
[2026-02-04T09:34:05.981+0000] {logging_mixin.py:188} INFO - Downloaded GOOGL/1770191243.json
[2026-02-04T09:34:05.990+0000] {logging_mixin.py:188} INFO - Downloaded GOOGL/1770191253.json
[2026-02-04T09:34:06.000+0000] {logging_mixin.py:188} INFO - Downloaded GOOGL/1770191264.json
[2026-02-04T09:34:06.010+0000] {logging_mixin.py:188} INFO - Downloaded GOOGL/1770191275.json
[2026-02-04T09:34:06.019+0000] {logging_mixin.py:188} INFO - Downloaded GOOGL/1770191285.json
[2026-02-04T09:34:06.028+0000] {logging_mixin.py:188} INFO - Downloaded MSFT/1770190212.json
[2026-02-04T09:34:06.036+0000] {logging_mixin.py:188} INFO - Downloaded MSFT/1770190222.json
[2026-02-04T09:34:06.044+0000] {logging_mixin.py:188} INFO - Downloaded MSFT/1770190234.json
[2026-02-04T09:34:06.054+0000] {logging_mixin.py:188} INFO - Downloaded MSFT/1770190246.json
[2026-02-04T09:34:06.062+0000] {logging_mixin.py:188} INFO - Downloaded MSFT/1770190257.json
[2026-02-04T09:34:06.072+0000] {logging_mixin.py:188} INFO - Downloaded MSFT/1770190268.json
[2026-02-04T09:34:06.080+0000] {logging_mixin.py:188} INFO - Downloaded MSFT/1770190279.json
[2026-02-04T09:34:06.089+0000] {logging_mixin.py:188} INFO - Downloaded MSFT/1770190290.json
[2026-02-04T09:34:06.099+0000] {logging_mixin.py:188} INFO - Downloaded MSFT/1770190301.json
[2026-02-04T09:34:06.112+0000] {logging_mixin.py:188} INFO - Downloaded MSFT/1770190311.json
[2026-02-04T09:34:06.122+0000] {logging_mixin.py:188} INFO - Downloaded MSFT/1770190324.json
[2026-02-04T09:34:06.134+0000] {logging_mixin.py:188} INFO - Downloaded MSFT/1770190334.json
[2026-02-04T09:34:06.143+0000] {logging_mixin.py:188} INFO - Downloaded MSFT/1770190345.json
[2026-02-04T09:34:06.152+0000] {logging_mixin.py:188} INFO - Downloaded MSFT/1770190357.json
[2026-02-04T09:34:06.161+0000] {logging_mixin.py:188} INFO - Downloaded MSFT/1770190368.json
[2026-02-04T09:34:06.170+0000] {logging_mixin.py:188} INFO - Downloaded MSFT/1770190379.json
[2026-02-04T09:34:06.179+0000] {logging_mixin.py:188} INFO - Downloaded MSFT/1770190389.json
[2026-02-04T09:34:06.187+0000] {logging_mixin.py:188} INFO - Downloaded MSFT/1770190400.json
[2026-02-04T09:34:06.196+0000] {logging_mixin.py:188} INFO - Downloaded MSFT/1770190411.json
[2026-02-04T09:34:06.205+0000] {logging_mixin.py:188} INFO - Downloaded MSFT/1770190422.json
[2026-02-04T09:34:06.214+0000] {logging_mixin.py:188} INFO - Downloaded MSFT/1770190433.json
[2026-02-04T09:34:06.225+0000] {logging_mixin.py:188} INFO - Downloaded MSFT/1770190443.json
[2026-02-04T09:34:06.236+0000] {logging_mixin.py:188} INFO - Downloaded MSFT/1770190454.json
[2026-02-04T09:34:06.246+0000] {logging_mixin.py:188} INFO - Downloaded MSFT/1770190464.json
[2026-02-04T09:34:06.257+0000] {logging_mixin.py:188} INFO - Downloaded MSFT/1770190475.json
[2026-02-04T09:34:06.266+0000] {logging_mixin.py:188} INFO - Downloaded MSFT/1770190486.json
[2026-02-04T09:34:06.275+0000] {logging_mixin.py:188} INFO - Downloaded MSFT/1770190496.json
[2026-02-04T09:34:06.284+0000] {logging_mixin.py:188} INFO - Downloaded MSFT/1770190507.json
[2026-02-04T09:34:06.293+0000] {logging_mixin.py:188} INFO - Downloaded MSFT/1770190517.json
[2026-02-04T09:34:06.302+0000] {logging_mixin.py:188} INFO - Downloaded MSFT/1770190528.json
[2026-02-04T09:34:06.310+0000] {logging_mixin.py:188} INFO - Downloaded MSFT/1770190538.json
[2026-02-04T09:34:06.320+0000] {logging_mixin.py:188} INFO - Downloaded MSFT/1770190549.json
[2026-02-04T09:34:06.328+0000] {logging_mixin.py:188} INFO - Downloaded MSFT/1770190559.json
[2026-02-04T09:34:06.337+0000] {logging_mixin.py:188} INFO - Downloaded MSFT/1770190570.json
[2026-02-04T09:34:06.347+0000] {logging_mixin.py:188} INFO - Downloaded MSFT/1770190580.json
[2026-02-04T09:34:06.355+0000] {logging_mixin.py:188} INFO - Downloaded MSFT/1770190591.json
[2026-02-04T09:34:06.364+0000] {logging_mixin.py:188} INFO - Downloaded MSFT/1770190601.json
[2026-02-04T09:34:06.373+0000] {logging_mixin.py:188} INFO - Downloaded MSFT/1770190612.json
[2026-02-04T09:34:06.384+0000] {logging_mixin.py:188} INFO - Downloaded MSFT/1770190622.json
[2026-02-04T09:34:06.393+0000] {logging_mixin.py:188} INFO - Downloaded MSFT/1770190632.json
[2026-02-04T09:34:06.403+0000] {logging_mixin.py:188} INFO - Downloaded MSFT/1770190643.json
[2026-02-04T09:34:06.413+0000] {logging_mixin.py:188} INFO - Downloaded MSFT/1770190653.json
[2026-02-04T09:34:06.422+0000] {logging_mixin.py:188} INFO - Downloaded MSFT/1770190663.json
[2026-02-04T09:34:06.430+0000] {logging_mixin.py:188} INFO - Downloaded MSFT/1770190674.json
[2026-02-04T09:34:06.440+0000] {logging_mixin.py:188} INFO - Downloaded MSFT/1770190684.json
[2026-02-04T09:34:06.448+0000] {logging_mixin.py:188} INFO - Downloaded MSFT/1770190695.json
[2026-02-04T09:34:06.457+0000] {logging_mixin.py:188} INFO - Downloaded MSFT/1770190705.json
[2026-02-04T09:34:06.466+0000] {logging_mixin.py:188} INFO - Downloaded MSFT/1770190716.json
[2026-02-04T09:34:06.474+0000] {logging_mixin.py:188} INFO - Downloaded MSFT/1770190726.json
[2026-02-04T09:34:06.484+0000] {logging_mixin.py:188} INFO - Downloaded MSFT/1770190737.json
[2026-02-04T09:34:06.493+0000] {logging_mixin.py:188} INFO - Downloaded MSFT/1770190747.json
[2026-02-04T09:34:06.504+0000] {logging_mixin.py:188} INFO - Downloaded MSFT/1770190758.json
[2026-02-04T09:34:06.514+0000] {logging_mixin.py:188} INFO - Downloaded MSFT/1770190768.json
[2026-02-04T09:34:06.523+0000] {logging_mixin.py:188} INFO - Downloaded MSFT/1770190779.json
[2026-02-04T09:34:06.532+0000] {logging_mixin.py:188} INFO - Downloaded MSFT/1770190789.json
[2026-02-04T09:34:06.541+0000] {logging_mixin.py:188} INFO - Downloaded MSFT/1770190800.json
[2026-02-04T09:34:06.549+0000] {logging_mixin.py:188} INFO - Downloaded MSFT/1770190811.json
[2026-02-04T09:34:06.558+0000] {logging_mixin.py:188} INFO - Downloaded MSFT/1770190821.json
[2026-02-04T09:34:06.567+0000] {logging_mixin.py:188} INFO - Downloaded MSFT/1770190832.json
[2026-02-04T09:34:06.575+0000] {logging_mixin.py:188} INFO - Downloaded MSFT/1770190842.json
[2026-02-04T09:34:06.584+0000] {logging_mixin.py:188} INFO - Downloaded MSFT/1770190853.json
[2026-02-04T09:34:06.595+0000] {logging_mixin.py:188} INFO - Downloaded MSFT/1770190863.json
[2026-02-04T09:34:06.604+0000] {logging_mixin.py:188} INFO - Downloaded MSFT/1770190874.json
[2026-02-04T09:34:06.612+0000] {logging_mixin.py:188} INFO - Downloaded MSFT/1770190885.json
[2026-02-04T09:34:06.623+0000] {logging_mixin.py:188} INFO - Downloaded MSFT/1770190896.json
[2026-02-04T09:34:06.632+0000] {logging_mixin.py:188} INFO - Downloaded MSFT/1770190909.json
[2026-02-04T09:34:06.643+0000] {logging_mixin.py:188} INFO - Downloaded MSFT/1770190920.json
[2026-02-04T09:34:06.654+0000] {logging_mixin.py:188} INFO - Downloaded MSFT/1770190930.json
[2026-02-04T09:34:06.665+0000] {logging_mixin.py:188} INFO - Downloaded MSFT/1770190941.json
[2026-02-04T09:34:06.675+0000] {logging_mixin.py:188} INFO - Downloaded MSFT/1770190952.json
[2026-02-04T09:34:06.687+0000] {logging_mixin.py:188} INFO - Downloaded MSFT/1770190963.json
[2026-02-04T09:34:06.696+0000] {logging_mixin.py:188} INFO - Downloaded MSFT/1770190973.json
[2026-02-04T09:34:06.706+0000] {logging_mixin.py:188} INFO - Downloaded MSFT/1770190984.json
[2026-02-04T09:34:06.716+0000] {logging_mixin.py:188} INFO - Downloaded MSFT/1770190996.json
[2026-02-04T09:34:06.725+0000] {logging_mixin.py:188} INFO - Downloaded MSFT/1770191007.json
[2026-02-04T09:34:06.734+0000] {logging_mixin.py:188} INFO - Downloaded MSFT/1770191018.json
[2026-02-04T09:34:06.744+0000] {logging_mixin.py:188} INFO - Downloaded MSFT/1770191029.json
[2026-02-04T09:34:06.757+0000] {logging_mixin.py:188} INFO - Downloaded MSFT/1770191040.json
[2026-02-04T09:34:06.766+0000] {logging_mixin.py:188} INFO - Downloaded MSFT/1770191050.json
[2026-02-04T09:34:06.774+0000] {logging_mixin.py:188} INFO - Downloaded MSFT/1770191061.json
[2026-02-04T09:34:06.783+0000] {logging_mixin.py:188} INFO - Downloaded MSFT/1770191071.json
[2026-02-04T09:34:06.792+0000] {logging_mixin.py:188} INFO - Downloaded MSFT/1770191081.json
[2026-02-04T09:34:06.801+0000] {logging_mixin.py:188} INFO - Downloaded MSFT/1770191092.json
[2026-02-04T09:34:06.810+0000] {logging_mixin.py:188} INFO - Downloaded MSFT/1770191102.json
[2026-02-04T09:34:06.819+0000] {logging_mixin.py:188} INFO - Downloaded MSFT/1770191112.json
[2026-02-04T09:34:06.832+0000] {logging_mixin.py:188} INFO - Downloaded MSFT/1770191123.json
[2026-02-04T09:34:06.850+0000] {logging_mixin.py:188} INFO - Downloaded MSFT/1770191134.json
[2026-02-04T09:34:06.871+0000] {logging_mixin.py:188} INFO - Downloaded MSFT/1770191145.json
[2026-02-04T09:34:06.891+0000] {logging_mixin.py:188} INFO - Downloaded MSFT/1770191155.json
[2026-02-04T09:34:06.909+0000] {logging_mixin.py:188} INFO - Downloaded MSFT/1770191165.json
[2026-02-04T09:34:06.927+0000] {logging_mixin.py:188} INFO - Downloaded MSFT/1770191176.json
[2026-02-04T09:34:06.950+0000] {logging_mixin.py:188} INFO - Downloaded MSFT/1770191187.json
[2026-02-04T09:34:06.971+0000] {logging_mixin.py:188} INFO - Downloaded MSFT/1770191198.json
[2026-02-04T09:34:06.989+0000] {logging_mixin.py:188} INFO - Downloaded MSFT/1770191209.json
[2026-02-04T09:34:07.007+0000] {logging_mixin.py:188} INFO - Downloaded MSFT/1770191219.json
[2026-02-04T09:34:07.027+0000] {logging_mixin.py:188} INFO - Downloaded MSFT/1770191230.json
[2026-02-04T09:34:07.044+0000] {logging_mixin.py:188} INFO - Downloaded MSFT/1770191241.json
[2026-02-04T09:34:07.062+0000] {logging_mixin.py:188} INFO - Downloaded MSFT/1770191252.json
[2026-02-04T09:34:07.080+0000] {logging_mixin.py:188} INFO - Downloaded MSFT/1770191262.json
[2026-02-04T09:34:07.097+0000] {logging_mixin.py:188} INFO - Downloaded MSFT/1770191273.json
[2026-02-04T09:34:07.116+0000] {logging_mixin.py:188} INFO - Downloaded MSFT/1770191284.json
[2026-02-04T09:34:07.133+0000] {logging_mixin.py:188} INFO - Downloaded TSLA/1770190213.json
[2026-02-04T09:34:07.152+0000] {logging_mixin.py:188} INFO - Downloaded TSLA/1770190223.json
[2026-02-04T09:34:07.170+0000] {logging_mixin.py:188} INFO - Downloaded TSLA/1770190235.json
[2026-02-04T09:34:07.187+0000] {logging_mixin.py:188} INFO - Downloaded TSLA/1770190247.json
[2026-02-04T09:34:07.207+0000] {logging_mixin.py:188} INFO - Downloaded TSLA/1770190259.json
[2026-02-04T09:34:07.225+0000] {logging_mixin.py:188} INFO - Downloaded TSLA/1770190269.json
[2026-02-04T09:34:07.243+0000] {logging_mixin.py:188} INFO - Downloaded TSLA/1770190280.json
[2026-02-04T09:34:07.261+0000] {logging_mixin.py:188} INFO - Downloaded TSLA/1770190291.json
[2026-02-04T09:34:07.278+0000] {logging_mixin.py:188} INFO - Downloaded TSLA/1770190302.json
[2026-02-04T09:34:07.296+0000] {logging_mixin.py:188} INFO - Downloaded TSLA/1770190314.json
[2026-02-04T09:34:07.315+0000] {logging_mixin.py:188} INFO - Downloaded TSLA/1770190325.json
[2026-02-04T09:34:07.334+0000] {logging_mixin.py:188} INFO - Downloaded TSLA/1770190335.json
[2026-02-04T09:34:07.352+0000] {logging_mixin.py:188} INFO - Downloaded TSLA/1770190346.json
[2026-02-04T09:34:07.369+0000] {logging_mixin.py:188} INFO - Downloaded TSLA/1770190358.json
[2026-02-04T09:34:07.387+0000] {logging_mixin.py:188} INFO - Downloaded TSLA/1770190369.json
[2026-02-04T09:34:07.406+0000] {logging_mixin.py:188} INFO - Downloaded TSLA/1770190380.json
[2026-02-04T09:34:07.423+0000] {logging_mixin.py:188} INFO - Downloaded TSLA/1770190390.json
[2026-02-04T09:34:07.440+0000] {logging_mixin.py:188} INFO - Downloaded TSLA/1770190401.json
[2026-02-04T09:34:07.462+0000] {logging_mixin.py:188} INFO - Downloaded TSLA/1770190412.json
[2026-02-04T09:34:07.488+0000] {logging_mixin.py:188} INFO - Downloaded TSLA/1770190423.json
[2026-02-04T09:34:07.508+0000] {logging_mixin.py:188} INFO - Downloaded TSLA/1770190433.json
[2026-02-04T09:34:07.527+0000] {logging_mixin.py:188} INFO - Downloaded TSLA/1770190444.json
[2026-02-04T09:34:07.548+0000] {logging_mixin.py:188} INFO - Downloaded TSLA/1770190455.json
[2026-02-04T09:34:07.568+0000] {logging_mixin.py:188} INFO - Downloaded TSLA/1770190465.json
[2026-02-04T09:34:07.596+0000] {logging_mixin.py:188} INFO - Downloaded TSLA/1770190476.json
[2026-02-04T09:34:07.624+0000] {logging_mixin.py:188} INFO - Downloaded TSLA/1770190486.json
[2026-02-04T09:34:07.652+0000] {logging_mixin.py:188} INFO - Downloaded TSLA/1770190497.json
[2026-02-04T09:34:07.677+0000] {logging_mixin.py:188} INFO - Downloaded TSLA/1770190508.json
[2026-02-04T09:34:07.706+0000] {logging_mixin.py:188} INFO - Downloaded TSLA/1770190518.json
[2026-02-04T09:34:07.737+0000] {logging_mixin.py:188} INFO - Downloaded TSLA/1770190529.json
[2026-02-04T09:34:07.776+0000] {logging_mixin.py:188} INFO - Downloaded TSLA/1770190539.json
[2026-02-04T09:34:07.832+0000] {logging_mixin.py:188} INFO - Downloaded TSLA/1770190550.json
[2026-02-04T09:34:07.874+0000] {logging_mixin.py:188} INFO - Downloaded TSLA/1770190560.json
[2026-02-04T09:34:07.903+0000] {logging_mixin.py:188} INFO - Downloaded TSLA/1770190571.json
[2026-02-04T09:34:07.955+0000] {logging_mixin.py:188} INFO - Downloaded TSLA/1770190581.json
[2026-02-04T09:34:07.977+0000] {logging_mixin.py:188} INFO - Downloaded TSLA/1770190592.json
[2026-02-04T09:34:07.995+0000] {logging_mixin.py:188} INFO - Downloaded TSLA/1770190602.json
[2026-02-04T09:34:08.011+0000] {logging_mixin.py:188} INFO - Downloaded TSLA/1770190613.json
[2026-02-04T09:34:08.029+0000] {logging_mixin.py:188} INFO - Downloaded TSLA/1770190623.json
[2026-02-04T09:34:08.048+0000] {logging_mixin.py:188} INFO - Downloaded TSLA/1770190633.json
[2026-02-04T09:34:08.068+0000] {logging_mixin.py:188} INFO - Downloaded TSLA/1770190644.json
[2026-02-04T09:34:08.086+0000] {logging_mixin.py:188} INFO - Downloaded TSLA/1770190654.json
[2026-02-04T09:34:08.104+0000] {logging_mixin.py:188} INFO - Downloaded TSLA/1770190664.json
[2026-02-04T09:34:08.121+0000] {logging_mixin.py:188} INFO - Downloaded TSLA/1770190675.json
[2026-02-04T09:34:08.139+0000] {logging_mixin.py:188} INFO - Downloaded TSLA/1770190685.json
[2026-02-04T09:34:08.157+0000] {logging_mixin.py:188} INFO - Downloaded TSLA/1770190696.json
[2026-02-04T09:34:08.179+0000] {logging_mixin.py:188} INFO - Downloaded TSLA/1770190706.json
[2026-02-04T09:34:08.197+0000] {logging_mixin.py:188} INFO - Downloaded TSLA/1770190717.json
[2026-02-04T09:34:08.215+0000] {logging_mixin.py:188} INFO - Downloaded TSLA/1770190727.json
[2026-02-04T09:34:08.232+0000] {logging_mixin.py:188} INFO - Downloaded TSLA/1770190738.json
[2026-02-04T09:34:08.249+0000] {logging_mixin.py:188} INFO - Downloaded TSLA/1770190748.json
[2026-02-04T09:34:08.266+0000] {logging_mixin.py:188} INFO - Downloaded TSLA/1770190759.json
[2026-02-04T09:34:08.284+0000] {logging_mixin.py:188} INFO - Downloaded TSLA/1770190769.json
[2026-02-04T09:34:08.303+0000] {logging_mixin.py:188} INFO - Downloaded TSLA/1770190779.json
[2026-02-04T09:34:08.322+0000] {logging_mixin.py:188} INFO - Downloaded TSLA/1770190790.json
[2026-02-04T09:34:08.339+0000] {logging_mixin.py:188} INFO - Downloaded TSLA/1770190801.json
[2026-02-04T09:34:08.358+0000] {logging_mixin.py:188} INFO - Downloaded TSLA/1770190812.json
[2026-02-04T09:34:08.377+0000] {logging_mixin.py:188} INFO - Downloaded TSLA/1770190822.json
[2026-02-04T09:34:08.418+0000] {logging_mixin.py:188} INFO - Downloaded TSLA/1770190833.json
[2026-02-04T09:34:08.437+0000] {logging_mixin.py:188} INFO - Downloaded TSLA/1770190843.json
[2026-02-04T09:34:08.454+0000] {logging_mixin.py:188} INFO - Downloaded TSLA/1770190854.json
[2026-02-04T09:34:08.472+0000] {logging_mixin.py:188} INFO - Downloaded TSLA/1770190864.json
[2026-02-04T09:34:08.490+0000] {logging_mixin.py:188} INFO - Downloaded TSLA/1770190875.json
[2026-02-04T09:34:08.509+0000] {logging_mixin.py:188} INFO - Downloaded TSLA/1770190886.json
[2026-02-04T09:34:08.527+0000] {logging_mixin.py:188} INFO - Downloaded TSLA/1770190898.json
[2026-02-04T09:34:08.546+0000] {logging_mixin.py:188} INFO - Downloaded TSLA/1770190910.json
[2026-02-04T09:34:08.564+0000] {logging_mixin.py:188} INFO - Downloaded TSLA/1770190921.json
[2026-02-04T09:34:08.581+0000] {logging_mixin.py:188} INFO - Downloaded TSLA/1770190931.json
[2026-02-04T09:34:08.600+0000] {logging_mixin.py:188} INFO - Downloaded TSLA/1770190942.json
[2026-02-04T09:34:08.618+0000] {logging_mixin.py:188} INFO - Downloaded TSLA/1770190953.json
[2026-02-04T09:34:08.636+0000] {logging_mixin.py:188} INFO - Downloaded TSLA/1770190964.json
[2026-02-04T09:34:08.655+0000] {logging_mixin.py:188} INFO - Downloaded TSLA/1770190974.json
[2026-02-04T09:34:08.674+0000] {logging_mixin.py:188} INFO - Downloaded TSLA/1770190985.json
[2026-02-04T09:34:08.692+0000] {logging_mixin.py:188} INFO - Downloaded TSLA/1770190997.json
[2026-02-04T09:34:08.711+0000] {logging_mixin.py:188} INFO - Downloaded TSLA/1770191008.json
[2026-02-04T09:34:08.731+0000] {logging_mixin.py:188} INFO - Downloaded TSLA/1770191019.json
[2026-02-04T09:34:08.750+0000] {logging_mixin.py:188} INFO - Downloaded TSLA/1770191030.json
[2026-02-04T09:34:08.768+0000] {logging_mixin.py:188} INFO - Downloaded TSLA/1770191041.json
[2026-02-04T09:34:08.787+0000] {logging_mixin.py:188} INFO - Downloaded TSLA/1770191051.json
[2026-02-04T09:34:08.806+0000] {logging_mixin.py:188} INFO - Downloaded TSLA/1770191061.json
[2026-02-04T09:34:08.825+0000] {logging_mixin.py:188} INFO - Downloaded TSLA/1770191072.json
[2026-02-04T09:34:08.844+0000] {logging_mixin.py:188} INFO - Downloaded TSLA/1770191082.json
[2026-02-04T09:34:08.861+0000] {logging_mixin.py:188} INFO - Downloaded TSLA/1770191093.json
[2026-02-04T09:34:08.886+0000] {logging_mixin.py:188} INFO - Downloaded TSLA/1770191103.json
[2026-02-04T09:34:08.905+0000] {logging_mixin.py:188} INFO - Downloaded TSLA/1770191113.json
[2026-02-04T09:34:08.923+0000] {logging_mixin.py:188} INFO - Downloaded TSLA/1770191124.json
[2026-02-04T09:34:08.941+0000] {logging_mixin.py:188} INFO - Downloaded TSLA/1770191135.json
[2026-02-04T09:34:08.959+0000] {logging_mixin.py:188} INFO - Downloaded TSLA/1770191145.json
[2026-02-04T09:34:08.979+0000] {logging_mixin.py:188} INFO - Downloaded TSLA/1770191156.json
[2026-02-04T09:34:09.006+0000] {logging_mixin.py:188} INFO - Downloaded TSLA/1770191166.json
[2026-02-04T09:34:09.028+0000] {logging_mixin.py:188} INFO - Downloaded TSLA/1770191177.json
[2026-02-04T09:34:09.048+0000] {logging_mixin.py:188} INFO - Downloaded TSLA/1770191188.json
[2026-02-04T09:34:09.069+0000] {logging_mixin.py:188} INFO - Downloaded TSLA/1770191199.json
[2026-02-04T09:34:09.088+0000] {logging_mixin.py:188} INFO - Downloaded TSLA/1770191209.json
[2026-02-04T09:34:09.109+0000] {logging_mixin.py:188} INFO - Downloaded TSLA/1770191220.json
[2026-02-04T09:34:09.133+0000] {logging_mixin.py:188} INFO - Downloaded TSLA/1770191231.json
[2026-02-04T09:34:09.155+0000] {logging_mixin.py:188} INFO - Downloaded TSLA/1770191242.json
[2026-02-04T09:34:09.177+0000] {logging_mixin.py:188} INFO - Downloaded TSLA/1770191252.json
[2026-02-04T09:34:09.194+0000] {logging_mixin.py:188} INFO - Downloaded TSLA/1770191263.json
[2026-02-04T09:34:09.212+0000] {logging_mixin.py:188} INFO - Downloaded TSLA/1770191274.json
[2026-02-04T09:34:09.229+0000] {logging_mixin.py:188} INFO - Downloaded TSLA/1770191284.json
[2026-02-04T09:34:09.231+0000] {python.py:237} INFO - Done. Returned value was: ['/opt/***/data/minio/1770190211.json', '/opt/***/data/minio/1770190221.json', '/opt/***/data/minio/1770190233.json', '/opt/***/data/minio/1770190244.json', '/opt/***/data/minio/1770190256.json', '/opt/***/data/minio/1770190268.json', '/opt/***/data/minio/1770190278.json', '/opt/***/data/minio/1770190289.json', '/opt/***/data/minio/1770190300.json', '/opt/***/data/minio/1770190310.json', '/opt/***/data/minio/1770190323.json', '/opt/***/data/minio/1770190333.json', '/opt/***/data/minio/1770190344.json', '/opt/***/data/minio/1770190356.json', '/opt/***/data/minio/1770190368.json', '/opt/***/data/minio/1770190378.json', '/opt/***/data/minio/1770190388.json', '/opt/***/data/minio/1770190399.json', '/opt/***/data/minio/1770190410.json', '/opt/***/data/minio/1770190421.json', '/opt/***/data/minio/1770190432.json', '/opt/***/data/minio/1770190442.json', '/opt/***/data/minio/1770190453.json', '/opt/***/data/minio/1770190463.json', '/opt/***/data/minio/1770190474.json', '/opt/***/data/minio/1770190485.json', '/opt/***/data/minio/1770190495.json', '/opt/***/data/minio/1770190506.json', '/opt/***/data/minio/1770190516.json', '/opt/***/data/minio/1770190527.json', '/opt/***/data/minio/1770190537.json', '/opt/***/data/minio/1770190548.json', '/opt/***/data/minio/1770190559.json', '/opt/***/data/minio/1770190569.json', '/opt/***/data/minio/1770190580.json', '/opt/***/data/minio/1770190590.json', '/opt/***/data/minio/1770190600.json', '/opt/***/data/minio/1770190611.json', '/opt/***/data/minio/1770190621.json', '/opt/***/data/minio/1770190632.json', '/opt/***/data/minio/1770190642.json', '/opt/***/data/minio/1770190652.json', '/opt/***/data/minio/1770190663.json', '/opt/***/data/minio/1770190673.json', '/opt/***/data/minio/1770190683.json', '/opt/***/data/minio/1770190694.json', '/opt/***/data/minio/1770190704.json', '/opt/***/data/minio/1770190715.json', '/opt/***/data/minio/1770190725.json', '/opt/***/data/minio/1770190736.json', '/opt/***/data/minio/1770190746.json', '/opt/***/data/minio/1770190757.json', '/opt/***/data/minio/1770190767.json', '/opt/***/data/minio/1770190778.json', '/opt/***/data/minio/1770190788.json', '/opt/***/data/minio/1770190799.json', '/opt/***/data/minio/1770190810.json', '/opt/***/data/minio/1770190820.json', '/opt/***/data/minio/1770190831.json', '/opt/***/data/minio/1770190842.json', '/opt/***/data/minio/1770190852.json', '/opt/***/data/minio/1770190863.json', '/opt/***/data/minio/1770190873.json', '/opt/***/data/minio/1770190884.json', '/opt/***/data/minio/1770190895.json', '/opt/***/data/minio/1770190908.json', '/opt/***/data/minio/1770190919.json', '/opt/***/data/minio/1770190929.json', '/opt/***/data/minio/1770190940.json', '/opt/***/data/minio/1770190951.json', '/opt/***/data/minio/1770190962.json', '/opt/***/data/minio/1770190972.json', '/opt/***/data/minio/1770190983.json', '/opt/***/data/minio/1770190995.json', '/opt/***/data/minio/1770191006.json', '/opt/***/data/minio/1770191017.json', '/opt/***/data/minio/1770191028.json', '/opt/***/data/minio/1770191039.json', '/opt/***/data/minio/1770191049.json', '/opt/***/data/minio/1770191060.json', '/opt/***/data/minio/1770191070.json', '/opt/***/data/minio/1770191081.json', '/opt/***/data/minio/1770191091.json', '/opt/***/data/minio/1770191101.json', '/opt/***/data/minio/1770191111.json', '/opt/***/data/minio/1770191122.json', '/opt/***/data/minio/1770191133.json', '/opt/***/data/minio/1770191144.json', '/opt/***/data/minio/1770191154.json', '/opt/***/data/minio/1770191165.json', '/opt/***/data/minio/1770191175.json', '/opt/***/data/minio/1770191186.json', '/opt/***/data/minio/1770191197.json', '/opt/***/data/minio/1770191207.json', '/opt/***/data/minio/1770191218.json', '/opt/***/data/minio/1770191229.json', '/opt/***/data/minio/1770191240.json', '/opt/***/data/minio/1770191251.json', '/opt/***/data/minio/1770191261.json', '/opt/***/data/minio/1770191272.json', '/opt/***/data/minio/1770191283.json', '/opt/***/data/minio/1770191293.json', '/opt/***/data/minio/1770190215.json', '/opt/***/data/minio/1770190226.json', '/opt/***/data/minio/1770190237.json', '/opt/***/data/minio/1770190249.json', '/opt/***/data/minio/1770190261.json', '/opt/***/data/minio/1770190271.json', '/opt/***/data/minio/1770190282.json', '/opt/***/data/minio/1770190293.json', '/opt/***/data/minio/1770190303.json', '/opt/***/data/minio/1770190316.json', '/opt/***/data/minio/1770190326.json', '/opt/***/data/minio/1770190337.json', '/opt/***/data/minio/1770190348.json', '/opt/***/data/minio/1770190360.json', '/opt/***/data/minio/1770190371.json', '/opt/***/data/minio/1770190381.json', '/opt/***/data/minio/1770190392.json', '/opt/***/data/minio/1770190403.json', '/opt/***/data/minio/1770190414.json', '/opt/***/data/minio/1770190425.json', '/opt/***/data/minio/1770190435.json', '/opt/***/data/minio/1770190446.json', '/opt/***/data/minio/1770190456.json', '/opt/***/data/minio/1770190467.json', '/opt/***/data/minio/1770190477.json', '/opt/***/data/minio/1770190488.json', '/opt/***/data/minio/1770190499.json', '/opt/***/data/minio/1770190509.json', '/opt/***/data/minio/1770190520.json', '/opt/***/data/minio/1770190531.json', '/opt/***/data/minio/1770190541.json', '/opt/***/data/minio/1770190552.json', '/opt/***/data/minio/1770190562.json', '/opt/***/data/minio/1770190573.json', '/opt/***/data/minio/1770190583.json', '/opt/***/data/minio/1770190593.json', '/opt/***/data/minio/1770190604.json', '/opt/***/data/minio/1770190615.json', '/opt/***/data/minio/1770190625.json', '/opt/***/data/minio/1770190635.json', '/opt/***/data/minio/1770190645.json', '/opt/***/data/minio/1770190656.json', '/opt/***/data/minio/1770190666.json', '/opt/***/data/minio/1770190677.json', '/opt/***/data/minio/1770190687.json', '/opt/***/data/minio/1770190697.json', '/opt/***/data/minio/1770190708.json', '/opt/***/data/minio/1770190718.json', '/opt/***/data/minio/1770190729.json', '/opt/***/data/minio/1770190739.json', '/opt/***/data/minio/1770190750.json', '/opt/***/data/minio/1770190760.json', '/opt/***/data/minio/1770190771.json', '/opt/***/data/minio/1770190781.json', '/opt/***/data/minio/1770190792.json', '/opt/***/data/minio/1770190803.json', '/opt/***/data/minio/1770190813.json', '/opt/***/data/minio/1770190824.json', '/opt/***/data/minio/1770190835.json', '/opt/***/data/minio/1770190845.json', '/opt/***/data/minio/1770190856.json', '/opt/***/data/minio/1770190866.json', '/opt/***/data/minio/1770190877.json', '/opt/***/data/minio/1770190888.json', '/opt/***/data/minio/1770190901.json', '/opt/***/data/minio/1770190912.json', '/opt/***/data/minio/1770190923.json', '/opt/***/data/minio/1770190933.json', '/opt/***/data/minio/1770190944.json', '/opt/***/data/minio/1770190955.json', '/opt/***/data/minio/1770190965.json', '/opt/***/data/minio/1770190976.json', '/opt/***/data/minio/1770190988.json', '/opt/***/data/minio/1770190999.json', '/opt/***/data/minio/1770191010.json', '/opt/***/data/minio/1770191021.json', '/opt/***/data/minio/1770191032.json', '/opt/***/data/minio/1770191042.json', '/opt/***/data/minio/1770191053.json', '/opt/***/data/minio/1770191063.json', '/opt/***/data/minio/1770191074.json', '/opt/***/data/minio/1770191084.json', '/opt/***/data/minio/1770191094.json', '/opt/***/data/minio/1770191105.json', '/opt/***/data/minio/1770191115.json', '/opt/***/data/minio/1770191126.json', '/opt/***/data/minio/1770191137.json', '/opt/***/data/minio/1770191147.json', '/opt/***/data/minio/1770191158.json', '/opt/***/data/minio/1770191168.json', '/opt/***/data/minio/1770191179.json', '/opt/***/data/minio/1770191190.json', '/opt/***/data/minio/1770191200.json', '/opt/***/data/minio/1770191211.json', '/opt/***/data/minio/1770191222.json', '/opt/***/data/minio/1770191233.json', '/opt/***/data/minio/1770191244.json', '/opt/***/data/minio/1770191254.json', '/opt/***/data/minio/1770191265.json', '/opt/***/data/minio/1770191276.json', '/opt/***/data/minio/1770191286.json', '/opt/***/data/minio/1770190214.json', '/opt/***/data/minio/1770190224.json', '/opt/***/data/minio/1770190236.json', '/opt/***/data/minio/1770190248.json', '/opt/***/data/minio/1770190260.json', '/opt/***/data/minio/1770190270.json', '/opt/***/data/minio/1770190281.json', '/opt/***/data/minio/1770190292.json', '/opt/***/data/minio/1770190302.json', '/opt/***/data/minio/1770190315.json', '/opt/***/data/minio/1770190325.json', '/opt/***/data/minio/1770190336.json', '/opt/***/data/minio/1770190347.json', '/opt/***/data/minio/1770190359.json', '/opt/***/data/minio/1770190370.json', '/opt/***/data/minio/1770190380.json', '/opt/***/data/minio/1770190391.json', '/opt/***/data/minio/1770190402.json', '/opt/***/data/minio/1770190413.json', '/opt/***/data/minio/1770190424.json', '/opt/***/data/minio/1770190434.json', '/opt/***/data/minio/1770190445.json', '/opt/***/data/minio/1770190455.json', '/opt/***/data/minio/1770190466.json', '/opt/***/data/minio/1770190477.json', '/opt/***/data/minio/1770190487.json', '/opt/***/data/minio/1770190498.json', '/opt/***/data/minio/1770190508.json', '/opt/***/data/minio/1770190519.json', '/opt/***/data/minio/1770190529.json', '/opt/***/data/minio/1770190540.json', '/opt/***/data/minio/1770190551.json', '/opt/***/data/minio/1770190561.json', '/opt/***/data/minio/1770190572.json', '/opt/***/data/minio/1770190582.json', '/opt/***/data/minio/1770190592.json', '/opt/***/data/minio/1770190603.json', '/opt/***/data/minio/1770190614.json', '/opt/***/data/minio/1770190624.json', '/opt/***/data/minio/1770190634.json', '/opt/***/data/minio/1770190645.json', '/opt/***/data/minio/1770190655.json', '/opt/***/data/minio/1770190665.json', '/opt/***/data/minio/1770190676.json', '/opt/***/data/minio/1770190686.json', '/opt/***/data/minio/1770190697.json', '/opt/***/data/minio/1770190707.json', '/opt/***/data/minio/1770190718.json', '/opt/***/data/minio/1770190728.json', '/opt/***/data/minio/1770190738.json', '/opt/***/data/minio/1770190749.json', '/opt/***/data/minio/1770190760.json', '/opt/***/data/minio/1770190770.json', '/opt/***/data/minio/1770190780.json', '/opt/***/data/minio/1770190791.json', '/opt/***/data/minio/1770190802.json', '/opt/***/data/minio/1770190813.json', '/opt/***/data/minio/1770190823.json', '/opt/***/data/minio/1770190834.json', '/opt/***/data/minio/1770190844.json', '/opt/***/data/minio/1770190855.json', '/opt/***/data/minio/1770190865.json', '/opt/***/data/minio/1770190876.json', '/opt/***/data/minio/1770190887.json', '/opt/***/data/minio/1770190899.json', '/opt/***/data/minio/1770190911.json', '/opt/***/data/minio/1770190922.json', '/opt/***/data/minio/1770190932.json', '/opt/***/data/minio/1770190943.json', '/opt/***/data/minio/1770190954.json', '/opt/***/data/minio/1770190965.json', '/opt/***/data/minio/1770190975.json', '/opt/***/data/minio/1770190987.json', '/opt/***/data/minio/1770190998.json', '/opt/***/data/minio/1770191009.json', '/opt/***/data/minio/1770191020.json', '/opt/***/data/minio/1770191031.json', '/opt/***/data/minio/1770191041.json', '/opt/***/data/minio/1770191052.json', '/opt/***/data/minio/1770191062.json', '/opt/***/data/minio/1770191073.json', '/opt/***/data/minio/1770191083.json', '/opt/***/data/minio/1770191094.json', '/opt/***/data/minio/1770191104.json', '/opt/***/data/minio/1770191114.json', '/opt/***/data/minio/1770191125.json', '/opt/***/data/minio/1770191136.json', '/opt/***/data/minio/1770191146.json', '/opt/***/data/minio/1770191157.json', '/opt/***/data/minio/1770191167.json', '/opt/***/data/minio/1770191178.json', '/opt/***/data/minio/1770191189.json', '/opt/***/data/minio/1770191200.json', '/opt/***/data/minio/1770191210.json', '/opt/***/data/minio/1770191221.json', '/opt/***/data/minio/1770191232.json', '/opt/***/data/minio/1770191243.json', '/opt/***/data/minio/1770191253.json', '/opt/***/data/minio/1770191264.json', '/opt/***/data/minio/1770191275.json', '/opt/***/data/minio/1770191285.json', '/opt/***/data/minio/1770190212.json', '/opt/***/data/minio/1770190222.json', '/opt/***/data/minio/1770190234.json', '/opt/***/data/minio/1770190246.json', '/opt/***/data/minio/1770190257.json', '/opt/***/data/minio/1770190268.json', '/opt/***/data/minio/1770190279.json', '/opt/***/data/minio/1770190290.json', '/opt/***/data/minio/1770190301.json', '/opt/***/data/minio/1770190311.json', '/opt/***/data/minio/1770190324.json', '/opt/***/data/minio/1770190334.json', '/opt/***/data/minio/1770190345.json', '/opt/***/data/minio/1770190357.json', '/opt/***/data/minio/1770190368.json', '/opt/***/data/minio/1770190379.json', '/opt/***/data/minio/1770190389.json', '/opt/***/data/minio/1770190400.json', '/opt/***/data/minio/1770190411.json', '/opt/***/data/minio/1770190422.json', '/opt/***/data/minio/1770190433.json', '/opt/***/data/minio/1770190443.json', '/opt/***/data/minio/1770190454.json', '/opt/***/data/minio/1770190464.json', '/opt/***/data/minio/1770190475.json', '/opt/***/data/minio/1770190486.json', '/opt/***/data/minio/1770190496.json', '/opt/***/data/minio/1770190507.json', '/opt/***/data/minio/1770190517.json', '/opt/***/data/minio/1770190528.json', '/opt/***/data/minio/1770190538.json', '/opt/***/data/minio/1770190549.json', '/opt/***/data/minio/1770190559.json', '/opt/***/data/minio/1770190570.json', '/opt/***/data/minio/1770190580.json', '/opt/***/data/minio/1770190591.json', '/opt/***/data/minio/1770190601.json', '/opt/***/data/minio/1770190612.json', '/opt/***/data/minio/1770190622.json', '/opt/***/data/minio/1770190632.json', '/opt/***/data/minio/1770190643.json', '/opt/***/data/minio/1770190653.json', '/opt/***/data/minio/1770190663.json', '/opt/***/data/minio/1770190674.json', '/opt/***/data/minio/1770190684.json', '/opt/***/data/minio/1770190695.json', '/opt/***/data/minio/1770190705.json', '/opt/***/data/minio/1770190716.json', '/opt/***/data/minio/1770190726.json', '/opt/***/data/minio/1770190737.json', '/opt/***/data/minio/1770190747.json', '/opt/***/data/minio/1770190758.json', '/opt/***/data/minio/1770190768.json', '/opt/***/data/minio/1770190779.json', '/opt/***/data/minio/1770190789.json', '/opt/***/data/minio/1770190800.json', '/opt/***/data/minio/1770190811.json', '/opt/***/data/minio/1770190821.json', '/opt/***/data/minio/1770190832.json', '/opt/***/data/minio/1770190842.json', '/opt/***/data/minio/1770190853.json', '/opt/***/data/minio/1770190863.json', '/opt/***/data/minio/1770190874.json', '/opt/***/data/minio/1770190885.json', '/opt/***/data/minio/1770190896.json', '/opt/***/data/minio/1770190909.json', '/opt/***/data/minio/1770190920.json', '/opt/***/data/minio/1770190930.json', '/opt/***/data/minio/1770190941.json', '/opt/***/data/minio/1770190952.json', '/opt/***/data/minio/1770190963.json', '/opt/***/data/minio/1770190973.json', '/opt/***/data/minio/1770190984.json', '/opt/***/data/minio/1770190996.json', '/opt/***/data/minio/1770191007.json', '/opt/***/data/minio/1770191018.json', '/opt/***/data/minio/1770191029.json', '/opt/***/data/minio/1770191040.json', '/opt/***/data/minio/1770191050.json', '/opt/***/data/minio/1770191061.json', '/opt/***/data/minio/1770191071.json', '/opt/***/data/minio/1770191081.json', '/opt/***/data/minio/1770191092.json', '/opt/***/data/minio/1770191102.json', '/opt/***/data/minio/1770191112.json', '/opt/***/data/minio/1770191123.json', '/opt/***/data/minio/1770191134.json', '/opt/***/data/minio/1770191145.json', '/opt/***/data/minio/1770191155.json', '/opt/***/data/minio/1770191165.json', '/opt/***/data/minio/1770191176.json', '/opt/***/data/minio/1770191187.json', '/opt/***/data/minio/1770191198.json', '/opt/***/data/minio/1770191209.json', '/opt/***/data/minio/1770191219.json', '/opt/***/data/minio/1770191230.json', '/opt/***/data/minio/1770191241.json', '/opt/***/data/minio/1770191252.json', '/opt/***/data/minio/1770191262.json', '/opt/***/data/minio/1770191273.json', '/opt/***/data/minio/1770191284.json', '/opt/***/data/minio/1770190213.json', '/opt/***/data/minio/1770190223.json', '/opt/***/data/minio/1770190235.json', '/opt/***/data/minio/1770190247.json', '/opt/***/data/minio/1770190259.json', '/opt/***/data/minio/1770190269.json', '/opt/***/data/minio/1770190280.json', '/opt/***/data/minio/1770190291.json', '/opt/***/data/minio/1770190302.json', '/opt/***/data/minio/1770190314.json', '/opt/***/data/minio/1770190325.json', '/opt/***/data/minio/1770190335.json', '/opt/***/data/minio/1770190346.json', '/opt/***/data/minio/1770190358.json', '/opt/***/data/minio/1770190369.json', '/opt/***/data/minio/1770190380.json', '/opt/***/data/minio/1770190390.json', '/opt/***/data/minio/1770190401.json', '/opt/***/data/minio/1770190412.json', '/opt/***/data/minio/1770190423.json', '/opt/***/data/minio/1770190433.json', '/opt/***/data/minio/1770190444.json', '/opt/***/data/minio/1770190455.json', '/opt/***/data/minio/1770190465.json', '/opt/***/data/minio/1770190476.json', '/opt/***/data/minio/1770190486.json', '/opt/***/data/minio/1770190497.json', '/opt/***/data/minio/1770190508.json', '/opt/***/data/minio/1770190518.json', '/opt/***/data/minio/1770190529.json', '/opt/***/data/minio/1770190539.json', '/opt/***/data/minio/1770190550.json', '/opt/***/data/minio/1770190560.json', '/opt/***/data/minio/1770190571.json', '/opt/***/data/minio/1770190581.json', '/opt/***/data/minio/1770190592.json', '/opt/***/data/minio/1770190602.json', '/opt/***/data/minio/1770190613.json', '/opt/***/data/minio/1770190623.json', '/opt/***/data/minio/1770190633.json', '/opt/***/data/minio/1770190644.json', '/opt/***/data/minio/1770190654.json', '/opt/***/data/minio/1770190664.json', '/opt/***/data/minio/1770190675.json', '/opt/***/data/minio/1770190685.json', '/opt/***/data/minio/1770190696.json', '/opt/***/data/minio/1770190706.json', '/opt/***/data/minio/1770190717.json', '/opt/***/data/minio/1770190727.json', '/opt/***/data/minio/1770190738.json', '/opt/***/data/minio/1770190748.json', '/opt/***/data/minio/1770190759.json', '/opt/***/data/minio/1770190769.json', '/opt/***/data/minio/1770190779.json', '/opt/***/data/minio/1770190790.json', '/opt/***/data/minio/1770190801.json', '/opt/***/data/minio/1770190812.json', '/opt/***/data/minio/1770190822.json', '/opt/***/data/minio/1770190833.json', '/opt/***/data/minio/1770190843.json', '/opt/***/data/minio/1770190854.json', '/opt/***/data/minio/1770190864.json', '/opt/***/data/minio/1770190875.json', '/opt/***/data/minio/1770190886.json', '/opt/***/data/minio/1770190898.json', '/opt/***/data/minio/1770190910.json', '/opt/***/data/minio/1770190921.json', '/opt/***/data/minio/1770190931.json', '/opt/***/data/minio/1770190942.json', '/opt/***/data/minio/1770190953.json', '/opt/***/data/minio/1770190964.json', '/opt/***/data/minio/1770190974.json', '/opt/***/data/minio/1770190985.json', '/opt/***/data/minio/1770190997.json', '/opt/***/data/minio/1770191008.json', '/opt/***/data/minio/1770191019.json', '/opt/***/data/minio/1770191030.json', '/opt/***/data/minio/1770191041.json', '/opt/***/data/minio/1770191051.json', '/opt/***/data/minio/1770191061.json', '/opt/***/data/minio/1770191072.json', '/opt/***/data/minio/1770191082.json', '/opt/***/data/minio/1770191093.json', '/opt/***/data/minio/1770191103.json', '/opt/***/data/minio/1770191113.json', '/opt/***/data/minio/1770191124.json', '/opt/***/data/minio/1770191135.json', '/opt/***/data/minio/1770191145.json', '/opt/***/data/minio/1770191156.json', '/opt/***/data/minio/1770191166.json', '/opt/***/data/minio/1770191177.json', '/opt/***/data/minio/1770191188.json', '/opt/***/data/minio/1770191199.json', '/opt/***/data/minio/1770191209.json', '/opt/***/data/minio/1770191220.json', '/opt/***/data/minio/1770191231.json', '/opt/***/data/minio/1770191242.json', '/opt/***/data/minio/1770191252.json', '/opt/***/data/minio/1770191263.json', '/opt/***/data/minio/1770191274.json', '/opt/***/data/minio/1770191284.json']
[2026-02-04T09:34:09.246+0000] {taskinstance.py:441} INFO - ::group::Post task execution logs
[2026-02-04T09:34:09.324+0000] {taskinstance.py:1206} INFO - Marking task as SUCCESS. dag_id=minio_to_snowflake, task_id=download_minio, run_id=scheduled__2026-02-04T09:33:00+00:00, execution_date=20260204T093300, start_date=20260204T093402, end_date=20260204T093409
[2026-02-04T09:34:09.407+0000] {local_task_job_runner.py:243} INFO - Task exited with return code 0
[2026-02-04T09:34:09.461+0000] {taskinstance.py:3503} INFO - 1 downstream tasks scheduled from follow-on schedule check
[2026-02-04T09:34:09.466+0000] {local_task_job_runner.py:222} INFO - ::endgroup::
