[2026-02-16T06:11:02.452+0000] {local_task_job_runner.py:120} INFO - ::group::Pre task execution logs
[2026-02-16T06:11:02.490+0000] {taskinstance.py:2076} INFO - Dependencies all met for dep_context=non-requeueable deps ti=<TaskInstance: minio_to_snowflake.download_minio scheduled__2026-02-16T06:10:00+00:00 [queued]>
[2026-02-16T06:11:02.499+0000] {taskinstance.py:2076} INFO - Dependencies all met for dep_context=requeueable deps ti=<TaskInstance: minio_to_snowflake.download_minio scheduled__2026-02-16T06:10:00+00:00 [queued]>
[2026-02-16T06:11:02.500+0000] {taskinstance.py:2306} INFO - Starting attempt 1 of 2
[2026-02-16T06:11:02.516+0000] {taskinstance.py:2330} INFO - Executing <Task(PythonOperator): download_minio> on 2026-02-16 06:10:00+00:00
[2026-02-16T06:11:02.534+0000] {logging_mixin.py:188} WARNING - /home/***/.local/lib/python3.12/site-packages/***/task/task_runner/standard_task_runner.py:62 DeprecationWarning: This process (pid=5852) is multi-threaded, use of fork() may lead to deadlocks in the child.
[2026-02-16T06:11:02.539+0000] {standard_task_runner.py:64} INFO - Started process 5859 to run task
[2026-02-16T06:11:02.533+0000] {standard_task_runner.py:90} INFO - Running: ['***', 'tasks', 'run', 'minio_to_snowflake', 'download_minio', 'scheduled__2026-02-16T06:10:00+00:00', '--job-id', '1423', '--raw', '--subdir', 'DAGS_FOLDER/minio_to_snowflake.py', '--cfg-path', '/tmp/tmped70mbtt']
[2026-02-16T06:11:02.542+0000] {standard_task_runner.py:91} INFO - Job 1423: Subtask download_minio
[2026-02-16T06:11:02.658+0000] {task_command.py:426} INFO - Running <TaskInstance: minio_to_snowflake.download_minio scheduled__2026-02-16T06:10:00+00:00 [running]> on host 353dfeb821e2
[2026-02-16T06:11:02.838+0000] {taskinstance.py:2648} INFO - Exporting env vars: AIRFLOW_CTX_DAG_OWNER='***' AIRFLOW_CTX_DAG_ID='minio_to_snowflake' AIRFLOW_CTX_TASK_ID='download_minio' AIRFLOW_CTX_EXECUTION_DATE='2026-02-16T06:10:00+00:00' AIRFLOW_CTX_TRY_NUMBER='1' AIRFLOW_CTX_DAG_RUN_ID='scheduled__2026-02-16T06:10:00+00:00'
[2026-02-16T06:11:02.843+0000] {taskinstance.py:430} INFO - ::endgroup::
[2026-02-16T06:11:03.124+0000] {logging_mixin.py:188} INFO - Downloaded AAPL/1771221446.json
[2026-02-16T06:11:03.136+0000] {logging_mixin.py:188} INFO - Downloaded AAPL/1771221459.json
[2026-02-16T06:11:03.147+0000] {logging_mixin.py:188} INFO - Downloaded AAPL/1771221471.json
[2026-02-16T06:11:03.158+0000] {logging_mixin.py:188} INFO - Downloaded AAPL/1771221483.json
[2026-02-16T06:11:03.170+0000] {logging_mixin.py:188} INFO - Downloaded AAPL/1771221496.json
[2026-02-16T06:11:03.182+0000] {logging_mixin.py:188} INFO - Downloaded AAPL/1771221508.json
[2026-02-16T06:11:03.194+0000] {logging_mixin.py:188} INFO - Downloaded AAPL/1771221522.json
[2026-02-16T06:11:03.204+0000] {logging_mixin.py:188} INFO - Downloaded AAPL/1771221533.json
[2026-02-16T06:11:03.213+0000] {logging_mixin.py:188} INFO - Downloaded AAPL/1771221545.json
[2026-02-16T06:11:03.222+0000] {logging_mixin.py:188} INFO - Downloaded AAPL/1771221557.json
[2026-02-16T06:11:03.230+0000] {logging_mixin.py:188} INFO - Downloaded AAPL/1771221568.json
[2026-02-16T06:11:03.239+0000] {logging_mixin.py:188} INFO - Downloaded AAPL/1771221580.json
[2026-02-16T06:11:03.248+0000] {logging_mixin.py:188} INFO - Downloaded AAPL/1771221592.json
[2026-02-16T06:11:03.257+0000] {logging_mixin.py:188} INFO - Downloaded AAPL/1771221603.json
[2026-02-16T06:11:03.266+0000] {logging_mixin.py:188} INFO - Downloaded AAPL/1771221615.json
[2026-02-16T06:11:03.275+0000] {logging_mixin.py:188} INFO - Downloaded AAPL/1771221627.json
[2026-02-16T06:11:03.283+0000] {logging_mixin.py:188} INFO - Downloaded AAPL/1771221639.json
[2026-02-16T06:11:03.292+0000] {logging_mixin.py:188} INFO - Downloaded AAPL/1771221650.json
[2026-02-16T06:11:03.301+0000] {logging_mixin.py:188} INFO - Downloaded AAPL/1771221661.json
[2026-02-16T06:11:03.310+0000] {logging_mixin.py:188} INFO - Downloaded AAPL/1771221673.json
[2026-02-16T06:11:03.320+0000] {logging_mixin.py:188} INFO - Downloaded AAPL/1771221686.json
[2026-02-16T06:11:03.330+0000] {logging_mixin.py:188} INFO - Downloaded AAPL/1771221698.json
[2026-02-16T06:11:03.338+0000] {logging_mixin.py:188} INFO - Downloaded AAPL/1771221709.json
[2026-02-16T06:11:03.348+0000] {logging_mixin.py:188} INFO - Downloaded AAPL/1771221720.json
[2026-02-16T06:11:03.356+0000] {logging_mixin.py:188} INFO - Downloaded AAPL/1771221733.json
[2026-02-16T06:11:03.365+0000] {logging_mixin.py:188} INFO - Downloaded AAPL/1771221744.json
[2026-02-16T06:11:03.375+0000] {logging_mixin.py:188} INFO - Downloaded AAPL/1771221757.json
[2026-02-16T06:11:03.384+0000] {logging_mixin.py:188} INFO - Downloaded AAPL/1771221768.json
[2026-02-16T06:11:03.392+0000] {logging_mixin.py:188} INFO - Downloaded AAPL/1771221779.json
[2026-02-16T06:11:03.401+0000] {logging_mixin.py:188} INFO - Downloaded AAPL/1771221792.json
[2026-02-16T06:11:03.410+0000] {logging_mixin.py:188} INFO - Downloaded AAPL/1771221807.json
[2026-02-16T06:11:03.419+0000] {logging_mixin.py:188} INFO - Downloaded AAPL/1771221820.json
[2026-02-16T06:11:03.428+0000] {logging_mixin.py:188} INFO - Downloaded AAPL/1771221831.json
[2026-02-16T06:11:03.438+0000] {logging_mixin.py:188} INFO - Downloaded AAPL/1771221843.json
[2026-02-16T06:11:03.448+0000] {logging_mixin.py:188} INFO - Downloaded AAPL/1771221858.json
[2026-02-16T06:11:03.458+0000] {logging_mixin.py:188} INFO - Downloaded AAPL/1771221871.json
[2026-02-16T06:11:03.467+0000] {logging_mixin.py:188} INFO - Downloaded AAPL/1771221883.json
[2026-02-16T06:11:03.476+0000] {logging_mixin.py:188} INFO - Downloaded AAPL/1771221895.json
[2026-02-16T06:11:03.485+0000] {logging_mixin.py:188} INFO - Downloaded AAPL/1771221906.json
[2026-02-16T06:11:03.495+0000] {logging_mixin.py:188} INFO - Downloaded AAPL/1771221918.json
[2026-02-16T06:11:03.504+0000] {logging_mixin.py:188} INFO - Downloaded AAPL/1771221930.json
[2026-02-16T06:11:03.512+0000] {logging_mixin.py:188} INFO - Downloaded AAPL/1771221941.json
[2026-02-16T06:11:03.521+0000] {logging_mixin.py:188} INFO - Downloaded AAPL/1771221953.json
[2026-02-16T06:11:03.530+0000] {logging_mixin.py:188} INFO - Downloaded AAPL/1771221965.json
[2026-02-16T06:11:03.539+0000] {logging_mixin.py:188} INFO - Downloaded AAPL/1771221976.json
[2026-02-16T06:11:03.548+0000] {logging_mixin.py:188} INFO - Downloaded AAPL/1771221988.json
[2026-02-16T06:11:03.557+0000] {logging_mixin.py:188} INFO - Downloaded AAPL/1771222104.json
[2026-02-16T06:11:03.566+0000] {logging_mixin.py:188} INFO - Downloaded AAPL/1771222116.json
[2026-02-16T06:11:03.575+0000] {logging_mixin.py:188} INFO - Downloaded AAPL/1771222127.json
[2026-02-16T06:11:03.585+0000] {logging_mixin.py:188} INFO - Downloaded AAPL/1771222139.json
[2026-02-16T06:11:03.594+0000] {logging_mixin.py:188} INFO - Downloaded AAPL/1771222151.json
[2026-02-16T06:11:03.603+0000] {logging_mixin.py:188} INFO - Downloaded AAPL/1771222164.json
[2026-02-16T06:11:03.613+0000] {logging_mixin.py:188} INFO - Downloaded AAPL/1771222205.json
[2026-02-16T06:11:03.622+0000] {logging_mixin.py:188} INFO - Downloaded AAPL/1771222217.json
[2026-02-16T06:11:03.630+0000] {logging_mixin.py:188} INFO - Downloaded AAPL/1771222230.json
[2026-02-16T06:11:03.640+0000] {logging_mixin.py:188} INFO - Downloaded AAPL/1771222241.json
[2026-02-16T06:11:03.649+0000] {logging_mixin.py:188} INFO - Downloaded AAPL/1771222252.json
[2026-02-16T06:11:03.658+0000] {logging_mixin.py:188} INFO - Downloaded AMZN/1771221451.json
[2026-02-16T06:11:03.669+0000] {logging_mixin.py:188} INFO - Downloaded AMZN/1771221463.json
[2026-02-16T06:11:03.679+0000] {logging_mixin.py:188} INFO - Downloaded AMZN/1771221476.json
[2026-02-16T06:11:03.688+0000] {logging_mixin.py:188} INFO - Downloaded AMZN/1771221489.json
[2026-02-16T06:11:03.697+0000] {logging_mixin.py:188} INFO - Downloaded AMZN/1771221501.json
[2026-02-16T06:11:03.706+0000] {logging_mixin.py:188} INFO - Downloaded AMZN/1771221513.json
[2026-02-16T06:11:03.715+0000] {logging_mixin.py:188} INFO - Downloaded AMZN/1771221526.json
[2026-02-16T06:11:03.724+0000] {logging_mixin.py:188} INFO - Downloaded AMZN/1771221538.json
[2026-02-16T06:11:03.733+0000] {logging_mixin.py:188} INFO - Downloaded AMZN/1771221550.json
[2026-02-16T06:11:03.742+0000] {logging_mixin.py:188} INFO - Downloaded AMZN/1771221561.json
[2026-02-16T06:11:03.751+0000] {logging_mixin.py:188} INFO - Downloaded AMZN/1771221573.json
[2026-02-16T06:11:03.760+0000] {logging_mixin.py:188} INFO - Downloaded AMZN/1771221585.json
[2026-02-16T06:11:03.769+0000] {logging_mixin.py:188} INFO - Downloaded AMZN/1771221596.json
[2026-02-16T06:11:03.778+0000] {logging_mixin.py:188} INFO - Downloaded AMZN/1771221608.json
[2026-02-16T06:11:03.789+0000] {logging_mixin.py:188} INFO - Downloaded AMZN/1771221620.json
[2026-02-16T06:11:03.802+0000] {logging_mixin.py:188} INFO - Downloaded AMZN/1771221631.json
[2026-02-16T06:11:03.812+0000] {logging_mixin.py:188} INFO - Downloaded AMZN/1771221643.json
[2026-02-16T06:11:03.822+0000] {logging_mixin.py:188} INFO - Downloaded AMZN/1771221654.json
[2026-02-16T06:11:03.831+0000] {logging_mixin.py:188} INFO - Downloaded AMZN/1771221666.json
[2026-02-16T06:11:03.848+0000] {logging_mixin.py:188} INFO - Downloaded AMZN/1771221678.json
[2026-02-16T06:11:03.860+0000] {logging_mixin.py:188} INFO - Downloaded AMZN/1771221690.json
[2026-02-16T06:11:03.871+0000] {logging_mixin.py:188} INFO - Downloaded AMZN/1771221702.json
[2026-02-16T06:11:03.880+0000] {logging_mixin.py:188} INFO - Downloaded AMZN/1771221713.json
[2026-02-16T06:11:03.891+0000] {logging_mixin.py:188} INFO - Downloaded AMZN/1771221726.json
[2026-02-16T06:11:03.900+0000] {logging_mixin.py:188} INFO - Downloaded AMZN/1771221737.json
[2026-02-16T06:11:03.911+0000] {logging_mixin.py:188} INFO - Downloaded AMZN/1771221750.json
[2026-02-16T06:11:03.922+0000] {logging_mixin.py:188} INFO - Downloaded AMZN/1771221761.json
[2026-02-16T06:11:03.930+0000] {logging_mixin.py:188} INFO - Downloaded AMZN/1771221772.json
[2026-02-16T06:11:03.940+0000] {logging_mixin.py:188} INFO - Downloaded AMZN/1771221784.json
[2026-02-16T06:11:03.949+0000] {logging_mixin.py:188} INFO - Downloaded AMZN/1771221800.json
[2026-02-16T06:11:03.958+0000] {logging_mixin.py:188} INFO - Downloaded AMZN/1771221812.json
[2026-02-16T06:11:03.967+0000] {logging_mixin.py:188} INFO - Downloaded AMZN/1771221824.json
[2026-02-16T06:11:03.976+0000] {logging_mixin.py:188} INFO - Downloaded AMZN/1771221836.json
[2026-02-16T06:11:03.985+0000] {logging_mixin.py:188} INFO - Downloaded AMZN/1771221851.json
[2026-02-16T06:11:03.994+0000] {logging_mixin.py:188} INFO - Downloaded AMZN/1771221864.json
[2026-02-16T06:11:04.002+0000] {logging_mixin.py:188} INFO - Downloaded AMZN/1771221875.json
[2026-02-16T06:11:04.010+0000] {logging_mixin.py:188} INFO - Downloaded AMZN/1771221887.json
[2026-02-16T06:11:04.019+0000] {logging_mixin.py:188} INFO - Downloaded AMZN/1771221899.json
[2026-02-16T06:11:04.028+0000] {logging_mixin.py:188} INFO - Downloaded AMZN/1771221911.json
[2026-02-16T06:11:04.037+0000] {logging_mixin.py:188} INFO - Downloaded AMZN/1771221923.json
[2026-02-16T06:11:04.046+0000] {logging_mixin.py:188} INFO - Downloaded AMZN/1771221934.json
[2026-02-16T06:11:04.054+0000] {logging_mixin.py:188} INFO - Downloaded AMZN/1771221946.json
[2026-02-16T06:11:04.063+0000] {logging_mixin.py:188} INFO - Downloaded AMZN/1771221957.json
[2026-02-16T06:11:04.072+0000] {logging_mixin.py:188} INFO - Downloaded AMZN/1771221969.json
[2026-02-16T06:11:04.081+0000] {logging_mixin.py:188} INFO - Downloaded AMZN/1771221981.json
[2026-02-16T06:11:04.090+0000] {logging_mixin.py:188} INFO - Downloaded AMZN/1771222097.json
[2026-02-16T06:11:04.098+0000] {logging_mixin.py:188} INFO - Downloaded AMZN/1771222108.json
[2026-02-16T06:11:04.107+0000] {logging_mixin.py:188} INFO - Downloaded AMZN/1771222120.json
[2026-02-16T06:11:04.115+0000] {logging_mixin.py:188} INFO - Downloaded AMZN/1771222132.json
[2026-02-16T06:11:04.124+0000] {logging_mixin.py:188} INFO - Downloaded AMZN/1771222144.json
[2026-02-16T06:11:04.134+0000] {logging_mixin.py:188} INFO - Downloaded AMZN/1771222157.json
[2026-02-16T06:11:04.143+0000] {logging_mixin.py:188} INFO - Downloaded AMZN/1771222198.json
[2026-02-16T06:11:04.151+0000] {logging_mixin.py:188} INFO - Downloaded AMZN/1771222210.json
[2026-02-16T06:11:04.160+0000] {logging_mixin.py:188} INFO - Downloaded AMZN/1771222223.json
[2026-02-16T06:11:04.169+0000] {logging_mixin.py:188} INFO - Downloaded AMZN/1771222233.json
[2026-02-16T06:11:04.178+0000] {logging_mixin.py:188} INFO - Downloaded AMZN/1771222245.json
[2026-02-16T06:11:04.186+0000] {logging_mixin.py:188} INFO - Downloaded AMZN/1771222256.json
[2026-02-16T06:11:04.195+0000] {logging_mixin.py:188} INFO - Downloaded GOOGL/1771221450.json
[2026-02-16T06:11:04.205+0000] {logging_mixin.py:188} INFO - Downloaded GOOGL/1771221462.json
[2026-02-16T06:11:04.214+0000] {logging_mixin.py:188} INFO - Downloaded GOOGL/1771221475.json
[2026-02-16T06:11:04.223+0000] {logging_mixin.py:188} INFO - Downloaded GOOGL/1771221488.json
[2026-02-16T06:11:04.232+0000] {logging_mixin.py:188} INFO - Downloaded GOOGL/1771221500.json
[2026-02-16T06:11:04.240+0000] {logging_mixin.py:188} INFO - Downloaded GOOGL/1771221512.json
[2026-02-16T06:11:04.249+0000] {logging_mixin.py:188} INFO - Downloaded GOOGL/1771221525.json
[2026-02-16T06:11:04.258+0000] {logging_mixin.py:188} INFO - Downloaded GOOGL/1771221537.json
[2026-02-16T06:11:04.267+0000] {logging_mixin.py:188} INFO - Downloaded GOOGL/1771221549.json
[2026-02-16T06:11:04.276+0000] {logging_mixin.py:188} INFO - Downloaded GOOGL/1771221560.json
[2026-02-16T06:11:04.284+0000] {logging_mixin.py:188} INFO - Downloaded GOOGL/1771221571.json
[2026-02-16T06:11:04.293+0000] {logging_mixin.py:188} INFO - Downloaded GOOGL/1771221583.json
[2026-02-16T06:11:04.301+0000] {logging_mixin.py:188} INFO - Downloaded GOOGL/1771221595.json
[2026-02-16T06:11:04.309+0000] {logging_mixin.py:188} INFO - Downloaded GOOGL/1771221607.json
[2026-02-16T06:11:04.318+0000] {logging_mixin.py:188} INFO - Downloaded GOOGL/1771221619.json
[2026-02-16T06:11:04.328+0000] {logging_mixin.py:188} INFO - Downloaded GOOGL/1771221630.json
[2026-02-16T06:11:04.337+0000] {logging_mixin.py:188} INFO - Downloaded GOOGL/1771221642.json
[2026-02-16T06:11:04.346+0000] {logging_mixin.py:188} INFO - Downloaded GOOGL/1771221653.json
[2026-02-16T06:11:04.357+0000] {logging_mixin.py:188} INFO - Downloaded GOOGL/1771221665.json
[2026-02-16T06:11:04.366+0000] {logging_mixin.py:188} INFO - Downloaded GOOGL/1771221677.json
[2026-02-16T06:11:04.376+0000] {logging_mixin.py:188} INFO - Downloaded GOOGL/1771221689.json
[2026-02-16T06:11:04.385+0000] {logging_mixin.py:188} INFO - Downloaded GOOGL/1771221701.json
[2026-02-16T06:11:04.393+0000] {logging_mixin.py:188} INFO - Downloaded GOOGL/1771221712.json
[2026-02-16T06:11:04.402+0000] {logging_mixin.py:188} INFO - Downloaded GOOGL/1771221724.json
[2026-02-16T06:11:04.411+0000] {logging_mixin.py:188} INFO - Downloaded GOOGL/1771221736.json
[2026-02-16T06:11:04.421+0000] {logging_mixin.py:188} INFO - Downloaded GOOGL/1771221748.json
[2026-02-16T06:11:04.429+0000] {logging_mixin.py:188} INFO - Downloaded GOOGL/1771221760.json
[2026-02-16T06:11:04.439+0000] {logging_mixin.py:188} INFO - Downloaded GOOGL/1771221771.json
[2026-02-16T06:11:04.448+0000] {logging_mixin.py:188} INFO - Downloaded GOOGL/1771221783.json
[2026-02-16T06:11:04.459+0000] {logging_mixin.py:188} INFO - Downloaded GOOGL/1771221799.json
[2026-02-16T06:11:04.468+0000] {logging_mixin.py:188} INFO - Downloaded GOOGL/1771221811.json
[2026-02-16T06:11:04.480+0000] {logging_mixin.py:188} INFO - Downloaded GOOGL/1771221823.json
[2026-02-16T06:11:04.489+0000] {logging_mixin.py:188} INFO - Downloaded GOOGL/1771221835.json
[2026-02-16T06:11:04.500+0000] {logging_mixin.py:188} INFO - Downloaded GOOGL/1771221850.json
[2026-02-16T06:11:04.512+0000] {logging_mixin.py:188} INFO - Downloaded GOOGL/1771221862.json
[2026-02-16T06:11:04.522+0000] {logging_mixin.py:188} INFO - Downloaded GOOGL/1771221874.json
[2026-02-16T06:11:04.533+0000] {logging_mixin.py:188} INFO - Downloaded GOOGL/1771221886.json
[2026-02-16T06:11:04.543+0000] {logging_mixin.py:188} INFO - Downloaded GOOGL/1771221898.json
[2026-02-16T06:11:04.553+0000] {logging_mixin.py:188} INFO - Downloaded GOOGL/1771221910.json
[2026-02-16T06:11:04.563+0000] {logging_mixin.py:188} INFO - Downloaded GOOGL/1771221921.json
[2026-02-16T06:11:04.573+0000] {logging_mixin.py:188} INFO - Downloaded GOOGL/1771221933.json
[2026-02-16T06:11:04.583+0000] {logging_mixin.py:188} INFO - Downloaded GOOGL/1771221945.json
[2026-02-16T06:11:04.592+0000] {logging_mixin.py:188} INFO - Downloaded GOOGL/1771221957.json
[2026-02-16T06:11:04.603+0000] {logging_mixin.py:188} INFO - Downloaded GOOGL/1771221968.json
[2026-02-16T06:11:04.614+0000] {logging_mixin.py:188} INFO - Downloaded GOOGL/1771221980.json
[2026-02-16T06:11:04.624+0000] {logging_mixin.py:188} INFO - Downloaded GOOGL/1771222084.json
[2026-02-16T06:11:04.632+0000] {logging_mixin.py:188} INFO - Downloaded GOOGL/1771222107.json
[2026-02-16T06:11:04.641+0000] {logging_mixin.py:188} INFO - Downloaded GOOGL/1771222119.json
[2026-02-16T06:11:04.650+0000] {logging_mixin.py:188} INFO - Downloaded GOOGL/1771222131.json
[2026-02-16T06:11:04.659+0000] {logging_mixin.py:188} INFO - Downloaded GOOGL/1771222143.json
[2026-02-16T06:11:04.668+0000] {logging_mixin.py:188} INFO - Downloaded GOOGL/1771222156.json
[2026-02-16T06:11:04.677+0000] {logging_mixin.py:188} INFO - Downloaded GOOGL/1771222197.json
[2026-02-16T06:11:04.687+0000] {logging_mixin.py:188} INFO - Downloaded GOOGL/1771222209.json
[2026-02-16T06:11:04.696+0000] {logging_mixin.py:188} INFO - Downloaded GOOGL/1771222221.json
[2026-02-16T06:11:04.706+0000] {logging_mixin.py:188} INFO - Downloaded GOOGL/1771222232.json
[2026-02-16T06:11:04.714+0000] {logging_mixin.py:188} INFO - Downloaded GOOGL/1771222244.json
[2026-02-16T06:11:04.724+0000] {logging_mixin.py:188} INFO - Downloaded GOOGL/1771222255.json
[2026-02-16T06:11:04.733+0000] {logging_mixin.py:188} INFO - Downloaded MSFT/1771221448.json
[2026-02-16T06:11:04.744+0000] {logging_mixin.py:188} INFO - Downloaded MSFT/1771221460.json
[2026-02-16T06:11:04.753+0000] {logging_mixin.py:188} INFO - Downloaded MSFT/1771221472.json
[2026-02-16T06:11:04.762+0000] {logging_mixin.py:188} INFO - Downloaded MSFT/1771221484.json
[2026-02-16T06:11:04.773+0000] {logging_mixin.py:188} INFO - Downloaded MSFT/1771221497.json
[2026-02-16T06:11:04.781+0000] {logging_mixin.py:188} INFO - Downloaded MSFT/1771221509.json
[2026-02-16T06:11:04.794+0000] {logging_mixin.py:188} INFO - Downloaded MSFT/1771221523.json
[2026-02-16T06:11:04.807+0000] {logging_mixin.py:188} INFO - Downloaded MSFT/1771221534.json
[2026-02-16T06:11:04.824+0000] {logging_mixin.py:188} INFO - Downloaded MSFT/1771221546.json
[2026-02-16T06:11:04.833+0000] {logging_mixin.py:188} INFO - Downloaded MSFT/1771221558.json
[2026-02-16T06:11:04.845+0000] {logging_mixin.py:188} INFO - Downloaded MSFT/1771221569.json
[2026-02-16T06:11:04.856+0000] {logging_mixin.py:188} INFO - Downloaded MSFT/1771221581.json
[2026-02-16T06:11:04.868+0000] {logging_mixin.py:188} INFO - Downloaded MSFT/1771221593.json
[2026-02-16T06:11:04.880+0000] {logging_mixin.py:188} INFO - Downloaded MSFT/1771221604.json
[2026-02-16T06:11:04.892+0000] {logging_mixin.py:188} INFO - Downloaded MSFT/1771221616.json
[2026-02-16T06:11:04.904+0000] {logging_mixin.py:188} INFO - Downloaded MSFT/1771221628.json
[2026-02-16T06:11:04.916+0000] {logging_mixin.py:188} INFO - Downloaded MSFT/1771221640.json
[2026-02-16T06:11:04.929+0000] {logging_mixin.py:188} INFO - Downloaded MSFT/1771221651.json
[2026-02-16T06:11:04.939+0000] {logging_mixin.py:188} INFO - Downloaded MSFT/1771221663.json
[2026-02-16T06:11:04.949+0000] {logging_mixin.py:188} INFO - Downloaded MSFT/1771221675.json
[2026-02-16T06:11:04.960+0000] {logging_mixin.py:188} INFO - Downloaded MSFT/1771221687.json
[2026-02-16T06:11:04.970+0000] {logging_mixin.py:188} INFO - Downloaded MSFT/1771221698.json
[2026-02-16T06:11:04.980+0000] {logging_mixin.py:188} INFO - Downloaded MSFT/1771221710.json
[2026-02-16T06:11:04.990+0000] {logging_mixin.py:188} INFO - Downloaded MSFT/1771221722.json
[2026-02-16T06:11:05.001+0000] {logging_mixin.py:188} INFO - Downloaded MSFT/1771221734.json
[2026-02-16T06:11:05.011+0000] {logging_mixin.py:188} INFO - Downloaded MSFT/1771221746.json
[2026-02-16T06:11:05.020+0000] {logging_mixin.py:188} INFO - Downloaded MSFT/1771221758.json
[2026-02-16T06:11:05.029+0000] {logging_mixin.py:188} INFO - Downloaded MSFT/1771221769.json
[2026-02-16T06:11:05.037+0000] {logging_mixin.py:188} INFO - Downloaded MSFT/1771221781.json
[2026-02-16T06:11:05.046+0000] {logging_mixin.py:188} INFO - Downloaded MSFT/1771221797.json
[2026-02-16T06:11:05.054+0000] {logging_mixin.py:188} INFO - Downloaded MSFT/1771221808.json
[2026-02-16T06:11:05.062+0000] {logging_mixin.py:188} INFO - Downloaded MSFT/1771221821.json
[2026-02-16T06:11:05.071+0000] {logging_mixin.py:188} INFO - Downloaded MSFT/1771221832.json
[2026-02-16T06:11:05.080+0000] {logging_mixin.py:188} INFO - Downloaded MSFT/1771221848.json
[2026-02-16T06:11:05.089+0000] {logging_mixin.py:188} INFO - Downloaded MSFT/1771221859.json
[2026-02-16T06:11:05.098+0000] {logging_mixin.py:188} INFO - Downloaded MSFT/1771221872.json
[2026-02-16T06:11:05.108+0000] {logging_mixin.py:188} INFO - Downloaded MSFT/1771221884.json
[2026-02-16T06:11:05.118+0000] {logging_mixin.py:188} INFO - Downloaded MSFT/1771221896.json
[2026-02-16T06:11:05.127+0000] {logging_mixin.py:188} INFO - Downloaded MSFT/1771221907.json
[2026-02-16T06:11:05.136+0000] {logging_mixin.py:188} INFO - Downloaded MSFT/1771221919.json
[2026-02-16T06:11:05.144+0000] {logging_mixin.py:188} INFO - Downloaded MSFT/1771221931.json
[2026-02-16T06:11:05.152+0000] {logging_mixin.py:188} INFO - Downloaded MSFT/1771221942.json
[2026-02-16T06:11:05.160+0000] {logging_mixin.py:188} INFO - Downloaded MSFT/1771221954.json
[2026-02-16T06:11:05.170+0000] {logging_mixin.py:188} INFO - Downloaded MSFT/1771221966.json
[2026-02-16T06:11:05.178+0000] {logging_mixin.py:188} INFO - Downloaded MSFT/1771221978.json
[2026-02-16T06:11:05.186+0000] {logging_mixin.py:188} INFO - Downloaded MSFT/1771222021.json
[2026-02-16T06:11:05.195+0000] {logging_mixin.py:188} INFO - Downloaded MSFT/1771222105.json
[2026-02-16T06:11:05.203+0000] {logging_mixin.py:188} INFO - Downloaded MSFT/1771222117.json
[2026-02-16T06:11:05.212+0000] {logging_mixin.py:188} INFO - Downloaded MSFT/1771222128.json
[2026-02-16T06:11:05.220+0000] {logging_mixin.py:188} INFO - Downloaded MSFT/1771222140.json
[2026-02-16T06:11:05.229+0000] {logging_mixin.py:188} INFO - Downloaded MSFT/1771222153.json
[2026-02-16T06:11:05.238+0000] {logging_mixin.py:188} INFO - Downloaded MSFT/1771222195.json
[2026-02-16T06:11:05.247+0000] {logging_mixin.py:188} INFO - Downloaded MSFT/1771222207.json
[2026-02-16T06:11:05.255+0000] {logging_mixin.py:188} INFO - Downloaded MSFT/1771222218.json
[2026-02-16T06:11:05.266+0000] {logging_mixin.py:188} INFO - Downloaded MSFT/1771222230.json
[2026-02-16T06:11:05.278+0000] {logging_mixin.py:188} INFO - Downloaded MSFT/1771222242.json
[2026-02-16T06:11:05.288+0000] {logging_mixin.py:188} INFO - Downloaded MSFT/1771222253.json
[2026-02-16T06:11:05.299+0000] {logging_mixin.py:188} INFO - Downloaded TSLA/1771221449.json
[2026-02-16T06:11:05.311+0000] {logging_mixin.py:188} INFO - Downloaded TSLA/1771221461.json
[2026-02-16T06:11:05.322+0000] {logging_mixin.py:188} INFO - Downloaded TSLA/1771221473.json
[2026-02-16T06:11:05.332+0000] {logging_mixin.py:188} INFO - Downloaded TSLA/1771221485.json
[2026-02-16T06:11:05.345+0000] {logging_mixin.py:188} INFO - Downloaded TSLA/1771221498.json
[2026-02-16T06:11:05.358+0000] {logging_mixin.py:188} INFO - Downloaded TSLA/1771221511.json
[2026-02-16T06:11:05.378+0000] {logging_mixin.py:188} INFO - Downloaded TSLA/1771221524.json
[2026-02-16T06:11:05.400+0000] {logging_mixin.py:188} INFO - Downloaded TSLA/1771221535.json
[2026-02-16T06:11:05.422+0000] {logging_mixin.py:188} INFO - Downloaded TSLA/1771221547.json
[2026-02-16T06:11:05.446+0000] {logging_mixin.py:188} INFO - Downloaded TSLA/1771221559.json
[2026-02-16T06:11:05.468+0000] {logging_mixin.py:188} INFO - Downloaded TSLA/1771221570.json
[2026-02-16T06:11:05.488+0000] {logging_mixin.py:188} INFO - Downloaded TSLA/1771221582.json
[2026-02-16T06:11:05.506+0000] {logging_mixin.py:188} INFO - Downloaded TSLA/1771221594.json
[2026-02-16T06:11:05.527+0000] {logging_mixin.py:188} INFO - Downloaded TSLA/1771221605.json
[2026-02-16T06:11:05.544+0000] {logging_mixin.py:188} INFO - Downloaded TSLA/1771221617.json
[2026-02-16T06:11:05.567+0000] {logging_mixin.py:188} INFO - Downloaded TSLA/1771221629.json
[2026-02-16T06:11:05.586+0000] {logging_mixin.py:188} INFO - Downloaded TSLA/1771221641.json
[2026-02-16T06:11:05.610+0000] {logging_mixin.py:188} INFO - Downloaded TSLA/1771221652.json
[2026-02-16T06:11:05.633+0000] {logging_mixin.py:188} INFO - Downloaded TSLA/1771221664.json
[2026-02-16T06:11:05.655+0000] {logging_mixin.py:188} INFO - Downloaded TSLA/1771221676.json
[2026-02-16T06:11:05.669+0000] {logging_mixin.py:188} INFO - Downloaded TSLA/1771221688.json
[2026-02-16T06:11:05.688+0000] {logging_mixin.py:188} INFO - Downloaded TSLA/1771221700.json
[2026-02-16T06:11:05.701+0000] {logging_mixin.py:188} INFO - Downloaded TSLA/1771221711.json
[2026-02-16T06:11:05.718+0000] {logging_mixin.py:188} INFO - Downloaded TSLA/1771221723.json
[2026-02-16T06:11:05.738+0000] {logging_mixin.py:188} INFO - Downloaded TSLA/1771221735.json
[2026-02-16T06:11:05.759+0000] {logging_mixin.py:188} INFO - Downloaded TSLA/1771221747.json
[2026-02-16T06:11:05.772+0000] {logging_mixin.py:188} INFO - Downloaded TSLA/1771221759.json
[2026-02-16T06:11:05.782+0000] {logging_mixin.py:188} INFO - Downloaded TSLA/1771221770.json
[2026-02-16T06:11:05.793+0000] {logging_mixin.py:188} INFO - Downloaded TSLA/1771221782.json
[2026-02-16T06:11:05.804+0000] {logging_mixin.py:188} INFO - Downloaded TSLA/1771221798.json
[2026-02-16T06:11:05.816+0000] {logging_mixin.py:188} INFO - Downloaded TSLA/1771221810.json
[2026-02-16T06:11:05.829+0000] {logging_mixin.py:188} INFO - Downloaded TSLA/1771221822.json
[2026-02-16T06:11:05.844+0000] {logging_mixin.py:188} INFO - Downloaded TSLA/1771221834.json
[2026-02-16T06:11:05.858+0000] {logging_mixin.py:188} INFO - Downloaded TSLA/1771221849.json
[2026-02-16T06:11:05.868+0000] {logging_mixin.py:188} INFO - Downloaded TSLA/1771221861.json
[2026-02-16T06:11:05.882+0000] {logging_mixin.py:188} INFO - Downloaded TSLA/1771221873.json
[2026-02-16T06:11:05.892+0000] {logging_mixin.py:188} INFO - Downloaded TSLA/1771221885.json
[2026-02-16T06:11:05.907+0000] {logging_mixin.py:188} INFO - Downloaded TSLA/1771221897.json
[2026-02-16T06:11:05.931+0000] {logging_mixin.py:188} INFO - Downloaded TSLA/1771221908.json
[2026-02-16T06:11:05.951+0000] {logging_mixin.py:188} INFO - Downloaded TSLA/1771221920.json
[2026-02-16T06:11:05.967+0000] {logging_mixin.py:188} INFO - Downloaded TSLA/1771221932.json
[2026-02-16T06:11:05.988+0000] {logging_mixin.py:188} INFO - Downloaded TSLA/1771221943.json
[2026-02-16T06:11:06.004+0000] {logging_mixin.py:188} INFO - Downloaded TSLA/1771221955.json
[2026-02-16T06:11:06.023+0000] {logging_mixin.py:188} INFO - Downloaded TSLA/1771221967.json
[2026-02-16T06:11:06.046+0000] {logging_mixin.py:188} INFO - Downloaded TSLA/1771221979.json
[2026-02-16T06:11:06.076+0000] {logging_mixin.py:188} INFO - Downloaded TSLA/1771222053.json
[2026-02-16T06:11:06.098+0000] {logging_mixin.py:188} INFO - Downloaded TSLA/1771222106.json
[2026-02-16T06:11:06.122+0000] {logging_mixin.py:188} INFO - Downloaded TSLA/1771222118.json
[2026-02-16T06:11:06.136+0000] {logging_mixin.py:188} INFO - Downloaded TSLA/1771222129.json
[2026-02-16T06:11:06.148+0000] {logging_mixin.py:188} INFO - Downloaded TSLA/1771222142.json
[2026-02-16T06:11:06.160+0000] {logging_mixin.py:188} INFO - Downloaded TSLA/1771222154.json
[2026-02-16T06:11:06.170+0000] {logging_mixin.py:188} INFO - Downloaded TSLA/1771222196.json
[2026-02-16T06:11:06.179+0000] {logging_mixin.py:188} INFO - Downloaded TSLA/1771222208.json
[2026-02-16T06:11:06.191+0000] {logging_mixin.py:188} INFO - Downloaded TSLA/1771222220.json
[2026-02-16T06:11:06.200+0000] {logging_mixin.py:188} INFO - Downloaded TSLA/1771222231.json
[2026-02-16T06:11:06.212+0000] {logging_mixin.py:188} INFO - Downloaded TSLA/1771222243.json
[2026-02-16T06:11:06.222+0000] {logging_mixin.py:188} INFO - Downloaded TSLA/1771222254.json
[2026-02-16T06:11:06.224+0000] {python.py:237} INFO - Done. Returned value was: ['/opt/***/data/minio/1771221446.json', '/opt/***/data/minio/1771221459.json', '/opt/***/data/minio/1771221471.json', '/opt/***/data/minio/1771221483.json', '/opt/***/data/minio/1771221496.json', '/opt/***/data/minio/1771221508.json', '/opt/***/data/minio/1771221522.json', '/opt/***/data/minio/1771221533.json', '/opt/***/data/minio/1771221545.json', '/opt/***/data/minio/1771221557.json', '/opt/***/data/minio/1771221568.json', '/opt/***/data/minio/1771221580.json', '/opt/***/data/minio/1771221592.json', '/opt/***/data/minio/1771221603.json', '/opt/***/data/minio/1771221615.json', '/opt/***/data/minio/1771221627.json', '/opt/***/data/minio/1771221639.json', '/opt/***/data/minio/1771221650.json', '/opt/***/data/minio/1771221661.json', '/opt/***/data/minio/1771221673.json', '/opt/***/data/minio/1771221686.json', '/opt/***/data/minio/1771221698.json', '/opt/***/data/minio/1771221709.json', '/opt/***/data/minio/1771221720.json', '/opt/***/data/minio/1771221733.json', '/opt/***/data/minio/1771221744.json', '/opt/***/data/minio/1771221757.json', '/opt/***/data/minio/1771221768.json', '/opt/***/data/minio/1771221779.json', '/opt/***/data/minio/1771221792.json', '/opt/***/data/minio/1771221807.json', '/opt/***/data/minio/1771221820.json', '/opt/***/data/minio/1771221831.json', '/opt/***/data/minio/1771221843.json', '/opt/***/data/minio/1771221858.json', '/opt/***/data/minio/1771221871.json', '/opt/***/data/minio/1771221883.json', '/opt/***/data/minio/1771221895.json', '/opt/***/data/minio/1771221906.json', '/opt/***/data/minio/1771221918.json', '/opt/***/data/minio/1771221930.json', '/opt/***/data/minio/1771221941.json', '/opt/***/data/minio/1771221953.json', '/opt/***/data/minio/1771221965.json', '/opt/***/data/minio/1771221976.json', '/opt/***/data/minio/1771221988.json', '/opt/***/data/minio/1771222104.json', '/opt/***/data/minio/1771222116.json', '/opt/***/data/minio/1771222127.json', '/opt/***/data/minio/1771222139.json', '/opt/***/data/minio/1771222151.json', '/opt/***/data/minio/1771222164.json', '/opt/***/data/minio/1771222205.json', '/opt/***/data/minio/1771222217.json', '/opt/***/data/minio/1771222230.json', '/opt/***/data/minio/1771222241.json', '/opt/***/data/minio/1771222252.json', '/opt/***/data/minio/1771221451.json', '/opt/***/data/minio/1771221463.json', '/opt/***/data/minio/1771221476.json', '/opt/***/data/minio/1771221489.json', '/opt/***/data/minio/1771221501.json', '/opt/***/data/minio/1771221513.json', '/opt/***/data/minio/1771221526.json', '/opt/***/data/minio/1771221538.json', '/opt/***/data/minio/1771221550.json', '/opt/***/data/minio/1771221561.json', '/opt/***/data/minio/1771221573.json', '/opt/***/data/minio/1771221585.json', '/opt/***/data/minio/1771221596.json', '/opt/***/data/minio/1771221608.json', '/opt/***/data/minio/1771221620.json', '/opt/***/data/minio/1771221631.json', '/opt/***/data/minio/1771221643.json', '/opt/***/data/minio/1771221654.json', '/opt/***/data/minio/1771221666.json', '/opt/***/data/minio/1771221678.json', '/opt/***/data/minio/1771221690.json', '/opt/***/data/minio/1771221702.json', '/opt/***/data/minio/1771221713.json', '/opt/***/data/minio/1771221726.json', '/opt/***/data/minio/1771221737.json', '/opt/***/data/minio/1771221750.json', '/opt/***/data/minio/1771221761.json', '/opt/***/data/minio/1771221772.json', '/opt/***/data/minio/1771221784.json', '/opt/***/data/minio/1771221800.json', '/opt/***/data/minio/1771221812.json', '/opt/***/data/minio/1771221824.json', '/opt/***/data/minio/1771221836.json', '/opt/***/data/minio/1771221851.json', '/opt/***/data/minio/1771221864.json', '/opt/***/data/minio/1771221875.json', '/opt/***/data/minio/1771221887.json', '/opt/***/data/minio/1771221899.json', '/opt/***/data/minio/1771221911.json', '/opt/***/data/minio/1771221923.json', '/opt/***/data/minio/1771221934.json', '/opt/***/data/minio/1771221946.json', '/opt/***/data/minio/1771221957.json', '/opt/***/data/minio/1771221969.json', '/opt/***/data/minio/1771221981.json', '/opt/***/data/minio/1771222097.json', '/opt/***/data/minio/1771222108.json', '/opt/***/data/minio/1771222120.json', '/opt/***/data/minio/1771222132.json', '/opt/***/data/minio/1771222144.json', '/opt/***/data/minio/1771222157.json', '/opt/***/data/minio/1771222198.json', '/opt/***/data/minio/1771222210.json', '/opt/***/data/minio/1771222223.json', '/opt/***/data/minio/1771222233.json', '/opt/***/data/minio/1771222245.json', '/opt/***/data/minio/1771222256.json', '/opt/***/data/minio/1771221450.json', '/opt/***/data/minio/1771221462.json', '/opt/***/data/minio/1771221475.json', '/opt/***/data/minio/1771221488.json', '/opt/***/data/minio/1771221500.json', '/opt/***/data/minio/1771221512.json', '/opt/***/data/minio/1771221525.json', '/opt/***/data/minio/1771221537.json', '/opt/***/data/minio/1771221549.json', '/opt/***/data/minio/1771221560.json', '/opt/***/data/minio/1771221571.json', '/opt/***/data/minio/1771221583.json', '/opt/***/data/minio/1771221595.json', '/opt/***/data/minio/1771221607.json', '/opt/***/data/minio/1771221619.json', '/opt/***/data/minio/1771221630.json', '/opt/***/data/minio/1771221642.json', '/opt/***/data/minio/1771221653.json', '/opt/***/data/minio/1771221665.json', '/opt/***/data/minio/1771221677.json', '/opt/***/data/minio/1771221689.json', '/opt/***/data/minio/1771221701.json', '/opt/***/data/minio/1771221712.json', '/opt/***/data/minio/1771221724.json', '/opt/***/data/minio/1771221736.json', '/opt/***/data/minio/1771221748.json', '/opt/***/data/minio/1771221760.json', '/opt/***/data/minio/1771221771.json', '/opt/***/data/minio/1771221783.json', '/opt/***/data/minio/1771221799.json', '/opt/***/data/minio/1771221811.json', '/opt/***/data/minio/1771221823.json', '/opt/***/data/minio/1771221835.json', '/opt/***/data/minio/1771221850.json', '/opt/***/data/minio/1771221862.json', '/opt/***/data/minio/1771221874.json', '/opt/***/data/minio/1771221886.json', '/opt/***/data/minio/1771221898.json', '/opt/***/data/minio/1771221910.json', '/opt/***/data/minio/1771221921.json', '/opt/***/data/minio/1771221933.json', '/opt/***/data/minio/1771221945.json', '/opt/***/data/minio/1771221957.json', '/opt/***/data/minio/1771221968.json', '/opt/***/data/minio/1771221980.json', '/opt/***/data/minio/1771222084.json', '/opt/***/data/minio/1771222107.json', '/opt/***/data/minio/1771222119.json', '/opt/***/data/minio/1771222131.json', '/opt/***/data/minio/1771222143.json', '/opt/***/data/minio/1771222156.json', '/opt/***/data/minio/1771222197.json', '/opt/***/data/minio/1771222209.json', '/opt/***/data/minio/1771222221.json', '/opt/***/data/minio/1771222232.json', '/opt/***/data/minio/1771222244.json', '/opt/***/data/minio/1771222255.json', '/opt/***/data/minio/1771221448.json', '/opt/***/data/minio/1771221460.json', '/opt/***/data/minio/1771221472.json', '/opt/***/data/minio/1771221484.json', '/opt/***/data/minio/1771221497.json', '/opt/***/data/minio/1771221509.json', '/opt/***/data/minio/1771221523.json', '/opt/***/data/minio/1771221534.json', '/opt/***/data/minio/1771221546.json', '/opt/***/data/minio/1771221558.json', '/opt/***/data/minio/1771221569.json', '/opt/***/data/minio/1771221581.json', '/opt/***/data/minio/1771221593.json', '/opt/***/data/minio/1771221604.json', '/opt/***/data/minio/1771221616.json', '/opt/***/data/minio/1771221628.json', '/opt/***/data/minio/1771221640.json', '/opt/***/data/minio/1771221651.json', '/opt/***/data/minio/1771221663.json', '/opt/***/data/minio/1771221675.json', '/opt/***/data/minio/1771221687.json', '/opt/***/data/minio/1771221698.json', '/opt/***/data/minio/1771221710.json', '/opt/***/data/minio/1771221722.json', '/opt/***/data/minio/1771221734.json', '/opt/***/data/minio/1771221746.json', '/opt/***/data/minio/1771221758.json', '/opt/***/data/minio/1771221769.json', '/opt/***/data/minio/1771221781.json', '/opt/***/data/minio/1771221797.json', '/opt/***/data/minio/1771221808.json', '/opt/***/data/minio/1771221821.json', '/opt/***/data/minio/1771221832.json', '/opt/***/data/minio/1771221848.json', '/opt/***/data/minio/1771221859.json', '/opt/***/data/minio/1771221872.json', '/opt/***/data/minio/1771221884.json', '/opt/***/data/minio/1771221896.json', '/opt/***/data/minio/1771221907.json', '/opt/***/data/minio/1771221919.json', '/opt/***/data/minio/1771221931.json', '/opt/***/data/minio/1771221942.json', '/opt/***/data/minio/1771221954.json', '/opt/***/data/minio/1771221966.json', '/opt/***/data/minio/1771221978.json', '/opt/***/data/minio/1771222021.json', '/opt/***/data/minio/1771222105.json', '/opt/***/data/minio/1771222117.json', '/opt/***/data/minio/1771222128.json', '/opt/***/data/minio/1771222140.json', '/opt/***/data/minio/1771222153.json', '/opt/***/data/minio/1771222195.json', '/opt/***/data/minio/1771222207.json', '/opt/***/data/minio/1771222218.json', '/opt/***/data/minio/1771222230.json', '/opt/***/data/minio/1771222242.json', '/opt/***/data/minio/1771222253.json', '/opt/***/data/minio/1771221449.json', '/opt/***/data/minio/1771221461.json', '/opt/***/data/minio/1771221473.json', '/opt/***/data/minio/1771221485.json', '/opt/***/data/minio/1771221498.json', '/opt/***/data/minio/1771221511.json', '/opt/***/data/minio/1771221524.json', '/opt/***/data/minio/1771221535.json', '/opt/***/data/minio/1771221547.json', '/opt/***/data/minio/1771221559.json', '/opt/***/data/minio/1771221570.json', '/opt/***/data/minio/1771221582.json', '/opt/***/data/minio/1771221594.json', '/opt/***/data/minio/1771221605.json', '/opt/***/data/minio/1771221617.json', '/opt/***/data/minio/1771221629.json', '/opt/***/data/minio/1771221641.json', '/opt/***/data/minio/1771221652.json', '/opt/***/data/minio/1771221664.json', '/opt/***/data/minio/1771221676.json', '/opt/***/data/minio/1771221688.json', '/opt/***/data/minio/1771221700.json', '/opt/***/data/minio/1771221711.json', '/opt/***/data/minio/1771221723.json', '/opt/***/data/minio/1771221735.json', '/opt/***/data/minio/1771221747.json', '/opt/***/data/minio/1771221759.json', '/opt/***/data/minio/1771221770.json', '/opt/***/data/minio/1771221782.json', '/opt/***/data/minio/1771221798.json', '/opt/***/data/minio/1771221810.json', '/opt/***/data/minio/1771221822.json', '/opt/***/data/minio/1771221834.json', '/opt/***/data/minio/1771221849.json', '/opt/***/data/minio/1771221861.json', '/opt/***/data/minio/1771221873.json', '/opt/***/data/minio/1771221885.json', '/opt/***/data/minio/1771221897.json', '/opt/***/data/minio/1771221908.json', '/opt/***/data/minio/1771221920.json', '/opt/***/data/minio/1771221932.json', '/opt/***/data/minio/1771221943.json', '/opt/***/data/minio/1771221955.json', '/opt/***/data/minio/1771221967.json', '/opt/***/data/minio/1771221979.json', '/opt/***/data/minio/1771222053.json', '/opt/***/data/minio/1771222106.json', '/opt/***/data/minio/1771222118.json', '/opt/***/data/minio/1771222129.json', '/opt/***/data/minio/1771222142.json', '/opt/***/data/minio/1771222154.json', '/opt/***/data/minio/1771222196.json', '/opt/***/data/minio/1771222208.json', '/opt/***/data/minio/1771222220.json', '/opt/***/data/minio/1771222231.json', '/opt/***/data/minio/1771222243.json', '/opt/***/data/minio/1771222254.json']
[2026-02-16T06:11:06.229+0000] {taskinstance.py:441} INFO - ::group::Post task execution logs
[2026-02-16T06:11:06.293+0000] {taskinstance.py:1206} INFO - Marking task as SUCCESS. dag_id=minio_to_snowflake, task_id=download_minio, run_id=scheduled__2026-02-16T06:10:00+00:00, execution_date=20260216T061000, start_date=20260216T061102, end_date=20260216T061106
[2026-02-16T06:11:06.338+0000] {local_task_job_runner.py:243} INFO - Task exited with return code 0
[2026-02-16T06:11:06.367+0000] {taskinstance.py:3503} INFO - 1 downstream tasks scheduled from follow-on schedule check
[2026-02-16T06:11:06.371+0000] {local_task_job_runner.py:222} INFO - ::endgroup::
