[2026-02-11T09:08:03.225+0000] {local_task_job_runner.py:120} INFO - ::group::Pre task execution logs
[2026-02-11T09:08:03.266+0000] {taskinstance.py:2076} INFO - Dependencies all met for dep_context=non-requeueable deps ti=<TaskInstance: minio_to_snowflake.download_minio scheduled__2026-02-11T09:07:00+00:00 [queued]>
[2026-02-11T09:08:03.278+0000] {taskinstance.py:2076} INFO - Dependencies all met for dep_context=requeueable deps ti=<TaskInstance: minio_to_snowflake.download_minio scheduled__2026-02-11T09:07:00+00:00 [queued]>
[2026-02-11T09:08:03.279+0000] {taskinstance.py:2306} INFO - Starting attempt 1 of 2
[2026-02-11T09:08:03.298+0000] {taskinstance.py:2330} INFO - Executing <Task(PythonOperator): download_minio> on 2026-02-11 09:07:00+00:00
[2026-02-11T09:08:03.322+0000] {logging_mixin.py:188} WARNING - /home/***/.local/lib/python3.12/site-packages/***/task/task_runner/standard_task_runner.py:62 DeprecationWarning: This process (pid=94331) is multi-threaded, use of fork() may lead to deadlocks in the child.
[2026-02-11T09:08:03.326+0000] {standard_task_runner.py:64} INFO - Started process 94376 to run task
[2026-02-11T09:08:03.323+0000] {standard_task_runner.py:90} INFO - Running: ['***', 'tasks', 'run', 'minio_to_snowflake', 'download_minio', 'scheduled__2026-02-11T09:07:00+00:00', '--job-id', '1129', '--raw', '--subdir', 'DAGS_FOLDER/minio_to_snowflake.py', '--cfg-path', '/tmp/tmp3z6_d2gb']
[2026-02-11T09:08:03.328+0000] {standard_task_runner.py:91} INFO - Job 1129: Subtask download_minio
[2026-02-11T09:08:03.420+0000] {task_command.py:426} INFO - Running <TaskInstance: minio_to_snowflake.download_minio scheduled__2026-02-11T09:07:00+00:00 [running]> on host 6729b10e6876
[2026-02-11T09:08:03.553+0000] {taskinstance.py:2648} INFO - Exporting env vars: AIRFLOW_CTX_DAG_OWNER='***' AIRFLOW_CTX_DAG_ID='minio_to_snowflake' AIRFLOW_CTX_TASK_ID='download_minio' AIRFLOW_CTX_EXECUTION_DATE='2026-02-11T09:07:00+00:00' AIRFLOW_CTX_TRY_NUMBER='1' AIRFLOW_CTX_DAG_RUN_ID='scheduled__2026-02-11T09:07:00+00:00'
[2026-02-11T09:08:03.554+0000] {taskinstance.py:430} INFO - ::endgroup::
[2026-02-11T09:08:03.852+0000] {logging_mixin.py:188} INFO - Downloaded AAPL/1770795801.json
[2026-02-11T09:08:03.862+0000] {logging_mixin.py:188} INFO - Downloaded AAPL/1770795811.json
[2026-02-11T09:08:03.870+0000] {logging_mixin.py:188} INFO - Downloaded AAPL/1770795821.json
[2026-02-11T09:08:03.880+0000] {logging_mixin.py:188} INFO - Downloaded AAPL/1770795832.json
[2026-02-11T09:08:03.888+0000] {logging_mixin.py:188} INFO - Downloaded AAPL/1770795843.json
[2026-02-11T09:08:03.898+0000] {logging_mixin.py:188} INFO - Downloaded AAPL/1770795854.json
[2026-02-11T09:08:03.906+0000] {logging_mixin.py:188} INFO - Downloaded AAPL/1770795864.json
[2026-02-11T09:08:03.917+0000] {logging_mixin.py:188} INFO - Downloaded AAPL/1770795875.json
[2026-02-11T09:08:03.927+0000] {logging_mixin.py:188} INFO - Downloaded AAPL/1770795889.json
[2026-02-11T09:08:03.937+0000] {logging_mixin.py:188} INFO - Downloaded AAPL/1770795899.json
[2026-02-11T09:08:03.947+0000] {logging_mixin.py:188} INFO - Downloaded AAPL/1770795910.json
[2026-02-11T09:08:03.958+0000] {logging_mixin.py:188} INFO - Downloaded AAPL/1770795920.json
[2026-02-11T09:08:03.966+0000] {logging_mixin.py:188} INFO - Downloaded AAPL/1770795931.json
[2026-02-11T09:08:03.975+0000] {logging_mixin.py:188} INFO - Downloaded AAPL/1770795942.json
[2026-02-11T09:08:03.983+0000] {logging_mixin.py:188} INFO - Downloaded AAPL/1770795952.json
[2026-02-11T09:08:03.991+0000] {logging_mixin.py:188} INFO - Downloaded AAPL/1770795962.json
[2026-02-11T09:08:04.002+0000] {logging_mixin.py:188} INFO - Downloaded AAPL/1770795973.json
[2026-02-11T09:08:04.011+0000] {logging_mixin.py:188} INFO - Downloaded AAPL/1770795984.json
[2026-02-11T09:08:04.020+0000] {logging_mixin.py:188} INFO - Downloaded AAPL/1770795995.json
[2026-02-11T09:08:04.030+0000] {logging_mixin.py:188} INFO - Downloaded AAPL/1770796006.json
[2026-02-11T09:08:04.039+0000] {logging_mixin.py:188} INFO - Downloaded AAPL/1770796016.json
[2026-02-11T09:08:04.052+0000] {logging_mixin.py:188} INFO - Downloaded AAPL/1770796027.json
[2026-02-11T09:08:04.063+0000] {logging_mixin.py:188} INFO - Downloaded AAPL/1770796038.json
[2026-02-11T09:08:04.073+0000] {logging_mixin.py:188} INFO - Downloaded AAPL/1770796048.json
[2026-02-11T09:08:04.084+0000] {logging_mixin.py:188} INFO - Downloaded AAPL/1770796059.json
[2026-02-11T09:08:04.095+0000] {logging_mixin.py:188} INFO - Downloaded AAPL/1770796069.json
[2026-02-11T09:08:04.104+0000] {logging_mixin.py:188} INFO - Downloaded AAPL/1770796079.json
[2026-02-11T09:08:04.114+0000] {logging_mixin.py:188} INFO - Downloaded AAPL/1770796091.json
[2026-02-11T09:08:04.123+0000] {logging_mixin.py:188} INFO - Downloaded AAPL/1770796102.json
[2026-02-11T09:08:04.132+0000] {logging_mixin.py:188} INFO - Downloaded AAPL/1770796113.json
[2026-02-11T09:08:04.140+0000] {logging_mixin.py:188} INFO - Downloaded AAPL/1770796123.json
[2026-02-11T09:08:04.150+0000] {logging_mixin.py:188} INFO - Downloaded AAPL/1770796133.json
[2026-02-11T09:08:04.160+0000] {logging_mixin.py:188} INFO - Downloaded AAPL/1770796143.json
[2026-02-11T09:08:04.169+0000] {logging_mixin.py:188} INFO - Downloaded AAPL/1770796156.json
[2026-02-11T09:08:04.178+0000] {logging_mixin.py:188} INFO - Downloaded AAPL/1770796166.json
[2026-02-11T09:08:04.188+0000] {logging_mixin.py:188} INFO - Downloaded AAPL/1770796178.json
[2026-02-11T09:08:04.199+0000] {logging_mixin.py:188} INFO - Downloaded AAPL/1770796188.json
[2026-02-11T09:08:04.208+0000] {logging_mixin.py:188} INFO - Downloaded AAPL/1770796200.json
[2026-02-11T09:08:04.217+0000] {logging_mixin.py:188} INFO - Downloaded AAPL/1770796211.json
[2026-02-11T09:08:04.227+0000] {logging_mixin.py:188} INFO - Downloaded AAPL/1770796222.json
[2026-02-11T09:08:04.239+0000] {logging_mixin.py:188} INFO - Downloaded AAPL/1770796233.json
[2026-02-11T09:08:04.250+0000] {logging_mixin.py:188} INFO - Downloaded AAPL/1770796243.json
[2026-02-11T09:08:04.261+0000] {logging_mixin.py:188} INFO - Downloaded AAPL/1770796253.json
[2026-02-11T09:08:04.272+0000] {logging_mixin.py:188} INFO - Downloaded AAPL/1770796264.json
[2026-02-11T09:08:04.283+0000] {logging_mixin.py:188} INFO - Downloaded AAPL/1770796275.json
[2026-02-11T09:08:04.294+0000] {logging_mixin.py:188} INFO - Downloaded AAPL/1770796286.json
[2026-02-11T09:08:04.305+0000] {logging_mixin.py:188} INFO - Downloaded AAPL/1770796297.json
[2026-02-11T09:08:04.315+0000] {logging_mixin.py:188} INFO - Downloaded AAPL/1770796307.json
[2026-02-11T09:08:04.325+0000] {logging_mixin.py:188} INFO - Downloaded AAPL/1770796318.json
[2026-02-11T09:08:04.334+0000] {logging_mixin.py:188} INFO - Downloaded AAPL/1770796328.json
[2026-02-11T09:08:04.344+0000] {logging_mixin.py:188} INFO - Downloaded AAPL/1770796339.json
[2026-02-11T09:08:04.352+0000] {logging_mixin.py:188} INFO - Downloaded AAPL/1770796350.json
[2026-02-11T09:08:04.364+0000] {logging_mixin.py:188} INFO - Downloaded AAPL/1770796360.json
[2026-02-11T09:08:04.375+0000] {logging_mixin.py:188} INFO - Downloaded AAPL/1770796371.json
[2026-02-11T09:08:04.386+0000] {logging_mixin.py:188} INFO - Downloaded AAPL/1770796381.json
[2026-02-11T09:08:04.396+0000] {logging_mixin.py:188} INFO - Downloaded AAPL/1770796392.json
[2026-02-11T09:08:04.413+0000] {logging_mixin.py:188} INFO - Downloaded AAPL/1770796402.json
[2026-02-11T09:08:04.423+0000] {logging_mixin.py:188} INFO - Downloaded AAPL/1770796413.json
[2026-02-11T09:08:04.432+0000] {logging_mixin.py:188} INFO - Downloaded AAPL/1770796424.json
[2026-02-11T09:08:04.442+0000] {logging_mixin.py:188} INFO - Downloaded AAPL/1770796435.json
[2026-02-11T09:08:04.452+0000] {logging_mixin.py:188} INFO - Downloaded AAPL/1770796446.json
[2026-02-11T09:08:04.462+0000] {logging_mixin.py:188} INFO - Downloaded AAPL/1770796456.json
[2026-02-11T09:08:04.471+0000] {logging_mixin.py:188} INFO - Downloaded AAPL/1770796467.json
[2026-02-11T09:08:04.483+0000] {logging_mixin.py:188} INFO - Downloaded AAPL/1770796478.json
[2026-02-11T09:08:04.493+0000] {logging_mixin.py:188} INFO - Downloaded AAPL/1770796488.json
[2026-02-11T09:08:04.503+0000] {logging_mixin.py:188} INFO - Downloaded AAPL/1770796499.json
[2026-02-11T09:08:04.513+0000] {logging_mixin.py:188} INFO - Downloaded AAPL/1770796510.json
[2026-02-11T09:08:04.523+0000] {logging_mixin.py:188} INFO - Downloaded AAPL/1770796521.json
[2026-02-11T09:08:04.533+0000] {logging_mixin.py:188} INFO - Downloaded AAPL/1770796531.json
[2026-02-11T09:08:04.544+0000] {logging_mixin.py:188} INFO - Downloaded AAPL/1770796541.json
[2026-02-11T09:08:04.556+0000] {logging_mixin.py:188} INFO - Downloaded AAPL/1770796552.json
[2026-02-11T09:08:04.565+0000] {logging_mixin.py:188} INFO - Downloaded AAPL/1770796562.json
[2026-02-11T09:08:04.574+0000] {logging_mixin.py:188} INFO - Downloaded AAPL/1770796573.json
[2026-02-11T09:08:04.583+0000] {logging_mixin.py:188} INFO - Downloaded AAPL/1770796584.json
[2026-02-11T09:08:04.592+0000] {logging_mixin.py:188} INFO - Downloaded AAPL/1770796595.json
[2026-02-11T09:08:04.602+0000] {logging_mixin.py:188} INFO - Downloaded AAPL/1770796606.json
[2026-02-11T09:08:04.611+0000] {logging_mixin.py:188} INFO - Downloaded AAPL/1770796618.json
[2026-02-11T09:08:04.621+0000] {logging_mixin.py:188} INFO - Downloaded AAPL/1770796628.json
[2026-02-11T09:08:04.631+0000] {logging_mixin.py:188} INFO - Downloaded AAPL/1770796640.json
[2026-02-11T09:08:04.640+0000] {logging_mixin.py:188} INFO - Downloaded AAPL/1770796650.json
[2026-02-11T09:08:04.649+0000] {logging_mixin.py:188} INFO - Downloaded AAPL/1770796661.json
[2026-02-11T09:08:04.658+0000] {logging_mixin.py:188} INFO - Downloaded AAPL/1770796672.json
[2026-02-11T09:08:04.668+0000] {logging_mixin.py:188} INFO - Downloaded AAPL/1770796682.json
[2026-02-11T09:08:04.677+0000] {logging_mixin.py:188} INFO - Downloaded AAPL/1770796693.json
[2026-02-11T09:08:04.687+0000] {logging_mixin.py:188} INFO - Downloaded AAPL/1770796703.json
[2026-02-11T09:08:04.697+0000] {logging_mixin.py:188} INFO - Downloaded AAPL/1770796714.json
[2026-02-11T09:08:04.706+0000] {logging_mixin.py:188} INFO - Downloaded AAPL/1770796724.json
[2026-02-11T09:08:04.715+0000] {logging_mixin.py:188} INFO - Downloaded AAPL/1770796735.json
[2026-02-11T09:08:04.724+0000] {logging_mixin.py:188} INFO - Downloaded AAPL/1770796746.json
[2026-02-11T09:08:04.733+0000] {logging_mixin.py:188} INFO - Downloaded AAPL/1770796757.json
[2026-02-11T09:08:04.743+0000] {logging_mixin.py:188} INFO - Downloaded AAPL/1770796768.json
[2026-02-11T09:08:04.753+0000] {logging_mixin.py:188} INFO - Downloaded AAPL/1770796780.json
[2026-02-11T09:08:04.762+0000] {logging_mixin.py:188} INFO - Downloaded AAPL/1770796790.json
[2026-02-11T09:08:04.771+0000] {logging_mixin.py:188} INFO - Downloaded AAPL/1770796801.json
[2026-02-11T09:08:04.780+0000] {logging_mixin.py:188} INFO - Downloaded AAPL/1770796813.json
[2026-02-11T09:08:04.790+0000] {logging_mixin.py:188} INFO - Downloaded AAPL/1770796823.json
[2026-02-11T09:08:04.800+0000] {logging_mixin.py:188} INFO - Downloaded AAPL/1770796834.json
[2026-02-11T09:08:04.811+0000] {logging_mixin.py:188} INFO - Downloaded AAPL/1770796844.json
[2026-02-11T09:08:04.820+0000] {logging_mixin.py:188} INFO - Downloaded AAPL/1770796855.json
[2026-02-11T09:08:04.830+0000] {logging_mixin.py:188} INFO - Downloaded AAPL/1770796866.json
[2026-02-11T09:08:04.839+0000] {logging_mixin.py:188} INFO - Downloaded AAPL/1770796877.json
[2026-02-11T09:08:04.849+0000] {logging_mixin.py:188} INFO - Downloaded AAPL/1770796887.json
[2026-02-11T09:08:04.859+0000] {logging_mixin.py:188} INFO - Downloaded AAPL/1770796898.json
[2026-02-11T09:08:04.868+0000] {logging_mixin.py:188} INFO - Downloaded AAPL/1770796909.json
[2026-02-11T09:08:04.881+0000] {logging_mixin.py:188} INFO - Downloaded AAPL/1770796920.json
[2026-02-11T09:08:04.891+0000] {logging_mixin.py:188} INFO - Downloaded AAPL/1770796930.json
[2026-02-11T09:08:04.900+0000] {logging_mixin.py:188} INFO - Downloaded AAPL/1770796943.json
[2026-02-11T09:08:04.910+0000] {logging_mixin.py:188} INFO - Downloaded AAPL/1770796954.json
[2026-02-11T09:08:04.919+0000] {logging_mixin.py:188} INFO - Downloaded AAPL/1770796965.json
[2026-02-11T09:08:04.929+0000] {logging_mixin.py:188} INFO - Downloaded AAPL/1770796976.json
[2026-02-11T09:08:04.938+0000] {logging_mixin.py:188} INFO - Downloaded AAPL/1770796987.json
[2026-02-11T09:08:04.947+0000] {logging_mixin.py:188} INFO - Downloaded AAPL/1770796998.json
[2026-02-11T09:08:04.956+0000] {logging_mixin.py:188} INFO - Downloaded AAPL/1770797047.json
[2026-02-11T09:08:04.965+0000] {logging_mixin.py:188} INFO - Downloaded AAPL/1770797059.json
[2026-02-11T09:08:04.974+0000] {logging_mixin.py:188} INFO - Downloaded AAPL/1770797069.json
[2026-02-11T09:08:04.983+0000] {logging_mixin.py:188} INFO - Downloaded AAPL/1770797082.json
[2026-02-11T09:08:04.993+0000] {logging_mixin.py:188} INFO - Downloaded AAPL/1770797095.json
[2026-02-11T09:08:05.003+0000] {logging_mixin.py:188} INFO - Downloaded AAPL/1770797106.json
[2026-02-11T09:08:05.013+0000] {logging_mixin.py:188} INFO - Downloaded AAPL/1770797117.json
[2026-02-11T09:08:05.023+0000] {logging_mixin.py:188} INFO - Downloaded AAPL/1770797128.json
[2026-02-11T09:08:05.031+0000] {logging_mixin.py:188} INFO - Downloaded AAPL/1770797139.json
[2026-02-11T09:08:05.040+0000] {logging_mixin.py:188} INFO - Downloaded AAPL/1770797149.json
[2026-02-11T09:08:05.049+0000] {logging_mixin.py:188} INFO - Downloaded AAPL/1770797159.json
[2026-02-11T09:08:05.058+0000] {logging_mixin.py:188} INFO - Downloaded AAPL/1770797171.json
[2026-02-11T09:08:05.067+0000] {logging_mixin.py:188} INFO - Downloaded AMZN/1770795804.json
[2026-02-11T09:08:05.076+0000] {logging_mixin.py:188} INFO - Downloaded AMZN/1770795815.json
[2026-02-11T09:08:05.084+0000] {logging_mixin.py:188} INFO - Downloaded AMZN/1770795825.json
[2026-02-11T09:08:05.093+0000] {logging_mixin.py:188} INFO - Downloaded AMZN/1770795836.json
[2026-02-11T09:08:05.102+0000] {logging_mixin.py:188} INFO - Downloaded AMZN/1770795847.json
[2026-02-11T09:08:05.111+0000] {logging_mixin.py:188} INFO - Downloaded AMZN/1770795857.json
[2026-02-11T09:08:05.120+0000] {logging_mixin.py:188} INFO - Downloaded AMZN/1770795868.json
[2026-02-11T09:08:05.129+0000] {logging_mixin.py:188} INFO - Downloaded AMZN/1770795882.json
[2026-02-11T09:08:05.139+0000] {logging_mixin.py:188} INFO - Downloaded AMZN/1770795892.json
[2026-02-11T09:08:05.151+0000] {logging_mixin.py:188} INFO - Downloaded AMZN/1770795903.json
[2026-02-11T09:08:05.162+0000] {logging_mixin.py:188} INFO - Downloaded AMZN/1770795913.json
[2026-02-11T09:08:05.172+0000] {logging_mixin.py:188} INFO - Downloaded AMZN/1770795924.json
[2026-02-11T09:08:05.183+0000] {logging_mixin.py:188} INFO - Downloaded AMZN/1770795935.json
[2026-02-11T09:08:05.193+0000] {logging_mixin.py:188} INFO - Downloaded AMZN/1770795945.json
[2026-02-11T09:08:05.204+0000] {logging_mixin.py:188} INFO - Downloaded AMZN/1770795955.json
[2026-02-11T09:08:05.215+0000] {logging_mixin.py:188} INFO - Downloaded AMZN/1770795966.json
[2026-02-11T09:08:05.225+0000] {logging_mixin.py:188} INFO - Downloaded AMZN/1770795977.json
[2026-02-11T09:08:05.236+0000] {logging_mixin.py:188} INFO - Downloaded AMZN/1770795988.json
[2026-02-11T09:08:05.246+0000] {logging_mixin.py:188} INFO - Downloaded AMZN/1770795999.json
[2026-02-11T09:08:05.259+0000] {logging_mixin.py:188} INFO - Downloaded AMZN/1770796009.json
[2026-02-11T09:08:05.269+0000] {logging_mixin.py:188} INFO - Downloaded AMZN/1770796020.json
[2026-02-11T09:08:05.279+0000] {logging_mixin.py:188} INFO - Downloaded AMZN/1770796031.json
[2026-02-11T09:08:05.289+0000] {logging_mixin.py:188} INFO - Downloaded AMZN/1770796041.json
[2026-02-11T09:08:05.300+0000] {logging_mixin.py:188} INFO - Downloaded AMZN/1770796052.json
[2026-02-11T09:08:05.309+0000] {logging_mixin.py:188} INFO - Downloaded AMZN/1770796062.json
[2026-02-11T09:08:05.319+0000] {logging_mixin.py:188} INFO - Downloaded AMZN/1770796072.json
[2026-02-11T09:08:05.328+0000] {logging_mixin.py:188} INFO - Downloaded AMZN/1770796084.json
[2026-02-11T09:08:05.339+0000] {logging_mixin.py:188} INFO - Downloaded AMZN/1770796095.json
[2026-02-11T09:08:05.351+0000] {logging_mixin.py:188} INFO - Downloaded AMZN/1770796106.json
[2026-02-11T09:08:05.363+0000] {logging_mixin.py:188} INFO - Downloaded AMZN/1770796116.json
[2026-02-11T09:08:05.377+0000] {logging_mixin.py:188} INFO - Downloaded AMZN/1770796126.json
[2026-02-11T09:08:05.391+0000] {logging_mixin.py:188} INFO - Downloaded AMZN/1770796136.json
[2026-02-11T09:08:05.408+0000] {logging_mixin.py:188} INFO - Downloaded AMZN/1770796149.json
[2026-02-11T09:08:05.421+0000] {logging_mixin.py:188} INFO - Downloaded AMZN/1770796159.json
[2026-02-11T09:08:05.434+0000] {logging_mixin.py:188} INFO - Downloaded AMZN/1770796171.json
[2026-02-11T09:08:05.448+0000] {logging_mixin.py:188} INFO - Downloaded AMZN/1770796181.json
[2026-02-11T09:08:05.460+0000] {logging_mixin.py:188} INFO - Downloaded AMZN/1770796192.json
[2026-02-11T09:08:05.470+0000] {logging_mixin.py:188} INFO - Downloaded AMZN/1770796204.json
[2026-02-11T09:08:05.482+0000] {logging_mixin.py:188} INFO - Downloaded AMZN/1770796215.json
[2026-02-11T09:08:05.492+0000] {logging_mixin.py:188} INFO - Downloaded AMZN/1770796226.json
[2026-02-11T09:08:05.505+0000] {logging_mixin.py:188} INFO - Downloaded AMZN/1770796236.json
[2026-02-11T09:08:05.515+0000] {logging_mixin.py:188} INFO - Downloaded AMZN/1770796247.json
[2026-02-11T09:08:05.524+0000] {logging_mixin.py:188} INFO - Downloaded AMZN/1770796257.json
[2026-02-11T09:08:05.534+0000] {logging_mixin.py:188} INFO - Downloaded AMZN/1770796268.json
[2026-02-11T09:08:05.543+0000] {logging_mixin.py:188} INFO - Downloaded AMZN/1770796279.json
[2026-02-11T09:08:05.552+0000] {logging_mixin.py:188} INFO - Downloaded AMZN/1770796290.json
[2026-02-11T09:08:05.561+0000] {logging_mixin.py:188} INFO - Downloaded AMZN/1770796300.json
[2026-02-11T09:08:05.572+0000] {logging_mixin.py:188} INFO - Downloaded AMZN/1770796311.json
[2026-02-11T09:08:05.582+0000] {logging_mixin.py:188} INFO - Downloaded AMZN/1770796321.json
[2026-02-11T09:08:05.593+0000] {logging_mixin.py:188} INFO - Downloaded AMZN/1770796332.json
[2026-02-11T09:08:05.604+0000] {logging_mixin.py:188} INFO - Downloaded AMZN/1770796343.json
[2026-02-11T09:08:05.613+0000] {logging_mixin.py:188} INFO - Downloaded AMZN/1770796353.json
[2026-02-11T09:08:05.624+0000] {logging_mixin.py:188} INFO - Downloaded AMZN/1770796364.json
[2026-02-11T09:08:05.635+0000] {logging_mixin.py:188} INFO - Downloaded AMZN/1770796375.json
[2026-02-11T09:08:05.645+0000] {logging_mixin.py:188} INFO - Downloaded AMZN/1770796385.json
[2026-02-11T09:08:05.656+0000] {logging_mixin.py:188} INFO - Downloaded AMZN/1770796396.json
[2026-02-11T09:08:05.666+0000] {logging_mixin.py:188} INFO - Downloaded AMZN/1770796406.json
[2026-02-11T09:08:05.678+0000] {logging_mixin.py:188} INFO - Downloaded AMZN/1770796417.json
[2026-02-11T09:08:05.687+0000] {logging_mixin.py:188} INFO - Downloaded AMZN/1770796428.json
[2026-02-11T09:08:05.697+0000] {logging_mixin.py:188} INFO - Downloaded AMZN/1770796438.json
[2026-02-11T09:08:05.705+0000] {logging_mixin.py:188} INFO - Downloaded AMZN/1770796450.json
[2026-02-11T09:08:05.715+0000] {logging_mixin.py:188} INFO - Downloaded AMZN/1770796460.json
[2026-02-11T09:08:05.725+0000] {logging_mixin.py:188} INFO - Downloaded AMZN/1770796471.json
[2026-02-11T09:08:05.735+0000] {logging_mixin.py:188} INFO - Downloaded AMZN/1770796481.json
[2026-02-11T09:08:05.744+0000] {logging_mixin.py:188} INFO - Downloaded AMZN/1770796492.json
[2026-02-11T09:08:05.753+0000] {logging_mixin.py:188} INFO - Downloaded AMZN/1770796503.json
[2026-02-11T09:08:05.765+0000] {logging_mixin.py:188} INFO - Downloaded AMZN/1770796514.json
[2026-02-11T09:08:05.776+0000] {logging_mixin.py:188} INFO - Downloaded AMZN/1770796524.json
[2026-02-11T09:08:05.785+0000] {logging_mixin.py:188} INFO - Downloaded AMZN/1770796534.json
[2026-02-11T09:08:05.796+0000] {logging_mixin.py:188} INFO - Downloaded AMZN/1770796545.json
[2026-02-11T09:08:05.806+0000] {logging_mixin.py:188} INFO - Downloaded AMZN/1770796555.json
[2026-02-11T09:08:05.816+0000] {logging_mixin.py:188} INFO - Downloaded AMZN/1770796566.json
[2026-02-11T09:08:05.826+0000] {logging_mixin.py:188} INFO - Downloaded AMZN/1770796577.json
[2026-02-11T09:08:05.835+0000] {logging_mixin.py:188} INFO - Downloaded AMZN/1770796588.json
[2026-02-11T09:08:05.846+0000] {logging_mixin.py:188} INFO - Downloaded AMZN/1770796599.json
[2026-02-11T09:08:05.857+0000] {logging_mixin.py:188} INFO - Downloaded AMZN/1770796611.json
[2026-02-11T09:08:05.867+0000] {logging_mixin.py:188} INFO - Downloaded AMZN/1770796621.json
[2026-02-11T09:08:05.877+0000] {logging_mixin.py:188} INFO - Downloaded AMZN/1770796633.json
[2026-02-11T09:08:05.886+0000] {logging_mixin.py:188} INFO - Downloaded AMZN/1770796643.json
[2026-02-11T09:08:05.896+0000] {logging_mixin.py:188} INFO - Downloaded AMZN/1770796654.json
[2026-02-11T09:08:05.906+0000] {logging_mixin.py:188} INFO - Downloaded AMZN/1770796665.json
[2026-02-11T09:08:05.915+0000] {logging_mixin.py:188} INFO - Downloaded AMZN/1770796675.json
[2026-02-11T09:08:05.924+0000] {logging_mixin.py:188} INFO - Downloaded AMZN/1770796686.json
[2026-02-11T09:08:05.934+0000] {logging_mixin.py:188} INFO - Downloaded AMZN/1770796696.json
[2026-02-11T09:08:05.943+0000] {logging_mixin.py:188} INFO - Downloaded AMZN/1770796707.json
[2026-02-11T09:08:05.952+0000] {logging_mixin.py:188} INFO - Downloaded AMZN/1770796717.json
[2026-02-11T09:08:05.962+0000] {logging_mixin.py:188} INFO - Downloaded AMZN/1770796728.json
[2026-02-11T09:08:05.973+0000] {logging_mixin.py:188} INFO - Downloaded AMZN/1770796739.json
[2026-02-11T09:08:05.989+0000] {logging_mixin.py:188} INFO - Downloaded AMZN/1770796750.json
[2026-02-11T09:08:06.002+0000] {logging_mixin.py:188} INFO - Downloaded AMZN/1770796762.json
[2026-02-11T09:08:06.013+0000] {logging_mixin.py:188} INFO - Downloaded AMZN/1770796773.json
[2026-02-11T09:08:06.024+0000] {logging_mixin.py:188} INFO - Downloaded AMZN/1770796783.json
[2026-02-11T09:08:06.036+0000] {logging_mixin.py:188} INFO - Downloaded AMZN/1770796794.json
[2026-02-11T09:08:06.049+0000] {logging_mixin.py:188} INFO - Downloaded AMZN/1770796806.json
[2026-02-11T09:08:06.066+0000] {logging_mixin.py:188} INFO - Downloaded AMZN/1770796817.json
[2026-02-11T09:08:06.112+0000] {logging_mixin.py:188} INFO - Downloaded AMZN/1770796827.json
[2026-02-11T09:08:06.133+0000] {logging_mixin.py:188} INFO - Downloaded AMZN/1770796837.json
[2026-02-11T09:08:06.152+0000] {logging_mixin.py:188} INFO - Downloaded AMZN/1770796848.json
[2026-02-11T09:08:06.166+0000] {logging_mixin.py:188} INFO - Downloaded AMZN/1770796859.json
[2026-02-11T09:08:06.180+0000] {logging_mixin.py:188} INFO - Downloaded AMZN/1770796870.json
[2026-02-11T09:08:06.193+0000] {logging_mixin.py:188} INFO - Downloaded AMZN/1770796880.json
[2026-02-11T09:08:06.204+0000] {logging_mixin.py:188} INFO - Downloaded AMZN/1770796891.json
[2026-02-11T09:08:06.218+0000] {logging_mixin.py:188} INFO - Downloaded AMZN/1770796901.json
[2026-02-11T09:08:06.232+0000] {logging_mixin.py:188} INFO - Downloaded AMZN/1770796913.json
[2026-02-11T09:08:06.250+0000] {logging_mixin.py:188} INFO - Downloaded AMZN/1770796924.json
[2026-02-11T09:08:06.260+0000] {logging_mixin.py:188} INFO - Downloaded AMZN/1770796937.json
[2026-02-11T09:08:06.272+0000] {logging_mixin.py:188} INFO - Downloaded AMZN/1770796947.json
[2026-02-11T09:08:06.281+0000] {logging_mixin.py:188} INFO - Downloaded AMZN/1770796958.json
[2026-02-11T09:08:06.291+0000] {logging_mixin.py:188} INFO - Downloaded AMZN/1770796969.json
[2026-02-11T09:08:06.299+0000] {logging_mixin.py:188} INFO - Downloaded AMZN/1770796980.json
[2026-02-11T09:08:06.311+0000] {logging_mixin.py:188} INFO - Downloaded AMZN/1770796991.json
[2026-02-11T09:08:06.320+0000] {logging_mixin.py:188} INFO - Downloaded AMZN/1770797002.json
[2026-02-11T09:08:06.330+0000] {logging_mixin.py:188} INFO - Downloaded AMZN/1770797039.json
[2026-02-11T09:08:06.340+0000] {logging_mixin.py:188} INFO - Downloaded AMZN/1770797052.json
[2026-02-11T09:08:06.350+0000] {logging_mixin.py:188} INFO - Downloaded AMZN/1770797062.json
[2026-02-11T09:08:06.361+0000] {logging_mixin.py:188} INFO - Downloaded AMZN/1770797074.json
[2026-02-11T09:08:06.369+0000] {logging_mixin.py:188} INFO - Downloaded AMZN/1770797088.json
[2026-02-11T09:08:06.378+0000] {logging_mixin.py:188} INFO - Downloaded AMZN/1770797099.json
[2026-02-11T09:08:06.388+0000] {logging_mixin.py:188} INFO - Downloaded AMZN/1770797110.json
[2026-02-11T09:08:06.397+0000] {logging_mixin.py:188} INFO - Downloaded AMZN/1770797121.json
[2026-02-11T09:08:06.407+0000] {logging_mixin.py:188} INFO - Downloaded AMZN/1770797132.json
[2026-02-11T09:08:06.416+0000] {logging_mixin.py:188} INFO - Downloaded AMZN/1770797142.json
[2026-02-11T09:08:06.425+0000] {logging_mixin.py:188} INFO - Downloaded AMZN/1770797152.json
[2026-02-11T09:08:06.435+0000] {logging_mixin.py:188} INFO - Downloaded AMZN/1770797164.json
[2026-02-11T09:08:06.447+0000] {logging_mixin.py:188} INFO - Downloaded AMZN/1770797175.json
[2026-02-11T09:08:06.457+0000] {logging_mixin.py:188} INFO - Downloaded GOOGL/1770795803.json
[2026-02-11T09:08:06.472+0000] {logging_mixin.py:188} INFO - Downloaded GOOGL/1770795814.json
[2026-02-11T09:08:06.488+0000] {logging_mixin.py:188} INFO - Downloaded GOOGL/1770795824.json
[2026-02-11T09:08:06.504+0000] {logging_mixin.py:188} INFO - Downloaded GOOGL/1770795835.json
[2026-02-11T09:08:06.521+0000] {logging_mixin.py:188} INFO - Downloaded GOOGL/1770795846.json
[2026-02-11T09:08:06.540+0000] {logging_mixin.py:188} INFO - Downloaded GOOGL/1770795857.json
[2026-02-11T09:08:06.559+0000] {logging_mixin.py:188} INFO - Downloaded GOOGL/1770795867.json
[2026-02-11T09:08:06.571+0000] {logging_mixin.py:188} INFO - Downloaded GOOGL/1770795879.json
[2026-02-11T09:08:06.583+0000] {logging_mixin.py:188} INFO - Downloaded GOOGL/1770795891.json
[2026-02-11T09:08:06.595+0000] {logging_mixin.py:188} INFO - Downloaded GOOGL/1770795902.json
[2026-02-11T09:08:06.610+0000] {logging_mixin.py:188} INFO - Downloaded GOOGL/1770795912.json
[2026-02-11T09:08:06.624+0000] {logging_mixin.py:188} INFO - Downloaded GOOGL/1770795923.json
[2026-02-11T09:08:06.636+0000] {logging_mixin.py:188} INFO - Downloaded GOOGL/1770795934.json
[2026-02-11T09:08:06.649+0000] {logging_mixin.py:188} INFO - Downloaded GOOGL/1770795944.json
[2026-02-11T09:08:06.660+0000] {logging_mixin.py:188} INFO - Downloaded GOOGL/1770795954.json
[2026-02-11T09:08:06.673+0000] {logging_mixin.py:188} INFO - Downloaded GOOGL/1770795965.json
[2026-02-11T09:08:06.691+0000] {logging_mixin.py:188} INFO - Downloaded GOOGL/1770795976.json
[2026-02-11T09:08:06.706+0000] {logging_mixin.py:188} INFO - Downloaded GOOGL/1770795987.json
[2026-02-11T09:08:06.721+0000] {logging_mixin.py:188} INFO - Downloaded GOOGL/1770795998.json
[2026-02-11T09:08:06.737+0000] {logging_mixin.py:188} INFO - Downloaded GOOGL/1770796008.json
[2026-02-11T09:08:06.751+0000] {logging_mixin.py:188} INFO - Downloaded GOOGL/1770796019.json
[2026-02-11T09:08:06.765+0000] {logging_mixin.py:188} INFO - Downloaded GOOGL/1770796030.json
[2026-02-11T09:08:06.779+0000] {logging_mixin.py:188} INFO - Downloaded GOOGL/1770796040.json
[2026-02-11T09:08:06.800+0000] {logging_mixin.py:188} INFO - Downloaded GOOGL/1770796051.json
[2026-02-11T09:08:06.825+0000] {logging_mixin.py:188} INFO - Downloaded GOOGL/1770796061.json
[2026-02-11T09:08:06.837+0000] {logging_mixin.py:188} INFO - Downloaded GOOGL/1770796071.json
[2026-02-11T09:08:06.849+0000] {logging_mixin.py:188} INFO - Downloaded GOOGL/1770796083.json
[2026-02-11T09:08:06.860+0000] {logging_mixin.py:188} INFO - Downloaded GOOGL/1770796094.json
[2026-02-11T09:08:06.871+0000] {logging_mixin.py:188} INFO - Downloaded GOOGL/1770796105.json
[2026-02-11T09:08:06.881+0000] {logging_mixin.py:188} INFO - Downloaded GOOGL/1770796115.json
[2026-02-11T09:08:06.890+0000] {logging_mixin.py:188} INFO - Downloaded GOOGL/1770796125.json
[2026-02-11T09:08:06.899+0000] {logging_mixin.py:188} INFO - Downloaded GOOGL/1770796136.json
[2026-02-11T09:08:06.908+0000] {logging_mixin.py:188} INFO - Downloaded GOOGL/1770796147.json
[2026-02-11T09:08:06.918+0000] {logging_mixin.py:188} INFO - Downloaded GOOGL/1770796158.json
[2026-02-11T09:08:06.927+0000] {logging_mixin.py:188} INFO - Downloaded GOOGL/1770796170.json
[2026-02-11T09:08:06.937+0000] {logging_mixin.py:188} INFO - Downloaded GOOGL/1770796180.json
[2026-02-11T09:08:06.947+0000] {logging_mixin.py:188} INFO - Downloaded GOOGL/1770796191.json
[2026-02-11T09:08:06.956+0000] {logging_mixin.py:188} INFO - Downloaded GOOGL/1770796203.json
[2026-02-11T09:08:06.965+0000] {logging_mixin.py:188} INFO - Downloaded GOOGL/1770796214.json
[2026-02-11T09:08:06.973+0000] {logging_mixin.py:188} INFO - Downloaded GOOGL/1770796225.json
[2026-02-11T09:08:06.981+0000] {logging_mixin.py:188} INFO - Downloaded GOOGL/1770796236.json
[2026-02-11T09:08:06.990+0000] {logging_mixin.py:188} INFO - Downloaded GOOGL/1770796246.json
[2026-02-11T09:08:07.000+0000] {logging_mixin.py:188} INFO - Downloaded GOOGL/1770796256.json
[2026-02-11T09:08:07.009+0000] {logging_mixin.py:188} INFO - Downloaded GOOGL/1770796267.json
[2026-02-11T09:08:07.017+0000] {logging_mixin.py:188} INFO - Downloaded GOOGL/1770796277.json
[2026-02-11T09:08:07.025+0000] {logging_mixin.py:188} INFO - Downloaded GOOGL/1770796289.json
[2026-02-11T09:08:07.035+0000] {logging_mixin.py:188} INFO - Downloaded GOOGL/1770796299.json
[2026-02-11T09:08:07.044+0000] {logging_mixin.py:188} INFO - Downloaded GOOGL/1770796310.json
[2026-02-11T09:08:07.053+0000] {logging_mixin.py:188} INFO - Downloaded GOOGL/1770796321.json
[2026-02-11T09:08:07.063+0000] {logging_mixin.py:188} INFO - Downloaded GOOGL/1770796331.json
[2026-02-11T09:08:07.072+0000] {logging_mixin.py:188} INFO - Downloaded GOOGL/1770796342.json
[2026-02-11T09:08:07.081+0000] {logging_mixin.py:188} INFO - Downloaded GOOGL/1770796352.json
[2026-02-11T09:08:07.090+0000] {logging_mixin.py:188} INFO - Downloaded GOOGL/1770796363.json
[2026-02-11T09:08:07.098+0000] {logging_mixin.py:188} INFO - Downloaded GOOGL/1770796374.json
[2026-02-11T09:08:07.109+0000] {logging_mixin.py:188} INFO - Downloaded GOOGL/1770796384.json
[2026-02-11T09:08:07.118+0000] {logging_mixin.py:188} INFO - Downloaded GOOGL/1770796395.json
[2026-02-11T09:08:07.128+0000] {logging_mixin.py:188} INFO - Downloaded GOOGL/1770796406.json
[2026-02-11T09:08:07.136+0000] {logging_mixin.py:188} INFO - Downloaded GOOGL/1770796416.json
[2026-02-11T09:08:07.146+0000] {logging_mixin.py:188} INFO - Downloaded GOOGL/1770796427.json
[2026-02-11T09:08:07.155+0000] {logging_mixin.py:188} INFO - Downloaded GOOGL/1770796438.json
[2026-02-11T09:08:07.165+0000] {logging_mixin.py:188} INFO - Downloaded GOOGL/1770796449.json
[2026-02-11T09:08:07.174+0000] {logging_mixin.py:188} INFO - Downloaded GOOGL/1770796459.json
[2026-02-11T09:08:07.183+0000] {logging_mixin.py:188} INFO - Downloaded GOOGL/1770796470.json
[2026-02-11T09:08:07.192+0000] {logging_mixin.py:188} INFO - Downloaded GOOGL/1770796480.json
[2026-02-11T09:08:07.201+0000] {logging_mixin.py:188} INFO - Downloaded GOOGL/1770796491.json
[2026-02-11T09:08:07.210+0000] {logging_mixin.py:188} INFO - Downloaded GOOGL/1770796502.json
[2026-02-11T09:08:07.219+0000] {logging_mixin.py:188} INFO - Downloaded GOOGL/1770796513.json
[2026-02-11T09:08:07.228+0000] {logging_mixin.py:188} INFO - Downloaded GOOGL/1770796523.json
[2026-02-11T09:08:07.239+0000] {logging_mixin.py:188} INFO - Downloaded GOOGL/1770796534.json
[2026-02-11T09:08:07.250+0000] {logging_mixin.py:188} INFO - Downloaded GOOGL/1770796544.json
[2026-02-11T09:08:07.259+0000] {logging_mixin.py:188} INFO - Downloaded GOOGL/1770796554.json
[2026-02-11T09:08:07.268+0000] {logging_mixin.py:188} INFO - Downloaded GOOGL/1770796565.json
[2026-02-11T09:08:07.277+0000] {logging_mixin.py:188} INFO - Downloaded GOOGL/1770796576.json
[2026-02-11T09:08:07.286+0000] {logging_mixin.py:188} INFO - Downloaded GOOGL/1770796587.json
[2026-02-11T09:08:07.297+0000] {logging_mixin.py:188} INFO - Downloaded GOOGL/1770796598.json
[2026-02-11T09:08:07.307+0000] {logging_mixin.py:188} INFO - Downloaded GOOGL/1770796610.json
[2026-02-11T09:08:07.315+0000] {logging_mixin.py:188} INFO - Downloaded GOOGL/1770796620.json
[2026-02-11T09:08:07.324+0000] {logging_mixin.py:188} INFO - Downloaded GOOGL/1770796632.json
[2026-02-11T09:08:07.333+0000] {logging_mixin.py:188} INFO - Downloaded GOOGL/1770796642.json
[2026-02-11T09:08:07.342+0000] {logging_mixin.py:188} INFO - Downloaded GOOGL/1770796653.json
[2026-02-11T09:08:07.351+0000] {logging_mixin.py:188} INFO - Downloaded GOOGL/1770796664.json
[2026-02-11T09:08:07.360+0000] {logging_mixin.py:188} INFO - Downloaded GOOGL/1770796674.json
[2026-02-11T09:08:07.369+0000] {logging_mixin.py:188} INFO - Downloaded GOOGL/1770796685.json
[2026-02-11T09:08:07.378+0000] {logging_mixin.py:188} INFO - Downloaded GOOGL/1770796696.json
[2026-02-11T09:08:07.387+0000] {logging_mixin.py:188} INFO - Downloaded GOOGL/1770796706.json
[2026-02-11T09:08:07.397+0000] {logging_mixin.py:188} INFO - Downloaded GOOGL/1770796716.json
[2026-02-11T09:08:07.406+0000] {logging_mixin.py:188} INFO - Downloaded GOOGL/1770796727.json
[2026-02-11T09:08:07.416+0000] {logging_mixin.py:188} INFO - Downloaded GOOGL/1770796738.json
[2026-02-11T09:08:07.425+0000] {logging_mixin.py:188} INFO - Downloaded GOOGL/1770796749.json
[2026-02-11T09:08:07.434+0000] {logging_mixin.py:188} INFO - Downloaded GOOGL/1770796761.json
[2026-02-11T09:08:07.444+0000] {logging_mixin.py:188} INFO - Downloaded GOOGL/1770796772.json
[2026-02-11T09:08:07.453+0000] {logging_mixin.py:188} INFO - Downloaded GOOGL/1770796783.json
[2026-02-11T09:08:07.462+0000] {logging_mixin.py:188} INFO - Downloaded GOOGL/1770796793.json
[2026-02-11T09:08:07.470+0000] {logging_mixin.py:188} INFO - Downloaded GOOGL/1770796804.json
[2026-02-11T09:08:07.479+0000] {logging_mixin.py:188} INFO - Downloaded GOOGL/1770796815.json
[2026-02-11T09:08:07.488+0000] {logging_mixin.py:188} INFO - Downloaded GOOGL/1770796826.json
[2026-02-11T09:08:07.498+0000] {logging_mixin.py:188} INFO - Downloaded GOOGL/1770796837.json
[2026-02-11T09:08:07.506+0000] {logging_mixin.py:188} INFO - Downloaded GOOGL/1770796847.json
[2026-02-11T09:08:07.518+0000] {logging_mixin.py:188} INFO - Downloaded GOOGL/1770796858.json
[2026-02-11T09:08:07.526+0000] {logging_mixin.py:188} INFO - Downloaded GOOGL/1770796869.json
[2026-02-11T09:08:07.536+0000] {logging_mixin.py:188} INFO - Downloaded GOOGL/1770796879.json
[2026-02-11T09:08:07.545+0000] {logging_mixin.py:188} INFO - Downloaded GOOGL/1770796890.json
[2026-02-11T09:08:07.554+0000] {logging_mixin.py:188} INFO - Downloaded GOOGL/1770796900.json
[2026-02-11T09:08:07.564+0000] {logging_mixin.py:188} INFO - Downloaded GOOGL/1770796912.json
[2026-02-11T09:08:07.574+0000] {logging_mixin.py:188} INFO - Downloaded GOOGL/1770796923.json
[2026-02-11T09:08:07.590+0000] {logging_mixin.py:188} INFO - Downloaded GOOGL/1770796933.json
[2026-02-11T09:08:07.601+0000] {logging_mixin.py:188} INFO - Downloaded GOOGL/1770796946.json
[2026-02-11T09:08:07.612+0000] {logging_mixin.py:188} INFO - Downloaded GOOGL/1770796957.json
[2026-02-11T09:08:07.623+0000] {logging_mixin.py:188} INFO - Downloaded GOOGL/1770796968.json
[2026-02-11T09:08:07.632+0000] {logging_mixin.py:188} INFO - Downloaded GOOGL/1770796979.json
[2026-02-11T09:08:07.644+0000] {logging_mixin.py:188} INFO - Downloaded GOOGL/1770796990.json
[2026-02-11T09:08:07.656+0000] {logging_mixin.py:188} INFO - Downloaded GOOGL/1770797001.json
[2026-02-11T09:08:07.667+0000] {logging_mixin.py:188} INFO - Downloaded GOOGL/1770797037.json
[2026-02-11T09:08:07.678+0000] {logging_mixin.py:188} INFO - Downloaded GOOGL/1770797051.json
[2026-02-11T09:08:07.688+0000] {logging_mixin.py:188} INFO - Downloaded GOOGL/1770797061.json
[2026-02-11T09:08:07.698+0000] {logging_mixin.py:188} INFO - Downloaded GOOGL/1770797072.json
[2026-02-11T09:08:07.707+0000] {logging_mixin.py:188} INFO - Downloaded GOOGL/1770797087.json
[2026-02-11T09:08:07.716+0000] {logging_mixin.py:188} INFO - Downloaded GOOGL/1770797098.json
[2026-02-11T09:08:07.726+0000] {logging_mixin.py:188} INFO - Downloaded GOOGL/1770797109.json
[2026-02-11T09:08:07.736+0000] {logging_mixin.py:188} INFO - Downloaded GOOGL/1770797120.json
[2026-02-11T09:08:07.745+0000] {logging_mixin.py:188} INFO - Downloaded GOOGL/1770797131.json
[2026-02-11T09:08:07.756+0000] {logging_mixin.py:188} INFO - Downloaded GOOGL/1770797141.json
[2026-02-11T09:08:07.765+0000] {logging_mixin.py:188} INFO - Downloaded GOOGL/1770797151.json
[2026-02-11T09:08:07.774+0000] {logging_mixin.py:188} INFO - Downloaded GOOGL/1770797163.json
[2026-02-11T09:08:07.783+0000] {logging_mixin.py:188} INFO - Downloaded GOOGL/1770797174.json
[2026-02-11T09:08:07.792+0000] {logging_mixin.py:188} INFO - Downloaded MSFT/1770795802.json
[2026-02-11T09:08:07.803+0000] {logging_mixin.py:188} INFO - Downloaded MSFT/1770795812.json
[2026-02-11T09:08:07.813+0000] {logging_mixin.py:188} INFO - Downloaded MSFT/1770795822.json
[2026-02-11T09:08:07.823+0000] {logging_mixin.py:188} INFO - Downloaded MSFT/1770795833.json
[2026-02-11T09:08:07.834+0000] {logging_mixin.py:188} INFO - Downloaded MSFT/1770795844.json
[2026-02-11T09:08:07.845+0000] {logging_mixin.py:188} INFO - Downloaded MSFT/1770795855.json
[2026-02-11T09:08:07.856+0000] {logging_mixin.py:188} INFO - Downloaded MSFT/1770795865.json
[2026-02-11T09:08:07.865+0000] {logging_mixin.py:188} INFO - Downloaded MSFT/1770795876.json
[2026-02-11T09:08:07.874+0000] {logging_mixin.py:188} INFO - Downloaded MSFT/1770795890.json
[2026-02-11T09:08:07.883+0000] {logging_mixin.py:188} INFO - Downloaded MSFT/1770795900.json
[2026-02-11T09:08:07.892+0000] {logging_mixin.py:188} INFO - Downloaded MSFT/1770795910.json
[2026-02-11T09:08:07.901+0000] {logging_mixin.py:188} INFO - Downloaded MSFT/1770795921.json
[2026-02-11T09:08:07.910+0000] {logging_mixin.py:188} INFO - Downloaded MSFT/1770795932.json
[2026-02-11T09:08:07.924+0000] {logging_mixin.py:188} INFO - Downloaded MSFT/1770795942.json
[2026-02-11T09:08:07.934+0000] {logging_mixin.py:188} INFO - Downloaded MSFT/1770795953.json
[2026-02-11T09:08:07.943+0000] {logging_mixin.py:188} INFO - Downloaded MSFT/1770795963.json
[2026-02-11T09:08:07.952+0000] {logging_mixin.py:188} INFO - Downloaded MSFT/1770795974.json
[2026-02-11T09:08:07.965+0000] {logging_mixin.py:188} INFO - Downloaded MSFT/1770795985.json
[2026-02-11T09:08:07.983+0000] {logging_mixin.py:188} INFO - Downloaded MSFT/1770795996.json
[2026-02-11T09:08:08.007+0000] {logging_mixin.py:188} INFO - Downloaded MSFT/1770796007.json
[2026-02-11T09:08:08.025+0000] {logging_mixin.py:188} INFO - Downloaded MSFT/1770796017.json
[2026-02-11T09:08:08.044+0000] {logging_mixin.py:188} INFO - Downloaded MSFT/1770796028.json
[2026-02-11T09:08:08.062+0000] {logging_mixin.py:188} INFO - Downloaded MSFT/1770796039.json
[2026-02-11T09:08:08.081+0000] {logging_mixin.py:188} INFO - Downloaded MSFT/1770796049.json
[2026-02-11T09:08:08.099+0000] {logging_mixin.py:188} INFO - Downloaded MSFT/1770796060.json
[2026-02-11T09:08:08.118+0000] {logging_mixin.py:188} INFO - Downloaded MSFT/1770796070.json
[2026-02-11T09:08:08.138+0000] {logging_mixin.py:188} INFO - Downloaded MSFT/1770796080.json
[2026-02-11T09:08:08.156+0000] {logging_mixin.py:188} INFO - Downloaded MSFT/1770796092.json
[2026-02-11T09:08:08.177+0000] {logging_mixin.py:188} INFO - Downloaded MSFT/1770796103.json
[2026-02-11T09:08:08.196+0000] {logging_mixin.py:188} INFO - Downloaded MSFT/1770796113.json
[2026-02-11T09:08:08.219+0000] {logging_mixin.py:188} INFO - Downloaded MSFT/1770796123.json
[2026-02-11T09:08:08.246+0000] {logging_mixin.py:188} INFO - Downloaded MSFT/1770796134.json
[2026-02-11T09:08:08.274+0000] {logging_mixin.py:188} INFO - Downloaded MSFT/1770796145.json
[2026-02-11T09:08:08.312+0000] {logging_mixin.py:188} INFO - Downloaded MSFT/1770796157.json
[2026-02-11T09:08:08.330+0000] {logging_mixin.py:188} INFO - Downloaded MSFT/1770796167.json
[2026-02-11T09:08:08.347+0000] {logging_mixin.py:188} INFO - Downloaded MSFT/1770796179.json
[2026-02-11T09:08:08.367+0000] {logging_mixin.py:188} INFO - Downloaded MSFT/1770796189.json
[2026-02-11T09:08:08.387+0000] {logging_mixin.py:188} INFO - Downloaded MSFT/1770796201.json
[2026-02-11T09:08:08.412+0000] {logging_mixin.py:188} INFO - Downloaded MSFT/1770796212.json
[2026-02-11T09:08:08.446+0000] {logging_mixin.py:188} INFO - Downloaded MSFT/1770796223.json
[2026-02-11T09:08:08.467+0000] {logging_mixin.py:188} INFO - Downloaded MSFT/1770796234.json
[2026-02-11T09:08:08.485+0000] {logging_mixin.py:188} INFO - Downloaded MSFT/1770796244.json
[2026-02-11T09:08:08.503+0000] {logging_mixin.py:188} INFO - Downloaded MSFT/1770796254.json
[2026-02-11T09:08:08.524+0000] {logging_mixin.py:188} INFO - Downloaded MSFT/1770796265.json
[2026-02-11T09:08:08.542+0000] {logging_mixin.py:188} INFO - Downloaded MSFT/1770796276.json
[2026-02-11T09:08:08.560+0000] {logging_mixin.py:188} INFO - Downloaded MSFT/1770796287.json
[2026-02-11T09:08:08.580+0000] {logging_mixin.py:188} INFO - Downloaded MSFT/1770796297.json
[2026-02-11T09:08:08.600+0000] {logging_mixin.py:188} INFO - Downloaded MSFT/1770796308.json
[2026-02-11T09:08:08.622+0000] {logging_mixin.py:188} INFO - Downloaded MSFT/1770796319.json
[2026-02-11T09:08:08.661+0000] {logging_mixin.py:188} INFO - Downloaded MSFT/1770796329.json
[2026-02-11T09:08:08.695+0000] {logging_mixin.py:188} INFO - Downloaded MSFT/1770796340.json
[2026-02-11T09:08:08.731+0000] {logging_mixin.py:188} INFO - Downloaded MSFT/1770796351.json
[2026-02-11T09:08:08.771+0000] {logging_mixin.py:188} INFO - Downloaded MSFT/1770796361.json
[2026-02-11T09:08:08.840+0000] {logging_mixin.py:188} INFO - Downloaded MSFT/1770796372.json
[2026-02-11T09:08:08.918+0000] {logging_mixin.py:188} INFO - Downloaded MSFT/1770796382.json
[2026-02-11T09:08:08.981+0000] {logging_mixin.py:188} INFO - Downloaded MSFT/1770796393.json
[2026-02-11T09:08:09.014+0000] {logging_mixin.py:188} INFO - Downloaded MSFT/1770796403.json
[2026-02-11T09:08:09.048+0000] {logging_mixin.py:188} INFO - Downloaded MSFT/1770796414.json
[2026-02-11T09:08:09.073+0000] {logging_mixin.py:188} INFO - Downloaded MSFT/1770796425.json
[2026-02-11T09:08:09.102+0000] {logging_mixin.py:188} INFO - Downloaded MSFT/1770796435.json
[2026-02-11T09:08:09.128+0000] {logging_mixin.py:188} INFO - Downloaded MSFT/1770796446.json
[2026-02-11T09:08:09.149+0000] {logging_mixin.py:188} INFO - Downloaded MSFT/1770796457.json
[2026-02-11T09:08:09.180+0000] {logging_mixin.py:188} INFO - Downloaded MSFT/1770796468.json
[2026-02-11T09:08:09.202+0000] {logging_mixin.py:188} INFO - Downloaded MSFT/1770796478.json
[2026-02-11T09:08:09.226+0000] {logging_mixin.py:188} INFO - Downloaded MSFT/1770796489.json
[2026-02-11T09:08:09.248+0000] {logging_mixin.py:188} INFO - Downloaded MSFT/1770796500.json
[2026-02-11T09:08:09.269+0000] {logging_mixin.py:188} INFO - Downloaded MSFT/1770796511.json
[2026-02-11T09:08:09.289+0000] {logging_mixin.py:188} INFO - Downloaded MSFT/1770796521.json
[2026-02-11T09:08:09.308+0000] {logging_mixin.py:188} INFO - Downloaded MSFT/1770796532.json
[2026-02-11T09:08:09.331+0000] {logging_mixin.py:188} INFO - Downloaded MSFT/1770796542.json
[2026-02-11T09:08:09.359+0000] {logging_mixin.py:188} INFO - Downloaded MSFT/1770796553.json
[2026-02-11T09:08:09.387+0000] {logging_mixin.py:188} INFO - Downloaded MSFT/1770796563.json
[2026-02-11T09:08:09.417+0000] {logging_mixin.py:188} INFO - Downloaded MSFT/1770796574.json
[2026-02-11T09:08:09.446+0000] {logging_mixin.py:188} INFO - Downloaded MSFT/1770796585.json
[2026-02-11T09:08:09.467+0000] {logging_mixin.py:188} INFO - Downloaded MSFT/1770796596.json
[2026-02-11T09:08:09.501+0000] {logging_mixin.py:188} INFO - Downloaded MSFT/1770796607.json
[2026-02-11T09:08:09.536+0000] {logging_mixin.py:188} INFO - Downloaded MSFT/1770796619.json
[2026-02-11T09:08:09.574+0000] {logging_mixin.py:188} INFO - Downloaded MSFT/1770796629.json
[2026-02-11T09:08:09.604+0000] {logging_mixin.py:188} INFO - Downloaded MSFT/1770796640.json
[2026-02-11T09:08:09.633+0000] {logging_mixin.py:188} INFO - Downloaded MSFT/1770796651.json
[2026-02-11T09:08:09.669+0000] {logging_mixin.py:188} INFO - Downloaded MSFT/1770796662.json
[2026-02-11T09:08:09.723+0000] {logging_mixin.py:188} INFO - Downloaded MSFT/1770796672.json
[2026-02-11T09:08:09.766+0000] {logging_mixin.py:188} INFO - Downloaded MSFT/1770796683.json
[2026-02-11T09:08:09.809+0000] {logging_mixin.py:188} INFO - Downloaded MSFT/1770796694.json
[2026-02-11T09:08:09.857+0000] {logging_mixin.py:188} INFO - Downloaded MSFT/1770796704.json
[2026-02-11T09:08:09.890+0000] {logging_mixin.py:188} INFO - Downloaded MSFT/1770796714.json
[2026-02-11T09:08:09.919+0000] {logging_mixin.py:188} INFO - Downloaded MSFT/1770796725.json
[2026-02-11T09:08:09.942+0000] {logging_mixin.py:188} INFO - Downloaded MSFT/1770796736.json
[2026-02-11T09:08:09.970+0000] {logging_mixin.py:188} INFO - Downloaded MSFT/1770796747.json
[2026-02-11T09:08:10.002+0000] {logging_mixin.py:188} INFO - Downloaded MSFT/1770796758.json
[2026-02-11T09:08:10.029+0000] {logging_mixin.py:188} INFO - Downloaded MSFT/1770796770.json
[2026-02-11T09:08:10.056+0000] {logging_mixin.py:188} INFO - Downloaded MSFT/1770796780.json
[2026-02-11T09:08:10.083+0000] {logging_mixin.py:188} INFO - Downloaded MSFT/1770796791.json
[2026-02-11T09:08:10.111+0000] {logging_mixin.py:188} INFO - Downloaded MSFT/1770796802.json
[2026-02-11T09:08:10.138+0000] {logging_mixin.py:188} INFO - Downloaded MSFT/1770796814.json
[2026-02-11T09:08:10.165+0000] {logging_mixin.py:188} INFO - Downloaded MSFT/1770796824.json
[2026-02-11T09:08:10.186+0000] {logging_mixin.py:188} INFO - Downloaded MSFT/1770796835.json
[2026-02-11T09:08:10.210+0000] {logging_mixin.py:188} INFO - Downloaded MSFT/1770796845.json
[2026-02-11T09:08:10.231+0000] {logging_mixin.py:188} INFO - Downloaded MSFT/1770796856.json
[2026-02-11T09:08:10.257+0000] {logging_mixin.py:188} INFO - Downloaded MSFT/1770796867.json
[2026-02-11T09:08:10.280+0000] {logging_mixin.py:188} INFO - Downloaded MSFT/1770796878.json
[2026-02-11T09:08:10.308+0000] {logging_mixin.py:188} INFO - Downloaded MSFT/1770796888.json
[2026-02-11T09:08:10.327+0000] {logging_mixin.py:188} INFO - Downloaded MSFT/1770796899.json
[2026-02-11T09:08:10.349+0000] {logging_mixin.py:188} INFO - Downloaded MSFT/1770796910.json
[2026-02-11T09:08:10.368+0000] {logging_mixin.py:188} INFO - Downloaded MSFT/1770796921.json
[2026-02-11T09:08:10.388+0000] {logging_mixin.py:188} INFO - Downloaded MSFT/1770796932.json
[2026-02-11T09:08:10.406+0000] {logging_mixin.py:188} INFO - Downloaded MSFT/1770796944.json
[2026-02-11T09:08:10.424+0000] {logging_mixin.py:188} INFO - Downloaded MSFT/1770796955.json
[2026-02-11T09:08:10.446+0000] {logging_mixin.py:188} INFO - Downloaded MSFT/1770796966.json
[2026-02-11T09:08:10.464+0000] {logging_mixin.py:188} INFO - Downloaded MSFT/1770796977.json
[2026-02-11T09:08:10.483+0000] {logging_mixin.py:188} INFO - Downloaded MSFT/1770796988.json
[2026-02-11T09:08:10.504+0000] {logging_mixin.py:188} INFO - Downloaded MSFT/1770796999.json
[2026-02-11T09:08:10.523+0000] {logging_mixin.py:188} INFO - Downloaded MSFT/1770797048.json
[2026-02-11T09:08:10.543+0000] {logging_mixin.py:188} INFO - Downloaded MSFT/1770797059.json
[2026-02-11T09:08:10.565+0000] {logging_mixin.py:188} INFO - Downloaded MSFT/1770797071.json
[2026-02-11T09:08:10.586+0000] {logging_mixin.py:188} INFO - Downloaded MSFT/1770797083.json
[2026-02-11T09:08:10.606+0000] {logging_mixin.py:188} INFO - Downloaded MSFT/1770797096.json
[2026-02-11T09:08:10.626+0000] {logging_mixin.py:188} INFO - Downloaded MSFT/1770797107.json
[2026-02-11T09:08:10.649+0000] {logging_mixin.py:188} INFO - Downloaded MSFT/1770797118.json
[2026-02-11T09:08:10.668+0000] {logging_mixin.py:188} INFO - Downloaded MSFT/1770797129.json
[2026-02-11T09:08:10.687+0000] {logging_mixin.py:188} INFO - Downloaded MSFT/1770797139.json
[2026-02-11T09:08:10.708+0000] {logging_mixin.py:188} INFO - Downloaded MSFT/1770797150.json
[2026-02-11T09:08:10.727+0000] {logging_mixin.py:188} INFO - Downloaded MSFT/1770797161.json
[2026-02-11T09:08:10.748+0000] {logging_mixin.py:188} INFO - Downloaded MSFT/1770797172.json
[2026-02-11T09:08:10.797+0000] {logging_mixin.py:188} INFO - Downloaded TSLA/1770795803.json
[2026-02-11T09:08:10.827+0000] {logging_mixin.py:188} INFO - Downloaded TSLA/1770795813.json
[2026-02-11T09:08:10.852+0000] {logging_mixin.py:188} INFO - Downloaded TSLA/1770795823.json
[2026-02-11T09:08:10.882+0000] {logging_mixin.py:188} INFO - Downloaded TSLA/1770795834.json
[2026-02-11T09:08:10.907+0000] {logging_mixin.py:188} INFO - Downloaded TSLA/1770795845.json
[2026-02-11T09:08:10.929+0000] {logging_mixin.py:188} INFO - Downloaded TSLA/1770795856.json
[2026-02-11T09:08:10.956+0000] {logging_mixin.py:188} INFO - Downloaded TSLA/1770795866.json
[2026-02-11T09:08:10.977+0000] {logging_mixin.py:188} INFO - Downloaded TSLA/1770795878.json
[2026-02-11T09:08:10.999+0000] {logging_mixin.py:188} INFO - Downloaded TSLA/1770795891.json
[2026-02-11T09:08:11.019+0000] {logging_mixin.py:188} INFO - Downloaded TSLA/1770795901.json
[2026-02-11T09:08:11.040+0000] {logging_mixin.py:188} INFO - Downloaded TSLA/1770795911.json
[2026-02-11T09:08:11.059+0000] {logging_mixin.py:188} INFO - Downloaded TSLA/1770795922.json
[2026-02-11T09:08:11.079+0000] {logging_mixin.py:188} INFO - Downloaded TSLA/1770795933.json
[2026-02-11T09:08:11.100+0000] {logging_mixin.py:188} INFO - Downloaded TSLA/1770795943.json
[2026-02-11T09:08:11.178+0000] {logging_mixin.py:188} INFO - Downloaded TSLA/1770795953.json
[2026-02-11T09:08:11.217+0000] {logging_mixin.py:188} INFO - Downloaded TSLA/1770795964.json
[2026-02-11T09:08:11.259+0000] {logging_mixin.py:188} INFO - Downloaded TSLA/1770795975.json
[2026-02-11T09:08:11.305+0000] {logging_mixin.py:188} INFO - Downloaded TSLA/1770795986.json
[2026-02-11T09:08:11.363+0000] {logging_mixin.py:188} INFO - Downloaded TSLA/1770795997.json
[2026-02-11T09:08:11.393+0000] {logging_mixin.py:188} INFO - Downloaded TSLA/1770796007.json
[2026-02-11T09:08:11.415+0000] {logging_mixin.py:188} INFO - Downloaded TSLA/1770796018.json
[2026-02-11T09:08:11.436+0000] {logging_mixin.py:188} INFO - Downloaded TSLA/1770796029.json
[2026-02-11T09:08:11.460+0000] {logging_mixin.py:188} INFO - Downloaded TSLA/1770796039.json
[2026-02-11T09:08:11.480+0000] {logging_mixin.py:188} INFO - Downloaded TSLA/1770796050.json
[2026-02-11T09:08:11.503+0000] {logging_mixin.py:188} INFO - Downloaded TSLA/1770796060.json
[2026-02-11T09:08:11.523+0000] {logging_mixin.py:188} INFO - Downloaded TSLA/1770796071.json
[2026-02-11T09:08:11.542+0000] {logging_mixin.py:188} INFO - Downloaded TSLA/1770796081.json
[2026-02-11T09:08:11.562+0000] {logging_mixin.py:188} INFO - Downloaded TSLA/1770796093.json
[2026-02-11T09:08:11.583+0000] {logging_mixin.py:188} INFO - Downloaded TSLA/1770796104.json
[2026-02-11T09:08:11.615+0000] {logging_mixin.py:188} INFO - Downloaded TSLA/1770796114.json
[2026-02-11T09:08:11.639+0000] {logging_mixin.py:188} INFO - Downloaded TSLA/1770796124.json
[2026-02-11T09:08:11.674+0000] {logging_mixin.py:188} INFO - Downloaded TSLA/1770796135.json
[2026-02-11T09:08:11.700+0000] {logging_mixin.py:188} INFO - Downloaded TSLA/1770796146.json
[2026-02-11T09:08:11.723+0000] {logging_mixin.py:188} INFO - Downloaded TSLA/1770796157.json
[2026-02-11T09:08:11.742+0000] {logging_mixin.py:188} INFO - Downloaded TSLA/1770796169.json
[2026-02-11T09:08:11.765+0000] {logging_mixin.py:188} INFO - Downloaded TSLA/1770796180.json
[2026-02-11T09:08:11.789+0000] {logging_mixin.py:188} INFO - Downloaded TSLA/1770796190.json
[2026-02-11T09:08:11.818+0000] {logging_mixin.py:188} INFO - Downloaded TSLA/1770796202.json
[2026-02-11T09:08:11.842+0000] {logging_mixin.py:188} INFO - Downloaded TSLA/1770796213.json
[2026-02-11T09:08:11.871+0000] {logging_mixin.py:188} INFO - Downloaded TSLA/1770796224.json
[2026-02-11T09:08:11.899+0000] {logging_mixin.py:188} INFO - Downloaded TSLA/1770796235.json
[2026-02-11T09:08:11.933+0000] {logging_mixin.py:188} INFO - Downloaded TSLA/1770796245.json
[2026-02-11T09:08:11.957+0000] {logging_mixin.py:188} INFO - Downloaded TSLA/1770796255.json
[2026-02-11T09:08:11.981+0000] {logging_mixin.py:188} INFO - Downloaded TSLA/1770796266.json
[2026-02-11T09:08:12.005+0000] {logging_mixin.py:188} INFO - Downloaded TSLA/1770796277.json
[2026-02-11T09:08:12.023+0000] {logging_mixin.py:188} INFO - Downloaded TSLA/1770796288.json
[2026-02-11T09:08:12.040+0000] {logging_mixin.py:188} INFO - Downloaded TSLA/1770796298.json
[2026-02-11T09:08:12.060+0000] {logging_mixin.py:188} INFO - Downloaded TSLA/1770796309.json
[2026-02-11T09:08:12.078+0000] {logging_mixin.py:188} INFO - Downloaded TSLA/1770796320.json
[2026-02-11T09:08:12.100+0000] {logging_mixin.py:188} INFO - Downloaded TSLA/1770796330.json
[2026-02-11T09:08:12.118+0000] {logging_mixin.py:188} INFO - Downloaded TSLA/1770796341.json
[2026-02-11T09:08:12.138+0000] {logging_mixin.py:188} INFO - Downloaded TSLA/1770796352.json
[2026-02-11T09:08:12.160+0000] {logging_mixin.py:188} INFO - Downloaded TSLA/1770796362.json
[2026-02-11T09:08:12.178+0000] {logging_mixin.py:188} INFO - Downloaded TSLA/1770796373.json
[2026-02-11T09:08:12.196+0000] {logging_mixin.py:188} INFO - Downloaded TSLA/1770796383.json
[2026-02-11T09:08:12.213+0000] {logging_mixin.py:188} INFO - Downloaded TSLA/1770796394.json
[2026-02-11T09:08:12.234+0000] {logging_mixin.py:188} INFO - Downloaded TSLA/1770796404.json
[2026-02-11T09:08:12.253+0000] {logging_mixin.py:188} INFO - Downloaded TSLA/1770796415.json
[2026-02-11T09:08:12.273+0000] {logging_mixin.py:188} INFO - Downloaded TSLA/1770796426.json
[2026-02-11T09:08:12.292+0000] {logging_mixin.py:188} INFO - Downloaded TSLA/1770796437.json
[2026-02-11T09:08:12.310+0000] {logging_mixin.py:188} INFO - Downloaded TSLA/1770796448.json
[2026-02-11T09:08:12.335+0000] {logging_mixin.py:188} INFO - Downloaded TSLA/1770796458.json
[2026-02-11T09:08:12.358+0000] {logging_mixin.py:188} INFO - Downloaded TSLA/1770796469.json
[2026-02-11T09:08:12.378+0000] {logging_mixin.py:188} INFO - Downloaded TSLA/1770796479.json
[2026-02-11T09:08:12.397+0000] {logging_mixin.py:188} INFO - Downloaded TSLA/1770796490.json
[2026-02-11T09:08:12.418+0000] {logging_mixin.py:188} INFO - Downloaded TSLA/1770796501.json
[2026-02-11T09:08:12.447+0000] {logging_mixin.py:188} INFO - Downloaded TSLA/1770796512.json
[2026-02-11T09:08:12.478+0000] {logging_mixin.py:188} INFO - Downloaded TSLA/1770796522.json
[2026-02-11T09:08:12.505+0000] {logging_mixin.py:188} INFO - Downloaded TSLA/1770796533.json
[2026-02-11T09:08:12.533+0000] {logging_mixin.py:188} INFO - Downloaded TSLA/1770796543.json
[2026-02-11T09:08:12.553+0000] {logging_mixin.py:188} INFO - Downloaded TSLA/1770796553.json
[2026-02-11T09:08:12.572+0000] {logging_mixin.py:188} INFO - Downloaded TSLA/1770796564.json
[2026-02-11T09:08:12.592+0000] {logging_mixin.py:188} INFO - Downloaded TSLA/1770796575.json
[2026-02-11T09:08:12.610+0000] {logging_mixin.py:188} INFO - Downloaded TSLA/1770796586.json
[2026-02-11T09:08:12.630+0000] {logging_mixin.py:188} INFO - Downloaded TSLA/1770796597.json
[2026-02-11T09:08:12.648+0000] {logging_mixin.py:188} INFO - Downloaded TSLA/1770796609.json
[2026-02-11T09:08:12.668+0000] {logging_mixin.py:188} INFO - Downloaded TSLA/1770796619.json
[2026-02-11T09:08:12.686+0000] {logging_mixin.py:188} INFO - Downloaded TSLA/1770796630.json
[2026-02-11T09:08:12.705+0000] {logging_mixin.py:188} INFO - Downloaded TSLA/1770796641.json
[2026-02-11T09:08:12.726+0000] {logging_mixin.py:188} INFO - Downloaded TSLA/1770796652.json
[2026-02-11T09:08:12.744+0000] {logging_mixin.py:188} INFO - Downloaded TSLA/1770796663.json
[2026-02-11T09:08:12.762+0000] {logging_mixin.py:188} INFO - Downloaded TSLA/1770796673.json
[2026-02-11T09:08:12.779+0000] {logging_mixin.py:188} INFO - Downloaded TSLA/1770796684.json
[2026-02-11T09:08:12.800+0000] {logging_mixin.py:188} INFO - Downloaded TSLA/1770796695.json
[2026-02-11T09:08:12.823+0000] {logging_mixin.py:188} INFO - Downloaded TSLA/1770796705.json
[2026-02-11T09:08:12.844+0000] {logging_mixin.py:188} INFO - Downloaded TSLA/1770796715.json
[2026-02-11T09:08:12.862+0000] {logging_mixin.py:188} INFO - Downloaded TSLA/1770796726.json
[2026-02-11T09:08:12.882+0000] {logging_mixin.py:188} INFO - Downloaded TSLA/1770796737.json
[2026-02-11T09:08:12.902+0000] {logging_mixin.py:188} INFO - Downloaded TSLA/1770796748.json
[2026-02-11T09:08:12.921+0000] {logging_mixin.py:188} INFO - Downloaded TSLA/1770796760.json
[2026-02-11T09:08:12.941+0000] {logging_mixin.py:188} INFO - Downloaded TSLA/1770796771.json
[2026-02-11T09:08:12.960+0000] {logging_mixin.py:188} INFO - Downloaded TSLA/1770796781.json
[2026-02-11T09:08:12.979+0000] {logging_mixin.py:188} INFO - Downloaded TSLA/1770796792.json
[2026-02-11T09:08:12.996+0000] {logging_mixin.py:188} INFO - Downloaded TSLA/1770796803.json
[2026-02-11T09:08:13.014+0000] {logging_mixin.py:188} INFO - Downloaded TSLA/1770796814.json
[2026-02-11T09:08:13.034+0000] {logging_mixin.py:188} INFO - Downloaded TSLA/1770796825.json
[2026-02-11T09:08:13.058+0000] {logging_mixin.py:188} INFO - Downloaded TSLA/1770796836.json
[2026-02-11T09:08:13.082+0000] {logging_mixin.py:188} INFO - Downloaded TSLA/1770796846.json
[2026-02-11T09:08:13.101+0000] {logging_mixin.py:188} INFO - Downloaded TSLA/1770796857.json
[2026-02-11T09:08:13.122+0000] {logging_mixin.py:188} INFO - Downloaded TSLA/1770796868.json
[2026-02-11T09:08:13.141+0000] {logging_mixin.py:188} INFO - Downloaded TSLA/1770796878.json
[2026-02-11T09:08:13.160+0000] {logging_mixin.py:188} INFO - Downloaded TSLA/1770796889.json
[2026-02-11T09:08:13.184+0000] {logging_mixin.py:188} INFO - Downloaded TSLA/1770796899.json
[2026-02-11T09:08:13.206+0000] {logging_mixin.py:188} INFO - Downloaded TSLA/1770796911.json
[2026-02-11T09:08:13.229+0000] {logging_mixin.py:188} INFO - Downloaded TSLA/1770796922.json
[2026-02-11T09:08:13.248+0000] {logging_mixin.py:188} INFO - Downloaded TSLA/1770796932.json
[2026-02-11T09:08:13.267+0000] {logging_mixin.py:188} INFO - Downloaded TSLA/1770796945.json
[2026-02-11T09:08:13.289+0000] {logging_mixin.py:188} INFO - Downloaded TSLA/1770796956.json
[2026-02-11T09:08:13.308+0000] {logging_mixin.py:188} INFO - Downloaded TSLA/1770796967.json
[2026-02-11T09:08:13.328+0000] {logging_mixin.py:188} INFO - Downloaded TSLA/1770796978.json
[2026-02-11T09:08:13.349+0000] {logging_mixin.py:188} INFO - Downloaded TSLA/1770796989.json
[2026-02-11T09:08:13.368+0000] {logging_mixin.py:188} INFO - Downloaded TSLA/1770797000.json
[2026-02-11T09:08:13.385+0000] {logging_mixin.py:188} INFO - Downloaded TSLA/1770797035.json
[2026-02-11T09:08:13.405+0000] {logging_mixin.py:188} INFO - Downloaded TSLA/1770797049.json
[2026-02-11T09:08:13.429+0000] {logging_mixin.py:188} INFO - Downloaded TSLA/1770797060.json
[2026-02-11T09:08:13.447+0000] {logging_mixin.py:188} INFO - Downloaded TSLA/1770797072.json
[2026-02-11T09:08:13.470+0000] {logging_mixin.py:188} INFO - Downloaded TSLA/1770797085.json
[2026-02-11T09:08:13.499+0000] {logging_mixin.py:188} INFO - Downloaded TSLA/1770797097.json
[2026-02-11T09:08:13.522+0000] {logging_mixin.py:188} INFO - Downloaded TSLA/1770797108.json
[2026-02-11T09:08:13.543+0000] {logging_mixin.py:188} INFO - Downloaded TSLA/1770797119.json
[2026-02-11T09:08:13.562+0000] {logging_mixin.py:188} INFO - Downloaded TSLA/1770797130.json
[2026-02-11T09:08:13.581+0000] {logging_mixin.py:188} INFO - Downloaded TSLA/1770797140.json
[2026-02-11T09:08:13.601+0000] {logging_mixin.py:188} INFO - Downloaded TSLA/1770797151.json
[2026-02-11T09:08:13.624+0000] {logging_mixin.py:188} INFO - Downloaded TSLA/1770797162.json
[2026-02-11T09:08:13.656+0000] {logging_mixin.py:188} INFO - Downloaded TSLA/1770797173.json
[2026-02-11T09:08:13.659+0000] {python.py:237} INFO - Done. Returned value was: ['/opt/***/data/minio/1770795801.json', '/opt/***/data/minio/1770795811.json', '/opt/***/data/minio/1770795821.json', '/opt/***/data/minio/1770795832.json', '/opt/***/data/minio/1770795843.json', '/opt/***/data/minio/1770795854.json', '/opt/***/data/minio/1770795864.json', '/opt/***/data/minio/1770795875.json', '/opt/***/data/minio/1770795889.json', '/opt/***/data/minio/1770795899.json', '/opt/***/data/minio/1770795910.json', '/opt/***/data/minio/1770795920.json', '/opt/***/data/minio/1770795931.json', '/opt/***/data/minio/1770795942.json', '/opt/***/data/minio/1770795952.json', '/opt/***/data/minio/1770795962.json', '/opt/***/data/minio/1770795973.json', '/opt/***/data/minio/1770795984.json', '/opt/***/data/minio/1770795995.json', '/opt/***/data/minio/1770796006.json', '/opt/***/data/minio/1770796016.json', '/opt/***/data/minio/1770796027.json', '/opt/***/data/minio/1770796038.json', '/opt/***/data/minio/1770796048.json', '/opt/***/data/minio/1770796059.json', '/opt/***/data/minio/1770796069.json', '/opt/***/data/minio/1770796079.json', '/opt/***/data/minio/1770796091.json', '/opt/***/data/minio/1770796102.json', '/opt/***/data/minio/1770796113.json', '/opt/***/data/minio/1770796123.json', '/opt/***/data/minio/1770796133.json', '/opt/***/data/minio/1770796143.json', '/opt/***/data/minio/1770796156.json', '/opt/***/data/minio/1770796166.json', '/opt/***/data/minio/1770796178.json', '/opt/***/data/minio/1770796188.json', '/opt/***/data/minio/1770796200.json', '/opt/***/data/minio/1770796211.json', '/opt/***/data/minio/1770796222.json', '/opt/***/data/minio/1770796233.json', '/opt/***/data/minio/1770796243.json', '/opt/***/data/minio/1770796253.json', '/opt/***/data/minio/1770796264.json', '/opt/***/data/minio/1770796275.json', '/opt/***/data/minio/1770796286.json', '/opt/***/data/minio/1770796297.json', '/opt/***/data/minio/1770796307.json', '/opt/***/data/minio/1770796318.json', '/opt/***/data/minio/1770796328.json', '/opt/***/data/minio/1770796339.json', '/opt/***/data/minio/1770796350.json', '/opt/***/data/minio/1770796360.json', '/opt/***/data/minio/1770796371.json', '/opt/***/data/minio/1770796381.json', '/opt/***/data/minio/1770796392.json', '/opt/***/data/minio/1770796402.json', '/opt/***/data/minio/1770796413.json', '/opt/***/data/minio/1770796424.json', '/opt/***/data/minio/1770796435.json', '/opt/***/data/minio/1770796446.json', '/opt/***/data/minio/1770796456.json', '/opt/***/data/minio/1770796467.json', '/opt/***/data/minio/1770796478.json', '/opt/***/data/minio/1770796488.json', '/opt/***/data/minio/1770796499.json', '/opt/***/data/minio/1770796510.json', '/opt/***/data/minio/1770796521.json', '/opt/***/data/minio/1770796531.json', '/opt/***/data/minio/1770796541.json', '/opt/***/data/minio/1770796552.json', '/opt/***/data/minio/1770796562.json', '/opt/***/data/minio/1770796573.json', '/opt/***/data/minio/1770796584.json', '/opt/***/data/minio/1770796595.json', '/opt/***/data/minio/1770796606.json', '/opt/***/data/minio/1770796618.json', '/opt/***/data/minio/1770796628.json', '/opt/***/data/minio/1770796640.json', '/opt/***/data/minio/1770796650.json', '/opt/***/data/minio/1770796661.json', '/opt/***/data/minio/1770796672.json', '/opt/***/data/minio/1770796682.json', '/opt/***/data/minio/1770796693.json', '/opt/***/data/minio/1770796703.json', '/opt/***/data/minio/1770796714.json', '/opt/***/data/minio/1770796724.json', '/opt/***/data/minio/1770796735.json', '/opt/***/data/minio/1770796746.json', '/opt/***/data/minio/1770796757.json', '/opt/***/data/minio/1770796768.json', '/opt/***/data/minio/1770796780.json', '/opt/***/data/minio/1770796790.json', '/opt/***/data/minio/1770796801.json', '/opt/***/data/minio/1770796813.json', '/opt/***/data/minio/1770796823.json', '/opt/***/data/minio/1770796834.json', '/opt/***/data/minio/1770796844.json', '/opt/***/data/minio/1770796855.json', '/opt/***/data/minio/1770796866.json', '/opt/***/data/minio/1770796877.json', '/opt/***/data/minio/1770796887.json', '/opt/***/data/minio/1770796898.json', '/opt/***/data/minio/1770796909.json', '/opt/***/data/minio/1770796920.json', '/opt/***/data/minio/1770796930.json', '/opt/***/data/minio/1770796943.json', '/opt/***/data/minio/1770796954.json', '/opt/***/data/minio/1770796965.json', '/opt/***/data/minio/1770796976.json', '/opt/***/data/minio/1770796987.json', '/opt/***/data/minio/1770796998.json', '/opt/***/data/minio/1770797047.json', '/opt/***/data/minio/1770797059.json', '/opt/***/data/minio/1770797069.json', '/opt/***/data/minio/1770797082.json', '/opt/***/data/minio/1770797095.json', '/opt/***/data/minio/1770797106.json', '/opt/***/data/minio/1770797117.json', '/opt/***/data/minio/1770797128.json', '/opt/***/data/minio/1770797139.json', '/opt/***/data/minio/1770797149.json', '/opt/***/data/minio/1770797159.json', '/opt/***/data/minio/1770797171.json', '/opt/***/data/minio/1770795804.json', '/opt/***/data/minio/1770795815.json', '/opt/***/data/minio/1770795825.json', '/opt/***/data/minio/1770795836.json', '/opt/***/data/minio/1770795847.json', '/opt/***/data/minio/1770795857.json', '/opt/***/data/minio/1770795868.json', '/opt/***/data/minio/1770795882.json', '/opt/***/data/minio/1770795892.json', '/opt/***/data/minio/1770795903.json', '/opt/***/data/minio/1770795913.json', '/opt/***/data/minio/1770795924.json', '/opt/***/data/minio/1770795935.json', '/opt/***/data/minio/1770795945.json', '/opt/***/data/minio/1770795955.json', '/opt/***/data/minio/1770795966.json', '/opt/***/data/minio/1770795977.json', '/opt/***/data/minio/1770795988.json', '/opt/***/data/minio/1770795999.json', '/opt/***/data/minio/1770796009.json', '/opt/***/data/minio/1770796020.json', '/opt/***/data/minio/1770796031.json', '/opt/***/data/minio/1770796041.json', '/opt/***/data/minio/1770796052.json', '/opt/***/data/minio/1770796062.json', '/opt/***/data/minio/1770796072.json', '/opt/***/data/minio/1770796084.json', '/opt/***/data/minio/1770796095.json', '/opt/***/data/minio/1770796106.json', '/opt/***/data/minio/1770796116.json', '/opt/***/data/minio/1770796126.json', '/opt/***/data/minio/1770796136.json', '/opt/***/data/minio/1770796149.json', '/opt/***/data/minio/1770796159.json', '/opt/***/data/minio/1770796171.json', '/opt/***/data/minio/1770796181.json', '/opt/***/data/minio/1770796192.json', '/opt/***/data/minio/1770796204.json', '/opt/***/data/minio/1770796215.json', '/opt/***/data/minio/1770796226.json', '/opt/***/data/minio/1770796236.json', '/opt/***/data/minio/1770796247.json', '/opt/***/data/minio/1770796257.json', '/opt/***/data/minio/1770796268.json', '/opt/***/data/minio/1770796279.json', '/opt/***/data/minio/1770796290.json', '/opt/***/data/minio/1770796300.json', '/opt/***/data/minio/1770796311.json', '/opt/***/data/minio/1770796321.json', '/opt/***/data/minio/1770796332.json', '/opt/***/data/minio/1770796343.json', '/opt/***/data/minio/1770796353.json', '/opt/***/data/minio/1770796364.json', '/opt/***/data/minio/1770796375.json', '/opt/***/data/minio/1770796385.json', '/opt/***/data/minio/1770796396.json', '/opt/***/data/minio/1770796406.json', '/opt/***/data/minio/1770796417.json', '/opt/***/data/minio/1770796428.json', '/opt/***/data/minio/1770796438.json', '/opt/***/data/minio/1770796450.json', '/opt/***/data/minio/1770796460.json', '/opt/***/data/minio/1770796471.json', '/opt/***/data/minio/1770796481.json', '/opt/***/data/minio/1770796492.json', '/opt/***/data/minio/1770796503.json', '/opt/***/data/minio/1770796514.json', '/opt/***/data/minio/1770796524.json', '/opt/***/data/minio/1770796534.json', '/opt/***/data/minio/1770796545.json', '/opt/***/data/minio/1770796555.json', '/opt/***/data/minio/1770796566.json', '/opt/***/data/minio/1770796577.json', '/opt/***/data/minio/1770796588.json', '/opt/***/data/minio/1770796599.json', '/opt/***/data/minio/1770796611.json', '/opt/***/data/minio/1770796621.json', '/opt/***/data/minio/1770796633.json', '/opt/***/data/minio/1770796643.json', '/opt/***/data/minio/1770796654.json', '/opt/***/data/minio/1770796665.json', '/opt/***/data/minio/1770796675.json', '/opt/***/data/minio/1770796686.json', '/opt/***/data/minio/1770796696.json', '/opt/***/data/minio/1770796707.json', '/opt/***/data/minio/1770796717.json', '/opt/***/data/minio/1770796728.json', '/opt/***/data/minio/1770796739.json', '/opt/***/data/minio/1770796750.json', '/opt/***/data/minio/1770796762.json', '/opt/***/data/minio/1770796773.json', '/opt/***/data/minio/1770796783.json', '/opt/***/data/minio/1770796794.json', '/opt/***/data/minio/1770796806.json', '/opt/***/data/minio/1770796817.json', '/opt/***/data/minio/1770796827.json', '/opt/***/data/minio/1770796837.json', '/opt/***/data/minio/1770796848.json', '/opt/***/data/minio/1770796859.json', '/opt/***/data/minio/1770796870.json', '/opt/***/data/minio/1770796880.json', '/opt/***/data/minio/1770796891.json', '/opt/***/data/minio/1770796901.json', '/opt/***/data/minio/1770796913.json', '/opt/***/data/minio/1770796924.json', '/opt/***/data/minio/1770796937.json', '/opt/***/data/minio/1770796947.json', '/opt/***/data/minio/1770796958.json', '/opt/***/data/minio/1770796969.json', '/opt/***/data/minio/1770796980.json', '/opt/***/data/minio/1770796991.json', '/opt/***/data/minio/1770797002.json', '/opt/***/data/minio/1770797039.json', '/opt/***/data/minio/1770797052.json', '/opt/***/data/minio/1770797062.json', '/opt/***/data/minio/1770797074.json', '/opt/***/data/minio/1770797088.json', '/opt/***/data/minio/1770797099.json', '/opt/***/data/minio/1770797110.json', '/opt/***/data/minio/1770797121.json', '/opt/***/data/minio/1770797132.json', '/opt/***/data/minio/1770797142.json', '/opt/***/data/minio/1770797152.json', '/opt/***/data/minio/1770797164.json', '/opt/***/data/minio/1770797175.json', '/opt/***/data/minio/1770795803.json', '/opt/***/data/minio/1770795814.json', '/opt/***/data/minio/1770795824.json', '/opt/***/data/minio/1770795835.json', '/opt/***/data/minio/1770795846.json', '/opt/***/data/minio/1770795857.json', '/opt/***/data/minio/1770795867.json', '/opt/***/data/minio/1770795879.json', '/opt/***/data/minio/1770795891.json', '/opt/***/data/minio/1770795902.json', '/opt/***/data/minio/1770795912.json', '/opt/***/data/minio/1770795923.json', '/opt/***/data/minio/1770795934.json', '/opt/***/data/minio/1770795944.json', '/opt/***/data/minio/1770795954.json', '/opt/***/data/minio/1770795965.json', '/opt/***/data/minio/1770795976.json', '/opt/***/data/minio/1770795987.json', '/opt/***/data/minio/1770795998.json', '/opt/***/data/minio/1770796008.json', '/opt/***/data/minio/1770796019.json', '/opt/***/data/minio/1770796030.json', '/opt/***/data/minio/1770796040.json', '/opt/***/data/minio/1770796051.json', '/opt/***/data/minio/1770796061.json', '/opt/***/data/minio/1770796071.json', '/opt/***/data/minio/1770796083.json', '/opt/***/data/minio/1770796094.json', '/opt/***/data/minio/1770796105.json', '/opt/***/data/minio/1770796115.json', '/opt/***/data/minio/1770796125.json', '/opt/***/data/minio/1770796136.json', '/opt/***/data/minio/1770796147.json', '/opt/***/data/minio/1770796158.json', '/opt/***/data/minio/1770796170.json', '/opt/***/data/minio/1770796180.json', '/opt/***/data/minio/1770796191.json', '/opt/***/data/minio/1770796203.json', '/opt/***/data/minio/1770796214.json', '/opt/***/data/minio/1770796225.json', '/opt/***/data/minio/1770796236.json', '/opt/***/data/minio/1770796246.json', '/opt/***/data/minio/1770796256.json', '/opt/***/data/minio/1770796267.json', '/opt/***/data/minio/1770796277.json', '/opt/***/data/minio/1770796289.json', '/opt/***/data/minio/1770796299.json', '/opt/***/data/minio/1770796310.json', '/opt/***/data/minio/1770796321.json', '/opt/***/data/minio/1770796331.json', '/opt/***/data/minio/1770796342.json', '/opt/***/data/minio/1770796352.json', '/opt/***/data/minio/1770796363.json', '/opt/***/data/minio/1770796374.json', '/opt/***/data/minio/1770796384.json', '/opt/***/data/minio/1770796395.json', '/opt/***/data/minio/1770796406.json', '/opt/***/data/minio/1770796416.json', '/opt/***/data/minio/1770796427.json', '/opt/***/data/minio/1770796438.json', '/opt/***/data/minio/1770796449.json', '/opt/***/data/minio/1770796459.json', '/opt/***/data/minio/1770796470.json', '/opt/***/data/minio/1770796480.json', '/opt/***/data/minio/1770796491.json', '/opt/***/data/minio/1770796502.json', '/opt/***/data/minio/1770796513.json', '/opt/***/data/minio/1770796523.json', '/opt/***/data/minio/1770796534.json', '/opt/***/data/minio/1770796544.json', '/opt/***/data/minio/1770796554.json', '/opt/***/data/minio/1770796565.json', '/opt/***/data/minio/1770796576.json', '/opt/***/data/minio/1770796587.json', '/opt/***/data/minio/1770796598.json', '/opt/***/data/minio/1770796610.json', '/opt/***/data/minio/1770796620.json', '/opt/***/data/minio/1770796632.json', '/opt/***/data/minio/1770796642.json', '/opt/***/data/minio/1770796653.json', '/opt/***/data/minio/1770796664.json', '/opt/***/data/minio/1770796674.json', '/opt/***/data/minio/1770796685.json', '/opt/***/data/minio/1770796696.json', '/opt/***/data/minio/1770796706.json', '/opt/***/data/minio/1770796716.json', '/opt/***/data/minio/1770796727.json', '/opt/***/data/minio/1770796738.json', '/opt/***/data/minio/1770796749.json', '/opt/***/data/minio/1770796761.json', '/opt/***/data/minio/1770796772.json', '/opt/***/data/minio/1770796783.json', '/opt/***/data/minio/1770796793.json', '/opt/***/data/minio/1770796804.json', '/opt/***/data/minio/1770796815.json', '/opt/***/data/minio/1770796826.json', '/opt/***/data/minio/1770796837.json', '/opt/***/data/minio/1770796847.json', '/opt/***/data/minio/1770796858.json', '/opt/***/data/minio/1770796869.json', '/opt/***/data/minio/1770796879.json', '/opt/***/data/minio/1770796890.json', '/opt/***/data/minio/1770796900.json', '/opt/***/data/minio/1770796912.json', '/opt/***/data/minio/1770796923.json', '/opt/***/data/minio/1770796933.json', '/opt/***/data/minio/1770796946.json', '/opt/***/data/minio/1770796957.json', '/opt/***/data/minio/1770796968.json', '/opt/***/data/minio/1770796979.json', '/opt/***/data/minio/1770796990.json', '/opt/***/data/minio/1770797001.json', '/opt/***/data/minio/1770797037.json', '/opt/***/data/minio/1770797051.json', '/opt/***/data/minio/1770797061.json', '/opt/***/data/minio/1770797072.json', '/opt/***/data/minio/1770797087.json', '/opt/***/data/minio/1770797098.json', '/opt/***/data/minio/1770797109.json', '/opt/***/data/minio/1770797120.json', '/opt/***/data/minio/1770797131.json', '/opt/***/data/minio/1770797141.json', '/opt/***/data/minio/1770797151.json', '/opt/***/data/minio/1770797163.json', '/opt/***/data/minio/1770797174.json', '/opt/***/data/minio/1770795802.json', '/opt/***/data/minio/1770795812.json', '/opt/***/data/minio/1770795822.json', '/opt/***/data/minio/1770795833.json', '/opt/***/data/minio/1770795844.json', '/opt/***/data/minio/1770795855.json', '/opt/***/data/minio/1770795865.json', '/opt/***/data/minio/1770795876.json', '/opt/***/data/minio/1770795890.json', '/opt/***/data/minio/1770795900.json', '/opt/***/data/minio/1770795910.json', '/opt/***/data/minio/1770795921.json', '/opt/***/data/minio/1770795932.json', '/opt/***/data/minio/1770795942.json', '/opt/***/data/minio/1770795953.json', '/opt/***/data/minio/1770795963.json', '/opt/***/data/minio/1770795974.json', '/opt/***/data/minio/1770795985.json', '/opt/***/data/minio/1770795996.json', '/opt/***/data/minio/1770796007.json', '/opt/***/data/minio/1770796017.json', '/opt/***/data/minio/1770796028.json', '/opt/***/data/minio/1770796039.json', '/opt/***/data/minio/1770796049.json', '/opt/***/data/minio/1770796060.json', '/opt/***/data/minio/1770796070.json', '/opt/***/data/minio/1770796080.json', '/opt/***/data/minio/1770796092.json', '/opt/***/data/minio/1770796103.json', '/opt/***/data/minio/1770796113.json', '/opt/***/data/minio/1770796123.json', '/opt/***/data/minio/1770796134.json', '/opt/***/data/minio/1770796145.json', '/opt/***/data/minio/1770796157.json', '/opt/***/data/minio/1770796167.json', '/opt/***/data/minio/1770796179.json', '/opt/***/data/minio/1770796189.json', '/opt/***/data/minio/1770796201.json', '/opt/***/data/minio/1770796212.json', '/opt/***/data/minio/1770796223.json', '/opt/***/data/minio/1770796234.json', '/opt/***/data/minio/1770796244.json', '/opt/***/data/minio/1770796254.json', '/opt/***/data/minio/1770796265.json', '/opt/***/data/minio/1770796276.json', '/opt/***/data/minio/1770796287.json', '/opt/***/data/minio/1770796297.json', '/opt/***/data/minio/1770796308.json', '/opt/***/data/minio/1770796319.json', '/opt/***/data/minio/1770796329.json', '/opt/***/data/minio/1770796340.json', '/opt/***/data/minio/1770796351.json', '/opt/***/data/minio/1770796361.json', '/opt/***/data/minio/1770796372.json', '/opt/***/data/minio/1770796382.json', '/opt/***/data/minio/1770796393.json', '/opt/***/data/minio/1770796403.json', '/opt/***/data/minio/1770796414.json', '/opt/***/data/minio/1770796425.json', '/opt/***/data/minio/1770796435.json', '/opt/***/data/minio/1770796446.json', '/opt/***/data/minio/1770796457.json', '/opt/***/data/minio/1770796468.json', '/opt/***/data/minio/1770796478.json', '/opt/***/data/minio/1770796489.json', '/opt/***/data/minio/1770796500.json', '/opt/***/data/minio/1770796511.json', '/opt/***/data/minio/1770796521.json', '/opt/***/data/minio/1770796532.json', '/opt/***/data/minio/1770796542.json', '/opt/***/data/minio/1770796553.json', '/opt/***/data/minio/1770796563.json', '/opt/***/data/minio/1770796574.json', '/opt/***/data/minio/1770796585.json', '/opt/***/data/minio/1770796596.json', '/opt/***/data/minio/1770796607.json', '/opt/***/data/minio/1770796619.json', '/opt/***/data/minio/1770796629.json', '/opt/***/data/minio/1770796640.json', '/opt/***/data/minio/1770796651.json', '/opt/***/data/minio/1770796662.json', '/opt/***/data/minio/1770796672.json', '/opt/***/data/minio/1770796683.json', '/opt/***/data/minio/1770796694.json', '/opt/***/data/minio/1770796704.json', '/opt/***/data/minio/1770796714.json', '/opt/***/data/minio/1770796725.json', '/opt/***/data/minio/1770796736.json', '/opt/***/data/minio/1770796747.json', '/opt/***/data/minio/1770796758.json', '/opt/***/data/minio/1770796770.json', '/opt/***/data/minio/1770796780.json', '/opt/***/data/minio/1770796791.json', '/opt/***/data/minio/1770796802.json', '/opt/***/data/minio/1770796814.json', '/opt/***/data/minio/1770796824.json', '/opt/***/data/minio/1770796835.json', '/opt/***/data/minio/1770796845.json', '/opt/***/data/minio/1770796856.json', '/opt/***/data/minio/1770796867.json', '/opt/***/data/minio/1770796878.json', '/opt/***/data/minio/1770796888.json', '/opt/***/data/minio/1770796899.json', '/opt/***/data/minio/1770796910.json', '/opt/***/data/minio/1770796921.json', '/opt/***/data/minio/1770796932.json', '/opt/***/data/minio/1770796944.json', '/opt/***/data/minio/1770796955.json', '/opt/***/data/minio/1770796966.json', '/opt/***/data/minio/1770796977.json', '/opt/***/data/minio/1770796988.json', '/opt/***/data/minio/1770796999.json', '/opt/***/data/minio/1770797048.json', '/opt/***/data/minio/1770797059.json', '/opt/***/data/minio/1770797071.json', '/opt/***/data/minio/1770797083.json', '/opt/***/data/minio/1770797096.json', '/opt/***/data/minio/1770797107.json', '/opt/***/data/minio/1770797118.json', '/opt/***/data/minio/1770797129.json', '/opt/***/data/minio/1770797139.json', '/opt/***/data/minio/1770797150.json', '/opt/***/data/minio/1770797161.json', '/opt/***/data/minio/1770797172.json', '/opt/***/data/minio/1770795803.json', '/opt/***/data/minio/1770795813.json', '/opt/***/data/minio/1770795823.json', '/opt/***/data/minio/1770795834.json', '/opt/***/data/minio/1770795845.json', '/opt/***/data/minio/1770795856.json', '/opt/***/data/minio/1770795866.json', '/opt/***/data/minio/1770795878.json', '/opt/***/data/minio/1770795891.json', '/opt/***/data/minio/1770795901.json', '/opt/***/data/minio/1770795911.json', '/opt/***/data/minio/1770795922.json', '/opt/***/data/minio/1770795933.json', '/opt/***/data/minio/1770795943.json', '/opt/***/data/minio/1770795953.json', '/opt/***/data/minio/1770795964.json', '/opt/***/data/minio/1770795975.json', '/opt/***/data/minio/1770795986.json', '/opt/***/data/minio/1770795997.json', '/opt/***/data/minio/1770796007.json', '/opt/***/data/minio/1770796018.json', '/opt/***/data/minio/1770796029.json', '/opt/***/data/minio/1770796039.json', '/opt/***/data/minio/1770796050.json', '/opt/***/data/minio/1770796060.json', '/opt/***/data/minio/1770796071.json', '/opt/***/data/minio/1770796081.json', '/opt/***/data/minio/1770796093.json', '/opt/***/data/minio/1770796104.json', '/opt/***/data/minio/1770796114.json', '/opt/***/data/minio/1770796124.json', '/opt/***/data/minio/1770796135.json', '/opt/***/data/minio/1770796146.json', '/opt/***/data/minio/1770796157.json', '/opt/***/data/minio/1770796169.json', '/opt/***/data/minio/1770796180.json', '/opt/***/data/minio/1770796190.json', '/opt/***/data/minio/1770796202.json', '/opt/***/data/minio/1770796213.json', '/opt/***/data/minio/1770796224.json', '/opt/***/data/minio/1770796235.json', '/opt/***/data/minio/1770796245.json', '/opt/***/data/minio/1770796255.json', '/opt/***/data/minio/1770796266.json', '/opt/***/data/minio/1770796277.json', '/opt/***/data/minio/1770796288.json', '/opt/***/data/minio/1770796298.json', '/opt/***/data/minio/1770796309.json', '/opt/***/data/minio/1770796320.json', '/opt/***/data/minio/1770796330.json', '/opt/***/data/minio/1770796341.json', '/opt/***/data/minio/1770796352.json', '/opt/***/data/minio/1770796362.json', '/opt/***/data/minio/1770796373.json', '/opt/***/data/minio/1770796383.json', '/opt/***/data/minio/1770796394.json', '/opt/***/data/minio/1770796404.json', '/opt/***/data/minio/1770796415.json', '/opt/***/data/minio/1770796426.json', '/opt/***/data/minio/1770796437.json', '/opt/***/data/minio/1770796448.json', '/opt/***/data/minio/1770796458.json', '/opt/***/data/minio/1770796469.json', '/opt/***/data/minio/1770796479.json', '/opt/***/data/minio/1770796490.json', '/opt/***/data/minio/1770796501.json', '/opt/***/data/minio/1770796512.json', '/opt/***/data/minio/1770796522.json', '/opt/***/data/minio/1770796533.json', '/opt/***/data/minio/1770796543.json', '/opt/***/data/minio/1770796553.json', '/opt/***/data/minio/1770796564.json', '/opt/***/data/minio/1770796575.json', '/opt/***/data/minio/1770796586.json', '/opt/***/data/minio/1770796597.json', '/opt/***/data/minio/1770796609.json', '/opt/***/data/minio/1770796619.json', '/opt/***/data/minio/1770796630.json', '/opt/***/data/minio/1770796641.json', '/opt/***/data/minio/1770796652.json', '/opt/***/data/minio/1770796663.json', '/opt/***/data/minio/1770796673.json', '/opt/***/data/minio/1770796684.json', '/opt/***/data/minio/1770796695.json', '/opt/***/data/minio/1770796705.json', '/opt/***/data/minio/1770796715.json', '/opt/***/data/minio/1770796726.json', '/opt/***/data/minio/1770796737.json', '/opt/***/data/minio/1770796748.json', '/opt/***/data/minio/1770796760.json', '/opt/***/data/minio/1770796771.json', '/opt/***/data/minio/1770796781.json', '/opt/***/data/minio/1770796792.json', '/opt/***/data/minio/1770796803.json', '/opt/***/data/minio/1770796814.json', '/opt/***/data/minio/1770796825.json', '/opt/***/data/minio/1770796836.json', '/opt/***/data/minio/1770796846.json', '/opt/***/data/minio/1770796857.json', '/opt/***/data/minio/1770796868.json', '/opt/***/data/minio/1770796878.json', '/opt/***/data/minio/1770796889.json', '/opt/***/data/minio/1770796899.json', '/opt/***/data/minio/1770796911.json', '/opt/***/data/minio/1770796922.json', '/opt/***/data/minio/1770796932.json', '/opt/***/data/minio/1770796945.json', '/opt/***/data/minio/1770796956.json', '/opt/***/data/minio/1770796967.json', '/opt/***/data/minio/1770796978.json', '/opt/***/data/minio/1770796989.json', '/opt/***/data/minio/1770797000.json', '/opt/***/data/minio/1770797035.json', '/opt/***/data/minio/1770797049.json', '/opt/***/data/minio/1770797060.json', '/opt/***/data/minio/1770797072.json', '/opt/***/data/minio/1770797085.json', '/opt/***/data/minio/1770797097.json', '/opt/***/data/minio/1770797108.json', '/opt/***/data/minio/1770797119.json', '/opt/***/data/minio/1770797130.json', '/opt/***/data/minio/1770797140.json', '/opt/***/data/minio/1770797151.json', '/opt/***/data/minio/1770797162.json', '/opt/***/data/minio/1770797173.json']
[2026-02-11T09:08:13.691+0000] {taskinstance.py:441} INFO - ::group::Post task execution logs
[2026-02-11T09:08:13.800+0000] {taskinstance.py:1206} INFO - Marking task as SUCCESS. dag_id=minio_to_snowflake, task_id=download_minio, run_id=scheduled__2026-02-11T09:07:00+00:00, execution_date=20260211T090700, start_date=20260211T090803, end_date=20260211T090813
[2026-02-11T09:08:13.892+0000] {local_task_job_runner.py:243} INFO - Task exited with return code 0
[2026-02-11T09:08:13.950+0000] {taskinstance.py:3503} INFO - 1 downstream tasks scheduled from follow-on schedule check
[2026-02-11T09:08:13.956+0000] {local_task_job_runner.py:222} INFO - ::endgroup::
