[2026-02-04T09:50:01.877+0000] {local_task_job_runner.py:120} INFO - ::group::Pre task execution logs
[2026-02-04T09:50:01.914+0000] {taskinstance.py:2076} INFO - Dependencies all met for dep_context=non-requeueable deps ti=<TaskInstance: minio_to_snowflake.download_minio scheduled__2026-02-04T09:49:00+00:00 [queued]>
[2026-02-04T09:50:01.923+0000] {taskinstance.py:2076} INFO - Dependencies all met for dep_context=requeueable deps ti=<TaskInstance: minio_to_snowflake.download_minio scheduled__2026-02-04T09:49:00+00:00 [queued]>
[2026-02-04T09:50:01.924+0000] {taskinstance.py:2306} INFO - Starting attempt 1 of 2
[2026-02-04T09:50:01.938+0000] {taskinstance.py:2330} INFO - Executing <Task(PythonOperator): download_minio> on 2026-02-04 09:49:00+00:00
[2026-02-04T09:50:01.952+0000] {logging_mixin.py:188} WARNING - /home/***/.local/lib/python3.12/site-packages/***/task/task_runner/standard_task_runner.py:62 DeprecationWarning: This process (pid=79458) is multi-threaded, use of fork() may lead to deadlocks in the child.
[2026-02-04T09:50:01.954+0000] {standard_task_runner.py:64} INFO - Started process 79470 to run task
[2026-02-04T09:50:01.951+0000] {standard_task_runner.py:90} INFO - Running: ['***', 'tasks', 'run', 'minio_to_snowflake', 'download_minio', 'scheduled__2026-02-04T09:49:00+00:00', '--job-id', '904', '--raw', '--subdir', 'DAGS_FOLDER/minio_to_snowflake.py', '--cfg-path', '/tmp/tmppnvk4e3t']
[2026-02-04T09:50:01.956+0000] {standard_task_runner.py:91} INFO - Job 904: Subtask download_minio
[2026-02-04T09:50:02.058+0000] {task_command.py:426} INFO - Running <TaskInstance: minio_to_snowflake.download_minio scheduled__2026-02-04T09:49:00+00:00 [running]> on host 1a57f62d265e
[2026-02-04T09:50:02.184+0000] {taskinstance.py:2648} INFO - Exporting env vars: AIRFLOW_CTX_DAG_OWNER='***' AIRFLOW_CTX_DAG_ID='minio_to_snowflake' AIRFLOW_CTX_TASK_ID='download_minio' AIRFLOW_CTX_EXECUTION_DATE='2026-02-04T09:49:00+00:00' AIRFLOW_CTX_TRY_NUMBER='1' AIRFLOW_CTX_DAG_RUN_ID='scheduled__2026-02-04T09:49:00+00:00'
[2026-02-04T09:50:02.185+0000] {taskinstance.py:430} INFO - ::endgroup::
[2026-02-04T09:50:02.398+0000] {logging_mixin.py:188} INFO - Downloaded AAPL/1770190211.json
[2026-02-04T09:50:02.407+0000] {logging_mixin.py:188} INFO - Downloaded AAPL/1770190221.json
[2026-02-04T09:50:02.417+0000] {logging_mixin.py:188} INFO - Downloaded AAPL/1770190233.json
[2026-02-04T09:50:02.425+0000] {logging_mixin.py:188} INFO - Downloaded AAPL/1770190244.json
[2026-02-04T09:50:02.433+0000] {logging_mixin.py:188} INFO - Downloaded AAPL/1770190256.json
[2026-02-04T09:50:02.442+0000] {logging_mixin.py:188} INFO - Downloaded AAPL/1770190268.json
[2026-02-04T09:50:02.452+0000] {logging_mixin.py:188} INFO - Downloaded AAPL/1770190278.json
[2026-02-04T09:50:02.460+0000] {logging_mixin.py:188} INFO - Downloaded AAPL/1770190289.json
[2026-02-04T09:50:02.469+0000] {logging_mixin.py:188} INFO - Downloaded AAPL/1770190300.json
[2026-02-04T09:50:02.477+0000] {logging_mixin.py:188} INFO - Downloaded AAPL/1770190310.json
[2026-02-04T09:50:02.486+0000] {logging_mixin.py:188} INFO - Downloaded AAPL/1770190323.json
[2026-02-04T09:50:02.495+0000] {logging_mixin.py:188} INFO - Downloaded AAPL/1770190333.json
[2026-02-04T09:50:02.503+0000] {logging_mixin.py:188} INFO - Downloaded AAPL/1770190344.json
[2026-02-04T09:50:02.512+0000] {logging_mixin.py:188} INFO - Downloaded AAPL/1770190356.json
[2026-02-04T09:50:02.521+0000] {logging_mixin.py:188} INFO - Downloaded AAPL/1770190368.json
[2026-02-04T09:50:02.530+0000] {logging_mixin.py:188} INFO - Downloaded AAPL/1770190378.json
[2026-02-04T09:50:02.540+0000] {logging_mixin.py:188} INFO - Downloaded AAPL/1770190388.json
[2026-02-04T09:50:02.549+0000] {logging_mixin.py:188} INFO - Downloaded AAPL/1770190399.json
[2026-02-04T09:50:02.557+0000] {logging_mixin.py:188} INFO - Downloaded AAPL/1770190410.json
[2026-02-04T09:50:02.566+0000] {logging_mixin.py:188} INFO - Downloaded AAPL/1770190421.json
[2026-02-04T09:50:02.574+0000] {logging_mixin.py:188} INFO - Downloaded AAPL/1770190432.json
[2026-02-04T09:50:02.582+0000] {logging_mixin.py:188} INFO - Downloaded AAPL/1770190442.json
[2026-02-04T09:50:02.591+0000] {logging_mixin.py:188} INFO - Downloaded AAPL/1770190453.json
[2026-02-04T09:50:02.600+0000] {logging_mixin.py:188} INFO - Downloaded AAPL/1770190463.json
[2026-02-04T09:50:02.608+0000] {logging_mixin.py:188} INFO - Downloaded AAPL/1770190474.json
[2026-02-04T09:50:02.617+0000] {logging_mixin.py:188} INFO - Downloaded AAPL/1770190485.json
[2026-02-04T09:50:02.625+0000] {logging_mixin.py:188} INFO - Downloaded AAPL/1770190495.json
[2026-02-04T09:50:02.634+0000] {logging_mixin.py:188} INFO - Downloaded AAPL/1770190506.json
[2026-02-04T09:50:02.643+0000] {logging_mixin.py:188} INFO - Downloaded AAPL/1770190516.json
[2026-02-04T09:50:02.652+0000] {logging_mixin.py:188} INFO - Downloaded AAPL/1770190527.json
[2026-02-04T09:50:02.661+0000] {logging_mixin.py:188} INFO - Downloaded AAPL/1770190537.json
[2026-02-04T09:50:02.670+0000] {logging_mixin.py:188} INFO - Downloaded AAPL/1770190548.json
[2026-02-04T09:50:02.679+0000] {logging_mixin.py:188} INFO - Downloaded AAPL/1770190559.json
[2026-02-04T09:50:02.688+0000] {logging_mixin.py:188} INFO - Downloaded AAPL/1770190569.json
[2026-02-04T09:50:02.698+0000] {logging_mixin.py:188} INFO - Downloaded AAPL/1770190580.json
[2026-02-04T09:50:02.706+0000] {logging_mixin.py:188} INFO - Downloaded AAPL/1770190590.json
[2026-02-04T09:50:02.715+0000] {logging_mixin.py:188} INFO - Downloaded AAPL/1770190600.json
[2026-02-04T09:50:02.723+0000] {logging_mixin.py:188} INFO - Downloaded AAPL/1770190611.json
[2026-02-04T09:50:02.732+0000] {logging_mixin.py:188} INFO - Downloaded AAPL/1770190621.json
[2026-02-04T09:50:02.741+0000] {logging_mixin.py:188} INFO - Downloaded AAPL/1770190632.json
[2026-02-04T09:50:02.749+0000] {logging_mixin.py:188} INFO - Downloaded AAPL/1770190642.json
[2026-02-04T09:50:02.758+0000] {logging_mixin.py:188} INFO - Downloaded AAPL/1770190652.json
[2026-02-04T09:50:02.767+0000] {logging_mixin.py:188} INFO - Downloaded AAPL/1770190663.json
[2026-02-04T09:50:02.780+0000] {logging_mixin.py:188} INFO - Downloaded AAPL/1770190673.json
[2026-02-04T09:50:02.790+0000] {logging_mixin.py:188} INFO - Downloaded AAPL/1770190683.json
[2026-02-04T09:50:02.801+0000] {logging_mixin.py:188} INFO - Downloaded AAPL/1770190694.json
[2026-02-04T09:50:02.813+0000] {logging_mixin.py:188} INFO - Downloaded AAPL/1770190704.json
[2026-02-04T09:50:02.823+0000] {logging_mixin.py:188} INFO - Downloaded AAPL/1770190715.json
[2026-02-04T09:50:02.832+0000] {logging_mixin.py:188} INFO - Downloaded AAPL/1770190725.json
[2026-02-04T09:50:02.842+0000] {logging_mixin.py:188} INFO - Downloaded AAPL/1770190736.json
[2026-02-04T09:50:02.851+0000] {logging_mixin.py:188} INFO - Downloaded AAPL/1770190746.json
[2026-02-04T09:50:02.860+0000] {logging_mixin.py:188} INFO - Downloaded AAPL/1770190757.json
[2026-02-04T09:50:02.869+0000] {logging_mixin.py:188} INFO - Downloaded AAPL/1770190767.json
[2026-02-04T09:50:02.878+0000] {logging_mixin.py:188} INFO - Downloaded AAPL/1770190778.json
[2026-02-04T09:50:02.886+0000] {logging_mixin.py:188} INFO - Downloaded AAPL/1770190788.json
[2026-02-04T09:50:02.895+0000] {logging_mixin.py:188} INFO - Downloaded AAPL/1770190799.json
[2026-02-04T09:50:02.903+0000] {logging_mixin.py:188} INFO - Downloaded AAPL/1770190810.json
[2026-02-04T09:50:02.914+0000] {logging_mixin.py:188} INFO - Downloaded AAPL/1770190820.json
[2026-02-04T09:50:02.922+0000] {logging_mixin.py:188} INFO - Downloaded AAPL/1770190831.json
[2026-02-04T09:50:02.931+0000] {logging_mixin.py:188} INFO - Downloaded AAPL/1770190842.json
[2026-02-04T09:50:02.939+0000] {logging_mixin.py:188} INFO - Downloaded AAPL/1770190852.json
[2026-02-04T09:50:02.948+0000] {logging_mixin.py:188} INFO - Downloaded AAPL/1770190863.json
[2026-02-04T09:50:02.957+0000] {logging_mixin.py:188} INFO - Downloaded AAPL/1770190873.json
[2026-02-04T09:50:02.967+0000] {logging_mixin.py:188} INFO - Downloaded AAPL/1770190884.json
[2026-02-04T09:50:02.979+0000] {logging_mixin.py:188} INFO - Downloaded AAPL/1770190895.json
[2026-02-04T09:50:02.991+0000] {logging_mixin.py:188} INFO - Downloaded AAPL/1770190908.json
[2026-02-04T09:50:03.000+0000] {logging_mixin.py:188} INFO - Downloaded AAPL/1770190919.json
[2026-02-04T09:50:03.010+0000] {logging_mixin.py:188} INFO - Downloaded AAPL/1770190929.json
[2026-02-04T09:50:03.020+0000] {logging_mixin.py:188} INFO - Downloaded AAPL/1770190940.json
[2026-02-04T09:50:03.031+0000] {logging_mixin.py:188} INFO - Downloaded AAPL/1770190951.json
[2026-02-04T09:50:03.042+0000] {logging_mixin.py:188} INFO - Downloaded AAPL/1770190962.json
[2026-02-04T09:50:03.053+0000] {logging_mixin.py:188} INFO - Downloaded AAPL/1770190972.json
[2026-02-04T09:50:03.063+0000] {logging_mixin.py:188} INFO - Downloaded AAPL/1770190983.json
[2026-02-04T09:50:03.075+0000] {logging_mixin.py:188} INFO - Downloaded AAPL/1770190995.json
[2026-02-04T09:50:03.086+0000] {logging_mixin.py:188} INFO - Downloaded AAPL/1770191006.json
[2026-02-04T09:50:03.097+0000] {logging_mixin.py:188} INFO - Downloaded AAPL/1770191017.json
[2026-02-04T09:50:03.108+0000] {logging_mixin.py:188} INFO - Downloaded AAPL/1770191028.json
[2026-02-04T09:50:03.118+0000] {logging_mixin.py:188} INFO - Downloaded AAPL/1770191039.json
[2026-02-04T09:50:03.128+0000] {logging_mixin.py:188} INFO - Downloaded AAPL/1770191049.json
[2026-02-04T09:50:03.137+0000] {logging_mixin.py:188} INFO - Downloaded AAPL/1770191060.json
[2026-02-04T09:50:03.146+0000] {logging_mixin.py:188} INFO - Downloaded AAPL/1770191070.json
[2026-02-04T09:50:03.155+0000] {logging_mixin.py:188} INFO - Downloaded AAPL/1770191081.json
[2026-02-04T09:50:03.165+0000] {logging_mixin.py:188} INFO - Downloaded AAPL/1770191091.json
[2026-02-04T09:50:03.173+0000] {logging_mixin.py:188} INFO - Downloaded AAPL/1770191101.json
[2026-02-04T09:50:03.182+0000] {logging_mixin.py:188} INFO - Downloaded AAPL/1770191111.json
[2026-02-04T09:50:03.191+0000] {logging_mixin.py:188} INFO - Downloaded AAPL/1770191122.json
[2026-02-04T09:50:03.199+0000] {logging_mixin.py:188} INFO - Downloaded AAPL/1770191133.json
[2026-02-04T09:50:03.207+0000] {logging_mixin.py:188} INFO - Downloaded AAPL/1770191144.json
[2026-02-04T09:50:03.216+0000] {logging_mixin.py:188} INFO - Downloaded AAPL/1770191154.json
[2026-02-04T09:50:03.225+0000] {logging_mixin.py:188} INFO - Downloaded AAPL/1770191165.json
[2026-02-04T09:50:03.235+0000] {logging_mixin.py:188} INFO - Downloaded AAPL/1770191175.json
[2026-02-04T09:50:03.245+0000] {logging_mixin.py:188} INFO - Downloaded AAPL/1770191186.json
[2026-02-04T09:50:03.255+0000] {logging_mixin.py:188} INFO - Downloaded AAPL/1770191197.json
[2026-02-04T09:50:03.265+0000] {logging_mixin.py:188} INFO - Downloaded AAPL/1770191207.json
[2026-02-04T09:50:03.274+0000] {logging_mixin.py:188} INFO - Downloaded AAPL/1770191218.json
[2026-02-04T09:50:03.284+0000] {logging_mixin.py:188} INFO - Downloaded AAPL/1770191229.json
[2026-02-04T09:50:03.293+0000] {logging_mixin.py:188} INFO - Downloaded AAPL/1770191240.json
[2026-02-04T09:50:03.302+0000] {logging_mixin.py:188} INFO - Downloaded AAPL/1770191251.json
[2026-02-04T09:50:03.311+0000] {logging_mixin.py:188} INFO - Downloaded AAPL/1770191261.json
[2026-02-04T09:50:03.320+0000] {logging_mixin.py:188} INFO - Downloaded AAPL/1770191272.json
[2026-02-04T09:50:03.329+0000] {logging_mixin.py:188} INFO - Downloaded AAPL/1770191283.json
[2026-02-04T09:50:03.337+0000] {logging_mixin.py:188} INFO - Downloaded AAPL/1770191293.json
[2026-02-04T09:50:03.346+0000] {logging_mixin.py:188} INFO - Downloaded AMZN/1770190215.json
[2026-02-04T09:50:03.354+0000] {logging_mixin.py:188} INFO - Downloaded AMZN/1770190226.json
[2026-02-04T09:50:03.363+0000] {logging_mixin.py:188} INFO - Downloaded AMZN/1770190237.json
[2026-02-04T09:50:03.372+0000] {logging_mixin.py:188} INFO - Downloaded AMZN/1770190249.json
[2026-02-04T09:50:03.381+0000] {logging_mixin.py:188} INFO - Downloaded AMZN/1770190261.json
[2026-02-04T09:50:03.390+0000] {logging_mixin.py:188} INFO - Downloaded AMZN/1770190271.json
[2026-02-04T09:50:03.399+0000] {logging_mixin.py:188} INFO - Downloaded AMZN/1770190282.json
[2026-02-04T09:50:03.409+0000] {logging_mixin.py:188} INFO - Downloaded AMZN/1770190293.json
[2026-02-04T09:50:03.421+0000] {logging_mixin.py:188} INFO - Downloaded AMZN/1770190303.json
[2026-02-04T09:50:03.430+0000] {logging_mixin.py:188} INFO - Downloaded AMZN/1770190316.json
[2026-02-04T09:50:03.439+0000] {logging_mixin.py:188} INFO - Downloaded AMZN/1770190326.json
[2026-02-04T09:50:03.448+0000] {logging_mixin.py:188} INFO - Downloaded AMZN/1770190337.json
[2026-02-04T09:50:03.457+0000] {logging_mixin.py:188} INFO - Downloaded AMZN/1770190348.json
[2026-02-04T09:50:03.467+0000] {logging_mixin.py:188} INFO - Downloaded AMZN/1770190360.json
[2026-02-04T09:50:03.475+0000] {logging_mixin.py:188} INFO - Downloaded AMZN/1770190371.json
[2026-02-04T09:50:03.485+0000] {logging_mixin.py:188} INFO - Downloaded AMZN/1770190381.json
[2026-02-04T09:50:03.496+0000] {logging_mixin.py:188} INFO - Downloaded AMZN/1770190392.json
[2026-02-04T09:50:03.504+0000] {logging_mixin.py:188} INFO - Downloaded AMZN/1770190403.json
[2026-02-04T09:50:03.513+0000] {logging_mixin.py:188} INFO - Downloaded AMZN/1770190414.json
[2026-02-04T09:50:03.521+0000] {logging_mixin.py:188} INFO - Downloaded AMZN/1770190425.json
[2026-02-04T09:50:03.530+0000] {logging_mixin.py:188} INFO - Downloaded AMZN/1770190435.json
[2026-02-04T09:50:03.539+0000] {logging_mixin.py:188} INFO - Downloaded AMZN/1770190446.json
[2026-02-04T09:50:03.548+0000] {logging_mixin.py:188} INFO - Downloaded AMZN/1770190456.json
[2026-02-04T09:50:03.557+0000] {logging_mixin.py:188} INFO - Downloaded AMZN/1770190467.json
[2026-02-04T09:50:03.566+0000] {logging_mixin.py:188} INFO - Downloaded AMZN/1770190477.json
[2026-02-04T09:50:03.576+0000] {logging_mixin.py:188} INFO - Downloaded AMZN/1770190488.json
[2026-02-04T09:50:03.584+0000] {logging_mixin.py:188} INFO - Downloaded AMZN/1770190499.json
[2026-02-04T09:50:03.593+0000] {logging_mixin.py:188} INFO - Downloaded AMZN/1770190509.json
[2026-02-04T09:50:03.602+0000] {logging_mixin.py:188} INFO - Downloaded AMZN/1770190520.json
[2026-02-04T09:50:03.611+0000] {logging_mixin.py:188} INFO - Downloaded AMZN/1770190531.json
[2026-02-04T09:50:03.619+0000] {logging_mixin.py:188} INFO - Downloaded AMZN/1770190541.json
[2026-02-04T09:50:03.629+0000] {logging_mixin.py:188} INFO - Downloaded AMZN/1770190552.json
[2026-02-04T09:50:03.637+0000] {logging_mixin.py:188} INFO - Downloaded AMZN/1770190562.json
[2026-02-04T09:50:03.646+0000] {logging_mixin.py:188} INFO - Downloaded AMZN/1770190573.json
[2026-02-04T09:50:03.655+0000] {logging_mixin.py:188} INFO - Downloaded AMZN/1770190583.json
[2026-02-04T09:50:03.664+0000] {logging_mixin.py:188} INFO - Downloaded AMZN/1770190593.json
[2026-02-04T09:50:03.672+0000] {logging_mixin.py:188} INFO - Downloaded AMZN/1770190604.json
[2026-02-04T09:50:03.681+0000] {logging_mixin.py:188} INFO - Downloaded AMZN/1770190615.json
[2026-02-04T09:50:03.691+0000] {logging_mixin.py:188} INFO - Downloaded AMZN/1770190625.json
[2026-02-04T09:50:03.701+0000] {logging_mixin.py:188} INFO - Downloaded AMZN/1770190635.json
[2026-02-04T09:50:03.710+0000] {logging_mixin.py:188} INFO - Downloaded AMZN/1770190645.json
[2026-02-04T09:50:03.719+0000] {logging_mixin.py:188} INFO - Downloaded AMZN/1770190656.json
[2026-02-04T09:50:03.728+0000] {logging_mixin.py:188} INFO - Downloaded AMZN/1770190666.json
[2026-02-04T09:50:03.736+0000] {logging_mixin.py:188} INFO - Downloaded AMZN/1770190677.json
[2026-02-04T09:50:03.746+0000] {logging_mixin.py:188} INFO - Downloaded AMZN/1770190687.json
[2026-02-04T09:50:03.755+0000] {logging_mixin.py:188} INFO - Downloaded AMZN/1770190697.json
[2026-02-04T09:50:03.764+0000] {logging_mixin.py:188} INFO - Downloaded AMZN/1770190708.json
[2026-02-04T09:50:03.772+0000] {logging_mixin.py:188} INFO - Downloaded AMZN/1770190718.json
[2026-02-04T09:50:03.781+0000] {logging_mixin.py:188} INFO - Downloaded AMZN/1770190729.json
[2026-02-04T09:50:03.790+0000] {logging_mixin.py:188} INFO - Downloaded AMZN/1770190739.json
[2026-02-04T09:50:03.799+0000] {logging_mixin.py:188} INFO - Downloaded AMZN/1770190750.json
[2026-02-04T09:50:03.807+0000] {logging_mixin.py:188} INFO - Downloaded AMZN/1770190760.json
[2026-02-04T09:50:03.817+0000] {logging_mixin.py:188} INFO - Downloaded AMZN/1770190771.json
[2026-02-04T09:50:03.827+0000] {logging_mixin.py:188} INFO - Downloaded AMZN/1770190781.json
[2026-02-04T09:50:03.837+0000] {logging_mixin.py:188} INFO - Downloaded AMZN/1770190792.json
[2026-02-04T09:50:03.849+0000] {logging_mixin.py:188} INFO - Downloaded AMZN/1770190803.json
[2026-02-04T09:50:03.859+0000] {logging_mixin.py:188} INFO - Downloaded AMZN/1770190813.json
[2026-02-04T09:50:03.869+0000] {logging_mixin.py:188} INFO - Downloaded AMZN/1770190824.json
[2026-02-04T09:50:03.879+0000] {logging_mixin.py:188} INFO - Downloaded AMZN/1770190835.json
[2026-02-04T09:50:03.888+0000] {logging_mixin.py:188} INFO - Downloaded AMZN/1770190845.json
[2026-02-04T09:50:03.898+0000] {logging_mixin.py:188} INFO - Downloaded AMZN/1770190856.json
[2026-02-04T09:50:03.909+0000] {logging_mixin.py:188} INFO - Downloaded AMZN/1770190866.json
[2026-02-04T09:50:03.917+0000] {logging_mixin.py:188} INFO - Downloaded AMZN/1770190877.json
[2026-02-04T09:50:03.926+0000] {logging_mixin.py:188} INFO - Downloaded AMZN/1770190888.json
[2026-02-04T09:50:03.935+0000] {logging_mixin.py:188} INFO - Downloaded AMZN/1770190901.json
[2026-02-04T09:50:03.944+0000] {logging_mixin.py:188} INFO - Downloaded AMZN/1770190912.json
[2026-02-04T09:50:03.954+0000] {logging_mixin.py:188} INFO - Downloaded AMZN/1770190923.json
[2026-02-04T09:50:03.965+0000] {logging_mixin.py:188} INFO - Downloaded AMZN/1770190933.json
[2026-02-04T09:50:03.974+0000] {logging_mixin.py:188} INFO - Downloaded AMZN/1770190944.json
[2026-02-04T09:50:03.983+0000] {logging_mixin.py:188} INFO - Downloaded AMZN/1770190955.json
[2026-02-04T09:50:03.991+0000] {logging_mixin.py:188} INFO - Downloaded AMZN/1770190965.json
[2026-02-04T09:50:04.001+0000] {logging_mixin.py:188} INFO - Downloaded AMZN/1770190976.json
[2026-02-04T09:50:04.009+0000] {logging_mixin.py:188} INFO - Downloaded AMZN/1770190988.json
[2026-02-04T09:50:04.019+0000] {logging_mixin.py:188} INFO - Downloaded AMZN/1770190999.json
[2026-02-04T09:50:04.028+0000] {logging_mixin.py:188} INFO - Downloaded AMZN/1770191010.json
[2026-02-04T09:50:04.038+0000] {logging_mixin.py:188} INFO - Downloaded AMZN/1770191021.json
[2026-02-04T09:50:04.047+0000] {logging_mixin.py:188} INFO - Downloaded AMZN/1770191032.json
[2026-02-04T09:50:04.055+0000] {logging_mixin.py:188} INFO - Downloaded AMZN/1770191042.json
[2026-02-04T09:50:04.064+0000] {logging_mixin.py:188} INFO - Downloaded AMZN/1770191053.json
[2026-02-04T09:50:04.073+0000] {logging_mixin.py:188} INFO - Downloaded AMZN/1770191063.json
[2026-02-04T09:50:04.083+0000] {logging_mixin.py:188} INFO - Downloaded AMZN/1770191074.json
[2026-02-04T09:50:04.092+0000] {logging_mixin.py:188} INFO - Downloaded AMZN/1770191084.json
[2026-02-04T09:50:04.102+0000] {logging_mixin.py:188} INFO - Downloaded AMZN/1770191094.json
[2026-02-04T09:50:04.110+0000] {logging_mixin.py:188} INFO - Downloaded AMZN/1770191105.json
[2026-02-04T09:50:04.121+0000] {logging_mixin.py:188} INFO - Downloaded AMZN/1770191115.json
[2026-02-04T09:50:04.132+0000] {logging_mixin.py:188} INFO - Downloaded AMZN/1770191126.json
[2026-02-04T09:50:04.142+0000] {logging_mixin.py:188} INFO - Downloaded AMZN/1770191137.json
[2026-02-04T09:50:04.154+0000] {logging_mixin.py:188} INFO - Downloaded AMZN/1770191147.json
[2026-02-04T09:50:04.166+0000] {logging_mixin.py:188} INFO - Downloaded AMZN/1770191158.json
[2026-02-04T09:50:04.178+0000] {logging_mixin.py:188} INFO - Downloaded AMZN/1770191168.json
[2026-02-04T09:50:04.191+0000] {logging_mixin.py:188} INFO - Downloaded AMZN/1770191179.json
[2026-02-04T09:50:04.203+0000] {logging_mixin.py:188} INFO - Downloaded AMZN/1770191190.json
[2026-02-04T09:50:04.213+0000] {logging_mixin.py:188} INFO - Downloaded AMZN/1770191200.json
[2026-02-04T09:50:04.221+0000] {logging_mixin.py:188} INFO - Downloaded AMZN/1770191211.json
[2026-02-04T09:50:04.231+0000] {logging_mixin.py:188} INFO - Downloaded AMZN/1770191222.json
[2026-02-04T09:50:04.240+0000] {logging_mixin.py:188} INFO - Downloaded AMZN/1770191233.json
[2026-02-04T09:50:04.249+0000] {logging_mixin.py:188} INFO - Downloaded AMZN/1770191244.json
[2026-02-04T09:50:04.258+0000] {logging_mixin.py:188} INFO - Downloaded AMZN/1770191254.json
[2026-02-04T09:50:04.267+0000] {logging_mixin.py:188} INFO - Downloaded AMZN/1770191265.json
[2026-02-04T09:50:04.275+0000] {logging_mixin.py:188} INFO - Downloaded AMZN/1770191276.json
[2026-02-04T09:50:04.284+0000] {logging_mixin.py:188} INFO - Downloaded AMZN/1770191286.json
[2026-02-04T09:50:04.293+0000] {logging_mixin.py:188} INFO - Downloaded GOOGL/1770190214.json
[2026-02-04T09:50:04.304+0000] {logging_mixin.py:188} INFO - Downloaded GOOGL/1770190224.json
[2026-02-04T09:50:04.313+0000] {logging_mixin.py:188} INFO - Downloaded GOOGL/1770190236.json
[2026-02-04T09:50:04.323+0000] {logging_mixin.py:188} INFO - Downloaded GOOGL/1770190248.json
[2026-02-04T09:50:04.334+0000] {logging_mixin.py:188} INFO - Downloaded GOOGL/1770190260.json
[2026-02-04T09:50:04.343+0000] {logging_mixin.py:188} INFO - Downloaded GOOGL/1770190270.json
[2026-02-04T09:50:04.351+0000] {logging_mixin.py:188} INFO - Downloaded GOOGL/1770190281.json
[2026-02-04T09:50:04.360+0000] {logging_mixin.py:188} INFO - Downloaded GOOGL/1770190292.json
[2026-02-04T09:50:04.369+0000] {logging_mixin.py:188} INFO - Downloaded GOOGL/1770190302.json
[2026-02-04T09:50:04.378+0000] {logging_mixin.py:188} INFO - Downloaded GOOGL/1770190315.json
[2026-02-04T09:50:04.386+0000] {logging_mixin.py:188} INFO - Downloaded GOOGL/1770190325.json
[2026-02-04T09:50:04.395+0000] {logging_mixin.py:188} INFO - Downloaded GOOGL/1770190336.json
[2026-02-04T09:50:04.403+0000] {logging_mixin.py:188} INFO - Downloaded GOOGL/1770190347.json
[2026-02-04T09:50:04.413+0000] {logging_mixin.py:188} INFO - Downloaded GOOGL/1770190359.json
[2026-02-04T09:50:04.422+0000] {logging_mixin.py:188} INFO - Downloaded GOOGL/1770190370.json
[2026-02-04T09:50:04.432+0000] {logging_mixin.py:188} INFO - Downloaded GOOGL/1770190380.json
[2026-02-04T09:50:04.449+0000] {logging_mixin.py:188} INFO - Downloaded GOOGL/1770190391.json
[2026-02-04T09:50:04.485+0000] {logging_mixin.py:188} INFO - Downloaded GOOGL/1770190402.json
[2026-02-04T09:50:04.521+0000] {logging_mixin.py:188} INFO - Downloaded GOOGL/1770190413.json
[2026-02-04T09:50:04.541+0000] {logging_mixin.py:188} INFO - Downloaded GOOGL/1770190424.json
[2026-02-04T09:50:04.565+0000] {logging_mixin.py:188} INFO - Downloaded GOOGL/1770190434.json
[2026-02-04T09:50:04.580+0000] {logging_mixin.py:188} INFO - Downloaded GOOGL/1770190445.json
[2026-02-04T09:50:04.590+0000] {logging_mixin.py:188} INFO - Downloaded GOOGL/1770190455.json
[2026-02-04T09:50:04.606+0000] {logging_mixin.py:188} INFO - Downloaded GOOGL/1770190466.json
[2026-02-04T09:50:04.617+0000] {logging_mixin.py:188} INFO - Downloaded GOOGL/1770190477.json
[2026-02-04T09:50:04.626+0000] {logging_mixin.py:188} INFO - Downloaded GOOGL/1770190487.json
[2026-02-04T09:50:04.635+0000] {logging_mixin.py:188} INFO - Downloaded GOOGL/1770190498.json
[2026-02-04T09:50:04.644+0000] {logging_mixin.py:188} INFO - Downloaded GOOGL/1770190508.json
[2026-02-04T09:50:04.652+0000] {logging_mixin.py:188} INFO - Downloaded GOOGL/1770190519.json
[2026-02-04T09:50:04.660+0000] {logging_mixin.py:188} INFO - Downloaded GOOGL/1770190529.json
[2026-02-04T09:50:04.669+0000] {logging_mixin.py:188} INFO - Downloaded GOOGL/1770190540.json
[2026-02-04T09:50:04.680+0000] {logging_mixin.py:188} INFO - Downloaded GOOGL/1770190551.json
[2026-02-04T09:50:04.690+0000] {logging_mixin.py:188} INFO - Downloaded GOOGL/1770190561.json
[2026-02-04T09:50:04.699+0000] {logging_mixin.py:188} INFO - Downloaded GOOGL/1770190572.json
[2026-02-04T09:50:04.707+0000] {logging_mixin.py:188} INFO - Downloaded GOOGL/1770190582.json
[2026-02-04T09:50:04.716+0000] {logging_mixin.py:188} INFO - Downloaded GOOGL/1770190592.json
[2026-02-04T09:50:04.725+0000] {logging_mixin.py:188} INFO - Downloaded GOOGL/1770190603.json
[2026-02-04T09:50:04.734+0000] {logging_mixin.py:188} INFO - Downloaded GOOGL/1770190614.json
[2026-02-04T09:50:04.742+0000] {logging_mixin.py:188} INFO - Downloaded GOOGL/1770190624.json
[2026-02-04T09:50:04.751+0000] {logging_mixin.py:188} INFO - Downloaded GOOGL/1770190634.json
[2026-02-04T09:50:04.761+0000] {logging_mixin.py:188} INFO - Downloaded GOOGL/1770190645.json
[2026-02-04T09:50:04.770+0000] {logging_mixin.py:188} INFO - Downloaded GOOGL/1770190655.json
[2026-02-04T09:50:04.779+0000] {logging_mixin.py:188} INFO - Downloaded GOOGL/1770190665.json
[2026-02-04T09:50:04.788+0000] {logging_mixin.py:188} INFO - Downloaded GOOGL/1770190676.json
[2026-02-04T09:50:04.797+0000] {logging_mixin.py:188} INFO - Downloaded GOOGL/1770190686.json
[2026-02-04T09:50:04.810+0000] {logging_mixin.py:188} INFO - Downloaded GOOGL/1770190697.json
[2026-02-04T09:50:04.818+0000] {logging_mixin.py:188} INFO - Downloaded GOOGL/1770190707.json
[2026-02-04T09:50:04.827+0000] {logging_mixin.py:188} INFO - Downloaded GOOGL/1770190718.json
[2026-02-04T09:50:04.836+0000] {logging_mixin.py:188} INFO - Downloaded GOOGL/1770190728.json
[2026-02-04T09:50:04.848+0000] {logging_mixin.py:188} INFO - Downloaded GOOGL/1770190738.json
[2026-02-04T09:50:04.858+0000] {logging_mixin.py:188} INFO - Downloaded GOOGL/1770190749.json
[2026-02-04T09:50:04.867+0000] {logging_mixin.py:188} INFO - Downloaded GOOGL/1770190760.json
[2026-02-04T09:50:04.875+0000] {logging_mixin.py:188} INFO - Downloaded GOOGL/1770190770.json
[2026-02-04T09:50:04.884+0000] {logging_mixin.py:188} INFO - Downloaded GOOGL/1770190780.json
[2026-02-04T09:50:04.892+0000] {logging_mixin.py:188} INFO - Downloaded GOOGL/1770190791.json
[2026-02-04T09:50:04.901+0000] {logging_mixin.py:188} INFO - Downloaded GOOGL/1770190802.json
[2026-02-04T09:50:04.911+0000] {logging_mixin.py:188} INFO - Downloaded GOOGL/1770190813.json
[2026-02-04T09:50:04.921+0000] {logging_mixin.py:188} INFO - Downloaded GOOGL/1770190823.json
[2026-02-04T09:50:04.930+0000] {logging_mixin.py:188} INFO - Downloaded GOOGL/1770190834.json
[2026-02-04T09:50:04.939+0000] {logging_mixin.py:188} INFO - Downloaded GOOGL/1770190844.json
[2026-02-04T09:50:04.949+0000] {logging_mixin.py:188} INFO - Downloaded GOOGL/1770190855.json
[2026-02-04T09:50:04.959+0000] {logging_mixin.py:188} INFO - Downloaded GOOGL/1770190865.json
[2026-02-04T09:50:04.968+0000] {logging_mixin.py:188} INFO - Downloaded GOOGL/1770190876.json
[2026-02-04T09:50:04.977+0000] {logging_mixin.py:188} INFO - Downloaded GOOGL/1770190887.json
[2026-02-04T09:50:04.987+0000] {logging_mixin.py:188} INFO - Downloaded GOOGL/1770190899.json
[2026-02-04T09:50:04.996+0000] {logging_mixin.py:188} INFO - Downloaded GOOGL/1770190911.json
[2026-02-04T09:50:05.004+0000] {logging_mixin.py:188} INFO - Downloaded GOOGL/1770190922.json
[2026-02-04T09:50:05.012+0000] {logging_mixin.py:188} INFO - Downloaded GOOGL/1770190932.json
[2026-02-04T09:50:05.024+0000] {logging_mixin.py:188} INFO - Downloaded GOOGL/1770190943.json
[2026-02-04T09:50:05.033+0000] {logging_mixin.py:188} INFO - Downloaded GOOGL/1770190954.json
[2026-02-04T09:50:05.042+0000] {logging_mixin.py:188} INFO - Downloaded GOOGL/1770190965.json
[2026-02-04T09:50:05.052+0000] {logging_mixin.py:188} INFO - Downloaded GOOGL/1770190975.json
[2026-02-04T09:50:05.060+0000] {logging_mixin.py:188} INFO - Downloaded GOOGL/1770190987.json
[2026-02-04T09:50:05.069+0000] {logging_mixin.py:188} INFO - Downloaded GOOGL/1770190998.json
[2026-02-04T09:50:05.078+0000] {logging_mixin.py:188} INFO - Downloaded GOOGL/1770191009.json
[2026-02-04T09:50:05.086+0000] {logging_mixin.py:188} INFO - Downloaded GOOGL/1770191020.json
[2026-02-04T09:50:05.095+0000] {logging_mixin.py:188} INFO - Downloaded GOOGL/1770191031.json
[2026-02-04T09:50:05.104+0000] {logging_mixin.py:188} INFO - Downloaded GOOGL/1770191041.json
[2026-02-04T09:50:05.113+0000] {logging_mixin.py:188} INFO - Downloaded GOOGL/1770191052.json
[2026-02-04T09:50:05.124+0000] {logging_mixin.py:188} INFO - Downloaded GOOGL/1770191062.json
[2026-02-04T09:50:05.133+0000] {logging_mixin.py:188} INFO - Downloaded GOOGL/1770191073.json
[2026-02-04T09:50:05.143+0000] {logging_mixin.py:188} INFO - Downloaded GOOGL/1770191083.json
[2026-02-04T09:50:05.151+0000] {logging_mixin.py:188} INFO - Downloaded GOOGL/1770191094.json
[2026-02-04T09:50:05.160+0000] {logging_mixin.py:188} INFO - Downloaded GOOGL/1770191104.json
[2026-02-04T09:50:05.169+0000] {logging_mixin.py:188} INFO - Downloaded GOOGL/1770191114.json
[2026-02-04T09:50:05.179+0000] {logging_mixin.py:188} INFO - Downloaded GOOGL/1770191125.json
[2026-02-04T09:50:05.191+0000] {logging_mixin.py:188} INFO - Downloaded GOOGL/1770191136.json
[2026-02-04T09:50:05.202+0000] {logging_mixin.py:188} INFO - Downloaded GOOGL/1770191146.json
[2026-02-04T09:50:05.210+0000] {logging_mixin.py:188} INFO - Downloaded GOOGL/1770191157.json
[2026-02-04T09:50:05.220+0000] {logging_mixin.py:188} INFO - Downloaded GOOGL/1770191167.json
[2026-02-04T09:50:05.229+0000] {logging_mixin.py:188} INFO - Downloaded GOOGL/1770191178.json
[2026-02-04T09:50:05.241+0000] {logging_mixin.py:188} INFO - Downloaded GOOGL/1770191189.json
[2026-02-04T09:50:05.252+0000] {logging_mixin.py:188} INFO - Downloaded GOOGL/1770191200.json
[2026-02-04T09:50:05.264+0000] {logging_mixin.py:188} INFO - Downloaded GOOGL/1770191210.json
[2026-02-04T09:50:05.276+0000] {logging_mixin.py:188} INFO - Downloaded GOOGL/1770191221.json
[2026-02-04T09:50:05.288+0000] {logging_mixin.py:188} INFO - Downloaded GOOGL/1770191232.json
[2026-02-04T09:50:05.300+0000] {logging_mixin.py:188} INFO - Downloaded GOOGL/1770191243.json
[2026-02-04T09:50:05.309+0000] {logging_mixin.py:188} INFO - Downloaded GOOGL/1770191253.json
[2026-02-04T09:50:05.318+0000] {logging_mixin.py:188} INFO - Downloaded GOOGL/1770191264.json
[2026-02-04T09:50:05.326+0000] {logging_mixin.py:188} INFO - Downloaded GOOGL/1770191275.json
[2026-02-04T09:50:05.334+0000] {logging_mixin.py:188} INFO - Downloaded GOOGL/1770191285.json
[2026-02-04T09:50:05.343+0000] {logging_mixin.py:188} INFO - Downloaded MSFT/1770190212.json
[2026-02-04T09:50:05.351+0000] {logging_mixin.py:188} INFO - Downloaded MSFT/1770190222.json
[2026-02-04T09:50:05.362+0000] {logging_mixin.py:188} INFO - Downloaded MSFT/1770190234.json
[2026-02-04T09:50:05.371+0000] {logging_mixin.py:188} INFO - Downloaded MSFT/1770190246.json
[2026-02-04T09:50:05.380+0000] {logging_mixin.py:188} INFO - Downloaded MSFT/1770190257.json
[2026-02-04T09:50:05.388+0000] {logging_mixin.py:188} INFO - Downloaded MSFT/1770190268.json
[2026-02-04T09:50:05.397+0000] {logging_mixin.py:188} INFO - Downloaded MSFT/1770190279.json
[2026-02-04T09:50:05.406+0000] {logging_mixin.py:188} INFO - Downloaded MSFT/1770190290.json
[2026-02-04T09:50:05.415+0000] {logging_mixin.py:188} INFO - Downloaded MSFT/1770190301.json
[2026-02-04T09:50:05.425+0000] {logging_mixin.py:188} INFO - Downloaded MSFT/1770190311.json
[2026-02-04T09:50:05.437+0000] {logging_mixin.py:188} INFO - Downloaded MSFT/1770190324.json
[2026-02-04T09:50:05.449+0000] {logging_mixin.py:188} INFO - Downloaded MSFT/1770190334.json
[2026-02-04T09:50:05.460+0000] {logging_mixin.py:188} INFO - Downloaded MSFT/1770190345.json
[2026-02-04T09:50:05.469+0000] {logging_mixin.py:188} INFO - Downloaded MSFT/1770190357.json
[2026-02-04T09:50:05.478+0000] {logging_mixin.py:188} INFO - Downloaded MSFT/1770190368.json
[2026-02-04T09:50:05.486+0000] {logging_mixin.py:188} INFO - Downloaded MSFT/1770190379.json
[2026-02-04T09:50:05.494+0000] {logging_mixin.py:188} INFO - Downloaded MSFT/1770190389.json
[2026-02-04T09:50:05.503+0000] {logging_mixin.py:188} INFO - Downloaded MSFT/1770190400.json
[2026-02-04T09:50:05.512+0000] {logging_mixin.py:188} INFO - Downloaded MSFT/1770190411.json
[2026-02-04T09:50:05.520+0000] {logging_mixin.py:188} INFO - Downloaded MSFT/1770190422.json
[2026-02-04T09:50:05.529+0000] {logging_mixin.py:188} INFO - Downloaded MSFT/1770190433.json
[2026-02-04T09:50:05.537+0000] {logging_mixin.py:188} INFO - Downloaded MSFT/1770190443.json
[2026-02-04T09:50:05.546+0000] {logging_mixin.py:188} INFO - Downloaded MSFT/1770190454.json
[2026-02-04T09:50:05.555+0000] {logging_mixin.py:188} INFO - Downloaded MSFT/1770190464.json
[2026-02-04T09:50:05.564+0000] {logging_mixin.py:188} INFO - Downloaded MSFT/1770190475.json
[2026-02-04T09:50:05.572+0000] {logging_mixin.py:188} INFO - Downloaded MSFT/1770190486.json
[2026-02-04T09:50:05.580+0000] {logging_mixin.py:188} INFO - Downloaded MSFT/1770190496.json
[2026-02-04T09:50:05.589+0000] {logging_mixin.py:188} INFO - Downloaded MSFT/1770190507.json
[2026-02-04T09:50:05.600+0000] {logging_mixin.py:188} INFO - Downloaded MSFT/1770190517.json
[2026-02-04T09:50:05.609+0000] {logging_mixin.py:188} INFO - Downloaded MSFT/1770190528.json
[2026-02-04T09:50:05.618+0000] {logging_mixin.py:188} INFO - Downloaded MSFT/1770190538.json
[2026-02-04T09:50:05.627+0000] {logging_mixin.py:188} INFO - Downloaded MSFT/1770190549.json
[2026-02-04T09:50:05.636+0000] {logging_mixin.py:188} INFO - Downloaded MSFT/1770190559.json
[2026-02-04T09:50:05.645+0000] {logging_mixin.py:188} INFO - Downloaded MSFT/1770190570.json
[2026-02-04T09:50:05.654+0000] {logging_mixin.py:188} INFO - Downloaded MSFT/1770190580.json
[2026-02-04T09:50:05.663+0000] {logging_mixin.py:188} INFO - Downloaded MSFT/1770190591.json
[2026-02-04T09:50:05.671+0000] {logging_mixin.py:188} INFO - Downloaded MSFT/1770190601.json
[2026-02-04T09:50:05.680+0000] {logging_mixin.py:188} INFO - Downloaded MSFT/1770190612.json
[2026-02-04T09:50:05.689+0000] {logging_mixin.py:188} INFO - Downloaded MSFT/1770190622.json
[2026-02-04T09:50:05.697+0000] {logging_mixin.py:188} INFO - Downloaded MSFT/1770190632.json
[2026-02-04T09:50:05.706+0000] {logging_mixin.py:188} INFO - Downloaded MSFT/1770190643.json
[2026-02-04T09:50:05.716+0000] {logging_mixin.py:188} INFO - Downloaded MSFT/1770190653.json
[2026-02-04T09:50:05.725+0000] {logging_mixin.py:188} INFO - Downloaded MSFT/1770190663.json
[2026-02-04T09:50:05.734+0000] {logging_mixin.py:188} INFO - Downloaded MSFT/1770190674.json
[2026-02-04T09:50:05.743+0000] {logging_mixin.py:188} INFO - Downloaded MSFT/1770190684.json
[2026-02-04T09:50:05.752+0000] {logging_mixin.py:188} INFO - Downloaded MSFT/1770190695.json
[2026-02-04T09:50:05.762+0000] {logging_mixin.py:188} INFO - Downloaded MSFT/1770190705.json
[2026-02-04T09:50:05.770+0000] {logging_mixin.py:188} INFO - Downloaded MSFT/1770190716.json
[2026-02-04T09:50:05.781+0000] {logging_mixin.py:188} INFO - Downloaded MSFT/1770190726.json
[2026-02-04T09:50:05.791+0000] {logging_mixin.py:188} INFO - Downloaded MSFT/1770190737.json
[2026-02-04T09:50:05.800+0000] {logging_mixin.py:188} INFO - Downloaded MSFT/1770190747.json
[2026-02-04T09:50:05.809+0000] {logging_mixin.py:188} INFO - Downloaded MSFT/1770190758.json
[2026-02-04T09:50:05.818+0000] {logging_mixin.py:188} INFO - Downloaded MSFT/1770190768.json
[2026-02-04T09:50:05.826+0000] {logging_mixin.py:188} INFO - Downloaded MSFT/1770190779.json
[2026-02-04T09:50:05.835+0000] {logging_mixin.py:188} INFO - Downloaded MSFT/1770190789.json
[2026-02-04T09:50:05.844+0000] {logging_mixin.py:188} INFO - Downloaded MSFT/1770190800.json
[2026-02-04T09:50:05.852+0000] {logging_mixin.py:188} INFO - Downloaded MSFT/1770190811.json
[2026-02-04T09:50:05.861+0000] {logging_mixin.py:188} INFO - Downloaded MSFT/1770190821.json
[2026-02-04T09:50:05.869+0000] {logging_mixin.py:188} INFO - Downloaded MSFT/1770190832.json
[2026-02-04T09:50:05.879+0000] {logging_mixin.py:188} INFO - Downloaded MSFT/1770190842.json
[2026-02-04T09:50:05.887+0000] {logging_mixin.py:188} INFO - Downloaded MSFT/1770190853.json
[2026-02-04T09:50:05.896+0000] {logging_mixin.py:188} INFO - Downloaded MSFT/1770190863.json
[2026-02-04T09:50:05.905+0000] {logging_mixin.py:188} INFO - Downloaded MSFT/1770190874.json
[2026-02-04T09:50:05.914+0000] {logging_mixin.py:188} INFO - Downloaded MSFT/1770190885.json
[2026-02-04T09:50:05.923+0000] {logging_mixin.py:188} INFO - Downloaded MSFT/1770190896.json
[2026-02-04T09:50:05.932+0000] {logging_mixin.py:188} INFO - Downloaded MSFT/1770190909.json
[2026-02-04T09:50:05.943+0000] {logging_mixin.py:188} INFO - Downloaded MSFT/1770190920.json
[2026-02-04T09:50:05.954+0000] {logging_mixin.py:188} INFO - Downloaded MSFT/1770190930.json
[2026-02-04T09:50:05.963+0000] {logging_mixin.py:188} INFO - Downloaded MSFT/1770190941.json
[2026-02-04T09:50:05.972+0000] {logging_mixin.py:188} INFO - Downloaded MSFT/1770190952.json
[2026-02-04T09:50:05.980+0000] {logging_mixin.py:188} INFO - Downloaded MSFT/1770190963.json
[2026-02-04T09:50:05.989+0000] {logging_mixin.py:188} INFO - Downloaded MSFT/1770190973.json
[2026-02-04T09:50:05.997+0000] {logging_mixin.py:188} INFO - Downloaded MSFT/1770190984.json
[2026-02-04T09:50:06.006+0000] {logging_mixin.py:188} INFO - Downloaded MSFT/1770190996.json
[2026-02-04T09:50:06.014+0000] {logging_mixin.py:188} INFO - Downloaded MSFT/1770191007.json
[2026-02-04T09:50:06.023+0000] {logging_mixin.py:188} INFO - Downloaded MSFT/1770191018.json
[2026-02-04T09:50:06.032+0000] {logging_mixin.py:188} INFO - Downloaded MSFT/1770191029.json
[2026-02-04T09:50:06.040+0000] {logging_mixin.py:188} INFO - Downloaded MSFT/1770191040.json
[2026-02-04T09:50:06.049+0000] {logging_mixin.py:188} INFO - Downloaded MSFT/1770191050.json
[2026-02-04T09:50:06.058+0000] {logging_mixin.py:188} INFO - Downloaded MSFT/1770191061.json
[2026-02-04T09:50:06.067+0000] {logging_mixin.py:188} INFO - Downloaded MSFT/1770191071.json
[2026-02-04T09:50:06.077+0000] {logging_mixin.py:188} INFO - Downloaded MSFT/1770191081.json
[2026-02-04T09:50:06.088+0000] {logging_mixin.py:188} INFO - Downloaded MSFT/1770191092.json
[2026-02-04T09:50:06.098+0000] {logging_mixin.py:188} INFO - Downloaded MSFT/1770191102.json
[2026-02-04T09:50:06.107+0000] {logging_mixin.py:188} INFO - Downloaded MSFT/1770191112.json
[2026-02-04T09:50:06.115+0000] {logging_mixin.py:188} INFO - Downloaded MSFT/1770191123.json
[2026-02-04T09:50:06.124+0000] {logging_mixin.py:188} INFO - Downloaded MSFT/1770191134.json
[2026-02-04T09:50:06.133+0000] {logging_mixin.py:188} INFO - Downloaded MSFT/1770191145.json
[2026-02-04T09:50:06.142+0000] {logging_mixin.py:188} INFO - Downloaded MSFT/1770191155.json
[2026-02-04T09:50:06.150+0000] {logging_mixin.py:188} INFO - Downloaded MSFT/1770191165.json
[2026-02-04T09:50:06.159+0000] {logging_mixin.py:188} INFO - Downloaded MSFT/1770191176.json
[2026-02-04T09:50:06.168+0000] {logging_mixin.py:188} INFO - Downloaded MSFT/1770191187.json
[2026-02-04T09:50:06.176+0000] {logging_mixin.py:188} INFO - Downloaded MSFT/1770191198.json
[2026-02-04T09:50:06.185+0000] {logging_mixin.py:188} INFO - Downloaded MSFT/1770191209.json
[2026-02-04T09:50:06.194+0000] {logging_mixin.py:188} INFO - Downloaded MSFT/1770191219.json
[2026-02-04T09:50:06.203+0000] {logging_mixin.py:188} INFO - Downloaded MSFT/1770191230.json
[2026-02-04T09:50:06.213+0000] {logging_mixin.py:188} INFO - Downloaded MSFT/1770191241.json
[2026-02-04T09:50:06.224+0000] {logging_mixin.py:188} INFO - Downloaded MSFT/1770191252.json
[2026-02-04T09:50:06.239+0000] {logging_mixin.py:188} INFO - Downloaded MSFT/1770191262.json
[2026-02-04T09:50:06.254+0000] {logging_mixin.py:188} INFO - Downloaded MSFT/1770191273.json
[2026-02-04T09:50:06.267+0000] {logging_mixin.py:188} INFO - Downloaded MSFT/1770191284.json
[2026-02-04T09:50:06.279+0000] {logging_mixin.py:188} INFO - Downloaded TSLA/1770190213.json
[2026-02-04T09:50:06.292+0000] {logging_mixin.py:188} INFO - Downloaded TSLA/1770190223.json
[2026-02-04T09:50:06.307+0000] {logging_mixin.py:188} INFO - Downloaded TSLA/1770190235.json
[2026-02-04T09:50:06.325+0000] {logging_mixin.py:188} INFO - Downloaded TSLA/1770190247.json
[2026-02-04T09:50:06.347+0000] {logging_mixin.py:188} INFO - Downloaded TSLA/1770190259.json
[2026-02-04T09:50:06.363+0000] {logging_mixin.py:188} INFO - Downloaded TSLA/1770190269.json
[2026-02-04T09:50:06.398+0000] {logging_mixin.py:188} INFO - Downloaded TSLA/1770190280.json
[2026-02-04T09:50:06.420+0000] {logging_mixin.py:188} INFO - Downloaded TSLA/1770190291.json
[2026-02-04T09:50:06.432+0000] {logging_mixin.py:188} INFO - Downloaded TSLA/1770190302.json
[2026-02-04T09:50:06.448+0000] {logging_mixin.py:188} INFO - Downloaded TSLA/1770190314.json
[2026-02-04T09:50:06.461+0000] {logging_mixin.py:188} INFO - Downloaded TSLA/1770190325.json
[2026-02-04T09:50:06.475+0000] {logging_mixin.py:188} INFO - Downloaded TSLA/1770190335.json
[2026-02-04T09:50:06.493+0000] {logging_mixin.py:188} INFO - Downloaded TSLA/1770190346.json
[2026-02-04T09:50:06.509+0000] {logging_mixin.py:188} INFO - Downloaded TSLA/1770190358.json
[2026-02-04T09:50:06.531+0000] {logging_mixin.py:188} INFO - Downloaded TSLA/1770190369.json
[2026-02-04T09:50:06.544+0000] {logging_mixin.py:188} INFO - Downloaded TSLA/1770190380.json
[2026-02-04T09:50:06.555+0000] {logging_mixin.py:188} INFO - Downloaded TSLA/1770190390.json
[2026-02-04T09:50:06.564+0000] {logging_mixin.py:188} INFO - Downloaded TSLA/1770190401.json
[2026-02-04T09:50:06.572+0000] {logging_mixin.py:188} INFO - Downloaded TSLA/1770190412.json
[2026-02-04T09:50:06.581+0000] {logging_mixin.py:188} INFO - Downloaded TSLA/1770190423.json
[2026-02-04T09:50:06.589+0000] {logging_mixin.py:188} INFO - Downloaded TSLA/1770190433.json
[2026-02-04T09:50:06.597+0000] {logging_mixin.py:188} INFO - Downloaded TSLA/1770190444.json
[2026-02-04T09:50:06.606+0000] {logging_mixin.py:188} INFO - Downloaded TSLA/1770190455.json
[2026-02-04T09:50:06.615+0000] {logging_mixin.py:188} INFO - Downloaded TSLA/1770190465.json
[2026-02-04T09:50:06.623+0000] {logging_mixin.py:188} INFO - Downloaded TSLA/1770190476.json
[2026-02-04T09:50:06.632+0000] {logging_mixin.py:188} INFO - Downloaded TSLA/1770190486.json
[2026-02-04T09:50:06.640+0000] {logging_mixin.py:188} INFO - Downloaded TSLA/1770190497.json
[2026-02-04T09:50:06.649+0000] {logging_mixin.py:188} INFO - Downloaded TSLA/1770190508.json
[2026-02-04T09:50:06.657+0000] {logging_mixin.py:188} INFO - Downloaded TSLA/1770190518.json
[2026-02-04T09:50:06.668+0000] {logging_mixin.py:188} INFO - Downloaded TSLA/1770190529.json
[2026-02-04T09:50:06.677+0000] {logging_mixin.py:188} INFO - Downloaded TSLA/1770190539.json
[2026-02-04T09:50:06.688+0000] {logging_mixin.py:188} INFO - Downloaded TSLA/1770190550.json
[2026-02-04T09:50:06.698+0000] {logging_mixin.py:188} INFO - Downloaded TSLA/1770190560.json
[2026-02-04T09:50:06.707+0000] {logging_mixin.py:188} INFO - Downloaded TSLA/1770190571.json
[2026-02-04T09:50:06.718+0000] {logging_mixin.py:188} INFO - Downloaded TSLA/1770190581.json
[2026-02-04T09:50:06.727+0000] {logging_mixin.py:188} INFO - Downloaded TSLA/1770190592.json
[2026-02-04T09:50:06.738+0000] {logging_mixin.py:188} INFO - Downloaded TSLA/1770190602.json
[2026-02-04T09:50:06.748+0000] {logging_mixin.py:188} INFO - Downloaded TSLA/1770190613.json
[2026-02-04T09:50:06.761+0000] {logging_mixin.py:188} INFO - Downloaded TSLA/1770190623.json
[2026-02-04T09:50:06.769+0000] {logging_mixin.py:188} INFO - Downloaded TSLA/1770190633.json
[2026-02-04T09:50:06.778+0000] {logging_mixin.py:188} INFO - Downloaded TSLA/1770190644.json
[2026-02-04T09:50:06.786+0000] {logging_mixin.py:188} INFO - Downloaded TSLA/1770190654.json
[2026-02-04T09:50:06.795+0000] {logging_mixin.py:188} INFO - Downloaded TSLA/1770190664.json
[2026-02-04T09:50:06.804+0000] {logging_mixin.py:188} INFO - Downloaded TSLA/1770190675.json
[2026-02-04T09:50:06.812+0000] {logging_mixin.py:188} INFO - Downloaded TSLA/1770190685.json
[2026-02-04T09:50:06.820+0000] {logging_mixin.py:188} INFO - Downloaded TSLA/1770190696.json
[2026-02-04T09:50:06.830+0000] {logging_mixin.py:188} INFO - Downloaded TSLA/1770190706.json
[2026-02-04T09:50:06.839+0000] {logging_mixin.py:188} INFO - Downloaded TSLA/1770190717.json
[2026-02-04T09:50:06.848+0000] {logging_mixin.py:188} INFO - Downloaded TSLA/1770190727.json
[2026-02-04T09:50:06.857+0000] {logging_mixin.py:188} INFO - Downloaded TSLA/1770190738.json
[2026-02-04T09:50:06.866+0000] {logging_mixin.py:188} INFO - Downloaded TSLA/1770190748.json
[2026-02-04T09:50:06.875+0000] {logging_mixin.py:188} INFO - Downloaded TSLA/1770190759.json
[2026-02-04T09:50:06.884+0000] {logging_mixin.py:188} INFO - Downloaded TSLA/1770190769.json
[2026-02-04T09:50:06.892+0000] {logging_mixin.py:188} INFO - Downloaded TSLA/1770190779.json
[2026-02-04T09:50:06.901+0000] {logging_mixin.py:188} INFO - Downloaded TSLA/1770190790.json
[2026-02-04T09:50:06.910+0000] {logging_mixin.py:188} INFO - Downloaded TSLA/1770190801.json
[2026-02-04T09:50:06.919+0000] {logging_mixin.py:188} INFO - Downloaded TSLA/1770190812.json
[2026-02-04T09:50:06.930+0000] {logging_mixin.py:188} INFO - Downloaded TSLA/1770190822.json
[2026-02-04T09:50:06.940+0000] {logging_mixin.py:188} INFO - Downloaded TSLA/1770190833.json
[2026-02-04T09:50:06.948+0000] {logging_mixin.py:188} INFO - Downloaded TSLA/1770190843.json
[2026-02-04T09:50:06.957+0000] {logging_mixin.py:188} INFO - Downloaded TSLA/1770190854.json
[2026-02-04T09:50:06.965+0000] {logging_mixin.py:188} INFO - Downloaded TSLA/1770190864.json
[2026-02-04T09:50:06.973+0000] {logging_mixin.py:188} INFO - Downloaded TSLA/1770190875.json
[2026-02-04T09:50:06.982+0000] {logging_mixin.py:188} INFO - Downloaded TSLA/1770190886.json
[2026-02-04T09:50:06.991+0000] {logging_mixin.py:188} INFO - Downloaded TSLA/1770190898.json
[2026-02-04T09:50:07.003+0000] {logging_mixin.py:188} INFO - Downloaded TSLA/1770190910.json
[2026-02-04T09:50:07.014+0000] {logging_mixin.py:188} INFO - Downloaded TSLA/1770190921.json
[2026-02-04T09:50:07.025+0000] {logging_mixin.py:188} INFO - Downloaded TSLA/1770190931.json
[2026-02-04T09:50:07.038+0000] {logging_mixin.py:188} INFO - Downloaded TSLA/1770190942.json
[2026-02-04T09:50:07.049+0000] {logging_mixin.py:188} INFO - Downloaded TSLA/1770190953.json
[2026-02-04T09:50:07.057+0000] {logging_mixin.py:188} INFO - Downloaded TSLA/1770190964.json
[2026-02-04T09:50:07.065+0000] {logging_mixin.py:188} INFO - Downloaded TSLA/1770190974.json
[2026-02-04T09:50:07.074+0000] {logging_mixin.py:188} INFO - Downloaded TSLA/1770190985.json
[2026-02-04T09:50:07.082+0000] {logging_mixin.py:188} INFO - Downloaded TSLA/1770190997.json
[2026-02-04T09:50:07.092+0000] {logging_mixin.py:188} INFO - Downloaded TSLA/1770191008.json
[2026-02-04T09:50:07.101+0000] {logging_mixin.py:188} INFO - Downloaded TSLA/1770191019.json
[2026-02-04T09:50:07.110+0000] {logging_mixin.py:188} INFO - Downloaded TSLA/1770191030.json
[2026-02-04T09:50:07.120+0000] {logging_mixin.py:188} INFO - Downloaded TSLA/1770191041.json
[2026-02-04T09:50:07.129+0000] {logging_mixin.py:188} INFO - Downloaded TSLA/1770191051.json
[2026-02-04T09:50:07.138+0000] {logging_mixin.py:188} INFO - Downloaded TSLA/1770191061.json
[2026-02-04T09:50:07.146+0000] {logging_mixin.py:188} INFO - Downloaded TSLA/1770191072.json
[2026-02-04T09:50:07.155+0000] {logging_mixin.py:188} INFO - Downloaded TSLA/1770191082.json
[2026-02-04T09:50:07.164+0000] {logging_mixin.py:188} INFO - Downloaded TSLA/1770191093.json
[2026-02-04T09:50:07.172+0000] {logging_mixin.py:188} INFO - Downloaded TSLA/1770191103.json
[2026-02-04T09:50:07.182+0000] {logging_mixin.py:188} INFO - Downloaded TSLA/1770191113.json
[2026-02-04T09:50:07.191+0000] {logging_mixin.py:188} INFO - Downloaded TSLA/1770191124.json
[2026-02-04T09:50:07.202+0000] {logging_mixin.py:188} INFO - Downloaded TSLA/1770191135.json
[2026-02-04T09:50:07.212+0000] {logging_mixin.py:188} INFO - Downloaded TSLA/1770191145.json
[2026-02-04T09:50:07.223+0000] {logging_mixin.py:188} INFO - Downloaded TSLA/1770191156.json
[2026-02-04T09:50:07.231+0000] {logging_mixin.py:188} INFO - Downloaded TSLA/1770191166.json
[2026-02-04T09:50:07.240+0000] {logging_mixin.py:188} INFO - Downloaded TSLA/1770191177.json
[2026-02-04T09:50:07.249+0000] {logging_mixin.py:188} INFO - Downloaded TSLA/1770191188.json
[2026-02-04T09:50:07.257+0000] {logging_mixin.py:188} INFO - Downloaded TSLA/1770191199.json
[2026-02-04T09:50:07.266+0000] {logging_mixin.py:188} INFO - Downloaded TSLA/1770191209.json
[2026-02-04T09:50:07.275+0000] {logging_mixin.py:188} INFO - Downloaded TSLA/1770191220.json
[2026-02-04T09:50:07.285+0000] {logging_mixin.py:188} INFO - Downloaded TSLA/1770191231.json
[2026-02-04T09:50:07.294+0000] {logging_mixin.py:188} INFO - Downloaded TSLA/1770191242.json
[2026-02-04T09:50:07.303+0000] {logging_mixin.py:188} INFO - Downloaded TSLA/1770191252.json
[2026-02-04T09:50:07.314+0000] {logging_mixin.py:188} INFO - Downloaded TSLA/1770191263.json
[2026-02-04T09:50:07.323+0000] {logging_mixin.py:188} INFO - Downloaded TSLA/1770191274.json
[2026-02-04T09:50:07.334+0000] {logging_mixin.py:188} INFO - Downloaded TSLA/1770191284.json
[2026-02-04T09:50:07.335+0000] {python.py:237} INFO - Done. Returned value was: ['/opt/***/data/minio/1770190211.json', '/opt/***/data/minio/1770190221.json', '/opt/***/data/minio/1770190233.json', '/opt/***/data/minio/1770190244.json', '/opt/***/data/minio/1770190256.json', '/opt/***/data/minio/1770190268.json', '/opt/***/data/minio/1770190278.json', '/opt/***/data/minio/1770190289.json', '/opt/***/data/minio/1770190300.json', '/opt/***/data/minio/1770190310.json', '/opt/***/data/minio/1770190323.json', '/opt/***/data/minio/1770190333.json', '/opt/***/data/minio/1770190344.json', '/opt/***/data/minio/1770190356.json', '/opt/***/data/minio/1770190368.json', '/opt/***/data/minio/1770190378.json', '/opt/***/data/minio/1770190388.json', '/opt/***/data/minio/1770190399.json', '/opt/***/data/minio/1770190410.json', '/opt/***/data/minio/1770190421.json', '/opt/***/data/minio/1770190432.json', '/opt/***/data/minio/1770190442.json', '/opt/***/data/minio/1770190453.json', '/opt/***/data/minio/1770190463.json', '/opt/***/data/minio/1770190474.json', '/opt/***/data/minio/1770190485.json', '/opt/***/data/minio/1770190495.json', '/opt/***/data/minio/1770190506.json', '/opt/***/data/minio/1770190516.json', '/opt/***/data/minio/1770190527.json', '/opt/***/data/minio/1770190537.json', '/opt/***/data/minio/1770190548.json', '/opt/***/data/minio/1770190559.json', '/opt/***/data/minio/1770190569.json', '/opt/***/data/minio/1770190580.json', '/opt/***/data/minio/1770190590.json', '/opt/***/data/minio/1770190600.json', '/opt/***/data/minio/1770190611.json', '/opt/***/data/minio/1770190621.json', '/opt/***/data/minio/1770190632.json', '/opt/***/data/minio/1770190642.json', '/opt/***/data/minio/1770190652.json', '/opt/***/data/minio/1770190663.json', '/opt/***/data/minio/1770190673.json', '/opt/***/data/minio/1770190683.json', '/opt/***/data/minio/1770190694.json', '/opt/***/data/minio/1770190704.json', '/opt/***/data/minio/1770190715.json', '/opt/***/data/minio/1770190725.json', '/opt/***/data/minio/1770190736.json', '/opt/***/data/minio/1770190746.json', '/opt/***/data/minio/1770190757.json', '/opt/***/data/minio/1770190767.json', '/opt/***/data/minio/1770190778.json', '/opt/***/data/minio/1770190788.json', '/opt/***/data/minio/1770190799.json', '/opt/***/data/minio/1770190810.json', '/opt/***/data/minio/1770190820.json', '/opt/***/data/minio/1770190831.json', '/opt/***/data/minio/1770190842.json', '/opt/***/data/minio/1770190852.json', '/opt/***/data/minio/1770190863.json', '/opt/***/data/minio/1770190873.json', '/opt/***/data/minio/1770190884.json', '/opt/***/data/minio/1770190895.json', '/opt/***/data/minio/1770190908.json', '/opt/***/data/minio/1770190919.json', '/opt/***/data/minio/1770190929.json', '/opt/***/data/minio/1770190940.json', '/opt/***/data/minio/1770190951.json', '/opt/***/data/minio/1770190962.json', '/opt/***/data/minio/1770190972.json', '/opt/***/data/minio/1770190983.json', '/opt/***/data/minio/1770190995.json', '/opt/***/data/minio/1770191006.json', '/opt/***/data/minio/1770191017.json', '/opt/***/data/minio/1770191028.json', '/opt/***/data/minio/1770191039.json', '/opt/***/data/minio/1770191049.json', '/opt/***/data/minio/1770191060.json', '/opt/***/data/minio/1770191070.json', '/opt/***/data/minio/1770191081.json', '/opt/***/data/minio/1770191091.json', '/opt/***/data/minio/1770191101.json', '/opt/***/data/minio/1770191111.json', '/opt/***/data/minio/1770191122.json', '/opt/***/data/minio/1770191133.json', '/opt/***/data/minio/1770191144.json', '/opt/***/data/minio/1770191154.json', '/opt/***/data/minio/1770191165.json', '/opt/***/data/minio/1770191175.json', '/opt/***/data/minio/1770191186.json', '/opt/***/data/minio/1770191197.json', '/opt/***/data/minio/1770191207.json', '/opt/***/data/minio/1770191218.json', '/opt/***/data/minio/1770191229.json', '/opt/***/data/minio/1770191240.json', '/opt/***/data/minio/1770191251.json', '/opt/***/data/minio/1770191261.json', '/opt/***/data/minio/1770191272.json', '/opt/***/data/minio/1770191283.json', '/opt/***/data/minio/1770191293.json', '/opt/***/data/minio/1770190215.json', '/opt/***/data/minio/1770190226.json', '/opt/***/data/minio/1770190237.json', '/opt/***/data/minio/1770190249.json', '/opt/***/data/minio/1770190261.json', '/opt/***/data/minio/1770190271.json', '/opt/***/data/minio/1770190282.json', '/opt/***/data/minio/1770190293.json', '/opt/***/data/minio/1770190303.json', '/opt/***/data/minio/1770190316.json', '/opt/***/data/minio/1770190326.json', '/opt/***/data/minio/1770190337.json', '/opt/***/data/minio/1770190348.json', '/opt/***/data/minio/1770190360.json', '/opt/***/data/minio/1770190371.json', '/opt/***/data/minio/1770190381.json', '/opt/***/data/minio/1770190392.json', '/opt/***/data/minio/1770190403.json', '/opt/***/data/minio/1770190414.json', '/opt/***/data/minio/1770190425.json', '/opt/***/data/minio/1770190435.json', '/opt/***/data/minio/1770190446.json', '/opt/***/data/minio/1770190456.json', '/opt/***/data/minio/1770190467.json', '/opt/***/data/minio/1770190477.json', '/opt/***/data/minio/1770190488.json', '/opt/***/data/minio/1770190499.json', '/opt/***/data/minio/1770190509.json', '/opt/***/data/minio/1770190520.json', '/opt/***/data/minio/1770190531.json', '/opt/***/data/minio/1770190541.json', '/opt/***/data/minio/1770190552.json', '/opt/***/data/minio/1770190562.json', '/opt/***/data/minio/1770190573.json', '/opt/***/data/minio/1770190583.json', '/opt/***/data/minio/1770190593.json', '/opt/***/data/minio/1770190604.json', '/opt/***/data/minio/1770190615.json', '/opt/***/data/minio/1770190625.json', '/opt/***/data/minio/1770190635.json', '/opt/***/data/minio/1770190645.json', '/opt/***/data/minio/1770190656.json', '/opt/***/data/minio/1770190666.json', '/opt/***/data/minio/1770190677.json', '/opt/***/data/minio/1770190687.json', '/opt/***/data/minio/1770190697.json', '/opt/***/data/minio/1770190708.json', '/opt/***/data/minio/1770190718.json', '/opt/***/data/minio/1770190729.json', '/opt/***/data/minio/1770190739.json', '/opt/***/data/minio/1770190750.json', '/opt/***/data/minio/1770190760.json', '/opt/***/data/minio/1770190771.json', '/opt/***/data/minio/1770190781.json', '/opt/***/data/minio/1770190792.json', '/opt/***/data/minio/1770190803.json', '/opt/***/data/minio/1770190813.json', '/opt/***/data/minio/1770190824.json', '/opt/***/data/minio/1770190835.json', '/opt/***/data/minio/1770190845.json', '/opt/***/data/minio/1770190856.json', '/opt/***/data/minio/1770190866.json', '/opt/***/data/minio/1770190877.json', '/opt/***/data/minio/1770190888.json', '/opt/***/data/minio/1770190901.json', '/opt/***/data/minio/1770190912.json', '/opt/***/data/minio/1770190923.json', '/opt/***/data/minio/1770190933.json', '/opt/***/data/minio/1770190944.json', '/opt/***/data/minio/1770190955.json', '/opt/***/data/minio/1770190965.json', '/opt/***/data/minio/1770190976.json', '/opt/***/data/minio/1770190988.json', '/opt/***/data/minio/1770190999.json', '/opt/***/data/minio/1770191010.json', '/opt/***/data/minio/1770191021.json', '/opt/***/data/minio/1770191032.json', '/opt/***/data/minio/1770191042.json', '/opt/***/data/minio/1770191053.json', '/opt/***/data/minio/1770191063.json', '/opt/***/data/minio/1770191074.json', '/opt/***/data/minio/1770191084.json', '/opt/***/data/minio/1770191094.json', '/opt/***/data/minio/1770191105.json', '/opt/***/data/minio/1770191115.json', '/opt/***/data/minio/1770191126.json', '/opt/***/data/minio/1770191137.json', '/opt/***/data/minio/1770191147.json', '/opt/***/data/minio/1770191158.json', '/opt/***/data/minio/1770191168.json', '/opt/***/data/minio/1770191179.json', '/opt/***/data/minio/1770191190.json', '/opt/***/data/minio/1770191200.json', '/opt/***/data/minio/1770191211.json', '/opt/***/data/minio/1770191222.json', '/opt/***/data/minio/1770191233.json', '/opt/***/data/minio/1770191244.json', '/opt/***/data/minio/1770191254.json', '/opt/***/data/minio/1770191265.json', '/opt/***/data/minio/1770191276.json', '/opt/***/data/minio/1770191286.json', '/opt/***/data/minio/1770190214.json', '/opt/***/data/minio/1770190224.json', '/opt/***/data/minio/1770190236.json', '/opt/***/data/minio/1770190248.json', '/opt/***/data/minio/1770190260.json', '/opt/***/data/minio/1770190270.json', '/opt/***/data/minio/1770190281.json', '/opt/***/data/minio/1770190292.json', '/opt/***/data/minio/1770190302.json', '/opt/***/data/minio/1770190315.json', '/opt/***/data/minio/1770190325.json', '/opt/***/data/minio/1770190336.json', '/opt/***/data/minio/1770190347.json', '/opt/***/data/minio/1770190359.json', '/opt/***/data/minio/1770190370.json', '/opt/***/data/minio/1770190380.json', '/opt/***/data/minio/1770190391.json', '/opt/***/data/minio/1770190402.json', '/opt/***/data/minio/1770190413.json', '/opt/***/data/minio/1770190424.json', '/opt/***/data/minio/1770190434.json', '/opt/***/data/minio/1770190445.json', '/opt/***/data/minio/1770190455.json', '/opt/***/data/minio/1770190466.json', '/opt/***/data/minio/1770190477.json', '/opt/***/data/minio/1770190487.json', '/opt/***/data/minio/1770190498.json', '/opt/***/data/minio/1770190508.json', '/opt/***/data/minio/1770190519.json', '/opt/***/data/minio/1770190529.json', '/opt/***/data/minio/1770190540.json', '/opt/***/data/minio/1770190551.json', '/opt/***/data/minio/1770190561.json', '/opt/***/data/minio/1770190572.json', '/opt/***/data/minio/1770190582.json', '/opt/***/data/minio/1770190592.json', '/opt/***/data/minio/1770190603.json', '/opt/***/data/minio/1770190614.json', '/opt/***/data/minio/1770190624.json', '/opt/***/data/minio/1770190634.json', '/opt/***/data/minio/1770190645.json', '/opt/***/data/minio/1770190655.json', '/opt/***/data/minio/1770190665.json', '/opt/***/data/minio/1770190676.json', '/opt/***/data/minio/1770190686.json', '/opt/***/data/minio/1770190697.json', '/opt/***/data/minio/1770190707.json', '/opt/***/data/minio/1770190718.json', '/opt/***/data/minio/1770190728.json', '/opt/***/data/minio/1770190738.json', '/opt/***/data/minio/1770190749.json', '/opt/***/data/minio/1770190760.json', '/opt/***/data/minio/1770190770.json', '/opt/***/data/minio/1770190780.json', '/opt/***/data/minio/1770190791.json', '/opt/***/data/minio/1770190802.json', '/opt/***/data/minio/1770190813.json', '/opt/***/data/minio/1770190823.json', '/opt/***/data/minio/1770190834.json', '/opt/***/data/minio/1770190844.json', '/opt/***/data/minio/1770190855.json', '/opt/***/data/minio/1770190865.json', '/opt/***/data/minio/1770190876.json', '/opt/***/data/minio/1770190887.json', '/opt/***/data/minio/1770190899.json', '/opt/***/data/minio/1770190911.json', '/opt/***/data/minio/1770190922.json', '/opt/***/data/minio/1770190932.json', '/opt/***/data/minio/1770190943.json', '/opt/***/data/minio/1770190954.json', '/opt/***/data/minio/1770190965.json', '/opt/***/data/minio/1770190975.json', '/opt/***/data/minio/1770190987.json', '/opt/***/data/minio/1770190998.json', '/opt/***/data/minio/1770191009.json', '/opt/***/data/minio/1770191020.json', '/opt/***/data/minio/1770191031.json', '/opt/***/data/minio/1770191041.json', '/opt/***/data/minio/1770191052.json', '/opt/***/data/minio/1770191062.json', '/opt/***/data/minio/1770191073.json', '/opt/***/data/minio/1770191083.json', '/opt/***/data/minio/1770191094.json', '/opt/***/data/minio/1770191104.json', '/opt/***/data/minio/1770191114.json', '/opt/***/data/minio/1770191125.json', '/opt/***/data/minio/1770191136.json', '/opt/***/data/minio/1770191146.json', '/opt/***/data/minio/1770191157.json', '/opt/***/data/minio/1770191167.json', '/opt/***/data/minio/1770191178.json', '/opt/***/data/minio/1770191189.json', '/opt/***/data/minio/1770191200.json', '/opt/***/data/minio/1770191210.json', '/opt/***/data/minio/1770191221.json', '/opt/***/data/minio/1770191232.json', '/opt/***/data/minio/1770191243.json', '/opt/***/data/minio/1770191253.json', '/opt/***/data/minio/1770191264.json', '/opt/***/data/minio/1770191275.json', '/opt/***/data/minio/1770191285.json', '/opt/***/data/minio/1770190212.json', '/opt/***/data/minio/1770190222.json', '/opt/***/data/minio/1770190234.json', '/opt/***/data/minio/1770190246.json', '/opt/***/data/minio/1770190257.json', '/opt/***/data/minio/1770190268.json', '/opt/***/data/minio/1770190279.json', '/opt/***/data/minio/1770190290.json', '/opt/***/data/minio/1770190301.json', '/opt/***/data/minio/1770190311.json', '/opt/***/data/minio/1770190324.json', '/opt/***/data/minio/1770190334.json', '/opt/***/data/minio/1770190345.json', '/opt/***/data/minio/1770190357.json', '/opt/***/data/minio/1770190368.json', '/opt/***/data/minio/1770190379.json', '/opt/***/data/minio/1770190389.json', '/opt/***/data/minio/1770190400.json', '/opt/***/data/minio/1770190411.json', '/opt/***/data/minio/1770190422.json', '/opt/***/data/minio/1770190433.json', '/opt/***/data/minio/1770190443.json', '/opt/***/data/minio/1770190454.json', '/opt/***/data/minio/1770190464.json', '/opt/***/data/minio/1770190475.json', '/opt/***/data/minio/1770190486.json', '/opt/***/data/minio/1770190496.json', '/opt/***/data/minio/1770190507.json', '/opt/***/data/minio/1770190517.json', '/opt/***/data/minio/1770190528.json', '/opt/***/data/minio/1770190538.json', '/opt/***/data/minio/1770190549.json', '/opt/***/data/minio/1770190559.json', '/opt/***/data/minio/1770190570.json', '/opt/***/data/minio/1770190580.json', '/opt/***/data/minio/1770190591.json', '/opt/***/data/minio/1770190601.json', '/opt/***/data/minio/1770190612.json', '/opt/***/data/minio/1770190622.json', '/opt/***/data/minio/1770190632.json', '/opt/***/data/minio/1770190643.json', '/opt/***/data/minio/1770190653.json', '/opt/***/data/minio/1770190663.json', '/opt/***/data/minio/1770190674.json', '/opt/***/data/minio/1770190684.json', '/opt/***/data/minio/1770190695.json', '/opt/***/data/minio/1770190705.json', '/opt/***/data/minio/1770190716.json', '/opt/***/data/minio/1770190726.json', '/opt/***/data/minio/1770190737.json', '/opt/***/data/minio/1770190747.json', '/opt/***/data/minio/1770190758.json', '/opt/***/data/minio/1770190768.json', '/opt/***/data/minio/1770190779.json', '/opt/***/data/minio/1770190789.json', '/opt/***/data/minio/1770190800.json', '/opt/***/data/minio/1770190811.json', '/opt/***/data/minio/1770190821.json', '/opt/***/data/minio/1770190832.json', '/opt/***/data/minio/1770190842.json', '/opt/***/data/minio/1770190853.json', '/opt/***/data/minio/1770190863.json', '/opt/***/data/minio/1770190874.json', '/opt/***/data/minio/1770190885.json', '/opt/***/data/minio/1770190896.json', '/opt/***/data/minio/1770190909.json', '/opt/***/data/minio/1770190920.json', '/opt/***/data/minio/1770190930.json', '/opt/***/data/minio/1770190941.json', '/opt/***/data/minio/1770190952.json', '/opt/***/data/minio/1770190963.json', '/opt/***/data/minio/1770190973.json', '/opt/***/data/minio/1770190984.json', '/opt/***/data/minio/1770190996.json', '/opt/***/data/minio/1770191007.json', '/opt/***/data/minio/1770191018.json', '/opt/***/data/minio/1770191029.json', '/opt/***/data/minio/1770191040.json', '/opt/***/data/minio/1770191050.json', '/opt/***/data/minio/1770191061.json', '/opt/***/data/minio/1770191071.json', '/opt/***/data/minio/1770191081.json', '/opt/***/data/minio/1770191092.json', '/opt/***/data/minio/1770191102.json', '/opt/***/data/minio/1770191112.json', '/opt/***/data/minio/1770191123.json', '/opt/***/data/minio/1770191134.json', '/opt/***/data/minio/1770191145.json', '/opt/***/data/minio/1770191155.json', '/opt/***/data/minio/1770191165.json', '/opt/***/data/minio/1770191176.json', '/opt/***/data/minio/1770191187.json', '/opt/***/data/minio/1770191198.json', '/opt/***/data/minio/1770191209.json', '/opt/***/data/minio/1770191219.json', '/opt/***/data/minio/1770191230.json', '/opt/***/data/minio/1770191241.json', '/opt/***/data/minio/1770191252.json', '/opt/***/data/minio/1770191262.json', '/opt/***/data/minio/1770191273.json', '/opt/***/data/minio/1770191284.json', '/opt/***/data/minio/1770190213.json', '/opt/***/data/minio/1770190223.json', '/opt/***/data/minio/1770190235.json', '/opt/***/data/minio/1770190247.json', '/opt/***/data/minio/1770190259.json', '/opt/***/data/minio/1770190269.json', '/opt/***/data/minio/1770190280.json', '/opt/***/data/minio/1770190291.json', '/opt/***/data/minio/1770190302.json', '/opt/***/data/minio/1770190314.json', '/opt/***/data/minio/1770190325.json', '/opt/***/data/minio/1770190335.json', '/opt/***/data/minio/1770190346.json', '/opt/***/data/minio/1770190358.json', '/opt/***/data/minio/1770190369.json', '/opt/***/data/minio/1770190380.json', '/opt/***/data/minio/1770190390.json', '/opt/***/data/minio/1770190401.json', '/opt/***/data/minio/1770190412.json', '/opt/***/data/minio/1770190423.json', '/opt/***/data/minio/1770190433.json', '/opt/***/data/minio/1770190444.json', '/opt/***/data/minio/1770190455.json', '/opt/***/data/minio/1770190465.json', '/opt/***/data/minio/1770190476.json', '/opt/***/data/minio/1770190486.json', '/opt/***/data/minio/1770190497.json', '/opt/***/data/minio/1770190508.json', '/opt/***/data/minio/1770190518.json', '/opt/***/data/minio/1770190529.json', '/opt/***/data/minio/1770190539.json', '/opt/***/data/minio/1770190550.json', '/opt/***/data/minio/1770190560.json', '/opt/***/data/minio/1770190571.json', '/opt/***/data/minio/1770190581.json', '/opt/***/data/minio/1770190592.json', '/opt/***/data/minio/1770190602.json', '/opt/***/data/minio/1770190613.json', '/opt/***/data/minio/1770190623.json', '/opt/***/data/minio/1770190633.json', '/opt/***/data/minio/1770190644.json', '/opt/***/data/minio/1770190654.json', '/opt/***/data/minio/1770190664.json', '/opt/***/data/minio/1770190675.json', '/opt/***/data/minio/1770190685.json', '/opt/***/data/minio/1770190696.json', '/opt/***/data/minio/1770190706.json', '/opt/***/data/minio/1770190717.json', '/opt/***/data/minio/1770190727.json', '/opt/***/data/minio/1770190738.json', '/opt/***/data/minio/1770190748.json', '/opt/***/data/minio/1770190759.json', '/opt/***/data/minio/1770190769.json', '/opt/***/data/minio/1770190779.json', '/opt/***/data/minio/1770190790.json', '/opt/***/data/minio/1770190801.json', '/opt/***/data/minio/1770190812.json', '/opt/***/data/minio/1770190822.json', '/opt/***/data/minio/1770190833.json', '/opt/***/data/minio/1770190843.json', '/opt/***/data/minio/1770190854.json', '/opt/***/data/minio/1770190864.json', '/opt/***/data/minio/1770190875.json', '/opt/***/data/minio/1770190886.json', '/opt/***/data/minio/1770190898.json', '/opt/***/data/minio/1770190910.json', '/opt/***/data/minio/1770190921.json', '/opt/***/data/minio/1770190931.json', '/opt/***/data/minio/1770190942.json', '/opt/***/data/minio/1770190953.json', '/opt/***/data/minio/1770190964.json', '/opt/***/data/minio/1770190974.json', '/opt/***/data/minio/1770190985.json', '/opt/***/data/minio/1770190997.json', '/opt/***/data/minio/1770191008.json', '/opt/***/data/minio/1770191019.json', '/opt/***/data/minio/1770191030.json', '/opt/***/data/minio/1770191041.json', '/opt/***/data/minio/1770191051.json', '/opt/***/data/minio/1770191061.json', '/opt/***/data/minio/1770191072.json', '/opt/***/data/minio/1770191082.json', '/opt/***/data/minio/1770191093.json', '/opt/***/data/minio/1770191103.json', '/opt/***/data/minio/1770191113.json', '/opt/***/data/minio/1770191124.json', '/opt/***/data/minio/1770191135.json', '/opt/***/data/minio/1770191145.json', '/opt/***/data/minio/1770191156.json', '/opt/***/data/minio/1770191166.json', '/opt/***/data/minio/1770191177.json', '/opt/***/data/minio/1770191188.json', '/opt/***/data/minio/1770191199.json', '/opt/***/data/minio/1770191209.json', '/opt/***/data/minio/1770191220.json', '/opt/***/data/minio/1770191231.json', '/opt/***/data/minio/1770191242.json', '/opt/***/data/minio/1770191252.json', '/opt/***/data/minio/1770191263.json', '/opt/***/data/minio/1770191274.json', '/opt/***/data/minio/1770191284.json']
[2026-02-04T09:50:07.342+0000] {taskinstance.py:441} INFO - ::group::Post task execution logs
[2026-02-04T09:50:07.378+0000] {taskinstance.py:1206} INFO - Marking task as SUCCESS. dag_id=minio_to_snowflake, task_id=download_minio, run_id=scheduled__2026-02-04T09:49:00+00:00, execution_date=20260204T094900, start_date=20260204T095001, end_date=20260204T095007
[2026-02-04T09:50:07.411+0000] {local_task_job_runner.py:243} INFO - Task exited with return code 0
[2026-02-04T09:50:07.439+0000] {taskinstance.py:3503} INFO - 1 downstream tasks scheduled from follow-on schedule check
[2026-02-04T09:50:07.443+0000] {local_task_job_runner.py:222} INFO - ::endgroup::
