[2026-02-17T11:00:31.711+0000] {local_task_job_runner.py:120} INFO - ::group::Pre task execution logs
[2026-02-17T11:00:31.808+0000] {taskinstance.py:2076} INFO - Dependencies all met for dep_context=non-requeueable deps ti=<TaskInstance: minio_to_snowflake.load_snowflake scheduled__2026-02-17T10:55:00+00:00 [queued]>
[2026-02-17T11:00:31.836+0000] {taskinstance.py:2076} INFO - Dependencies all met for dep_context=requeueable deps ti=<TaskInstance: minio_to_snowflake.load_snowflake scheduled__2026-02-17T10:55:00+00:00 [queued]>
[2026-02-17T11:00:31.838+0000] {taskinstance.py:2306} INFO - Starting attempt 1 of 2
[2026-02-17T11:00:31.877+0000] {taskinstance.py:2330} INFO - Executing <Task(PythonOperator): load_snowflake> on 2026-02-17 10:55:00+00:00
[2026-02-17T11:00:31.919+0000] {logging_mixin.py:188} WARNING - /home/***/.local/lib/python3.12/site-packages/***/task/task_runner/standard_task_runner.py:62 DeprecationWarning: This process (pid=5295) is multi-threaded, use of fork() may lead to deadlocks in the child.
[2026-02-17T11:00:31.912+0000] {standard_task_runner.py:90} INFO - Running: ['***', 'tasks', 'run', 'minio_to_snowflake', 'load_snowflake', 'scheduled__2026-02-17T10:55:00+00:00', '--job-id', '1529', '--raw', '--subdir', 'DAGS_FOLDER/minio_to_snowflake.py', '--cfg-path', '/tmp/tmpi_a9k53b']
[2026-02-17T11:00:31.923+0000] {standard_task_runner.py:64} INFO - Started process 5301 to run task
[2026-02-17T11:00:31.924+0000] {standard_task_runner.py:91} INFO - Job 1529: Subtask load_snowflake
[2026-02-17T11:00:32.191+0000] {task_command.py:426} INFO - Running <TaskInstance: minio_to_snowflake.load_snowflake scheduled__2026-02-17T10:55:00+00:00 [running]> on host bc06947cd9a6
[2026-02-17T11:00:32.465+0000] {taskinstance.py:2648} INFO - Exporting env vars: AIRFLOW_CTX_DAG_OWNER='***' AIRFLOW_CTX_DAG_ID='minio_to_snowflake' AIRFLOW_CTX_TASK_ID='load_snowflake' AIRFLOW_CTX_EXECUTION_DATE='2026-02-17T10:55:00+00:00' AIRFLOW_CTX_TRY_NUMBER='1' AIRFLOW_CTX_DAG_RUN_ID='scheduled__2026-02-17T10:55:00+00:00'
[2026-02-17T11:00:32.468+0000] {taskinstance.py:430} INFO - ::endgroup::
[2026-02-17T11:00:32.574+0000] {connection.py:408} INFO - Snowflake Connector for Python Version: 3.11.0, Python Version: 3.12.4, Platform: Linux-6.6.87.2-microsoft-standard-WSL2-x86_64-with-glibc2.36
[2026-02-17T11:00:32.577+0000] {connection.py:1258} INFO - This connection is in OCSP Fail Open Mode. TLS Certificates would be checked for validity and revocation status. Any other Certificate Revocation related exceptions or OCSP Responder failures would be disregarded in favor of connectivity.
[2026-02-17T11:00:34.058+0000] {logging_mixin.py:188} INFO - Uploading /opt/***/data/minio/AAPL/1771324930.json to Snowflake stage...
[2026-02-17T11:00:35.398+0000] {logging_mixin.py:188} INFO - Uploading /opt/***/data/minio/AAPL/1771324943.json to Snowflake stage...
[2026-02-17T11:00:36.006+0000] {logging_mixin.py:188} INFO - Uploading /opt/***/data/minio/AAPL/1771324953.json to Snowflake stage...
[2026-02-17T11:00:36.655+0000] {logging_mixin.py:188} INFO - Uploading /opt/***/data/minio/AAPL/1771324964.json to Snowflake stage...
[2026-02-17T11:00:37.366+0000] {logging_mixin.py:188} INFO - Uploading /opt/***/data/minio/AAPL/1771324974.json to Snowflake stage...
[2026-02-17T11:00:37.931+0000] {logging_mixin.py:188} INFO - Uploading /opt/***/data/minio/AAPL/1771324985.json to Snowflake stage...
[2026-02-17T11:00:38.728+0000] {logging_mixin.py:188} INFO - Uploading /opt/***/data/minio/AAPL/1771324996.json to Snowflake stage...
[2026-02-17T11:00:39.382+0000] {logging_mixin.py:188} INFO - Uploading /opt/***/data/minio/AAPL/1771325007.json to Snowflake stage...
[2026-02-17T11:00:40.092+0000] {logging_mixin.py:188} INFO - Uploading /opt/***/data/minio/AAPL/1771325017.json to Snowflake stage...
[2026-02-17T11:00:40.805+0000] {logging_mixin.py:188} INFO - Uploading /opt/***/data/minio/AAPL/1771325028.json to Snowflake stage...
[2026-02-17T11:00:41.458+0000] {logging_mixin.py:188} INFO - Uploading /opt/***/data/minio/AAPL/1771325039.json to Snowflake stage...
[2026-02-17T11:00:42.091+0000] {logging_mixin.py:188} INFO - Uploading /opt/***/data/minio/AAPL/1771325049.json to Snowflake stage...
[2026-02-17T11:00:42.729+0000] {logging_mixin.py:188} INFO - Uploading /opt/***/data/minio/AAPL/1771325059.json to Snowflake stage...
[2026-02-17T11:00:43.447+0000] {logging_mixin.py:188} INFO - Uploading /opt/***/data/minio/AAPL/1771325069.json to Snowflake stage...
[2026-02-17T11:00:44.086+0000] {logging_mixin.py:188} INFO - Uploading /opt/***/data/minio/AAPL/1771325080.json to Snowflake stage...
[2026-02-17T11:00:44.705+0000] {logging_mixin.py:188} INFO - Uploading /opt/***/data/minio/AAPL/1771325090.json to Snowflake stage...
[2026-02-17T11:00:45.275+0000] {logging_mixin.py:188} INFO - Uploading /opt/***/data/minio/AAPL/1771325101.json to Snowflake stage...
[2026-02-17T11:00:45.841+0000] {logging_mixin.py:188} INFO - Uploading /opt/***/data/minio/AAPL/1771325112.json to Snowflake stage...
[2026-02-17T11:00:46.447+0000] {logging_mixin.py:188} INFO - Uploading /opt/***/data/minio/AAPL/1771325122.json to Snowflake stage...
[2026-02-17T11:00:47.032+0000] {logging_mixin.py:188} INFO - Uploading /opt/***/data/minio/AAPL/1771325132.json to Snowflake stage...
[2026-02-17T11:00:47.611+0000] {logging_mixin.py:188} INFO - Uploading /opt/***/data/minio/AAPL/1771325143.json to Snowflake stage...
[2026-02-17T11:00:48.168+0000] {logging_mixin.py:188} INFO - Uploading /opt/***/data/minio/AAPL/1771325153.json to Snowflake stage...
[2026-02-17T11:00:48.731+0000] {logging_mixin.py:188} INFO - Uploading /opt/***/data/minio/AAPL/1771325163.json to Snowflake stage...
[2026-02-17T11:00:49.286+0000] {logging_mixin.py:188} INFO - Uploading /opt/***/data/minio/AAPL/1771325174.json to Snowflake stage...
[2026-02-17T11:00:49.928+0000] {logging_mixin.py:188} INFO - Uploading /opt/***/data/minio/AAPL/1771325184.json to Snowflake stage...
[2026-02-17T11:00:50.656+0000] {logging_mixin.py:188} INFO - Uploading /opt/***/data/minio/AAPL/1771325195.json to Snowflake stage...
[2026-02-17T11:00:51.268+0000] {logging_mixin.py:188} INFO - Uploading /opt/***/data/minio/AAPL/1771325205.json to Snowflake stage...
[2026-02-17T11:00:51.871+0000] {logging_mixin.py:188} INFO - Uploading /opt/***/data/minio/AAPL/1771325215.json to Snowflake stage...
[2026-02-17T11:00:52.486+0000] {logging_mixin.py:188} INFO - Uploading /opt/***/data/minio/AAPL/1771325226.json to Snowflake stage...
[2026-02-17T11:00:53.042+0000] {logging_mixin.py:188} INFO - Uploading /opt/***/data/minio/AAPL/1771325236.json to Snowflake stage...
[2026-02-17T11:00:53.694+0000] {logging_mixin.py:188} INFO - Uploading /opt/***/data/minio/AAPL/1771325247.json to Snowflake stage...
[2026-02-17T11:00:54.226+0000] {logging_mixin.py:188} INFO - Uploading /opt/***/data/minio/AAPL/1771325257.json to Snowflake stage...
[2026-02-17T11:00:54.889+0000] {logging_mixin.py:188} INFO - Uploading /opt/***/data/minio/AAPL/1771325269.json to Snowflake stage...
[2026-02-17T11:00:55.838+0000] {logging_mixin.py:188} INFO - Uploading /opt/***/data/minio/AAPL/1771325279.json to Snowflake stage...
[2026-02-17T11:00:56.985+0000] {logging_mixin.py:188} INFO - Uploading /opt/***/data/minio/AAPL/1771325289.json to Snowflake stage...
[2026-02-17T11:00:57.502+0000] {logging_mixin.py:188} INFO - Uploading /opt/***/data/minio/AAPL/1771325300.json to Snowflake stage...
[2026-02-17T11:00:58.174+0000] {logging_mixin.py:188} INFO - Uploading /opt/***/data/minio/AAPL/1771325334.json to Snowflake stage...
[2026-02-17T11:00:58.806+0000] {logging_mixin.py:188} INFO - Uploading /opt/***/data/minio/AAPL/1771325344.json to Snowflake stage...
[2026-02-17T11:00:59.452+0000] {logging_mixin.py:188} INFO - Uploading /opt/***/data/minio/AAPL/1771325354.json to Snowflake stage...
[2026-02-17T11:01:00.092+0000] {logging_mixin.py:188} INFO - Uploading /opt/***/data/minio/AAPL/1771325365.json to Snowflake stage...
[2026-02-17T11:01:00.735+0000] {logging_mixin.py:188} INFO - Uploading /opt/***/data/minio/AAPL/1771325375.json to Snowflake stage...
[2026-02-17T11:01:01.369+0000] {logging_mixin.py:188} INFO - Uploading /opt/***/data/minio/AAPL/1771325385.json to Snowflake stage...
[2026-02-17T11:01:02.010+0000] {logging_mixin.py:188} INFO - Uploading /opt/***/data/minio/AAPL/1771325396.json to Snowflake stage...
[2026-02-17T11:01:02.663+0000] {logging_mixin.py:188} INFO - Uploading /opt/***/data/minio/AAPL/1771325408.json to Snowflake stage...
[2026-02-17T11:01:03.304+0000] {logging_mixin.py:188} INFO - Uploading /opt/***/data/minio/AAPL/1771325419.json to Snowflake stage...
[2026-02-17T11:01:03.933+0000] {logging_mixin.py:188} INFO - Uploading /opt/***/data/minio/AAPL/1771325431.json to Snowflake stage...
[2026-02-17T11:01:04.533+0000] {logging_mixin.py:188} INFO - Uploading /opt/***/data/minio/AAPL/1771325442.json to Snowflake stage...
[2026-02-17T11:01:05.179+0000] {logging_mixin.py:188} INFO - Uploading /opt/***/data/minio/AAPL/1771325454.json to Snowflake stage...
[2026-02-17T11:01:05.773+0000] {logging_mixin.py:188} INFO - Uploading /opt/***/data/minio/AAPL/1771325464.json to Snowflake stage...
[2026-02-17T11:01:06.343+0000] {logging_mixin.py:188} INFO - Uploading /opt/***/data/minio/AAPL/1771325474.json to Snowflake stage...
[2026-02-17T11:01:06.898+0000] {logging_mixin.py:188} INFO - Uploading /opt/***/data/minio/AAPL/1771325485.json to Snowflake stage...
[2026-02-17T11:01:07.500+0000] {logging_mixin.py:188} INFO - Uploading /opt/***/data/minio/AAPL/1771325496.json to Snowflake stage...
[2026-02-17T11:01:08.258+0000] {logging_mixin.py:188} INFO - Uploading /opt/***/data/minio/AAPL/1771325507.json to Snowflake stage...
[2026-02-17T11:01:08.894+0000] {logging_mixin.py:188} INFO - Uploading /opt/***/data/minio/AAPL/1771325517.json to Snowflake stage...
[2026-02-17T11:01:09.533+0000] {logging_mixin.py:188} INFO - Uploading /opt/***/data/minio/AAPL/1771325528.json to Snowflake stage...
[2026-02-17T11:01:10.174+0000] {logging_mixin.py:188} INFO - Uploading /opt/***/data/minio/AAPL/1771325539.json to Snowflake stage...
[2026-02-17T11:01:10.809+0000] {logging_mixin.py:188} INFO - Uploading /opt/***/data/minio/AAPL/1771325549.json to Snowflake stage...
[2026-02-17T11:01:11.411+0000] {logging_mixin.py:188} INFO - Uploading /opt/***/data/minio/AAPL/1771325559.json to Snowflake stage...
[2026-02-17T11:01:12.016+0000] {logging_mixin.py:188} INFO - Uploading /opt/***/data/minio/AAPL/1771325569.json to Snowflake stage...
[2026-02-17T11:01:12.955+0000] {logging_mixin.py:188} INFO - Uploading /opt/***/data/minio/AAPL/1771325580.json to Snowflake stage...
[2026-02-17T11:01:13.695+0000] {logging_mixin.py:188} INFO - Uploading /opt/***/data/minio/AAPL/1771325590.json to Snowflake stage...
[2026-02-17T11:01:14.308+0000] {logging_mixin.py:188} INFO - Uploading /opt/***/data/minio/AAPL/1771325600.json to Snowflake stage...
[2026-02-17T11:01:14.978+0000] {logging_mixin.py:188} INFO - Uploading /opt/***/data/minio/AAPL/1771325612.json to Snowflake stage...
[2026-02-17T11:01:15.566+0000] {logging_mixin.py:188} INFO - Uploading /opt/***/data/minio/AAPL/1771325623.json to Snowflake stage...
[2026-02-17T11:01:16.115+0000] {logging_mixin.py:188} INFO - Uploading /opt/***/data/minio/AAPL/1771325633.json to Snowflake stage...
[2026-02-17T11:01:16.717+0000] {logging_mixin.py:188} INFO - Uploading /opt/***/data/minio/AAPL/1771325644.json to Snowflake stage...
[2026-02-17T11:01:17.293+0000] {logging_mixin.py:188} INFO - Uploading /opt/***/data/minio/AAPL/1771325655.json to Snowflake stage...
[2026-02-17T11:01:18.626+0000] {logging_mixin.py:188} INFO - Uploading /opt/***/data/minio/AAPL/1771325666.json to Snowflake stage...
[2026-02-17T11:01:19.089+0000] {logging_mixin.py:188} INFO - Uploading /opt/***/data/minio/AAPL/1771325676.json to Snowflake stage...
[2026-02-17T11:01:19.674+0000] {logging_mixin.py:188} INFO - Uploading /opt/***/data/minio/AAPL/1771325686.json to Snowflake stage...
[2026-02-17T11:01:20.312+0000] {logging_mixin.py:188} INFO - Uploading /opt/***/data/minio/AAPL/1771325697.json to Snowflake stage...
[2026-02-17T11:01:21.042+0000] {logging_mixin.py:188} INFO - Uploading /opt/***/data/minio/AAPL/1771325708.json to Snowflake stage...
[2026-02-17T11:01:21.761+0000] {logging_mixin.py:188} INFO - Uploading /opt/***/data/minio/AAPL/1771325718.json to Snowflake stage...
[2026-02-17T11:01:22.411+0000] {logging_mixin.py:188} INFO - Uploading /opt/***/data/minio/AAPL/1771325729.json to Snowflake stage...
[2026-02-17T11:01:23.678+0000] {logging_mixin.py:188} INFO - Uploading /opt/***/data/minio/AAPL/1771325739.json to Snowflake stage...
[2026-02-17T11:01:24.362+0000] {logging_mixin.py:188} INFO - Uploading /opt/***/data/minio/AAPL/1771325750.json to Snowflake stage...
[2026-02-17T11:01:24.959+0000] {logging_mixin.py:188} INFO - Uploading /opt/***/data/minio/AAPL/1771325761.json to Snowflake stage...
[2026-02-17T11:01:25.480+0000] {logging_mixin.py:188} INFO - Uploading /opt/***/data/minio/AAPL/1771325776.json to Snowflake stage...
[2026-02-17T11:01:25.959+0000] {logging_mixin.py:188} INFO - Uploading /opt/***/data/minio/AAPL/1771325787.json to Snowflake stage...
[2026-02-17T11:01:26.418+0000] {logging_mixin.py:188} INFO - Uploading /opt/***/data/minio/AAPL/1771325800.json to Snowflake stage...
[2026-02-17T11:01:26.874+0000] {logging_mixin.py:188} INFO - Uploading /opt/***/data/minio/AAPL/1771325810.json to Snowflake stage...
[2026-02-17T11:01:27.403+0000] {logging_mixin.py:188} INFO - Uploading /opt/***/data/minio/AAPL/1771325820.json to Snowflake stage...
[2026-02-17T11:01:27.832+0000] {logging_mixin.py:188} INFO - Uploading /opt/***/data/minio/AAPL/1771325831.json to Snowflake stage...
[2026-02-17T11:01:28.283+0000] {logging_mixin.py:188} INFO - Uploading /opt/***/data/minio/AAPL/1771325841.json to Snowflake stage...
[2026-02-17T11:01:29.035+0000] {logging_mixin.py:188} INFO - Uploading /opt/***/data/minio/AAPL/1771325851.json to Snowflake stage...
[2026-02-17T11:01:29.847+0000] {logging_mixin.py:188} INFO - Uploading /opt/***/data/minio/AAPL/1771325863.json to Snowflake stage...
[2026-02-17T11:01:31.272+0000] {logging_mixin.py:188} INFO - Uploading /opt/***/data/minio/AAPL/1771325874.json to Snowflake stage...
[2026-02-17T11:01:32.510+0000] {logging_mixin.py:188} INFO - Uploading /opt/***/data/minio/AAPL/1771325885.json to Snowflake stage...
[2026-02-17T11:01:33.118+0000] {logging_mixin.py:188} INFO - Uploading /opt/***/data/minio/AAPL/1771325898.json to Snowflake stage...
[2026-02-17T11:01:34.854+0000] {logging_mixin.py:188} INFO - Uploading /opt/***/data/minio/AAPL/1771325910.json to Snowflake stage...
[2026-02-17T11:01:35.430+0000] {logging_mixin.py:188} INFO - Uploading /opt/***/data/minio/AAPL/1771325921.json to Snowflake stage...
[2026-02-17T11:01:36.204+0000] {logging_mixin.py:188} INFO - Uploading /opt/***/data/minio/AAPL/1771325932.json to Snowflake stage...
[2026-02-17T11:01:36.704+0000] {logging_mixin.py:188} INFO - Uploading /opt/***/data/minio/AAPL/1771325944.json to Snowflake stage...
[2026-02-17T11:01:40.235+0000] {logging_mixin.py:188} INFO - Uploading /opt/***/data/minio/AAPL/1771325955.json to Snowflake stage...
[2026-02-17T11:01:40.906+0000] {logging_mixin.py:188} INFO - Uploading /opt/***/data/minio/AAPL/1771325969.json to Snowflake stage...
[2026-02-17T11:01:41.426+0000] {logging_mixin.py:188} INFO - Uploading /opt/***/data/minio/AAPL/1771325980.json to Snowflake stage...
[2026-02-17T11:01:41.975+0000] {logging_mixin.py:188} INFO - Uploading /opt/***/data/minio/AAPL/1771325991.json to Snowflake stage...
[2026-02-17T11:01:42.795+0000] {logging_mixin.py:188} INFO - Uploading /opt/***/data/minio/AAPL/1771326002.json to Snowflake stage...
[2026-02-17T11:01:44.004+0000] {logging_mixin.py:188} INFO - Uploading /opt/***/data/minio/AMZN/1771324936.json to Snowflake stage...
[2026-02-17T11:01:44.858+0000] {logging_mixin.py:188} INFO - Uploading /opt/***/data/minio/AMZN/1771324946.json to Snowflake stage...
[2026-02-17T11:01:45.540+0000] {logging_mixin.py:188} INFO - Uploading /opt/***/data/minio/AMZN/1771324957.json to Snowflake stage...
[2026-02-17T11:01:46.871+0000] {logging_mixin.py:188} INFO - Uploading /opt/***/data/minio/AMZN/1771324968.json to Snowflake stage...
[2026-02-17T11:01:47.517+0000] {logging_mixin.py:188} INFO - Uploading /opt/***/data/minio/AMZN/1771324978.json to Snowflake stage...
[2026-02-17T11:01:48.049+0000] {logging_mixin.py:188} INFO - Uploading /opt/***/data/minio/AMZN/1771324989.json to Snowflake stage...
[2026-02-17T11:01:48.578+0000] {logging_mixin.py:188} INFO - Uploading /opt/***/data/minio/AMZN/1771325000.json to Snowflake stage...
[2026-02-17T11:01:51.721+0000] {logging_mixin.py:188} INFO - Uploading /opt/***/data/minio/AMZN/1771325010.json to Snowflake stage...
[2026-02-17T11:01:52.800+0000] {logging_mixin.py:188} INFO - Uploading /opt/***/data/minio/AMZN/1771325021.json to Snowflake stage...
[2026-02-17T11:01:54.546+0000] {logging_mixin.py:188} INFO - Uploading /opt/***/data/minio/AMZN/1771325032.json to Snowflake stage...
[2026-02-17T11:01:55.239+0000] {logging_mixin.py:188} INFO - Uploading /opt/***/data/minio/AMZN/1771325042.json to Snowflake stage...
[2026-02-17T11:01:56.299+0000] {logging_mixin.py:188} INFO - Uploading /opt/***/data/minio/AMZN/1771325052.json to Snowflake stage...
[2026-02-17T11:01:56.863+0000] {logging_mixin.py:188} INFO - Uploading /opt/***/data/minio/AMZN/1771325063.json to Snowflake stage...
[2026-02-17T11:01:57.649+0000] {logging_mixin.py:188} INFO - Uploading /opt/***/data/minio/AMZN/1771325073.json to Snowflake stage...
[2026-02-17T11:01:58.202+0000] {logging_mixin.py:188} INFO - Uploading /opt/***/data/minio/AMZN/1771325083.json to Snowflake stage...
[2026-02-17T11:01:58.860+0000] {logging_mixin.py:188} INFO - Uploading /opt/***/data/minio/AMZN/1771325094.json to Snowflake stage...
[2026-02-17T11:01:59.558+0000] {logging_mixin.py:188} INFO - Uploading /opt/***/data/minio/AMZN/1771325105.json to Snowflake stage...
[2026-02-17T11:02:01.259+0000] {logging_mixin.py:188} INFO - Uploading /opt/***/data/minio/AMZN/1771325115.json to Snowflake stage...
[2026-02-17T11:02:01.817+0000] {logging_mixin.py:188} INFO - Uploading /opt/***/data/minio/AMZN/1771325125.json to Snowflake stage...
[2026-02-17T11:02:03.681+0000] {logging_mixin.py:188} INFO - Uploading /opt/***/data/minio/AMZN/1771325136.json to Snowflake stage...
[2026-02-17T11:02:05.226+0000] {logging_mixin.py:188} INFO - Uploading /opt/***/data/minio/AMZN/1771325146.json to Snowflake stage...
[2026-02-17T11:02:06.664+0000] {logging_mixin.py:188} INFO - Uploading /opt/***/data/minio/AMZN/1771325156.json to Snowflake stage...
[2026-02-17T11:02:08.404+0000] {logging_mixin.py:188} INFO - Uploading /opt/***/data/minio/AMZN/1771325167.json to Snowflake stage...
[2026-02-17T11:02:08.896+0000] {logging_mixin.py:188} INFO - Uploading /opt/***/data/minio/AMZN/1771325177.json to Snowflake stage...
[2026-02-17T11:02:09.478+0000] {logging_mixin.py:188} INFO - Uploading /opt/***/data/minio/AMZN/1771325188.json to Snowflake stage...
[2026-02-17T11:02:10.124+0000] {logging_mixin.py:188} INFO - Uploading /opt/***/data/minio/AMZN/1771325198.json to Snowflake stage...
[2026-02-17T11:02:10.707+0000] {logging_mixin.py:188} INFO - Uploading /opt/***/data/minio/AMZN/1771325209.json to Snowflake stage...
[2026-02-17T11:02:11.332+0000] {logging_mixin.py:188} INFO - Uploading /opt/***/data/minio/AMZN/1771325219.json to Snowflake stage...
[2026-02-17T11:02:11.894+0000] {logging_mixin.py:188} INFO - Uploading /opt/***/data/minio/AMZN/1771325229.json to Snowflake stage...
[2026-02-17T11:02:12.440+0000] {logging_mixin.py:188} INFO - Uploading /opt/***/data/minio/AMZN/1771325240.json to Snowflake stage...
[2026-02-17T11:02:13.080+0000] {logging_mixin.py:188} INFO - Uploading /opt/***/data/minio/AMZN/1771325250.json to Snowflake stage...
[2026-02-17T11:02:13.741+0000] {logging_mixin.py:188} INFO - Uploading /opt/***/data/minio/AMZN/1771325262.json to Snowflake stage...
[2026-02-17T11:02:14.704+0000] {logging_mixin.py:188} INFO - Uploading /opt/***/data/minio/AMZN/1771325272.json to Snowflake stage...
[2026-02-17T11:02:15.415+0000] {logging_mixin.py:188} INFO - Uploading /opt/***/data/minio/AMZN/1771325283.json to Snowflake stage...
[2026-02-17T11:02:16.014+0000] {logging_mixin.py:188} INFO - Uploading /opt/***/data/minio/AMZN/1771325293.json to Snowflake stage...
[2026-02-17T11:02:17.330+0000] {logging_mixin.py:188} INFO - Uploading /opt/***/data/minio/AMZN/1771325337.json to Snowflake stage...
[2026-02-17T11:02:18.587+0000] {logging_mixin.py:188} INFO - Uploading /opt/***/data/minio/AMZN/1771325347.json to Snowflake stage...
[2026-02-17T11:02:19.238+0000] {logging_mixin.py:188} INFO - Uploading /opt/***/data/minio/AMZN/1771325358.json to Snowflake stage...
[2026-02-17T11:02:19.894+0000] {logging_mixin.py:188} INFO - Uploading /opt/***/data/minio/AMZN/1771325368.json to Snowflake stage...
[2026-02-17T11:02:20.692+0000] {logging_mixin.py:188} INFO - Uploading /opt/***/data/minio/AMZN/1771325378.json to Snowflake stage...
[2026-02-17T11:02:22.566+0000] {logging_mixin.py:188} INFO - Uploading /opt/***/data/minio/AMZN/1771325389.json to Snowflake stage...
[2026-02-17T11:02:23.703+0000] {logging_mixin.py:188} INFO - Uploading /opt/***/data/minio/AMZN/1771325401.json to Snowflake stage...
[2026-02-17T11:02:24.438+0000] {logging_mixin.py:188} INFO - Uploading /opt/***/data/minio/AMZN/1771325412.json to Snowflake stage...
[2026-02-17T11:02:25.401+0000] {logging_mixin.py:188} INFO - Uploading /opt/***/data/minio/AMZN/1771325424.json to Snowflake stage...
[2026-02-17T11:02:26.056+0000] {logging_mixin.py:188} INFO - Uploading /opt/***/data/minio/AMZN/1771325435.json to Snowflake stage...
[2026-02-17T11:02:26.594+0000] {logging_mixin.py:188} INFO - Uploading /opt/***/data/minio/AMZN/1771325447.json to Snowflake stage...
[2026-02-17T11:02:27.178+0000] {logging_mixin.py:188} INFO - Uploading /opt/***/data/minio/AMZN/1771325457.json to Snowflake stage...
[2026-02-17T11:02:27.991+0000] {logging_mixin.py:188} INFO - Uploading /opt/***/data/minio/AMZN/1771325468.json to Snowflake stage...
[2026-02-17T11:02:28.517+0000] {logging_mixin.py:188} INFO - Uploading /opt/***/data/minio/AMZN/1771325477.json to Snowflake stage...
[2026-02-17T11:02:30.763+0000] {logging_mixin.py:188} INFO - Uploading /opt/***/data/minio/AMZN/1771325489.json to Snowflake stage...
[2026-02-17T11:02:31.413+0000] {logging_mixin.py:188} INFO - Uploading /opt/***/data/minio/AMZN/1771325500.json to Snowflake stage...
[2026-02-17T11:02:32.208+0000] {logging_mixin.py:188} INFO - Uploading /opt/***/data/minio/AMZN/1771325510.json to Snowflake stage...
[2026-02-17T11:02:33.496+0000] {logging_mixin.py:188} INFO - Uploading /opt/***/data/minio/AMZN/1771325521.json to Snowflake stage...
[2026-02-17T11:02:35.339+0000] {logging_mixin.py:188} INFO - Uploading /opt/***/data/minio/AMZN/1771325532.json to Snowflake stage...
[2026-02-17T11:02:36.609+0000] {logging_mixin.py:188} INFO - Uploading /opt/***/data/minio/AMZN/1771325542.json to Snowflake stage...
[2026-02-17T11:02:37.249+0000] {logging_mixin.py:188} INFO - Uploading /opt/***/data/minio/AMZN/1771325552.json to Snowflake stage...
[2026-02-17T11:02:37.898+0000] {logging_mixin.py:188} INFO - Uploading /opt/***/data/minio/AMZN/1771325562.json to Snowflake stage...
[2026-02-17T11:02:38.438+0000] {logging_mixin.py:188} INFO - Uploading /opt/***/data/minio/AMZN/1771325573.json to Snowflake stage...
[2026-02-17T11:02:39.003+0000] {logging_mixin.py:188} INFO - Uploading /opt/***/data/minio/AMZN/1771325583.json to Snowflake stage...
[2026-02-17T11:02:39.917+0000] {logging_mixin.py:188} INFO - Uploading /opt/***/data/minio/AMZN/1771325593.json to Snowflake stage...
[2026-02-17T11:02:40.365+0000] {logging_mixin.py:188} INFO - Uploading /opt/***/data/minio/AMZN/1771325605.json to Snowflake stage...
[2026-02-17T11:02:41.005+0000] {logging_mixin.py:188} INFO - Uploading /opt/***/data/minio/AMZN/1771325616.json to Snowflake stage...
[2026-02-17T11:02:41.647+0000] {logging_mixin.py:188} INFO - Uploading /opt/***/data/minio/AMZN/1771325626.json to Snowflake stage...
[2026-02-17T11:02:42.284+0000] {logging_mixin.py:188} INFO - Uploading /opt/***/data/minio/AMZN/1771325637.json to Snowflake stage...
[2026-02-17T11:02:43.019+0000] {logging_mixin.py:188} INFO - Uploading /opt/***/data/minio/AMZN/1771325648.json to Snowflake stage...
[2026-02-17T11:02:43.735+0000] {logging_mixin.py:188} INFO - Uploading /opt/***/data/minio/AMZN/1771325659.json to Snowflake stage...
[2026-02-17T11:02:44.437+0000] {logging_mixin.py:188} INFO - Uploading /opt/***/data/minio/AMZN/1771325669.json to Snowflake stage...
[2026-02-17T11:02:45.103+0000] {logging_mixin.py:188} INFO - Uploading /opt/***/data/minio/AMZN/1771325679.json to Snowflake stage...
[2026-02-17T11:02:45.598+0000] {logging_mixin.py:188} INFO - Uploading /opt/***/data/minio/AMZN/1771325691.json to Snowflake stage...
[2026-02-17T11:02:47.760+0000] {logging_mixin.py:188} INFO - Uploading /opt/***/data/minio/AMZN/1771325701.json to Snowflake stage...
[2026-02-17T11:02:48.540+0000] {logging_mixin.py:188} INFO - Uploading /opt/***/data/minio/AMZN/1771325711.json to Snowflake stage...
[2026-02-17T11:02:49.342+0000] {logging_mixin.py:188} INFO - Uploading /opt/***/data/minio/AMZN/1771325722.json to Snowflake stage...
[2026-02-17T11:02:50.220+0000] {logging_mixin.py:188} INFO - Uploading /opt/***/data/minio/AMZN/1771325732.json to Snowflake stage...
[2026-02-17T11:02:51.100+0000] {logging_mixin.py:188} INFO - Uploading /opt/***/data/minio/AMZN/1771325743.json to Snowflake stage...
[2026-02-17T11:02:52.576+0000] {logging_mixin.py:188} INFO - Uploading /opt/***/data/minio/AMZN/1771325753.json to Snowflake stage...
[2026-02-17T11:02:53.165+0000] {logging_mixin.py:188} INFO - Uploading /opt/***/data/minio/AMZN/1771325769.json to Snowflake stage...
[2026-02-17T11:02:54.319+0000] {logging_mixin.py:188} INFO - Uploading /opt/***/data/minio/AMZN/1771325780.json to Snowflake stage...
[2026-02-17T11:02:55.105+0000] {logging_mixin.py:188} INFO - Uploading /opt/***/data/minio/AMZN/1771325792.json to Snowflake stage...
[2026-02-17T11:02:57.205+0000] {logging_mixin.py:188} INFO - Uploading /opt/***/data/minio/AMZN/1771325803.json to Snowflake stage...
[2026-02-17T11:02:57.822+0000] {logging_mixin.py:188} INFO - Uploading /opt/***/data/minio/AMZN/1771325813.json to Snowflake stage...
[2026-02-17T11:02:58.551+0000] {logging_mixin.py:188} INFO - Uploading /opt/***/data/minio/AMZN/1771325824.json to Snowflake stage...
[2026-02-17T11:02:59.107+0000] {logging_mixin.py:188} INFO - Uploading /opt/***/data/minio/AMZN/1771325834.json to Snowflake stage...
[2026-02-17T11:02:59.699+0000] {logging_mixin.py:188} INFO - Uploading /opt/***/data/minio/AMZN/1771325844.json to Snowflake stage...
[2026-02-17T11:03:00.303+0000] {logging_mixin.py:188} INFO - Uploading /opt/***/data/minio/AMZN/1771325857.json to Snowflake stage...
[2026-02-17T11:03:00.850+0000] {logging_mixin.py:188} INFO - Uploading /opt/***/data/minio/AMZN/1771325867.json to Snowflake stage...
[2026-02-17T11:03:01.498+0000] {logging_mixin.py:188} INFO - Uploading /opt/***/data/minio/AMZN/1771325878.json to Snowflake stage...
[2026-02-17T11:03:02.151+0000] {logging_mixin.py:188} INFO - Uploading /opt/***/data/minio/AMZN/1771325891.json to Snowflake stage...
[2026-02-17T11:03:02.963+0000] {logging_mixin.py:188} INFO - Uploading /opt/***/data/minio/AMZN/1771325902.json to Snowflake stage...
[2026-02-17T11:03:03.485+0000] {logging_mixin.py:188} INFO - Uploading /opt/***/data/minio/AMZN/1771325914.json to Snowflake stage...
[2026-02-17T11:03:04.069+0000] {logging_mixin.py:188} INFO - Uploading /opt/***/data/minio/AMZN/1771325925.json to Snowflake stage...
[2026-02-17T11:03:04.869+0000] {logging_mixin.py:188} INFO - Uploading /opt/***/data/minio/AMZN/1771325937.json to Snowflake stage...
[2026-02-17T11:03:05.609+0000] {logging_mixin.py:188} INFO - Uploading /opt/***/data/minio/AMZN/1771325948.json to Snowflake stage...
[2026-02-17T11:03:06.828+0000] {logging_mixin.py:188} INFO - Uploading /opt/***/data/minio/AMZN/1771325962.json to Snowflake stage...
[2026-02-17T11:03:07.551+0000] {logging_mixin.py:188} INFO - Uploading /opt/***/data/minio/AMZN/1771325973.json to Snowflake stage...
[2026-02-17T11:03:08.772+0000] {logging_mixin.py:188} INFO - Uploading /opt/***/data/minio/AMZN/1771325984.json to Snowflake stage...
[2026-02-17T11:03:09.620+0000] {logging_mixin.py:188} INFO - Uploading /opt/***/data/minio/AMZN/1771325995.json to Snowflake stage...
[2026-02-17T11:03:10.544+0000] {logging_mixin.py:188} INFO - Uploading /opt/***/data/minio/AMZN/1771326005.json to Snowflake stage...
[2026-02-17T11:03:11.978+0000] {logging_mixin.py:188} INFO - Uploading /opt/***/data/minio/GOOGL/1771324934.json to Snowflake stage...
[2026-02-17T11:03:12.556+0000] {logging_mixin.py:188} INFO - Uploading /opt/***/data/minio/GOOGL/1771324945.json to Snowflake stage...
[2026-02-17T11:03:13.207+0000] {logging_mixin.py:188} INFO - Uploading /opt/***/data/minio/GOOGL/1771324955.json to Snowflake stage...
[2026-02-17T11:03:13.928+0000] {logging_mixin.py:188} INFO - Uploading /opt/***/data/minio/GOOGL/1771324965.json to Snowflake stage...
[2026-02-17T11:03:14.447+0000] {logging_mixin.py:188} INFO - Uploading /opt/***/data/minio/GOOGL/1771324976.json to Snowflake stage...
[2026-02-17T11:03:15.096+0000] {logging_mixin.py:188} INFO - Uploading /opt/***/data/minio/GOOGL/1771324987.json to Snowflake stage...
[2026-02-17T11:03:17.183+0000] {logging_mixin.py:188} INFO - Uploading /opt/***/data/minio/GOOGL/1771324998.json to Snowflake stage...
[2026-02-17T11:03:17.976+0000] {logging_mixin.py:188} INFO - Uploading /opt/***/data/minio/GOOGL/1771325008.json to Snowflake stage...
[2026-02-17T11:03:18.776+0000] {logging_mixin.py:188} INFO - Uploading /opt/***/data/minio/GOOGL/1771325019.json to Snowflake stage...
[2026-02-17T11:03:19.622+0000] {logging_mixin.py:188} INFO - Uploading /opt/***/data/minio/GOOGL/1771325030.json to Snowflake stage...
[2026-02-17T11:03:20.297+0000] {logging_mixin.py:188} INFO - Uploading /opt/***/data/minio/GOOGL/1771325040.json to Snowflake stage...
[2026-02-17T11:03:20.958+0000] {logging_mixin.py:188} INFO - Uploading /opt/***/data/minio/GOOGL/1771325050.json to Snowflake stage...
[2026-02-17T11:03:21.547+0000] {logging_mixin.py:188} INFO - Uploading /opt/***/data/minio/GOOGL/1771325061.json to Snowflake stage...
[2026-02-17T11:03:22.139+0000] {logging_mixin.py:188} INFO - Uploading /opt/***/data/minio/GOOGL/1771325071.json to Snowflake stage...
[2026-02-17T11:03:22.721+0000] {logging_mixin.py:188} INFO - Uploading /opt/***/data/minio/GOOGL/1771325081.json to Snowflake stage...
[2026-02-17T11:03:23.336+0000] {logging_mixin.py:188} INFO - Uploading /opt/***/data/minio/GOOGL/1771325092.json to Snowflake stage...
[2026-02-17T11:03:23.888+0000] {logging_mixin.py:188} INFO - Uploading /opt/***/data/minio/GOOGL/1771325103.json to Snowflake stage...
[2026-02-17T11:03:24.497+0000] {logging_mixin.py:188} INFO - Uploading /opt/***/data/minio/GOOGL/1771325113.json to Snowflake stage...
[2026-02-17T11:03:25.095+0000] {logging_mixin.py:188} INFO - Uploading /opt/***/data/minio/GOOGL/1771325123.json to Snowflake stage...
[2026-02-17T11:03:25.733+0000] {logging_mixin.py:188} INFO - Uploading /opt/***/data/minio/GOOGL/1771325134.json to Snowflake stage...
[2026-02-17T11:03:26.378+0000] {logging_mixin.py:188} INFO - Uploading /opt/***/data/minio/GOOGL/1771325144.json to Snowflake stage...
[2026-02-17T11:03:27.040+0000] {logging_mixin.py:188} INFO - Uploading /opt/***/data/minio/GOOGL/1771325155.json to Snowflake stage...
[2026-02-17T11:03:27.658+0000] {logging_mixin.py:188} INFO - Uploading /opt/***/data/minio/GOOGL/1771325165.json to Snowflake stage...
[2026-02-17T11:03:28.301+0000] {logging_mixin.py:188} INFO - Uploading /opt/***/data/minio/GOOGL/1771325176.json to Snowflake stage...
[2026-02-17T11:03:29.183+0000] {logging_mixin.py:188} INFO - Uploading /opt/***/data/minio/GOOGL/1771325186.json to Snowflake stage...
[2026-02-17T11:03:29.907+0000] {logging_mixin.py:188} INFO - Uploading /opt/***/data/minio/GOOGL/1771325196.json to Snowflake stage...
[2026-02-17T11:03:30.609+0000] {logging_mixin.py:188} INFO - Uploading /opt/***/data/minio/GOOGL/1771325207.json to Snowflake stage...
[2026-02-17T11:03:31.264+0000] {logging_mixin.py:188} INFO - Uploading /opt/***/data/minio/GOOGL/1771325217.json to Snowflake stage...
[2026-02-17T11:03:31.912+0000] {logging_mixin.py:188} INFO - Uploading /opt/***/data/minio/GOOGL/1771325227.json to Snowflake stage...
[2026-02-17T11:03:32.526+0000] {logging_mixin.py:188} INFO - Uploading /opt/***/data/minio/GOOGL/1771325238.json to Snowflake stage...
[2026-02-17T11:03:33.132+0000] {logging_mixin.py:188} INFO - Uploading /opt/***/data/minio/GOOGL/1771325249.json to Snowflake stage...
[2026-02-17T11:03:33.729+0000] {logging_mixin.py:188} INFO - Uploading /opt/***/data/minio/GOOGL/1771325260.json to Snowflake stage...
[2026-02-17T11:03:34.370+0000] {logging_mixin.py:188} INFO - Uploading /opt/***/data/minio/GOOGL/1771325271.json to Snowflake stage...
[2026-02-17T11:03:35.984+0000] {logging_mixin.py:188} INFO - Uploading /opt/***/data/minio/GOOGL/1771325281.json to Snowflake stage...
[2026-02-17T11:03:36.611+0000] {logging_mixin.py:188} INFO - Uploading /opt/***/data/minio/GOOGL/1771325291.json to Snowflake stage...
[2026-02-17T11:03:37.250+0000] {logging_mixin.py:188} INFO - Uploading /opt/***/data/minio/GOOGL/1771325303.json to Snowflake stage...
[2026-02-17T11:03:37.902+0000] {logging_mixin.py:188} INFO - Uploading /opt/***/data/minio/GOOGL/1771325336.json to Snowflake stage...
[2026-02-17T11:03:38.556+0000] {logging_mixin.py:188} INFO - Uploading /opt/***/data/minio/GOOGL/1771325346.json to Snowflake stage...
[2026-02-17T11:03:39.182+0000] {logging_mixin.py:188} INFO - Uploading /opt/***/data/minio/GOOGL/1771325356.json to Snowflake stage...
[2026-02-17T11:03:40.391+0000] {logging_mixin.py:188} INFO - Uploading /opt/***/data/minio/GOOGL/1771325366.json to Snowflake stage...
[2026-02-17T11:03:41.037+0000] {logging_mixin.py:188} INFO - Uploading /opt/***/data/minio/GOOGL/1771325377.json to Snowflake stage...
[2026-02-17T11:03:41.625+0000] {logging_mixin.py:188} INFO - Uploading /opt/***/data/minio/GOOGL/1771325387.json to Snowflake stage...
[2026-02-17T11:03:42.311+0000] {logging_mixin.py:188} INFO - Uploading /opt/***/data/minio/GOOGL/1771325399.json to Snowflake stage...
[2026-02-17T11:03:42.969+0000] {logging_mixin.py:188} INFO - Uploading /opt/***/data/minio/GOOGL/1771325410.json to Snowflake stage...
[2026-02-17T11:03:43.588+0000] {logging_mixin.py:188} INFO - Uploading /opt/***/data/minio/GOOGL/1771325421.json to Snowflake stage...
[2026-02-17T11:03:44.529+0000] {logging_mixin.py:188} INFO - Uploading /opt/***/data/minio/GOOGL/1771325433.json to Snowflake stage...
[2026-02-17T11:03:45.082+0000] {logging_mixin.py:188} INFO - Uploading /opt/***/data/minio/GOOGL/1771325445.json to Snowflake stage...
[2026-02-17T11:03:45.726+0000] {logging_mixin.py:188} INFO - Uploading /opt/***/data/minio/GOOGL/1771325455.json to Snowflake stage...
[2026-02-17T11:03:46.458+0000] {logging_mixin.py:188} INFO - Uploading /opt/***/data/minio/GOOGL/1771325466.json to Snowflake stage...
[2026-02-17T11:03:47.122+0000] {logging_mixin.py:188} INFO - Uploading /opt/***/data/minio/GOOGL/1771325476.json to Snowflake stage...
[2026-02-17T11:03:47.739+0000] {logging_mixin.py:188} INFO - Uploading /opt/***/data/minio/GOOGL/1771325487.json to Snowflake stage...
[2026-02-17T11:03:48.436+0000] {logging_mixin.py:188} INFO - Uploading /opt/***/data/minio/GOOGL/1771325498.json to Snowflake stage...
[2026-02-17T11:03:49.101+0000] {logging_mixin.py:188} INFO - Uploading /opt/***/data/minio/GOOGL/1771325509.json to Snowflake stage...
[2026-02-17T11:03:49.707+0000] {logging_mixin.py:188} INFO - Uploading /opt/***/data/minio/GOOGL/1771325519.json to Snowflake stage...
[2026-02-17T11:03:50.324+0000] {logging_mixin.py:188} INFO - Uploading /opt/***/data/minio/GOOGL/1771325530.json to Snowflake stage...
[2026-02-17T11:03:50.937+0000] {logging_mixin.py:188} INFO - Uploading /opt/***/data/minio/GOOGL/1771325540.json to Snowflake stage...
[2026-02-17T11:03:51.976+0000] {logging_mixin.py:188} INFO - Uploading /opt/***/data/minio/GOOGL/1771325551.json to Snowflake stage...
[2026-02-17T11:03:52.615+0000] {logging_mixin.py:188} INFO - Uploading /opt/***/data/minio/GOOGL/1771325561.json to Snowflake stage...
[2026-02-17T11:03:53.259+0000] {logging_mixin.py:188} INFO - Uploading /opt/***/data/minio/GOOGL/1771325571.json to Snowflake stage...
[2026-02-17T11:03:53.904+0000] {logging_mixin.py:188} INFO - Uploading /opt/***/data/minio/GOOGL/1771325581.json to Snowflake stage...
[2026-02-17T11:03:54.417+0000] {logging_mixin.py:188} INFO - Uploading /opt/***/data/minio/GOOGL/1771325591.json to Snowflake stage...
[2026-02-17T11:03:54.887+0000] {logging_mixin.py:188} INFO - Uploading /opt/***/data/minio/GOOGL/1771325603.json to Snowflake stage...
[2026-02-17T11:03:55.581+0000] {logging_mixin.py:188} INFO - Uploading /opt/***/data/minio/GOOGL/1771325614.json to Snowflake stage...
[2026-02-17T11:03:56.296+0000] {logging_mixin.py:188} INFO - Uploading /opt/***/data/minio/GOOGL/1771325624.json to Snowflake stage...
[2026-02-17T11:03:56.945+0000] {logging_mixin.py:188} INFO - Uploading /opt/***/data/minio/GOOGL/1771325636.json to Snowflake stage...
[2026-02-17T11:03:57.580+0000] {logging_mixin.py:188} INFO - Uploading /opt/***/data/minio/GOOGL/1771325646.json to Snowflake stage...
[2026-02-17T11:03:58.704+0000] {logging_mixin.py:188} INFO - Uploading /opt/***/data/minio/GOOGL/1771325657.json to Snowflake stage...
[2026-02-17T11:03:59.340+0000] {logging_mixin.py:188} INFO - Uploading /opt/***/data/minio/GOOGL/1771325667.json to Snowflake stage...
[2026-02-17T11:03:59.971+0000] {logging_mixin.py:188} INFO - Uploading /opt/***/data/minio/GOOGL/1771325677.json to Snowflake stage...
[2026-02-17T11:04:00.609+0000] {logging_mixin.py:188} INFO - Uploading /opt/***/data/minio/GOOGL/1771325688.json to Snowflake stage...
[2026-02-17T11:04:01.257+0000] {logging_mixin.py:188} INFO - Uploading /opt/***/data/minio/GOOGL/1771325699.json to Snowflake stage...
[2026-02-17T11:04:01.897+0000] {logging_mixin.py:188} INFO - Uploading /opt/***/data/minio/GOOGL/1771325709.json to Snowflake stage...
[2026-02-17T11:04:03.072+0000] {logging_mixin.py:188} INFO - Uploading /opt/***/data/minio/GOOGL/1771325720.json to Snowflake stage...
[2026-02-17T11:04:03.599+0000] {logging_mixin.py:188} INFO - Uploading /opt/***/data/minio/GOOGL/1771325730.json to Snowflake stage...
[2026-02-17T11:04:04.081+0000] {logging_mixin.py:188} INFO - Uploading /opt/***/data/minio/GOOGL/1771325741.json to Snowflake stage...
[2026-02-17T11:04:04.691+0000] {logging_mixin.py:188} INFO - Uploading /opt/***/data/minio/GOOGL/1771325752.json to Snowflake stage...
[2026-02-17T11:04:05.273+0000] {logging_mixin.py:188} INFO - Uploading /opt/***/data/minio/GOOGL/1771325766.json to Snowflake stage...
[2026-02-17T11:04:05.939+0000] {logging_mixin.py:188} INFO - Uploading /opt/***/data/minio/GOOGL/1771325778.json to Snowflake stage...
[2026-02-17T11:04:06.529+0000] {logging_mixin.py:188} INFO - Uploading /opt/***/data/minio/GOOGL/1771325790.json to Snowflake stage...
[2026-02-17T11:04:07.132+0000] {logging_mixin.py:188} INFO - Uploading /opt/***/data/minio/GOOGL/1771325801.json to Snowflake stage...
[2026-02-17T11:04:08.211+0000] {logging_mixin.py:188} INFO - Uploading /opt/***/data/minio/GOOGL/1771325811.json to Snowflake stage...
[2026-02-17T11:04:08.859+0000] {logging_mixin.py:188} INFO - Uploading /opt/***/data/minio/GOOGL/1771325822.json to Snowflake stage...
[2026-02-17T11:04:09.573+0000] {logging_mixin.py:188} INFO - Uploading /opt/***/data/minio/GOOGL/1771325832.json to Snowflake stage...
[2026-02-17T11:04:10.145+0000] {logging_mixin.py:188} INFO - Uploading /opt/***/data/minio/GOOGL/1771325842.json to Snowflake stage...
[2026-02-17T11:04:10.775+0000] {logging_mixin.py:188} INFO - Uploading /opt/***/data/minio/GOOGL/1771325855.json to Snowflake stage...
[2026-02-17T11:04:11.408+0000] {logging_mixin.py:188} INFO - Uploading /opt/***/data/minio/GOOGL/1771325865.json to Snowflake stage...
[2026-02-17T11:04:11.938+0000] {logging_mixin.py:188} INFO - Uploading /opt/***/data/minio/GOOGL/1771325876.json to Snowflake stage...
[2026-02-17T11:04:12.469+0000] {logging_mixin.py:188} INFO - Uploading /opt/***/data/minio/GOOGL/1771325888.json to Snowflake stage...
[2026-02-17T11:04:12.941+0000] {logging_mixin.py:188} INFO - Uploading /opt/***/data/minio/GOOGL/1771325899.json to Snowflake stage...
[2026-02-17T11:04:13.544+0000] {logging_mixin.py:188} INFO - Uploading /opt/***/data/minio/GOOGL/1771325912.json to Snowflake stage...
[2026-02-17T11:04:14.032+0000] {logging_mixin.py:188} INFO - Uploading /opt/***/data/minio/GOOGL/1771325923.json to Snowflake stage...
[2026-02-17T11:04:14.539+0000] {logging_mixin.py:188} INFO - Uploading /opt/***/data/minio/GOOGL/1771325934.json to Snowflake stage...
[2026-02-17T11:04:15.015+0000] {logging_mixin.py:188} INFO - Uploading /opt/***/data/minio/GOOGL/1771325946.json to Snowflake stage...
[2026-02-17T11:04:15.737+0000] {logging_mixin.py:188} INFO - Uploading /opt/***/data/minio/GOOGL/1771325959.json to Snowflake stage...
[2026-02-17T11:04:16.291+0000] {logging_mixin.py:188} INFO - Uploading /opt/***/data/minio/GOOGL/1771325971.json to Snowflake stage...
[2026-02-17T11:04:16.854+0000] {logging_mixin.py:188} INFO - Uploading /opt/***/data/minio/GOOGL/1771325982.json to Snowflake stage...
[2026-02-17T11:04:17.498+0000] {logging_mixin.py:188} INFO - Uploading /opt/***/data/minio/GOOGL/1771325993.json to Snowflake stage...
[2026-02-17T11:04:18.051+0000] {logging_mixin.py:188} INFO - Uploading /opt/***/data/minio/GOOGL/1771326003.json to Snowflake stage...
[2026-02-17T11:04:18.547+0000] {logging_mixin.py:188} INFO - Uploading /opt/***/data/minio/MSFT/1771324933.json to Snowflake stage...
[2026-02-17T11:04:19.004+0000] {logging_mixin.py:188} INFO - Uploading /opt/***/data/minio/MSFT/1771324944.json to Snowflake stage...
[2026-02-17T11:04:19.547+0000] {logging_mixin.py:188} INFO - Uploading /opt/***/data/minio/MSFT/1771324954.json to Snowflake stage...
[2026-02-17T11:04:20.296+0000] {logging_mixin.py:188} INFO - Uploading /opt/***/data/minio/MSFT/1771324965.json to Snowflake stage...
[2026-02-17T11:04:20.920+0000] {logging_mixin.py:188} INFO - Uploading /opt/***/data/minio/MSFT/1771324975.json to Snowflake stage...
[2026-02-17T11:04:21.485+0000] {logging_mixin.py:188} INFO - Uploading /opt/***/data/minio/MSFT/1771324986.json to Snowflake stage...
[2026-02-17T11:04:22.131+0000] {logging_mixin.py:188} INFO - Uploading /opt/***/data/minio/MSFT/1771324997.json to Snowflake stage...
[2026-02-17T11:04:22.850+0000] {logging_mixin.py:188} INFO - Uploading /opt/***/data/minio/MSFT/1771325008.json to Snowflake stage...
[2026-02-17T11:04:23.836+0000] {logging_mixin.py:188} INFO - Uploading /opt/***/data/minio/MSFT/1771325018.json to Snowflake stage...
[2026-02-17T11:04:24.787+0000] {logging_mixin.py:188} INFO - Uploading /opt/***/data/minio/MSFT/1771325029.json to Snowflake stage...
[2026-02-17T11:04:25.461+0000] {logging_mixin.py:188} INFO - Uploading /opt/***/data/minio/MSFT/1771325039.json to Snowflake stage...
[2026-02-17T11:04:26.143+0000] {logging_mixin.py:188} INFO - Uploading /opt/***/data/minio/MSFT/1771325050.json to Snowflake stage...
[2026-02-17T11:04:26.760+0000] {logging_mixin.py:188} INFO - Uploading /opt/***/data/minio/MSFT/1771325060.json to Snowflake stage...
[2026-02-17T11:04:27.330+0000] {logging_mixin.py:188} INFO - Uploading /opt/***/data/minio/MSFT/1771325070.json to Snowflake stage...
[2026-02-17T11:04:27.969+0000] {logging_mixin.py:188} INFO - Uploading /opt/***/data/minio/MSFT/1771325080.json to Snowflake stage...
[2026-02-17T11:04:28.621+0000] {logging_mixin.py:188} INFO - Uploading /opt/***/data/minio/MSFT/1771325091.json to Snowflake stage...
[2026-02-17T11:04:29.429+0000] {logging_mixin.py:188} INFO - Uploading /opt/***/data/minio/MSFT/1771325102.json to Snowflake stage...
[2026-02-17T11:04:30.063+0000] {logging_mixin.py:188} INFO - Uploading /opt/***/data/minio/MSFT/1771325113.json to Snowflake stage...
[2026-02-17T11:04:30.947+0000] {logging_mixin.py:188} INFO - Uploading /opt/***/data/minio/MSFT/1771325123.json to Snowflake stage...
[2026-02-17T11:04:31.838+0000] {logging_mixin.py:188} INFO - Uploading /opt/***/data/minio/MSFT/1771325133.json to Snowflake stage...
[2026-02-17T11:04:32.358+0000] {logging_mixin.py:188} INFO - Uploading /opt/***/data/minio/MSFT/1771325143.json to Snowflake stage...
[2026-02-17T11:04:33.036+0000] {logging_mixin.py:188} INFO - Uploading /opt/***/data/minio/MSFT/1771325154.json to Snowflake stage...
[2026-02-17T11:04:33.746+0000] {logging_mixin.py:188} INFO - Uploading /opt/***/data/minio/MSFT/1771325164.json to Snowflake stage...
[2026-02-17T11:04:34.304+0000] {logging_mixin.py:188} INFO - Uploading /opt/***/data/minio/MSFT/1771325175.json to Snowflake stage...
[2026-02-17T11:04:34.864+0000] {logging_mixin.py:188} INFO - Uploading /opt/***/data/minio/MSFT/1771325185.json to Snowflake stage...
[2026-02-17T11:04:35.519+0000] {logging_mixin.py:188} INFO - Uploading /opt/***/data/minio/MSFT/1771325195.json to Snowflake stage...
[2026-02-17T11:04:36.137+0000] {logging_mixin.py:188} INFO - Uploading /opt/***/data/minio/MSFT/1771325206.json to Snowflake stage...
[2026-02-17T11:04:37.742+0000] {logging_mixin.py:188} INFO - Uploading /opt/***/data/minio/MSFT/1771325216.json to Snowflake stage...
[2026-02-17T11:04:39.753+0000] {logging_mixin.py:188} INFO - Uploading /opt/***/data/minio/MSFT/1771325226.json to Snowflake stage...
[2026-02-17T11:04:40.388+0000] {logging_mixin.py:188} INFO - Uploading /opt/***/data/minio/MSFT/1771325237.json to Snowflake stage...
[2026-02-17T11:04:41.024+0000] {logging_mixin.py:188} INFO - Uploading /opt/***/data/minio/MSFT/1771325248.json to Snowflake stage...
[2026-02-17T11:04:41.806+0000] {logging_mixin.py:188} INFO - Uploading /opt/***/data/minio/MSFT/1771325258.json to Snowflake stage...
[2026-02-17T11:04:42.439+0000] {logging_mixin.py:188} INFO - Uploading /opt/***/data/minio/MSFT/1771325270.json to Snowflake stage...
[2026-02-17T11:04:43.077+0000] {logging_mixin.py:188} INFO - Uploading /opt/***/data/minio/MSFT/1771325280.json to Snowflake stage...
[2026-02-17T11:04:43.824+0000] {logging_mixin.py:188} INFO - Uploading /opt/***/data/minio/MSFT/1771325290.json to Snowflake stage...
[2026-02-17T11:04:44.468+0000] {logging_mixin.py:188} INFO - Uploading /opt/***/data/minio/MSFT/1771325301.json to Snowflake stage...
[2026-02-17T11:04:45.095+0000] {logging_mixin.py:188} INFO - Uploading /opt/***/data/minio/MSFT/1771325335.json to Snowflake stage...
[2026-02-17T11:04:45.753+0000] {logging_mixin.py:188} INFO - Uploading /opt/***/data/minio/MSFT/1771325345.json to Snowflake stage...
[2026-02-17T11:04:46.371+0000] {logging_mixin.py:188} INFO - Uploading /opt/***/data/minio/MSFT/1771325355.json to Snowflake stage...
[2026-02-17T11:04:47.024+0000] {logging_mixin.py:188} INFO - Uploading /opt/***/data/minio/MSFT/1771325366.json to Snowflake stage...
[2026-02-17T11:04:47.664+0000] {logging_mixin.py:188} INFO - Uploading /opt/***/data/minio/MSFT/1771325376.json to Snowflake stage...
[2026-02-17T11:04:49.326+0000] {logging_mixin.py:188} INFO - Uploading /opt/***/data/minio/MSFT/1771325386.json to Snowflake stage...
[2026-02-17T11:04:49.990+0000] {logging_mixin.py:188} INFO - Uploading /opt/***/data/minio/MSFT/1771325398.json to Snowflake stage...
[2026-02-17T11:04:50.692+0000] {logging_mixin.py:188} INFO - Uploading /opt/***/data/minio/MSFT/1771325409.json to Snowflake stage...
[2026-02-17T11:04:51.363+0000] {logging_mixin.py:188} INFO - Uploading /opt/***/data/minio/MSFT/1771325420.json to Snowflake stage...
[2026-02-17T11:04:51.890+0000] {logging_mixin.py:188} INFO - Uploading /opt/***/data/minio/MSFT/1771325432.json to Snowflake stage...
[2026-02-17T11:04:52.692+0000] {logging_mixin.py:188} INFO - Uploading /opt/***/data/minio/MSFT/1771325444.json to Snowflake stage...
[2026-02-17T11:04:53.448+0000] {logging_mixin.py:188} INFO - Uploading /opt/***/data/minio/MSFT/1771325455.json to Snowflake stage...
[2026-02-17T11:04:54.137+0000] {logging_mixin.py:188} INFO - Uploading /opt/***/data/minio/MSFT/1771325465.json to Snowflake stage...
[2026-02-17T11:04:54.840+0000] {logging_mixin.py:188} INFO - Uploading /opt/***/data/minio/MSFT/1771325475.json to Snowflake stage...
[2026-02-17T11:04:55.422+0000] {logging_mixin.py:188} INFO - Uploading /opt/***/data/minio/MSFT/1771325486.json to Snowflake stage...
[2026-02-17T11:04:57.810+0000] {logging_mixin.py:188} INFO - Uploading /opt/***/data/minio/MSFT/1771325497.json to Snowflake stage...
[2026-02-17T11:04:58.615+0000] {logging_mixin.py:188} INFO - Uploading /opt/***/data/minio/MSFT/1771325508.json to Snowflake stage...
[2026-02-17T11:04:59.585+0000] {logging_mixin.py:188} INFO - Uploading /opt/***/data/minio/MSFT/1771325518.json to Snowflake stage...
[2026-02-17T11:05:00.295+0000] {logging_mixin.py:188} INFO - Uploading /opt/***/data/minio/MSFT/1771325529.json to Snowflake stage...
[2026-02-17T11:05:01.094+0000] {logging_mixin.py:188} INFO - Uploading /opt/***/data/minio/MSFT/1771325539.json to Snowflake stage...
[2026-02-17T11:05:01.817+0000] {logging_mixin.py:188} INFO - Uploading /opt/***/data/minio/MSFT/1771325550.json to Snowflake stage...
[2026-02-17T11:05:02.867+0000] {logging_mixin.py:188} INFO - Uploading /opt/***/data/minio/MSFT/1771325560.json to Snowflake stage...
[2026-02-17T11:05:03.970+0000] {logging_mixin.py:188} INFO - Uploading /opt/***/data/minio/MSFT/1771325570.json to Snowflake stage...
[2026-02-17T11:05:04.774+0000] {logging_mixin.py:188} INFO - Uploading /opt/***/data/minio/MSFT/1771325580.json to Snowflake stage...
[2026-02-17T11:05:06.224+0000] {logging_mixin.py:188} INFO - Uploading /opt/***/data/minio/MSFT/1771325590.json to Snowflake stage...
[2026-02-17T11:05:07.493+0000] {logging_mixin.py:188} INFO - Uploading /opt/***/data/minio/MSFT/1771325601.json to Snowflake stage...
[2026-02-17T11:05:09.496+0000] {logging_mixin.py:188} INFO - Uploading /opt/***/data/minio/MSFT/1771325613.json to Snowflake stage...
[2026-02-17T11:05:10.709+0000] {logging_mixin.py:188} INFO - Uploading /opt/***/data/minio/MSFT/1771325624.json to Snowflake stage...
[2026-02-17T11:05:11.417+0000] {logging_mixin.py:188} INFO - Uploading /opt/***/data/minio/MSFT/1771325634.json to Snowflake stage...
[2026-02-17T11:05:12.062+0000] {logging_mixin.py:188} INFO - Uploading /opt/***/data/minio/MSFT/1771325645.json to Snowflake stage...
[2026-02-17T11:05:12.638+0000] {logging_mixin.py:188} INFO - Uploading /opt/***/data/minio/MSFT/1771325656.json to Snowflake stage...
[2026-02-17T11:05:13.354+0000] {logging_mixin.py:188} INFO - Uploading /opt/***/data/minio/MSFT/1771325666.json to Snowflake stage...
[2026-02-17T11:05:13.900+0000] {logging_mixin.py:188} INFO - Uploading /opt/***/data/minio/MSFT/1771325677.json to Snowflake stage...
[2026-02-17T11:05:14.544+0000] {logging_mixin.py:188} INFO - Uploading /opt/***/data/minio/MSFT/1771325687.json to Snowflake stage...
[2026-02-17T11:05:15.160+0000] {logging_mixin.py:188} INFO - Uploading /opt/***/data/minio/MSFT/1771325698.json to Snowflake stage...
[2026-02-17T11:05:16.188+0000] {logging_mixin.py:188} INFO - Uploading /opt/***/data/minio/MSFT/1771325708.json to Snowflake stage...
[2026-02-17T11:05:17.010+0000] {logging_mixin.py:188} INFO - Uploading /opt/***/data/minio/MSFT/1771325719.json to Snowflake stage...
[2026-02-17T11:05:17.542+0000] {logging_mixin.py:188} INFO - Uploading /opt/***/data/minio/MSFT/1771325730.json to Snowflake stage...
[2026-02-17T11:05:18.687+0000] {logging_mixin.py:188} INFO - Uploading /opt/***/data/minio/MSFT/1771325740.json to Snowflake stage...
[2026-02-17T11:05:19.341+0000] {logging_mixin.py:188} INFO - Uploading /opt/***/data/minio/MSFT/1771325751.json to Snowflake stage...
[2026-02-17T11:05:20.545+0000] {logging_mixin.py:188} INFO - Uploading /opt/***/data/minio/MSFT/1771325777.json to Snowflake stage...
[2026-02-17T11:05:21.584+0000] {logging_mixin.py:188} INFO - Uploading /opt/***/data/minio/MSFT/1771325788.json to Snowflake stage...
[2026-02-17T11:05:22.247+0000] {logging_mixin.py:188} INFO - Uploading /opt/***/data/minio/MSFT/1771325801.json to Snowflake stage...
[2026-02-17T11:05:22.885+0000] {logging_mixin.py:188} INFO - Uploading /opt/***/data/minio/MSFT/1771325811.json to Snowflake stage...
[2026-02-17T11:05:23.521+0000] {logging_mixin.py:188} INFO - Uploading /opt/***/data/minio/MSFT/1771325821.json to Snowflake stage...
[2026-02-17T11:05:24.174+0000] {logging_mixin.py:188} INFO - Uploading /opt/***/data/minio/MSFT/1771325831.json to Snowflake stage...
[2026-02-17T11:05:26.355+0000] {logging_mixin.py:188} INFO - Uploading /opt/***/data/minio/MSFT/1771325841.json to Snowflake stage...
[2026-02-17T11:05:27.270+0000] {logging_mixin.py:188} INFO - Uploading /opt/***/data/minio/MSFT/1771325853.json to Snowflake stage...
[2026-02-17T11:05:28.126+0000] {logging_mixin.py:188} INFO - Uploading /opt/***/data/minio/MSFT/1771325864.json to Snowflake stage...
[2026-02-17T11:05:28.975+0000] {logging_mixin.py:188} INFO - Uploading /opt/***/data/minio/MSFT/1771325875.json to Snowflake stage...
[2026-02-17T11:05:29.878+0000] {logging_mixin.py:188} INFO - Uploading /opt/***/data/minio/MSFT/1771325887.json to Snowflake stage...
[2026-02-17T11:05:30.886+0000] {logging_mixin.py:188} INFO - Uploading /opt/***/data/minio/MSFT/1771325899.json to Snowflake stage...
[2026-02-17T11:05:32.332+0000] {logging_mixin.py:188} INFO - Uploading /opt/***/data/minio/MSFT/1771325911.json to Snowflake stage...
[2026-02-17T11:05:33.083+0000] {logging_mixin.py:188} INFO - Uploading /opt/***/data/minio/MSFT/1771325922.json to Snowflake stage...
[2026-02-17T11:05:34.177+0000] {logging_mixin.py:188} INFO - Uploading /opt/***/data/minio/MSFT/1771325933.json to Snowflake stage...
[2026-02-17T11:05:35.117+0000] {logging_mixin.py:188} INFO - Uploading /opt/***/data/minio/MSFT/1771325945.json to Snowflake stage...
[2026-02-17T11:05:36.034+0000] {logging_mixin.py:188} INFO - Uploading /opt/***/data/minio/MSFT/1771325956.json to Snowflake stage...
[2026-02-17T11:05:38.572+0000] {logging_mixin.py:188} INFO - Uploading /opt/***/data/minio/MSFT/1771325970.json to Snowflake stage...
[2026-02-17T11:05:39.853+0000] {logging_mixin.py:188} INFO - Uploading /opt/***/data/minio/MSFT/1771325981.json to Snowflake stage...
[2026-02-17T11:05:40.542+0000] {logging_mixin.py:188} INFO - Uploading /opt/***/data/minio/MSFT/1771325992.json to Snowflake stage...
[2026-02-17T11:05:41.713+0000] {logging_mixin.py:188} INFO - Uploading /opt/***/data/minio/MSFT/1771326003.json to Snowflake stage...
[2026-02-17T11:05:44.253+0000] {logging_mixin.py:188} INFO - Uploading /opt/***/data/minio/TSLA/1771324935.json to Snowflake stage...
[2026-02-17T11:05:44.900+0000] {logging_mixin.py:188} INFO - Uploading /opt/***/data/minio/TSLA/1771324946.json to Snowflake stage...
[2026-02-17T11:05:45.531+0000] {logging_mixin.py:188} INFO - Uploading /opt/***/data/minio/TSLA/1771324956.json to Snowflake stage...
[2026-02-17T11:05:46.337+0000] {logging_mixin.py:188} INFO - Uploading /opt/***/data/minio/TSLA/1771324967.json to Snowflake stage...
[2026-02-17T11:05:46.978+0000] {logging_mixin.py:188} INFO - Uploading /opt/***/data/minio/TSLA/1771324977.json to Snowflake stage...
[2026-02-17T11:05:47.588+0000] {logging_mixin.py:188} INFO - Uploading /opt/***/data/minio/TSLA/1771324988.json to Snowflake stage...
[2026-02-17T11:05:49.220+0000] {logging_mixin.py:188} INFO - Uploading /opt/***/data/minio/TSLA/1771324999.json to Snowflake stage...
[2026-02-17T11:05:49.831+0000] {logging_mixin.py:188} INFO - Uploading /opt/***/data/minio/TSLA/1771325009.json to Snowflake stage...
[2026-02-17T11:05:50.483+0000] {logging_mixin.py:188} INFO - Uploading /opt/***/data/minio/TSLA/1771325020.json to Snowflake stage...
[2026-02-17T11:05:51.177+0000] {logging_mixin.py:188} INFO - Uploading /opt/***/data/minio/TSLA/1771325030.json to Snowflake stage...
[2026-02-17T11:05:51.929+0000] {logging_mixin.py:188} INFO - Uploading /opt/***/data/minio/TSLA/1771325041.json to Snowflake stage...
[2026-02-17T11:05:53.167+0000] {logging_mixin.py:188} INFO - Uploading /opt/***/data/minio/TSLA/1771325051.json to Snowflake stage...
[2026-02-17T11:05:53.800+0000] {logging_mixin.py:188} INFO - Uploading /opt/***/data/minio/TSLA/1771325062.json to Snowflake stage...
[2026-02-17T11:05:54.382+0000] {logging_mixin.py:188} INFO - Uploading /opt/***/data/minio/TSLA/1771325072.json to Snowflake stage...
[2026-02-17T11:05:55.032+0000] {logging_mixin.py:188} INFO - Uploading /opt/***/data/minio/TSLA/1771325082.json to Snowflake stage...
[2026-02-17T11:05:55.668+0000] {logging_mixin.py:188} INFO - Uploading /opt/***/data/minio/TSLA/1771325093.json to Snowflake stage...
[2026-02-17T11:05:56.355+0000] {logging_mixin.py:188} INFO - Uploading /opt/***/data/minio/TSLA/1771325104.json to Snowflake stage...
[2026-02-17T11:05:57.107+0000] {logging_mixin.py:188} INFO - Uploading /opt/***/data/minio/TSLA/1771325114.json to Snowflake stage...
[2026-02-17T11:05:58.183+0000] {logging_mixin.py:188} INFO - Uploading /opt/***/data/minio/TSLA/1771325124.json to Snowflake stage...
[2026-02-17T11:05:58.775+0000] {logging_mixin.py:188} INFO - Uploading /opt/***/data/minio/TSLA/1771325135.json to Snowflake stage...
[2026-02-17T11:05:59.492+0000] {logging_mixin.py:188} INFO - Uploading /opt/***/data/minio/TSLA/1771325145.json to Snowflake stage...
[2026-02-17T11:06:00.388+0000] {logging_mixin.py:188} INFO - Uploading /opt/***/data/minio/TSLA/1771325156.json to Snowflake stage...
[2026-02-17T11:06:01.032+0000] {logging_mixin.py:188} INFO - Uploading /opt/***/data/minio/TSLA/1771325166.json to Snowflake stage...
[2026-02-17T11:06:02.072+0000] {logging_mixin.py:188} INFO - Uploading /opt/***/data/minio/TSLA/1771325176.json to Snowflake stage...
[2026-02-17T11:06:02.710+0000] {logging_mixin.py:188} INFO - Uploading /opt/***/data/minio/TSLA/1771325187.json to Snowflake stage...
[2026-02-17T11:06:03.388+0000] {logging_mixin.py:188} INFO - Uploading /opt/***/data/minio/TSLA/1771325197.json to Snowflake stage...
[2026-02-17T11:06:04.133+0000] {logging_mixin.py:188} INFO - Uploading /opt/***/data/minio/TSLA/1771325208.json to Snowflake stage...
[2026-02-17T11:06:04.867+0000] {logging_mixin.py:188} INFO - Uploading /opt/***/data/minio/TSLA/1771325218.json to Snowflake stage...
[2026-02-17T11:06:05.501+0000] {logging_mixin.py:188} INFO - Uploading /opt/***/data/minio/TSLA/1771325228.json to Snowflake stage...
[2026-02-17T11:06:06.222+0000] {logging_mixin.py:188} INFO - Uploading /opt/***/data/minio/TSLA/1771325239.json to Snowflake stage...
[2026-02-17T11:06:06.868+0000] {logging_mixin.py:188} INFO - Uploading /opt/***/data/minio/TSLA/1771325249.json to Snowflake stage...
[2026-02-17T11:06:07.708+0000] {logging_mixin.py:188} INFO - Uploading /opt/***/data/minio/TSLA/1771325261.json to Snowflake stage...
[2026-02-17T11:06:08.410+0000] {logging_mixin.py:188} INFO - Uploading /opt/***/data/minio/TSLA/1771325271.json to Snowflake stage...
[2026-02-17T11:06:09.029+0000] {logging_mixin.py:188} INFO - Uploading /opt/***/data/minio/TSLA/1771325282.json to Snowflake stage...
[2026-02-17T11:06:10.298+0000] {logging_mixin.py:188} INFO - Uploading /opt/***/data/minio/TSLA/1771325292.json to Snowflake stage...
[2026-02-17T11:06:11.028+0000] {logging_mixin.py:188} INFO - Uploading /opt/***/data/minio/TSLA/1771325336.json to Snowflake stage...
[2026-02-17T11:06:11.856+0000] {logging_mixin.py:188} INFO - Uploading /opt/***/data/minio/TSLA/1771325347.json to Snowflake stage...
[2026-02-17T11:06:12.535+0000] {logging_mixin.py:188} INFO - Uploading /opt/***/data/minio/TSLA/1771325357.json to Snowflake stage...
[2026-02-17T11:06:13.270+0000] {logging_mixin.py:188} INFO - Uploading /opt/***/data/minio/TSLA/1771325367.json to Snowflake stage...
[2026-02-17T11:06:14.162+0000] {logging_mixin.py:188} INFO - Uploading /opt/***/data/minio/TSLA/1771325377.json to Snowflake stage...
[2026-02-17T11:06:14.861+0000] {logging_mixin.py:188} INFO - Uploading /opt/***/data/minio/TSLA/1771325388.json to Snowflake stage...
[2026-02-17T11:06:15.588+0000] {logging_mixin.py:188} INFO - Uploading /opt/***/data/minio/TSLA/1771325400.json to Snowflake stage...
[2026-02-17T11:06:16.467+0000] {logging_mixin.py:188} INFO - Uploading /opt/***/data/minio/TSLA/1771325411.json to Snowflake stage...
[2026-02-17T11:06:17.191+0000] {logging_mixin.py:188} INFO - Uploading /opt/***/data/minio/TSLA/1771325423.json to Snowflake stage...
[2026-02-17T11:06:18.569+0000] {logging_mixin.py:188} INFO - Uploading /opt/***/data/minio/TSLA/1771325434.json to Snowflake stage...
[2026-02-17T11:06:19.099+0000] {logging_mixin.py:188} INFO - Uploading /opt/***/data/minio/TSLA/1771325446.json to Snowflake stage...
[2026-02-17T11:06:19.796+0000] {logging_mixin.py:188} INFO - Uploading /opt/***/data/minio/TSLA/1771325456.json to Snowflake stage...
[2026-02-17T11:06:20.378+0000] {logging_mixin.py:188} INFO - Uploading /opt/***/data/minio/TSLA/1771325467.json to Snowflake stage...
[2026-02-17T11:06:20.944+0000] {logging_mixin.py:188} INFO - Uploading /opt/***/data/minio/TSLA/1771325477.json to Snowflake stage...
[2026-02-17T11:06:21.508+0000] {logging_mixin.py:188} INFO - Uploading /opt/***/data/minio/TSLA/1771325488.json to Snowflake stage...
[2026-02-17T11:06:22.275+0000] {logging_mixin.py:188} INFO - Uploading /opt/***/data/minio/TSLA/1771325499.json to Snowflake stage...
[2026-02-17T11:06:22.807+0000] {logging_mixin.py:188} INFO - Uploading /opt/***/data/minio/TSLA/1771325509.json to Snowflake stage...
[2026-02-17T11:06:23.377+0000] {logging_mixin.py:188} INFO - Uploading /opt/***/data/minio/TSLA/1771325520.json to Snowflake stage...
[2026-02-17T11:06:24.143+0000] {logging_mixin.py:188} INFO - Uploading /opt/***/data/minio/TSLA/1771325531.json to Snowflake stage...
[2026-02-17T11:06:24.775+0000] {logging_mixin.py:188} INFO - Uploading /opt/***/data/minio/TSLA/1771325541.json to Snowflake stage...
[2026-02-17T11:06:25.318+0000] {logging_mixin.py:188} INFO - Uploading /opt/***/data/minio/TSLA/1771325552.json to Snowflake stage...
[2026-02-17T11:06:26.064+0000] {logging_mixin.py:188} INFO - Uploading /opt/***/data/minio/TSLA/1771325561.json to Snowflake stage...
[2026-02-17T11:06:26.709+0000] {logging_mixin.py:188} INFO - Uploading /opt/***/data/minio/TSLA/1771325572.json to Snowflake stage...
[2026-02-17T11:06:27.341+0000] {logging_mixin.py:188} INFO - Uploading /opt/***/data/minio/TSLA/1771325582.json to Snowflake stage...
[2026-02-17T11:06:28.038+0000] {logging_mixin.py:188} INFO - Uploading /opt/***/data/minio/TSLA/1771325592.json to Snowflake stage...
[2026-02-17T11:06:28.608+0000] {logging_mixin.py:188} INFO - Uploading /opt/***/data/minio/TSLA/1771325604.json to Snowflake stage...
[2026-02-17T11:06:29.115+0000] {logging_mixin.py:188} INFO - Uploading /opt/***/data/minio/TSLA/1771325615.json to Snowflake stage...
[2026-02-17T11:06:29.700+0000] {logging_mixin.py:188} INFO - Uploading /opt/***/data/minio/TSLA/1771325625.json to Snowflake stage...
[2026-02-17T11:06:30.383+0000] {logging_mixin.py:188} INFO - Uploading /opt/***/data/minio/TSLA/1771325637.json to Snowflake stage...
[2026-02-17T11:06:31.836+0000] {logging_mixin.py:188} INFO - Uploading /opt/***/data/minio/TSLA/1771325647.json to Snowflake stage...
[2026-02-17T11:06:32.384+0000] {logging_mixin.py:188} INFO - Uploading /opt/***/data/minio/TSLA/1771325658.json to Snowflake stage...
[2026-02-17T11:06:32.946+0000] {logging_mixin.py:188} INFO - Uploading /opt/***/data/minio/TSLA/1771325668.json to Snowflake stage...
[2026-02-17T11:06:33.502+0000] {logging_mixin.py:188} INFO - Uploading /opt/***/data/minio/TSLA/1771325678.json to Snowflake stage...
[2026-02-17T11:06:34.142+0000] {logging_mixin.py:188} INFO - Uploading /opt/***/data/minio/TSLA/1771325690.json to Snowflake stage...
[2026-02-17T11:06:34.781+0000] {logging_mixin.py:188} INFO - Uploading /opt/***/data/minio/TSLA/1771325700.json to Snowflake stage...
[2026-02-17T11:06:35.431+0000] {logging_mixin.py:188} INFO - Uploading /opt/***/data/minio/TSLA/1771325710.json to Snowflake stage...
[2026-02-17T11:06:36.221+0000] {logging_mixin.py:188} INFO - Uploading /opt/***/data/minio/TSLA/1771325721.json to Snowflake stage...
[2026-02-17T11:06:38.684+0000] {logging_mixin.py:188} INFO - Uploading /opt/***/data/minio/TSLA/1771325731.json to Snowflake stage...
[2026-02-17T11:06:39.164+0000] {logging_mixin.py:188} INFO - Uploading /opt/***/data/minio/TSLA/1771325742.json to Snowflake stage...
[2026-02-17T11:06:39.715+0000] {logging_mixin.py:188} INFO - Uploading /opt/***/data/minio/TSLA/1771325752.json to Snowflake stage...
[2026-02-17T11:06:40.307+0000] {logging_mixin.py:188} INFO - Uploading /opt/***/data/minio/TSLA/1771325767.json to Snowflake stage...
[2026-02-17T11:06:41.906+0000] {logging_mixin.py:188} INFO - Uploading /opt/***/data/minio/TSLA/1771325779.json to Snowflake stage...
[2026-02-17T11:06:42.994+0000] {logging_mixin.py:188} INFO - Uploading /opt/***/data/minio/TSLA/1771325791.json to Snowflake stage...
[2026-02-17T11:06:43.506+0000] {logging_mixin.py:188} INFO - Uploading /opt/***/data/minio/TSLA/1771325802.json to Snowflake stage...
[2026-02-17T11:06:44.060+0000] {logging_mixin.py:188} INFO - Uploading /opt/***/data/minio/TSLA/1771325812.json to Snowflake stage...
[2026-02-17T11:06:44.615+0000] {logging_mixin.py:188} INFO - Uploading /opt/***/data/minio/TSLA/1771325823.json to Snowflake stage...
[2026-02-17T11:06:45.139+0000] {logging_mixin.py:188} INFO - Uploading /opt/***/data/minio/TSLA/1771325833.json to Snowflake stage...
[2026-02-17T11:06:45.892+0000] {logging_mixin.py:188} INFO - Uploading /opt/***/data/minio/TSLA/1771325843.json to Snowflake stage...
[2026-02-17T11:06:46.689+0000] {logging_mixin.py:188} INFO - Uploading /opt/***/data/minio/TSLA/1771325856.json to Snowflake stage...
[2026-02-17T11:06:47.170+0000] {logging_mixin.py:188} INFO - Uploading /opt/***/data/minio/TSLA/1771325866.json to Snowflake stage...
[2026-02-17T11:06:47.690+0000] {logging_mixin.py:188} INFO - Uploading /opt/***/data/minio/TSLA/1771325877.json to Snowflake stage...
[2026-02-17T11:06:48.113+0000] {logging_mixin.py:188} INFO - Uploading /opt/***/data/minio/TSLA/1771325890.json to Snowflake stage...
[2026-02-17T11:06:48.585+0000] {logging_mixin.py:188} INFO - Uploading /opt/***/data/minio/TSLA/1771325900.json to Snowflake stage...
[2026-02-17T11:06:49.083+0000] {logging_mixin.py:188} INFO - Uploading /opt/***/data/minio/TSLA/1771325913.json to Snowflake stage...
[2026-02-17T11:06:49.741+0000] {logging_mixin.py:188} INFO - Uploading /opt/***/data/minio/TSLA/1771325925.json to Snowflake stage...
[2026-02-17T11:06:50.373+0000] {logging_mixin.py:188} INFO - Uploading /opt/***/data/minio/TSLA/1771325936.json to Snowflake stage...
[2026-02-17T11:06:50.935+0000] {logging_mixin.py:188} INFO - Uploading /opt/***/data/minio/TSLA/1771325947.json to Snowflake stage...
[2026-02-17T11:06:51.475+0000] {logging_mixin.py:188} INFO - Uploading /opt/***/data/minio/TSLA/1771325960.json to Snowflake stage...
[2026-02-17T11:06:51.973+0000] {logging_mixin.py:188} INFO - Uploading /opt/***/data/minio/TSLA/1771325972.json to Snowflake stage...
[2026-02-17T11:06:52.534+0000] {logging_mixin.py:188} INFO - Uploading /opt/***/data/minio/TSLA/1771325984.json to Snowflake stage...
[2026-02-17T11:06:53.064+0000] {logging_mixin.py:188} INFO - Uploading /opt/***/data/minio/TSLA/1771325994.json to Snowflake stage...
[2026-02-17T11:06:53.570+0000] {logging_mixin.py:188} INFO - Uploading /opt/***/data/minio/TSLA/1771326004.json to Snowflake stage...
[2026-02-17T11:06:54.044+0000] {logging_mixin.py:188} INFO - Copying data into bronze_stock_quotes_raw table...
[2026-02-17T11:07:00.612+0000] {cursor.py:1149} INFO - Number of results in first chunk: 451
[2026-02-17T11:07:01.622+0000] {cursor.py:1149} INFO - Number of results in first chunk: 461
[2026-02-17T11:07:01.755+0000] {cursor.py:1149} INFO - Number of results in first chunk: 1
[2026-02-17T11:07:01.757+0000] {logging_mixin.py:188} INFO - Data loaded successfully.
[2026-02-17T11:07:01.758+0000] {connection.py:773} INFO - closed
[2026-02-17T11:07:01.895+0000] {connection.py:779} INFO - No async queries seem to be running, deleting session
[2026-02-17T11:07:02.056+0000] {python.py:237} INFO - Done. Returned value was: None
[2026-02-17T11:07:02.059+0000] {taskinstance.py:441} INFO - ::group::Post task execution logs
[2026-02-17T11:07:02.158+0000] {taskinstance.py:1206} INFO - Marking task as SUCCESS. dag_id=minio_to_snowflake, task_id=load_snowflake, run_id=scheduled__2026-02-17T10:55:00+00:00, execution_date=20260217T105500, start_date=20260217T110031, end_date=20260217T110702
[2026-02-17T11:07:02.310+0000] {local_task_job_runner.py:243} INFO - Task exited with return code 0
[2026-02-17T11:07:02.439+0000] {taskinstance.py:3503} INFO - 0 downstream tasks scheduled from follow-on schedule check
[2026-02-17T11:07:02.445+0000] {local_task_job_runner.py:222} INFO - ::endgroup::
