[2026-02-04T09:40:01.649+0000] {local_task_job_runner.py:120} INFO - ::group::Pre task execution logs
[2026-02-04T09:40:01.699+0000] {taskinstance.py:2076} INFO - Dependencies all met for dep_context=non-requeueable deps ti=<TaskInstance: minio_to_snowflake.download_minio scheduled__2026-02-04T09:39:00+00:00 [queued]>
[2026-02-04T09:40:01.711+0000] {taskinstance.py:2076} INFO - Dependencies all met for dep_context=requeueable deps ti=<TaskInstance: minio_to_snowflake.download_minio scheduled__2026-02-04T09:39:00+00:00 [queued]>
[2026-02-04T09:40:01.712+0000] {taskinstance.py:2306} INFO - Starting attempt 1 of 2
[2026-02-04T09:40:01.728+0000] {taskinstance.py:2330} INFO - Executing <Task(PythonOperator): download_minio> on 2026-02-04 09:39:00+00:00
[2026-02-04T09:40:01.740+0000] {logging_mixin.py:188} WARNING - /home/***/.local/lib/python3.12/site-packages/***/task/task_runner/standard_task_runner.py:62 DeprecationWarning: This process (pid=64019) is multi-threaded, use of fork() may lead to deadlocks in the child.
[2026-02-04T09:40:01.742+0000] {standard_task_runner.py:64} INFO - Started process 64034 to run task
[2026-02-04T09:40:01.740+0000] {standard_task_runner.py:90} INFO - Running: ['***', 'tasks', 'run', 'minio_to_snowflake', 'download_minio', 'scheduled__2026-02-04T09:39:00+00:00', '--job-id', '884', '--raw', '--subdir', 'DAGS_FOLDER/minio_to_snowflake.py', '--cfg-path', '/tmp/tmpq9fmq8gn']
[2026-02-04T09:40:01.745+0000] {standard_task_runner.py:91} INFO - Job 884: Subtask download_minio
[2026-02-04T09:40:01.834+0000] {task_command.py:426} INFO - Running <TaskInstance: minio_to_snowflake.download_minio scheduled__2026-02-04T09:39:00+00:00 [running]> on host 1a57f62d265e
[2026-02-04T09:40:01.966+0000] {taskinstance.py:2648} INFO - Exporting env vars: AIRFLOW_CTX_DAG_OWNER='***' AIRFLOW_CTX_DAG_ID='minio_to_snowflake' AIRFLOW_CTX_TASK_ID='download_minio' AIRFLOW_CTX_EXECUTION_DATE='2026-02-04T09:39:00+00:00' AIRFLOW_CTX_TRY_NUMBER='1' AIRFLOW_CTX_DAG_RUN_ID='scheduled__2026-02-04T09:39:00+00:00'
[2026-02-04T09:40:01.967+0000] {taskinstance.py:430} INFO - ::endgroup::
[2026-02-04T09:40:02.190+0000] {logging_mixin.py:188} INFO - Downloaded AAPL/1770190211.json
[2026-02-04T09:40:02.199+0000] {logging_mixin.py:188} INFO - Downloaded AAPL/1770190221.json
[2026-02-04T09:40:02.208+0000] {logging_mixin.py:188} INFO - Downloaded AAPL/1770190233.json
[2026-02-04T09:40:02.217+0000] {logging_mixin.py:188} INFO - Downloaded AAPL/1770190244.json
[2026-02-04T09:40:02.226+0000] {logging_mixin.py:188} INFO - Downloaded AAPL/1770190256.json
[2026-02-04T09:40:02.235+0000] {logging_mixin.py:188} INFO - Downloaded AAPL/1770190268.json
[2026-02-04T09:40:02.245+0000] {logging_mixin.py:188} INFO - Downloaded AAPL/1770190278.json
[2026-02-04T09:40:02.254+0000] {logging_mixin.py:188} INFO - Downloaded AAPL/1770190289.json
[2026-02-04T09:40:02.263+0000] {logging_mixin.py:188} INFO - Downloaded AAPL/1770190300.json
[2026-02-04T09:40:02.274+0000] {logging_mixin.py:188} INFO - Downloaded AAPL/1770190310.json
[2026-02-04T09:40:02.284+0000] {logging_mixin.py:188} INFO - Downloaded AAPL/1770190323.json
[2026-02-04T09:40:02.293+0000] {logging_mixin.py:188} INFO - Downloaded AAPL/1770190333.json
[2026-02-04T09:40:02.302+0000] {logging_mixin.py:188} INFO - Downloaded AAPL/1770190344.json
[2026-02-04T09:40:02.312+0000] {logging_mixin.py:188} INFO - Downloaded AAPL/1770190356.json
[2026-02-04T09:40:02.320+0000] {logging_mixin.py:188} INFO - Downloaded AAPL/1770190368.json
[2026-02-04T09:40:02.329+0000] {logging_mixin.py:188} INFO - Downloaded AAPL/1770190378.json
[2026-02-04T09:40:02.338+0000] {logging_mixin.py:188} INFO - Downloaded AAPL/1770190388.json
[2026-02-04T09:40:02.347+0000] {logging_mixin.py:188} INFO - Downloaded AAPL/1770190399.json
[2026-02-04T09:40:02.356+0000] {logging_mixin.py:188} INFO - Downloaded AAPL/1770190410.json
[2026-02-04T09:40:02.365+0000] {logging_mixin.py:188} INFO - Downloaded AAPL/1770190421.json
[2026-02-04T09:40:02.374+0000] {logging_mixin.py:188} INFO - Downloaded AAPL/1770190432.json
[2026-02-04T09:40:02.384+0000] {logging_mixin.py:188} INFO - Downloaded AAPL/1770190442.json
[2026-02-04T09:40:02.394+0000] {logging_mixin.py:188} INFO - Downloaded AAPL/1770190453.json
[2026-02-04T09:40:02.404+0000] {logging_mixin.py:188} INFO - Downloaded AAPL/1770190463.json
[2026-02-04T09:40:02.413+0000] {logging_mixin.py:188} INFO - Downloaded AAPL/1770190474.json
[2026-02-04T09:40:02.422+0000] {logging_mixin.py:188} INFO - Downloaded AAPL/1770190485.json
[2026-02-04T09:40:02.431+0000] {logging_mixin.py:188} INFO - Downloaded AAPL/1770190495.json
[2026-02-04T09:40:02.441+0000] {logging_mixin.py:188} INFO - Downloaded AAPL/1770190506.json
[2026-02-04T09:40:02.451+0000] {logging_mixin.py:188} INFO - Downloaded AAPL/1770190516.json
[2026-02-04T09:40:02.460+0000] {logging_mixin.py:188} INFO - Downloaded AAPL/1770190527.json
[2026-02-04T09:40:02.469+0000] {logging_mixin.py:188} INFO - Downloaded AAPL/1770190537.json
[2026-02-04T09:40:02.478+0000] {logging_mixin.py:188} INFO - Downloaded AAPL/1770190548.json
[2026-02-04T09:40:02.487+0000] {logging_mixin.py:188} INFO - Downloaded AAPL/1770190559.json
[2026-02-04T09:40:02.497+0000] {logging_mixin.py:188} INFO - Downloaded AAPL/1770190569.json
[2026-02-04T09:40:02.507+0000] {logging_mixin.py:188} INFO - Downloaded AAPL/1770190580.json
[2026-02-04T09:40:02.518+0000] {logging_mixin.py:188} INFO - Downloaded AAPL/1770190590.json
[2026-02-04T09:40:02.527+0000] {logging_mixin.py:188} INFO - Downloaded AAPL/1770190600.json
[2026-02-04T09:40:02.538+0000] {logging_mixin.py:188} INFO - Downloaded AAPL/1770190611.json
[2026-02-04T09:40:02.548+0000] {logging_mixin.py:188} INFO - Downloaded AAPL/1770190621.json
[2026-02-04T09:40:02.560+0000] {logging_mixin.py:188} INFO - Downloaded AAPL/1770190632.json
[2026-02-04T09:40:02.571+0000] {logging_mixin.py:188} INFO - Downloaded AAPL/1770190642.json
[2026-02-04T09:40:02.583+0000] {logging_mixin.py:188} INFO - Downloaded AAPL/1770190652.json
[2026-02-04T09:40:02.592+0000] {logging_mixin.py:188} INFO - Downloaded AAPL/1770190663.json
[2026-02-04T09:40:02.602+0000] {logging_mixin.py:188} INFO - Downloaded AAPL/1770190673.json
[2026-02-04T09:40:02.611+0000] {logging_mixin.py:188} INFO - Downloaded AAPL/1770190683.json
[2026-02-04T09:40:02.620+0000] {logging_mixin.py:188} INFO - Downloaded AAPL/1770190694.json
[2026-02-04T09:40:02.629+0000] {logging_mixin.py:188} INFO - Downloaded AAPL/1770190704.json
[2026-02-04T09:40:02.638+0000] {logging_mixin.py:188} INFO - Downloaded AAPL/1770190715.json
[2026-02-04T09:40:02.647+0000] {logging_mixin.py:188} INFO - Downloaded AAPL/1770190725.json
[2026-02-04T09:40:02.656+0000] {logging_mixin.py:188} INFO - Downloaded AAPL/1770190736.json
[2026-02-04T09:40:02.664+0000] {logging_mixin.py:188} INFO - Downloaded AAPL/1770190746.json
[2026-02-04T09:40:02.673+0000] {logging_mixin.py:188} INFO - Downloaded AAPL/1770190757.json
[2026-02-04T09:40:02.682+0000] {logging_mixin.py:188} INFO - Downloaded AAPL/1770190767.json
[2026-02-04T09:40:02.692+0000] {logging_mixin.py:188} INFO - Downloaded AAPL/1770190778.json
[2026-02-04T09:40:02.701+0000] {logging_mixin.py:188} INFO - Downloaded AAPL/1770190788.json
[2026-02-04T09:40:02.710+0000] {logging_mixin.py:188} INFO - Downloaded AAPL/1770190799.json
[2026-02-04T09:40:02.720+0000] {logging_mixin.py:188} INFO - Downloaded AAPL/1770190810.json
[2026-02-04T09:40:02.729+0000] {logging_mixin.py:188} INFO - Downloaded AAPL/1770190820.json
[2026-02-04T09:40:02.743+0000] {logging_mixin.py:188} INFO - Downloaded AAPL/1770190831.json
[2026-02-04T09:40:02.755+0000] {logging_mixin.py:188} INFO - Downloaded AAPL/1770190842.json
[2026-02-04T09:40:02.766+0000] {logging_mixin.py:188} INFO - Downloaded AAPL/1770190852.json
[2026-02-04T09:40:02.779+0000] {logging_mixin.py:188} INFO - Downloaded AAPL/1770190863.json
[2026-02-04T09:40:02.789+0000] {logging_mixin.py:188} INFO - Downloaded AAPL/1770190873.json
[2026-02-04T09:40:02.800+0000] {logging_mixin.py:188} INFO - Downloaded AAPL/1770190884.json
[2026-02-04T09:40:02.811+0000] {logging_mixin.py:188} INFO - Downloaded AAPL/1770190895.json
[2026-02-04T09:40:02.820+0000] {logging_mixin.py:188} INFO - Downloaded AAPL/1770190908.json
[2026-02-04T09:40:02.829+0000] {logging_mixin.py:188} INFO - Downloaded AAPL/1770190919.json
[2026-02-04T09:40:02.839+0000] {logging_mixin.py:188} INFO - Downloaded AAPL/1770190929.json
[2026-02-04T09:40:02.848+0000] {logging_mixin.py:188} INFO - Downloaded AAPL/1770190940.json
[2026-02-04T09:40:02.857+0000] {logging_mixin.py:188} INFO - Downloaded AAPL/1770190951.json
[2026-02-04T09:40:02.865+0000] {logging_mixin.py:188} INFO - Downloaded AAPL/1770190962.json
[2026-02-04T09:40:02.875+0000] {logging_mixin.py:188} INFO - Downloaded AAPL/1770190972.json
[2026-02-04T09:40:02.885+0000] {logging_mixin.py:188} INFO - Downloaded AAPL/1770190983.json
[2026-02-04T09:40:02.895+0000] {logging_mixin.py:188} INFO - Downloaded AAPL/1770190995.json
[2026-02-04T09:40:02.905+0000] {logging_mixin.py:188} INFO - Downloaded AAPL/1770191006.json
[2026-02-04T09:40:02.915+0000] {logging_mixin.py:188} INFO - Downloaded AAPL/1770191017.json
[2026-02-04T09:40:02.924+0000] {logging_mixin.py:188} INFO - Downloaded AAPL/1770191028.json
[2026-02-04T09:40:02.934+0000] {logging_mixin.py:188} INFO - Downloaded AAPL/1770191039.json
[2026-02-04T09:40:02.942+0000] {logging_mixin.py:188} INFO - Downloaded AAPL/1770191049.json
[2026-02-04T09:40:02.952+0000] {logging_mixin.py:188} INFO - Downloaded AAPL/1770191060.json
[2026-02-04T09:40:02.961+0000] {logging_mixin.py:188} INFO - Downloaded AAPL/1770191070.json
[2026-02-04T09:40:02.973+0000] {logging_mixin.py:188} INFO - Downloaded AAPL/1770191081.json
[2026-02-04T09:40:02.983+0000] {logging_mixin.py:188} INFO - Downloaded AAPL/1770191091.json
[2026-02-04T09:40:02.993+0000] {logging_mixin.py:188} INFO - Downloaded AAPL/1770191101.json
[2026-02-04T09:40:03.002+0000] {logging_mixin.py:188} INFO - Downloaded AAPL/1770191111.json
[2026-02-04T09:40:03.011+0000] {logging_mixin.py:188} INFO - Downloaded AAPL/1770191122.json
[2026-02-04T09:40:03.020+0000] {logging_mixin.py:188} INFO - Downloaded AAPL/1770191133.json
[2026-02-04T09:40:03.031+0000] {logging_mixin.py:188} INFO - Downloaded AAPL/1770191144.json
[2026-02-04T09:40:03.041+0000] {logging_mixin.py:188} INFO - Downloaded AAPL/1770191154.json
[2026-02-04T09:40:03.051+0000] {logging_mixin.py:188} INFO - Downloaded AAPL/1770191165.json
[2026-02-04T09:40:03.060+0000] {logging_mixin.py:188} INFO - Downloaded AAPL/1770191175.json
[2026-02-04T09:40:03.069+0000] {logging_mixin.py:188} INFO - Downloaded AAPL/1770191186.json
[2026-02-04T09:40:03.078+0000] {logging_mixin.py:188} INFO - Downloaded AAPL/1770191197.json
[2026-02-04T09:40:03.086+0000] {logging_mixin.py:188} INFO - Downloaded AAPL/1770191207.json
[2026-02-04T09:40:03.096+0000] {logging_mixin.py:188} INFO - Downloaded AAPL/1770191218.json
[2026-02-04T09:40:03.105+0000] {logging_mixin.py:188} INFO - Downloaded AAPL/1770191229.json
[2026-02-04T09:40:03.114+0000] {logging_mixin.py:188} INFO - Downloaded AAPL/1770191240.json
[2026-02-04T09:40:03.124+0000] {logging_mixin.py:188} INFO - Downloaded AAPL/1770191251.json
[2026-02-04T09:40:03.132+0000] {logging_mixin.py:188} INFO - Downloaded AAPL/1770191261.json
[2026-02-04T09:40:03.142+0000] {logging_mixin.py:188} INFO - Downloaded AAPL/1770191272.json
[2026-02-04T09:40:03.151+0000] {logging_mixin.py:188} INFO - Downloaded AAPL/1770191283.json
[2026-02-04T09:40:03.160+0000] {logging_mixin.py:188} INFO - Downloaded AAPL/1770191293.json
[2026-02-04T09:40:03.168+0000] {logging_mixin.py:188} INFO - Downloaded AMZN/1770190215.json
[2026-02-04T09:40:03.178+0000] {logging_mixin.py:188} INFO - Downloaded AMZN/1770190226.json
[2026-02-04T09:40:03.186+0000] {logging_mixin.py:188} INFO - Downloaded AMZN/1770190237.json
[2026-02-04T09:40:03.195+0000] {logging_mixin.py:188} INFO - Downloaded AMZN/1770190249.json
[2026-02-04T09:40:03.204+0000] {logging_mixin.py:188} INFO - Downloaded AMZN/1770190261.json
[2026-02-04T09:40:03.213+0000] {logging_mixin.py:188} INFO - Downloaded AMZN/1770190271.json
[2026-02-04T09:40:03.222+0000] {logging_mixin.py:188} INFO - Downloaded AMZN/1770190282.json
[2026-02-04T09:40:03.232+0000] {logging_mixin.py:188} INFO - Downloaded AMZN/1770190293.json
[2026-02-04T09:40:03.241+0000] {logging_mixin.py:188} INFO - Downloaded AMZN/1770190303.json
[2026-02-04T09:40:03.253+0000] {logging_mixin.py:188} INFO - Downloaded AMZN/1770190316.json
[2026-02-04T09:40:03.263+0000] {logging_mixin.py:188} INFO - Downloaded AMZN/1770190326.json
[2026-02-04T09:40:03.272+0000] {logging_mixin.py:188} INFO - Downloaded AMZN/1770190337.json
[2026-02-04T09:40:03.281+0000] {logging_mixin.py:188} INFO - Downloaded AMZN/1770190348.json
[2026-02-04T09:40:03.290+0000] {logging_mixin.py:188} INFO - Downloaded AMZN/1770190360.json
[2026-02-04T09:40:03.299+0000] {logging_mixin.py:188} INFO - Downloaded AMZN/1770190371.json
[2026-02-04T09:40:03.308+0000] {logging_mixin.py:188} INFO - Downloaded AMZN/1770190381.json
[2026-02-04T09:40:03.317+0000] {logging_mixin.py:188} INFO - Downloaded AMZN/1770190392.json
[2026-02-04T09:40:03.325+0000] {logging_mixin.py:188} INFO - Downloaded AMZN/1770190403.json
[2026-02-04T09:40:03.334+0000] {logging_mixin.py:188} INFO - Downloaded AMZN/1770190414.json
[2026-02-04T09:40:03.343+0000] {logging_mixin.py:188} INFO - Downloaded AMZN/1770190425.json
[2026-02-04T09:40:03.352+0000] {logging_mixin.py:188} INFO - Downloaded AMZN/1770190435.json
[2026-02-04T09:40:03.363+0000] {logging_mixin.py:188} INFO - Downloaded AMZN/1770190446.json
[2026-02-04T09:40:03.372+0000] {logging_mixin.py:188} INFO - Downloaded AMZN/1770190456.json
[2026-02-04T09:40:03.381+0000] {logging_mixin.py:188} INFO - Downloaded AMZN/1770190467.json
[2026-02-04T09:40:03.390+0000] {logging_mixin.py:188} INFO - Downloaded AMZN/1770190477.json
[2026-02-04T09:40:03.399+0000] {logging_mixin.py:188} INFO - Downloaded AMZN/1770190488.json
[2026-02-04T09:40:03.408+0000] {logging_mixin.py:188} INFO - Downloaded AMZN/1770190499.json
[2026-02-04T09:40:03.417+0000] {logging_mixin.py:188} INFO - Downloaded AMZN/1770190509.json
[2026-02-04T09:40:03.426+0000] {logging_mixin.py:188} INFO - Downloaded AMZN/1770190520.json
[2026-02-04T09:40:03.435+0000] {logging_mixin.py:188} INFO - Downloaded AMZN/1770190531.json
[2026-02-04T09:40:03.444+0000] {logging_mixin.py:188} INFO - Downloaded AMZN/1770190541.json
[2026-02-04T09:40:03.453+0000] {logging_mixin.py:188} INFO - Downloaded AMZN/1770190552.json
[2026-02-04T09:40:03.462+0000] {logging_mixin.py:188} INFO - Downloaded AMZN/1770190562.json
[2026-02-04T09:40:03.472+0000] {logging_mixin.py:188} INFO - Downloaded AMZN/1770190573.json
[2026-02-04T09:40:03.480+0000] {logging_mixin.py:188} INFO - Downloaded AMZN/1770190583.json
[2026-02-04T09:40:03.491+0000] {logging_mixin.py:188} INFO - Downloaded AMZN/1770190593.json
[2026-02-04T09:40:03.499+0000] {logging_mixin.py:188} INFO - Downloaded AMZN/1770190604.json
[2026-02-04T09:40:03.509+0000] {logging_mixin.py:188} INFO - Downloaded AMZN/1770190615.json
[2026-02-04T09:40:03.520+0000] {logging_mixin.py:188} INFO - Downloaded AMZN/1770190625.json
[2026-02-04T09:40:03.529+0000] {logging_mixin.py:188} INFO - Downloaded AMZN/1770190635.json
[2026-02-04T09:40:03.538+0000] {logging_mixin.py:188} INFO - Downloaded AMZN/1770190645.json
[2026-02-04T09:40:03.548+0000] {logging_mixin.py:188} INFO - Downloaded AMZN/1770190656.json
[2026-02-04T09:40:03.559+0000] {logging_mixin.py:188} INFO - Downloaded AMZN/1770190666.json
[2026-02-04T09:40:03.569+0000] {logging_mixin.py:188} INFO - Downloaded AMZN/1770190677.json
[2026-02-04T09:40:03.579+0000] {logging_mixin.py:188} INFO - Downloaded AMZN/1770190687.json
[2026-02-04T09:40:03.589+0000] {logging_mixin.py:188} INFO - Downloaded AMZN/1770190697.json
[2026-02-04T09:40:03.598+0000] {logging_mixin.py:188} INFO - Downloaded AMZN/1770190708.json
[2026-02-04T09:40:03.610+0000] {logging_mixin.py:188} INFO - Downloaded AMZN/1770190718.json
[2026-02-04T09:40:03.619+0000] {logging_mixin.py:188} INFO - Downloaded AMZN/1770190729.json
[2026-02-04T09:40:03.628+0000] {logging_mixin.py:188} INFO - Downloaded AMZN/1770190739.json
[2026-02-04T09:40:03.637+0000] {logging_mixin.py:188} INFO - Downloaded AMZN/1770190750.json
[2026-02-04T09:40:03.646+0000] {logging_mixin.py:188} INFO - Downloaded AMZN/1770190760.json
[2026-02-04T09:40:03.655+0000] {logging_mixin.py:188} INFO - Downloaded AMZN/1770190771.json
[2026-02-04T09:40:03.664+0000] {logging_mixin.py:188} INFO - Downloaded AMZN/1770190781.json
[2026-02-04T09:40:03.673+0000] {logging_mixin.py:188} INFO - Downloaded AMZN/1770190792.json
[2026-02-04T09:40:03.682+0000] {logging_mixin.py:188} INFO - Downloaded AMZN/1770190803.json
[2026-02-04T09:40:03.690+0000] {logging_mixin.py:188} INFO - Downloaded AMZN/1770190813.json
[2026-02-04T09:40:03.699+0000] {logging_mixin.py:188} INFO - Downloaded AMZN/1770190824.json
[2026-02-04T09:40:03.708+0000] {logging_mixin.py:188} INFO - Downloaded AMZN/1770190835.json
[2026-02-04T09:40:03.717+0000] {logging_mixin.py:188} INFO - Downloaded AMZN/1770190845.json
[2026-02-04T09:40:03.727+0000] {logging_mixin.py:188} INFO - Downloaded AMZN/1770190856.json
[2026-02-04T09:40:03.736+0000] {logging_mixin.py:188} INFO - Downloaded AMZN/1770190866.json
[2026-02-04T09:40:03.746+0000] {logging_mixin.py:188} INFO - Downloaded AMZN/1770190877.json
[2026-02-04T09:40:03.754+0000] {logging_mixin.py:188} INFO - Downloaded AMZN/1770190888.json
[2026-02-04T09:40:03.764+0000] {logging_mixin.py:188} INFO - Downloaded AMZN/1770190901.json
[2026-02-04T09:40:03.773+0000] {logging_mixin.py:188} INFO - Downloaded AMZN/1770190912.json
[2026-02-04T09:40:03.782+0000] {logging_mixin.py:188} INFO - Downloaded AMZN/1770190923.json
[2026-02-04T09:40:03.791+0000] {logging_mixin.py:188} INFO - Downloaded AMZN/1770190933.json
[2026-02-04T09:40:03.799+0000] {logging_mixin.py:188} INFO - Downloaded AMZN/1770190944.json
[2026-02-04T09:40:03.808+0000] {logging_mixin.py:188} INFO - Downloaded AMZN/1770190955.json
[2026-02-04T09:40:03.817+0000] {logging_mixin.py:188} INFO - Downloaded AMZN/1770190965.json
[2026-02-04T09:40:03.828+0000] {logging_mixin.py:188} INFO - Downloaded AMZN/1770190976.json
[2026-02-04T09:40:03.840+0000] {logging_mixin.py:188} INFO - Downloaded AMZN/1770190988.json
[2026-02-04T09:40:03.852+0000] {logging_mixin.py:188} INFO - Downloaded AMZN/1770190999.json
[2026-02-04T09:40:03.863+0000] {logging_mixin.py:188} INFO - Downloaded AMZN/1770191010.json
[2026-02-04T09:40:03.873+0000] {logging_mixin.py:188} INFO - Downloaded AMZN/1770191021.json
[2026-02-04T09:40:03.883+0000] {logging_mixin.py:188} INFO - Downloaded AMZN/1770191032.json
[2026-02-04T09:40:03.894+0000] {logging_mixin.py:188} INFO - Downloaded AMZN/1770191042.json
[2026-02-04T09:40:03.904+0000] {logging_mixin.py:188} INFO - Downloaded AMZN/1770191053.json
[2026-02-04T09:40:03.914+0000] {logging_mixin.py:188} INFO - Downloaded AMZN/1770191063.json
[2026-02-04T09:40:03.923+0000] {logging_mixin.py:188} INFO - Downloaded AMZN/1770191074.json
[2026-02-04T09:40:03.932+0000] {logging_mixin.py:188} INFO - Downloaded AMZN/1770191084.json
[2026-02-04T09:40:03.941+0000] {logging_mixin.py:188} INFO - Downloaded AMZN/1770191094.json
[2026-02-04T09:40:03.950+0000] {logging_mixin.py:188} INFO - Downloaded AMZN/1770191105.json
[2026-02-04T09:40:03.960+0000] {logging_mixin.py:188} INFO - Downloaded AMZN/1770191115.json
[2026-02-04T09:40:03.971+0000] {logging_mixin.py:188} INFO - Downloaded AMZN/1770191126.json
[2026-02-04T09:40:03.981+0000] {logging_mixin.py:188} INFO - Downloaded AMZN/1770191137.json
[2026-02-04T09:40:03.992+0000] {logging_mixin.py:188} INFO - Downloaded AMZN/1770191147.json
[2026-02-04T09:40:04.002+0000] {logging_mixin.py:188} INFO - Downloaded AMZN/1770191158.json
[2026-02-04T09:40:04.013+0000] {logging_mixin.py:188} INFO - Downloaded AMZN/1770191168.json
[2026-02-04T09:40:04.022+0000] {logging_mixin.py:188} INFO - Downloaded AMZN/1770191179.json
[2026-02-04T09:40:04.031+0000] {logging_mixin.py:188} INFO - Downloaded AMZN/1770191190.json
[2026-02-04T09:40:04.040+0000] {logging_mixin.py:188} INFO - Downloaded AMZN/1770191200.json
[2026-02-04T09:40:04.049+0000] {logging_mixin.py:188} INFO - Downloaded AMZN/1770191211.json
[2026-02-04T09:40:04.058+0000] {logging_mixin.py:188} INFO - Downloaded AMZN/1770191222.json
[2026-02-04T09:40:04.067+0000] {logging_mixin.py:188} INFO - Downloaded AMZN/1770191233.json
[2026-02-04T09:40:04.076+0000] {logging_mixin.py:188} INFO - Downloaded AMZN/1770191244.json
[2026-02-04T09:40:04.085+0000] {logging_mixin.py:188} INFO - Downloaded AMZN/1770191254.json
[2026-02-04T09:40:04.094+0000] {logging_mixin.py:188} INFO - Downloaded AMZN/1770191265.json
[2026-02-04T09:40:04.102+0000] {logging_mixin.py:188} INFO - Downloaded AMZN/1770191276.json
[2026-02-04T09:40:04.111+0000] {logging_mixin.py:188} INFO - Downloaded AMZN/1770191286.json
[2026-02-04T09:40:04.120+0000] {logging_mixin.py:188} INFO - Downloaded GOOGL/1770190214.json
[2026-02-04T09:40:04.130+0000] {logging_mixin.py:188} INFO - Downloaded GOOGL/1770190224.json
[2026-02-04T09:40:04.140+0000] {logging_mixin.py:188} INFO - Downloaded GOOGL/1770190236.json
[2026-02-04T09:40:04.150+0000] {logging_mixin.py:188} INFO - Downloaded GOOGL/1770190248.json
[2026-02-04T09:40:04.161+0000] {logging_mixin.py:188} INFO - Downloaded GOOGL/1770190260.json
[2026-02-04T09:40:04.170+0000] {logging_mixin.py:188} INFO - Downloaded GOOGL/1770190270.json
[2026-02-04T09:40:04.178+0000] {logging_mixin.py:188} INFO - Downloaded GOOGL/1770190281.json
[2026-02-04T09:40:04.187+0000] {logging_mixin.py:188} INFO - Downloaded GOOGL/1770190292.json
[2026-02-04T09:40:04.197+0000] {logging_mixin.py:188} INFO - Downloaded GOOGL/1770190302.json
[2026-02-04T09:40:04.206+0000] {logging_mixin.py:188} INFO - Downloaded GOOGL/1770190315.json
[2026-02-04T09:40:04.215+0000] {logging_mixin.py:188} INFO - Downloaded GOOGL/1770190325.json
[2026-02-04T09:40:04.224+0000] {logging_mixin.py:188} INFO - Downloaded GOOGL/1770190336.json
[2026-02-04T09:40:04.235+0000] {logging_mixin.py:188} INFO - Downloaded GOOGL/1770190347.json
[2026-02-04T09:40:04.244+0000] {logging_mixin.py:188} INFO - Downloaded GOOGL/1770190359.json
[2026-02-04T09:40:04.252+0000] {logging_mixin.py:188} INFO - Downloaded GOOGL/1770190370.json
[2026-02-04T09:40:04.263+0000] {logging_mixin.py:188} INFO - Downloaded GOOGL/1770190380.json
[2026-02-04T09:40:04.272+0000] {logging_mixin.py:188} INFO - Downloaded GOOGL/1770190391.json
[2026-02-04T09:40:04.281+0000] {logging_mixin.py:188} INFO - Downloaded GOOGL/1770190402.json
[2026-02-04T09:40:04.289+0000] {logging_mixin.py:188} INFO - Downloaded GOOGL/1770190413.json
[2026-02-04T09:40:04.299+0000] {logging_mixin.py:188} INFO - Downloaded GOOGL/1770190424.json
[2026-02-04T09:40:04.308+0000] {logging_mixin.py:188} INFO - Downloaded GOOGL/1770190434.json
[2026-02-04T09:40:04.316+0000] {logging_mixin.py:188} INFO - Downloaded GOOGL/1770190445.json
[2026-02-04T09:40:04.325+0000] {logging_mixin.py:188} INFO - Downloaded GOOGL/1770190455.json
[2026-02-04T09:40:04.334+0000] {logging_mixin.py:188} INFO - Downloaded GOOGL/1770190466.json
[2026-02-04T09:40:04.343+0000] {logging_mixin.py:188} INFO - Downloaded GOOGL/1770190477.json
[2026-02-04T09:40:04.352+0000] {logging_mixin.py:188} INFO - Downloaded GOOGL/1770190487.json
[2026-02-04T09:40:04.362+0000] {logging_mixin.py:188} INFO - Downloaded GOOGL/1770190498.json
[2026-02-04T09:40:04.373+0000] {logging_mixin.py:188} INFO - Downloaded GOOGL/1770190508.json
[2026-02-04T09:40:04.383+0000] {logging_mixin.py:188} INFO - Downloaded GOOGL/1770190519.json
[2026-02-04T09:40:04.396+0000] {logging_mixin.py:188} INFO - Downloaded GOOGL/1770190529.json
[2026-02-04T09:40:04.407+0000] {logging_mixin.py:188} INFO - Downloaded GOOGL/1770190540.json
[2026-02-04T09:40:04.418+0000] {logging_mixin.py:188} INFO - Downloaded GOOGL/1770190551.json
[2026-02-04T09:40:04.429+0000] {logging_mixin.py:188} INFO - Downloaded GOOGL/1770190561.json
[2026-02-04T09:40:04.438+0000] {logging_mixin.py:188} INFO - Downloaded GOOGL/1770190572.json
[2026-02-04T09:40:04.447+0000] {logging_mixin.py:188} INFO - Downloaded GOOGL/1770190582.json
[2026-02-04T09:40:04.455+0000] {logging_mixin.py:188} INFO - Downloaded GOOGL/1770190592.json
[2026-02-04T09:40:04.464+0000] {logging_mixin.py:188} INFO - Downloaded GOOGL/1770190603.json
[2026-02-04T09:40:04.473+0000] {logging_mixin.py:188} INFO - Downloaded GOOGL/1770190614.json
[2026-02-04T09:40:04.481+0000] {logging_mixin.py:188} INFO - Downloaded GOOGL/1770190624.json
[2026-02-04T09:40:04.490+0000] {logging_mixin.py:188} INFO - Downloaded GOOGL/1770190634.json
[2026-02-04T09:40:04.500+0000] {logging_mixin.py:188} INFO - Downloaded GOOGL/1770190645.json
[2026-02-04T09:40:04.509+0000] {logging_mixin.py:188} INFO - Downloaded GOOGL/1770190655.json
[2026-02-04T09:40:04.518+0000] {logging_mixin.py:188} INFO - Downloaded GOOGL/1770190665.json
[2026-02-04T09:40:04.526+0000] {logging_mixin.py:188} INFO - Downloaded GOOGL/1770190676.json
[2026-02-04T09:40:04.538+0000] {logging_mixin.py:188} INFO - Downloaded GOOGL/1770190686.json
[2026-02-04T09:40:04.558+0000] {logging_mixin.py:188} INFO - Downloaded GOOGL/1770190697.json
[2026-02-04T09:40:04.578+0000] {logging_mixin.py:188} INFO - Downloaded GOOGL/1770190707.json
[2026-02-04T09:40:04.599+0000] {logging_mixin.py:188} INFO - Downloaded GOOGL/1770190718.json
[2026-02-04T09:40:04.620+0000] {logging_mixin.py:188} INFO - Downloaded GOOGL/1770190728.json
[2026-02-04T09:40:04.641+0000] {logging_mixin.py:188} INFO - Downloaded GOOGL/1770190738.json
[2026-02-04T09:40:04.661+0000] {logging_mixin.py:188} INFO - Downloaded GOOGL/1770190749.json
[2026-02-04T09:40:04.680+0000] {logging_mixin.py:188} INFO - Downloaded GOOGL/1770190760.json
[2026-02-04T09:40:04.699+0000] {logging_mixin.py:188} INFO - Downloaded GOOGL/1770190770.json
[2026-02-04T09:40:04.719+0000] {logging_mixin.py:188} INFO - Downloaded GOOGL/1770190780.json
[2026-02-04T09:40:04.740+0000] {logging_mixin.py:188} INFO - Downloaded GOOGL/1770190791.json
[2026-02-04T09:40:04.765+0000] {logging_mixin.py:188} INFO - Downloaded GOOGL/1770190802.json
[2026-02-04T09:40:04.783+0000] {logging_mixin.py:188} INFO - Downloaded GOOGL/1770190813.json
[2026-02-04T09:40:04.802+0000] {logging_mixin.py:188} INFO - Downloaded GOOGL/1770190823.json
[2026-02-04T09:40:04.821+0000] {logging_mixin.py:188} INFO - Downloaded GOOGL/1770190834.json
[2026-02-04T09:40:04.840+0000] {logging_mixin.py:188} INFO - Downloaded GOOGL/1770190844.json
[2026-02-04T09:40:04.860+0000] {logging_mixin.py:188} INFO - Downloaded GOOGL/1770190855.json
[2026-02-04T09:40:04.880+0000] {logging_mixin.py:188} INFO - Downloaded GOOGL/1770190865.json
[2026-02-04T09:40:04.902+0000] {logging_mixin.py:188} INFO - Downloaded GOOGL/1770190876.json
[2026-02-04T09:40:04.930+0000] {logging_mixin.py:188} INFO - Downloaded GOOGL/1770190887.json
[2026-02-04T09:40:04.956+0000] {logging_mixin.py:188} INFO - Downloaded GOOGL/1770190899.json
[2026-02-04T09:40:04.983+0000] {logging_mixin.py:188} INFO - Downloaded GOOGL/1770190911.json
[2026-02-04T09:40:05.006+0000] {logging_mixin.py:188} INFO - Downloaded GOOGL/1770190922.json
[2026-02-04T09:40:05.031+0000] {logging_mixin.py:188} INFO - Downloaded GOOGL/1770190932.json
[2026-02-04T09:40:05.058+0000] {logging_mixin.py:188} INFO - Downloaded GOOGL/1770190943.json
[2026-02-04T09:40:05.082+0000] {logging_mixin.py:188} INFO - Downloaded GOOGL/1770190954.json
[2026-02-04T09:40:05.102+0000] {logging_mixin.py:188} INFO - Downloaded GOOGL/1770190965.json
[2026-02-04T09:40:05.121+0000] {logging_mixin.py:188} INFO - Downloaded GOOGL/1770190975.json
[2026-02-04T09:40:05.140+0000] {logging_mixin.py:188} INFO - Downloaded GOOGL/1770190987.json
[2026-02-04T09:40:05.158+0000] {logging_mixin.py:188} INFO - Downloaded GOOGL/1770190998.json
[2026-02-04T09:40:05.179+0000] {logging_mixin.py:188} INFO - Downloaded GOOGL/1770191009.json
[2026-02-04T09:40:05.198+0000] {logging_mixin.py:188} INFO - Downloaded GOOGL/1770191020.json
[2026-02-04T09:40:05.217+0000] {logging_mixin.py:188} INFO - Downloaded GOOGL/1770191031.json
[2026-02-04T09:40:05.236+0000] {logging_mixin.py:188} INFO - Downloaded GOOGL/1770191041.json
[2026-02-04T09:40:05.255+0000] {logging_mixin.py:188} INFO - Downloaded GOOGL/1770191052.json
[2026-02-04T09:40:05.273+0000] {logging_mixin.py:188} INFO - Downloaded GOOGL/1770191062.json
[2026-02-04T09:40:05.292+0000] {logging_mixin.py:188} INFO - Downloaded GOOGL/1770191073.json
[2026-02-04T09:40:05.311+0000] {logging_mixin.py:188} INFO - Downloaded GOOGL/1770191083.json
[2026-02-04T09:40:05.329+0000] {logging_mixin.py:188} INFO - Downloaded GOOGL/1770191094.json
[2026-02-04T09:40:05.348+0000] {logging_mixin.py:188} INFO - Downloaded GOOGL/1770191104.json
[2026-02-04T09:40:05.366+0000] {logging_mixin.py:188} INFO - Downloaded GOOGL/1770191114.json
[2026-02-04T09:40:05.385+0000] {logging_mixin.py:188} INFO - Downloaded GOOGL/1770191125.json
[2026-02-04T09:40:05.407+0000] {logging_mixin.py:188} INFO - Downloaded GOOGL/1770191136.json
[2026-02-04T09:40:05.425+0000] {logging_mixin.py:188} INFO - Downloaded GOOGL/1770191146.json
[2026-02-04T09:40:05.443+0000] {logging_mixin.py:188} INFO - Downloaded GOOGL/1770191157.json
[2026-02-04T09:40:05.461+0000] {logging_mixin.py:188} INFO - Downloaded GOOGL/1770191167.json
[2026-02-04T09:40:05.481+0000] {logging_mixin.py:188} INFO - Downloaded GOOGL/1770191178.json
[2026-02-04T09:40:05.499+0000] {logging_mixin.py:188} INFO - Downloaded GOOGL/1770191189.json
[2026-02-04T09:40:05.517+0000] {logging_mixin.py:188} INFO - Downloaded GOOGL/1770191200.json
[2026-02-04T09:40:05.540+0000] {logging_mixin.py:188} INFO - Downloaded GOOGL/1770191210.json
[2026-02-04T09:40:05.560+0000] {logging_mixin.py:188} INFO - Downloaded GOOGL/1770191221.json
[2026-02-04T09:40:05.582+0000] {logging_mixin.py:188} INFO - Downloaded GOOGL/1770191232.json
[2026-02-04T09:40:05.607+0000] {logging_mixin.py:188} INFO - Downloaded GOOGL/1770191243.json
[2026-02-04T09:40:05.628+0000] {logging_mixin.py:188} INFO - Downloaded GOOGL/1770191253.json
[2026-02-04T09:40:05.647+0000] {logging_mixin.py:188} INFO - Downloaded GOOGL/1770191264.json
[2026-02-04T09:40:05.665+0000] {logging_mixin.py:188} INFO - Downloaded GOOGL/1770191275.json
[2026-02-04T09:40:05.684+0000] {logging_mixin.py:188} INFO - Downloaded GOOGL/1770191285.json
[2026-02-04T09:40:05.704+0000] {logging_mixin.py:188} INFO - Downloaded MSFT/1770190212.json
[2026-02-04T09:40:05.721+0000] {logging_mixin.py:188} INFO - Downloaded MSFT/1770190222.json
[2026-02-04T09:40:05.739+0000] {logging_mixin.py:188} INFO - Downloaded MSFT/1770190234.json
[2026-02-04T09:40:05.758+0000] {logging_mixin.py:188} INFO - Downloaded MSFT/1770190246.json
[2026-02-04T09:40:05.780+0000] {logging_mixin.py:188} INFO - Downloaded MSFT/1770190257.json
[2026-02-04T09:40:05.801+0000] {logging_mixin.py:188} INFO - Downloaded MSFT/1770190268.json
[2026-02-04T09:40:05.819+0000] {logging_mixin.py:188} INFO - Downloaded MSFT/1770190279.json
[2026-02-04T09:40:05.837+0000] {logging_mixin.py:188} INFO - Downloaded MSFT/1770190290.json
[2026-02-04T09:40:05.856+0000] {logging_mixin.py:188} INFO - Downloaded MSFT/1770190301.json
[2026-02-04T09:40:05.876+0000] {logging_mixin.py:188} INFO - Downloaded MSFT/1770190311.json
[2026-02-04T09:40:05.903+0000] {logging_mixin.py:188} INFO - Downloaded MSFT/1770190324.json
[2026-02-04T09:40:05.932+0000] {logging_mixin.py:188} INFO - Downloaded MSFT/1770190334.json
[2026-02-04T09:40:05.955+0000] {logging_mixin.py:188} INFO - Downloaded MSFT/1770190345.json
[2026-02-04T09:40:05.976+0000] {logging_mixin.py:188} INFO - Downloaded MSFT/1770190357.json
[2026-02-04T09:40:06.002+0000] {logging_mixin.py:188} INFO - Downloaded MSFT/1770190368.json
[2026-02-04T09:40:06.030+0000] {logging_mixin.py:188} INFO - Downloaded MSFT/1770190379.json
[2026-02-04T09:40:06.065+0000] {logging_mixin.py:188} INFO - Downloaded MSFT/1770190389.json
[2026-02-04T09:40:06.107+0000] {logging_mixin.py:188} INFO - Downloaded MSFT/1770190400.json
[2026-02-04T09:40:06.153+0000] {logging_mixin.py:188} INFO - Downloaded MSFT/1770190411.json
[2026-02-04T09:40:06.200+0000] {logging_mixin.py:188} INFO - Downloaded MSFT/1770190422.json
[2026-02-04T09:40:06.229+0000] {logging_mixin.py:188} INFO - Downloaded MSFT/1770190433.json
[2026-02-04T09:40:06.272+0000] {logging_mixin.py:188} INFO - Downloaded MSFT/1770190443.json
[2026-02-04T09:40:06.317+0000] {logging_mixin.py:188} INFO - Downloaded MSFT/1770190454.json
[2026-02-04T09:40:06.356+0000] {logging_mixin.py:188} INFO - Downloaded MSFT/1770190464.json
[2026-02-04T09:40:06.383+0000] {logging_mixin.py:188} INFO - Downloaded MSFT/1770190475.json
[2026-02-04T09:40:06.418+0000] {logging_mixin.py:188} INFO - Downloaded MSFT/1770190486.json
[2026-02-04T09:40:06.449+0000] {logging_mixin.py:188} INFO - Downloaded MSFT/1770190496.json
[2026-02-04T09:40:06.497+0000] {logging_mixin.py:188} INFO - Downloaded MSFT/1770190507.json
[2026-02-04T09:40:06.543+0000] {logging_mixin.py:188} INFO - Downloaded MSFT/1770190517.json
[2026-02-04T09:40:06.567+0000] {logging_mixin.py:188} INFO - Downloaded MSFT/1770190528.json
[2026-02-04T09:40:06.584+0000] {logging_mixin.py:188} INFO - Downloaded MSFT/1770190538.json
[2026-02-04T09:40:06.603+0000] {logging_mixin.py:188} INFO - Downloaded MSFT/1770190549.json
[2026-02-04T09:40:06.628+0000] {logging_mixin.py:188} INFO - Downloaded MSFT/1770190559.json
[2026-02-04T09:40:06.652+0000] {logging_mixin.py:188} INFO - Downloaded MSFT/1770190570.json
[2026-02-04T09:40:06.671+0000] {logging_mixin.py:188} INFO - Downloaded MSFT/1770190580.json
[2026-02-04T09:40:06.689+0000] {logging_mixin.py:188} INFO - Downloaded MSFT/1770190591.json
[2026-02-04T09:40:06.707+0000] {logging_mixin.py:188} INFO - Downloaded MSFT/1770190601.json
[2026-02-04T09:40:06.725+0000] {logging_mixin.py:188} INFO - Downloaded MSFT/1770190612.json
[2026-02-04T09:40:06.743+0000] {logging_mixin.py:188} INFO - Downloaded MSFT/1770190622.json
[2026-02-04T09:40:06.764+0000] {logging_mixin.py:188} INFO - Downloaded MSFT/1770190632.json
[2026-02-04T09:40:06.787+0000] {logging_mixin.py:188} INFO - Downloaded MSFT/1770190643.json
[2026-02-04T09:40:06.811+0000] {logging_mixin.py:188} INFO - Downloaded MSFT/1770190653.json
[2026-02-04T09:40:06.831+0000] {logging_mixin.py:188} INFO - Downloaded MSFT/1770190663.json
[2026-02-04T09:40:06.849+0000] {logging_mixin.py:188} INFO - Downloaded MSFT/1770190674.json
[2026-02-04T09:40:06.867+0000] {logging_mixin.py:188} INFO - Downloaded MSFT/1770190684.json
[2026-02-04T09:40:06.885+0000] {logging_mixin.py:188} INFO - Downloaded MSFT/1770190695.json
[2026-02-04T09:40:06.905+0000] {logging_mixin.py:188} INFO - Downloaded MSFT/1770190705.json
[2026-02-04T09:40:06.925+0000] {logging_mixin.py:188} INFO - Downloaded MSFT/1770190716.json
[2026-02-04T09:40:06.947+0000] {logging_mixin.py:188} INFO - Downloaded MSFT/1770190726.json
[2026-02-04T09:40:06.966+0000] {logging_mixin.py:188} INFO - Downloaded MSFT/1770190737.json
[2026-02-04T09:40:06.989+0000] {logging_mixin.py:188} INFO - Downloaded MSFT/1770190747.json
[2026-02-04T09:40:07.009+0000] {logging_mixin.py:188} INFO - Downloaded MSFT/1770190758.json
[2026-02-04T09:40:07.030+0000] {logging_mixin.py:188} INFO - Downloaded MSFT/1770190768.json
[2026-02-04T09:40:07.053+0000] {logging_mixin.py:188} INFO - Downloaded MSFT/1770190779.json
[2026-02-04T09:40:07.072+0000] {logging_mixin.py:188} INFO - Downloaded MSFT/1770190789.json
[2026-02-04T09:40:07.092+0000] {logging_mixin.py:188} INFO - Downloaded MSFT/1770190800.json
[2026-02-04T09:40:07.110+0000] {logging_mixin.py:188} INFO - Downloaded MSFT/1770190811.json
[2026-02-04T09:40:07.128+0000] {logging_mixin.py:188} INFO - Downloaded MSFT/1770190821.json
[2026-02-04T09:40:07.151+0000] {logging_mixin.py:188} INFO - Downloaded MSFT/1770190832.json
[2026-02-04T09:40:07.172+0000] {logging_mixin.py:188} INFO - Downloaded MSFT/1770190842.json
[2026-02-04T09:40:07.193+0000] {logging_mixin.py:188} INFO - Downloaded MSFT/1770190853.json
[2026-02-04T09:40:07.214+0000] {logging_mixin.py:188} INFO - Downloaded MSFT/1770190863.json
[2026-02-04T09:40:07.237+0000] {logging_mixin.py:188} INFO - Downloaded MSFT/1770190874.json
[2026-02-04T09:40:07.256+0000] {logging_mixin.py:188} INFO - Downloaded MSFT/1770190885.json
[2026-02-04T09:40:07.276+0000] {logging_mixin.py:188} INFO - Downloaded MSFT/1770190896.json
[2026-02-04T09:40:07.295+0000] {logging_mixin.py:188} INFO - Downloaded MSFT/1770190909.json
[2026-02-04T09:40:07.320+0000] {logging_mixin.py:188} INFO - Downloaded MSFT/1770190920.json
[2026-02-04T09:40:07.341+0000] {logging_mixin.py:188} INFO - Downloaded MSFT/1770190930.json
[2026-02-04T09:40:07.364+0000] {logging_mixin.py:188} INFO - Downloaded MSFT/1770190941.json
[2026-02-04T09:40:07.393+0000] {logging_mixin.py:188} INFO - Downloaded MSFT/1770190952.json
[2026-02-04T09:40:07.420+0000] {logging_mixin.py:188} INFO - Downloaded MSFT/1770190963.json
[2026-02-04T09:40:07.454+0000] {logging_mixin.py:188} INFO - Downloaded MSFT/1770190973.json
[2026-02-04T09:40:07.487+0000] {logging_mixin.py:188} INFO - Downloaded MSFT/1770190984.json
[2026-02-04T09:40:07.536+0000] {logging_mixin.py:188} INFO - Downloaded MSFT/1770190996.json
[2026-02-04T09:40:07.563+0000] {logging_mixin.py:188} INFO - Downloaded MSFT/1770191007.json
[2026-02-04T09:40:07.587+0000] {logging_mixin.py:188} INFO - Downloaded MSFT/1770191018.json
[2026-02-04T09:40:07.609+0000] {logging_mixin.py:188} INFO - Downloaded MSFT/1770191029.json
[2026-02-04T09:40:07.629+0000] {logging_mixin.py:188} INFO - Downloaded MSFT/1770191040.json
[2026-02-04T09:40:07.649+0000] {logging_mixin.py:188} INFO - Downloaded MSFT/1770191050.json
[2026-02-04T09:40:07.669+0000] {logging_mixin.py:188} INFO - Downloaded MSFT/1770191061.json
[2026-02-04T09:40:07.691+0000] {logging_mixin.py:188} INFO - Downloaded MSFT/1770191071.json
[2026-02-04T09:40:07.712+0000] {logging_mixin.py:188} INFO - Downloaded MSFT/1770191081.json
[2026-02-04T09:40:07.733+0000] {logging_mixin.py:188} INFO - Downloaded MSFT/1770191092.json
[2026-02-04T09:40:07.753+0000] {logging_mixin.py:188} INFO - Downloaded MSFT/1770191102.json
[2026-02-04T09:40:07.774+0000] {logging_mixin.py:188} INFO - Downloaded MSFT/1770191112.json
[2026-02-04T09:40:07.793+0000] {logging_mixin.py:188} INFO - Downloaded MSFT/1770191123.json
[2026-02-04T09:40:07.816+0000] {logging_mixin.py:188} INFO - Downloaded MSFT/1770191134.json
[2026-02-04T09:40:07.839+0000] {logging_mixin.py:188} INFO - Downloaded MSFT/1770191145.json
[2026-02-04T09:40:07.863+0000] {logging_mixin.py:188} INFO - Downloaded MSFT/1770191155.json
[2026-02-04T09:40:07.895+0000] {logging_mixin.py:188} INFO - Downloaded MSFT/1770191165.json
[2026-02-04T09:40:07.919+0000] {logging_mixin.py:188} INFO - Downloaded MSFT/1770191176.json
[2026-02-04T09:40:07.947+0000] {logging_mixin.py:188} INFO - Downloaded MSFT/1770191187.json
[2026-02-04T09:40:07.978+0000] {logging_mixin.py:188} INFO - Downloaded MSFT/1770191198.json
[2026-02-04T09:40:08.017+0000] {logging_mixin.py:188} INFO - Downloaded MSFT/1770191209.json
[2026-02-04T09:40:08.049+0000] {logging_mixin.py:188} INFO - Downloaded MSFT/1770191219.json
[2026-02-04T09:40:08.091+0000] {logging_mixin.py:188} INFO - Downloaded MSFT/1770191230.json
[2026-02-04T09:40:08.120+0000] {logging_mixin.py:188} INFO - Downloaded MSFT/1770191241.json
[2026-02-04T09:40:08.157+0000] {logging_mixin.py:188} INFO - Downloaded MSFT/1770191252.json
[2026-02-04T09:40:08.189+0000] {logging_mixin.py:188} INFO - Downloaded MSFT/1770191262.json
[2026-02-04T09:40:08.225+0000] {logging_mixin.py:188} INFO - Downloaded MSFT/1770191273.json
[2026-02-04T09:40:08.261+0000] {logging_mixin.py:188} INFO - Downloaded MSFT/1770191284.json
[2026-02-04T09:40:08.310+0000] {logging_mixin.py:188} INFO - Downloaded TSLA/1770190213.json
[2026-02-04T09:40:08.330+0000] {logging_mixin.py:188} INFO - Downloaded TSLA/1770190223.json
[2026-02-04T09:40:08.347+0000] {logging_mixin.py:188} INFO - Downloaded TSLA/1770190235.json
[2026-02-04T09:40:08.365+0000] {logging_mixin.py:188} INFO - Downloaded TSLA/1770190247.json
[2026-02-04T09:40:08.385+0000] {logging_mixin.py:188} INFO - Downloaded TSLA/1770190259.json
[2026-02-04T09:40:08.406+0000] {logging_mixin.py:188} INFO - Downloaded TSLA/1770190269.json
[2026-02-04T09:40:08.426+0000] {logging_mixin.py:188} INFO - Downloaded TSLA/1770190280.json
[2026-02-04T09:40:08.445+0000] {logging_mixin.py:188} INFO - Downloaded TSLA/1770190291.json
[2026-02-04T09:40:08.467+0000] {logging_mixin.py:188} INFO - Downloaded TSLA/1770190302.json
[2026-02-04T09:40:08.488+0000] {logging_mixin.py:188} INFO - Downloaded TSLA/1770190314.json
[2026-02-04T09:40:08.508+0000] {logging_mixin.py:188} INFO - Downloaded TSLA/1770190325.json
[2026-02-04T09:40:08.531+0000] {logging_mixin.py:188} INFO - Downloaded TSLA/1770190335.json
[2026-02-04T09:40:08.565+0000] {logging_mixin.py:188} INFO - Downloaded TSLA/1770190346.json
[2026-02-04T09:40:08.615+0000] {logging_mixin.py:188} INFO - Downloaded TSLA/1770190358.json
[2026-02-04T09:40:08.646+0000] {logging_mixin.py:188} INFO - Downloaded TSLA/1770190369.json
[2026-02-04T09:40:08.674+0000] {logging_mixin.py:188} INFO - Downloaded TSLA/1770190380.json
[2026-02-04T09:40:08.701+0000] {logging_mixin.py:188} INFO - Downloaded TSLA/1770190390.json
[2026-02-04T09:40:08.729+0000] {logging_mixin.py:188} INFO - Downloaded TSLA/1770190401.json
[2026-02-04T09:40:08.759+0000] {logging_mixin.py:188} INFO - Downloaded TSLA/1770190412.json
[2026-02-04T09:40:08.794+0000] {logging_mixin.py:188} INFO - Downloaded TSLA/1770190423.json
[2026-02-04T09:40:08.821+0000] {logging_mixin.py:188} INFO - Downloaded TSLA/1770190433.json
[2026-02-04T09:40:08.843+0000] {logging_mixin.py:188} INFO - Downloaded TSLA/1770190444.json
[2026-02-04T09:40:08.869+0000] {logging_mixin.py:188} INFO - Downloaded TSLA/1770190455.json
[2026-02-04T09:40:08.888+0000] {logging_mixin.py:188} INFO - Downloaded TSLA/1770190465.json
[2026-02-04T09:40:08.908+0000] {logging_mixin.py:188} INFO - Downloaded TSLA/1770190476.json
[2026-02-04T09:40:08.929+0000] {logging_mixin.py:188} INFO - Downloaded TSLA/1770190486.json
[2026-02-04T09:40:08.950+0000] {logging_mixin.py:188} INFO - Downloaded TSLA/1770190497.json
[2026-02-04T09:40:08.975+0000] {logging_mixin.py:188} INFO - Downloaded TSLA/1770190508.json
[2026-02-04T09:40:08.997+0000] {logging_mixin.py:188} INFO - Downloaded TSLA/1770190518.json
[2026-02-04T09:40:09.020+0000] {logging_mixin.py:188} INFO - Downloaded TSLA/1770190529.json
[2026-02-04T09:40:09.043+0000] {logging_mixin.py:188} INFO - Downloaded TSLA/1770190539.json
[2026-02-04T09:40:09.065+0000] {logging_mixin.py:188} INFO - Downloaded TSLA/1770190550.json
[2026-02-04T09:40:09.085+0000] {logging_mixin.py:188} INFO - Downloaded TSLA/1770190560.json
[2026-02-04T09:40:09.111+0000] {logging_mixin.py:188} INFO - Downloaded TSLA/1770190571.json
[2026-02-04T09:40:09.145+0000] {logging_mixin.py:188} INFO - Downloaded TSLA/1770190581.json
[2026-02-04T09:40:09.167+0000] {logging_mixin.py:188} INFO - Downloaded TSLA/1770190592.json
[2026-02-04T09:40:09.187+0000] {logging_mixin.py:188} INFO - Downloaded TSLA/1770190602.json
[2026-02-04T09:40:09.209+0000] {logging_mixin.py:188} INFO - Downloaded TSLA/1770190613.json
[2026-02-04T09:40:09.230+0000] {logging_mixin.py:188} INFO - Downloaded TSLA/1770190623.json
[2026-02-04T09:40:09.251+0000] {logging_mixin.py:188} INFO - Downloaded TSLA/1770190633.json
[2026-02-04T09:40:09.270+0000] {logging_mixin.py:188} INFO - Downloaded TSLA/1770190644.json
[2026-02-04T09:40:09.289+0000] {logging_mixin.py:188} INFO - Downloaded TSLA/1770190654.json
[2026-02-04T09:40:09.313+0000] {logging_mixin.py:188} INFO - Downloaded TSLA/1770190664.json
[2026-02-04T09:40:09.335+0000] {logging_mixin.py:188} INFO - Downloaded TSLA/1770190675.json
[2026-02-04T09:40:09.356+0000] {logging_mixin.py:188} INFO - Downloaded TSLA/1770190685.json
[2026-02-04T09:40:09.379+0000] {logging_mixin.py:188} INFO - Downloaded TSLA/1770190696.json
[2026-02-04T09:40:09.399+0000] {logging_mixin.py:188} INFO - Downloaded TSLA/1770190706.json
[2026-02-04T09:40:09.425+0000] {logging_mixin.py:188} INFO - Downloaded TSLA/1770190717.json
[2026-02-04T09:40:09.454+0000] {logging_mixin.py:188} INFO - Downloaded TSLA/1770190727.json
[2026-02-04T09:40:09.479+0000] {logging_mixin.py:188} INFO - Downloaded TSLA/1770190738.json
[2026-02-04T09:40:09.501+0000] {logging_mixin.py:188} INFO - Downloaded TSLA/1770190748.json
[2026-02-04T09:40:09.522+0000] {logging_mixin.py:188} INFO - Downloaded TSLA/1770190759.json
[2026-02-04T09:40:09.542+0000] {logging_mixin.py:188} INFO - Downloaded TSLA/1770190769.json
[2026-02-04T09:40:09.563+0000] {logging_mixin.py:188} INFO - Downloaded TSLA/1770190779.json
[2026-02-04T09:40:09.584+0000] {logging_mixin.py:188} INFO - Downloaded TSLA/1770190790.json
[2026-02-04T09:40:09.612+0000] {logging_mixin.py:188} INFO - Downloaded TSLA/1770190801.json
[2026-02-04T09:40:09.644+0000] {logging_mixin.py:188} INFO - Downloaded TSLA/1770190812.json
[2026-02-04T09:40:09.672+0000] {logging_mixin.py:188} INFO - Downloaded TSLA/1770190822.json
[2026-02-04T09:40:09.694+0000] {logging_mixin.py:188} INFO - Downloaded TSLA/1770190833.json
[2026-02-04T09:40:09.719+0000] {logging_mixin.py:188} INFO - Downloaded TSLA/1770190843.json
[2026-02-04T09:40:09.742+0000] {logging_mixin.py:188} INFO - Downloaded TSLA/1770190854.json
[2026-02-04T09:40:09.764+0000] {logging_mixin.py:188} INFO - Downloaded TSLA/1770190864.json
[2026-02-04T09:40:09.788+0000] {logging_mixin.py:188} INFO - Downloaded TSLA/1770190875.json
[2026-02-04T09:40:09.814+0000] {logging_mixin.py:188} INFO - Downloaded TSLA/1770190886.json
[2026-02-04T09:40:09.838+0000] {logging_mixin.py:188} INFO - Downloaded TSLA/1770190898.json
[2026-02-04T09:40:09.865+0000] {logging_mixin.py:188} INFO - Downloaded TSLA/1770190910.json
[2026-02-04T09:40:09.904+0000] {logging_mixin.py:188} INFO - Downloaded TSLA/1770190921.json
[2026-02-04T09:40:09.937+0000] {logging_mixin.py:188} INFO - Downloaded TSLA/1770190931.json
[2026-02-04T09:40:09.968+0000] {logging_mixin.py:188} INFO - Downloaded TSLA/1770190942.json
[2026-02-04T09:40:10.001+0000] {logging_mixin.py:188} INFO - Downloaded TSLA/1770190953.json
[2026-02-04T09:40:10.031+0000] {logging_mixin.py:188} INFO - Downloaded TSLA/1770190964.json
[2026-02-04T09:40:10.065+0000] {logging_mixin.py:188} INFO - Downloaded TSLA/1770190974.json
[2026-02-04T09:40:10.091+0000] {logging_mixin.py:188} INFO - Downloaded TSLA/1770190985.json
[2026-02-04T09:40:10.111+0000] {logging_mixin.py:188} INFO - Downloaded TSLA/1770190997.json
[2026-02-04T09:40:10.135+0000] {logging_mixin.py:188} INFO - Downloaded TSLA/1770191008.json
[2026-02-04T09:40:10.153+0000] {logging_mixin.py:188} INFO - Downloaded TSLA/1770191019.json
[2026-02-04T09:40:10.180+0000] {logging_mixin.py:188} INFO - Downloaded TSLA/1770191030.json
[2026-02-04T09:40:10.204+0000] {logging_mixin.py:188} INFO - Downloaded TSLA/1770191041.json
[2026-02-04T09:40:10.226+0000] {logging_mixin.py:188} INFO - Downloaded TSLA/1770191051.json
[2026-02-04T09:40:10.249+0000] {logging_mixin.py:188} INFO - Downloaded TSLA/1770191061.json
[2026-02-04T09:40:10.279+0000] {logging_mixin.py:188} INFO - Downloaded TSLA/1770191072.json
[2026-02-04T09:40:10.304+0000] {logging_mixin.py:188} INFO - Downloaded TSLA/1770191082.json
[2026-02-04T09:40:10.326+0000] {logging_mixin.py:188} INFO - Downloaded TSLA/1770191093.json
[2026-02-04T09:40:10.351+0000] {logging_mixin.py:188} INFO - Downloaded TSLA/1770191103.json
[2026-02-04T09:40:10.375+0000] {logging_mixin.py:188} INFO - Downloaded TSLA/1770191113.json
[2026-02-04T09:40:10.397+0000] {logging_mixin.py:188} INFO - Downloaded TSLA/1770191124.json
[2026-02-04T09:40:10.424+0000] {logging_mixin.py:188} INFO - Downloaded TSLA/1770191135.json
[2026-02-04T09:40:10.451+0000] {logging_mixin.py:188} INFO - Downloaded TSLA/1770191145.json
[2026-02-04T09:40:10.477+0000] {logging_mixin.py:188} INFO - Downloaded TSLA/1770191156.json
[2026-02-04T09:40:10.499+0000] {logging_mixin.py:188} INFO - Downloaded TSLA/1770191166.json
[2026-02-04T09:40:10.521+0000] {logging_mixin.py:188} INFO - Downloaded TSLA/1770191177.json
[2026-02-04T09:40:10.546+0000] {logging_mixin.py:188} INFO - Downloaded TSLA/1770191188.json
[2026-02-04T09:40:10.569+0000] {logging_mixin.py:188} INFO - Downloaded TSLA/1770191199.json
[2026-02-04T09:40:10.595+0000] {logging_mixin.py:188} INFO - Downloaded TSLA/1770191209.json
[2026-02-04T09:40:10.621+0000] {logging_mixin.py:188} INFO - Downloaded TSLA/1770191220.json
[2026-02-04T09:40:10.647+0000] {logging_mixin.py:188} INFO - Downloaded TSLA/1770191231.json
[2026-02-04T09:40:10.680+0000] {logging_mixin.py:188} INFO - Downloaded TSLA/1770191242.json
[2026-02-04T09:40:10.711+0000] {logging_mixin.py:188} INFO - Downloaded TSLA/1770191252.json
[2026-02-04T09:40:10.741+0000] {logging_mixin.py:188} INFO - Downloaded TSLA/1770191263.json
[2026-02-04T09:40:10.767+0000] {logging_mixin.py:188} INFO - Downloaded TSLA/1770191274.json
[2026-02-04T09:40:10.789+0000] {logging_mixin.py:188} INFO - Downloaded TSLA/1770191284.json
[2026-02-04T09:40:10.792+0000] {python.py:237} INFO - Done. Returned value was: ['/opt/***/data/minio/1770190211.json', '/opt/***/data/minio/1770190221.json', '/opt/***/data/minio/1770190233.json', '/opt/***/data/minio/1770190244.json', '/opt/***/data/minio/1770190256.json', '/opt/***/data/minio/1770190268.json', '/opt/***/data/minio/1770190278.json', '/opt/***/data/minio/1770190289.json', '/opt/***/data/minio/1770190300.json', '/opt/***/data/minio/1770190310.json', '/opt/***/data/minio/1770190323.json', '/opt/***/data/minio/1770190333.json', '/opt/***/data/minio/1770190344.json', '/opt/***/data/minio/1770190356.json', '/opt/***/data/minio/1770190368.json', '/opt/***/data/minio/1770190378.json', '/opt/***/data/minio/1770190388.json', '/opt/***/data/minio/1770190399.json', '/opt/***/data/minio/1770190410.json', '/opt/***/data/minio/1770190421.json', '/opt/***/data/minio/1770190432.json', '/opt/***/data/minio/1770190442.json', '/opt/***/data/minio/1770190453.json', '/opt/***/data/minio/1770190463.json', '/opt/***/data/minio/1770190474.json', '/opt/***/data/minio/1770190485.json', '/opt/***/data/minio/1770190495.json', '/opt/***/data/minio/1770190506.json', '/opt/***/data/minio/1770190516.json', '/opt/***/data/minio/1770190527.json', '/opt/***/data/minio/1770190537.json', '/opt/***/data/minio/1770190548.json', '/opt/***/data/minio/1770190559.json', '/opt/***/data/minio/1770190569.json', '/opt/***/data/minio/1770190580.json', '/opt/***/data/minio/1770190590.json', '/opt/***/data/minio/1770190600.json', '/opt/***/data/minio/1770190611.json', '/opt/***/data/minio/1770190621.json', '/opt/***/data/minio/1770190632.json', '/opt/***/data/minio/1770190642.json', '/opt/***/data/minio/1770190652.json', '/opt/***/data/minio/1770190663.json', '/opt/***/data/minio/1770190673.json', '/opt/***/data/minio/1770190683.json', '/opt/***/data/minio/1770190694.json', '/opt/***/data/minio/1770190704.json', '/opt/***/data/minio/1770190715.json', '/opt/***/data/minio/1770190725.json', '/opt/***/data/minio/1770190736.json', '/opt/***/data/minio/1770190746.json', '/opt/***/data/minio/1770190757.json', '/opt/***/data/minio/1770190767.json', '/opt/***/data/minio/1770190778.json', '/opt/***/data/minio/1770190788.json', '/opt/***/data/minio/1770190799.json', '/opt/***/data/minio/1770190810.json', '/opt/***/data/minio/1770190820.json', '/opt/***/data/minio/1770190831.json', '/opt/***/data/minio/1770190842.json', '/opt/***/data/minio/1770190852.json', '/opt/***/data/minio/1770190863.json', '/opt/***/data/minio/1770190873.json', '/opt/***/data/minio/1770190884.json', '/opt/***/data/minio/1770190895.json', '/opt/***/data/minio/1770190908.json', '/opt/***/data/minio/1770190919.json', '/opt/***/data/minio/1770190929.json', '/opt/***/data/minio/1770190940.json', '/opt/***/data/minio/1770190951.json', '/opt/***/data/minio/1770190962.json', '/opt/***/data/minio/1770190972.json', '/opt/***/data/minio/1770190983.json', '/opt/***/data/minio/1770190995.json', '/opt/***/data/minio/1770191006.json', '/opt/***/data/minio/1770191017.json', '/opt/***/data/minio/1770191028.json', '/opt/***/data/minio/1770191039.json', '/opt/***/data/minio/1770191049.json', '/opt/***/data/minio/1770191060.json', '/opt/***/data/minio/1770191070.json', '/opt/***/data/minio/1770191081.json', '/opt/***/data/minio/1770191091.json', '/opt/***/data/minio/1770191101.json', '/opt/***/data/minio/1770191111.json', '/opt/***/data/minio/1770191122.json', '/opt/***/data/minio/1770191133.json', '/opt/***/data/minio/1770191144.json', '/opt/***/data/minio/1770191154.json', '/opt/***/data/minio/1770191165.json', '/opt/***/data/minio/1770191175.json', '/opt/***/data/minio/1770191186.json', '/opt/***/data/minio/1770191197.json', '/opt/***/data/minio/1770191207.json', '/opt/***/data/minio/1770191218.json', '/opt/***/data/minio/1770191229.json', '/opt/***/data/minio/1770191240.json', '/opt/***/data/minio/1770191251.json', '/opt/***/data/minio/1770191261.json', '/opt/***/data/minio/1770191272.json', '/opt/***/data/minio/1770191283.json', '/opt/***/data/minio/1770191293.json', '/opt/***/data/minio/1770190215.json', '/opt/***/data/minio/1770190226.json', '/opt/***/data/minio/1770190237.json', '/opt/***/data/minio/1770190249.json', '/opt/***/data/minio/1770190261.json', '/opt/***/data/minio/1770190271.json', '/opt/***/data/minio/1770190282.json', '/opt/***/data/minio/1770190293.json', '/opt/***/data/minio/1770190303.json', '/opt/***/data/minio/1770190316.json', '/opt/***/data/minio/1770190326.json', '/opt/***/data/minio/1770190337.json', '/opt/***/data/minio/1770190348.json', '/opt/***/data/minio/1770190360.json', '/opt/***/data/minio/1770190371.json', '/opt/***/data/minio/1770190381.json', '/opt/***/data/minio/1770190392.json', '/opt/***/data/minio/1770190403.json', '/opt/***/data/minio/1770190414.json', '/opt/***/data/minio/1770190425.json', '/opt/***/data/minio/1770190435.json', '/opt/***/data/minio/1770190446.json', '/opt/***/data/minio/1770190456.json', '/opt/***/data/minio/1770190467.json', '/opt/***/data/minio/1770190477.json', '/opt/***/data/minio/1770190488.json', '/opt/***/data/minio/1770190499.json', '/opt/***/data/minio/1770190509.json', '/opt/***/data/minio/1770190520.json', '/opt/***/data/minio/1770190531.json', '/opt/***/data/minio/1770190541.json', '/opt/***/data/minio/1770190552.json', '/opt/***/data/minio/1770190562.json', '/opt/***/data/minio/1770190573.json', '/opt/***/data/minio/1770190583.json', '/opt/***/data/minio/1770190593.json', '/opt/***/data/minio/1770190604.json', '/opt/***/data/minio/1770190615.json', '/opt/***/data/minio/1770190625.json', '/opt/***/data/minio/1770190635.json', '/opt/***/data/minio/1770190645.json', '/opt/***/data/minio/1770190656.json', '/opt/***/data/minio/1770190666.json', '/opt/***/data/minio/1770190677.json', '/opt/***/data/minio/1770190687.json', '/opt/***/data/minio/1770190697.json', '/opt/***/data/minio/1770190708.json', '/opt/***/data/minio/1770190718.json', '/opt/***/data/minio/1770190729.json', '/opt/***/data/minio/1770190739.json', '/opt/***/data/minio/1770190750.json', '/opt/***/data/minio/1770190760.json', '/opt/***/data/minio/1770190771.json', '/opt/***/data/minio/1770190781.json', '/opt/***/data/minio/1770190792.json', '/opt/***/data/minio/1770190803.json', '/opt/***/data/minio/1770190813.json', '/opt/***/data/minio/1770190824.json', '/opt/***/data/minio/1770190835.json', '/opt/***/data/minio/1770190845.json', '/opt/***/data/minio/1770190856.json', '/opt/***/data/minio/1770190866.json', '/opt/***/data/minio/1770190877.json', '/opt/***/data/minio/1770190888.json', '/opt/***/data/minio/1770190901.json', '/opt/***/data/minio/1770190912.json', '/opt/***/data/minio/1770190923.json', '/opt/***/data/minio/1770190933.json', '/opt/***/data/minio/1770190944.json', '/opt/***/data/minio/1770190955.json', '/opt/***/data/minio/1770190965.json', '/opt/***/data/minio/1770190976.json', '/opt/***/data/minio/1770190988.json', '/opt/***/data/minio/1770190999.json', '/opt/***/data/minio/1770191010.json', '/opt/***/data/minio/1770191021.json', '/opt/***/data/minio/1770191032.json', '/opt/***/data/minio/1770191042.json', '/opt/***/data/minio/1770191053.json', '/opt/***/data/minio/1770191063.json', '/opt/***/data/minio/1770191074.json', '/opt/***/data/minio/1770191084.json', '/opt/***/data/minio/1770191094.json', '/opt/***/data/minio/1770191105.json', '/opt/***/data/minio/1770191115.json', '/opt/***/data/minio/1770191126.json', '/opt/***/data/minio/1770191137.json', '/opt/***/data/minio/1770191147.json', '/opt/***/data/minio/1770191158.json', '/opt/***/data/minio/1770191168.json', '/opt/***/data/minio/1770191179.json', '/opt/***/data/minio/1770191190.json', '/opt/***/data/minio/1770191200.json', '/opt/***/data/minio/1770191211.json', '/opt/***/data/minio/1770191222.json', '/opt/***/data/minio/1770191233.json', '/opt/***/data/minio/1770191244.json', '/opt/***/data/minio/1770191254.json', '/opt/***/data/minio/1770191265.json', '/opt/***/data/minio/1770191276.json', '/opt/***/data/minio/1770191286.json', '/opt/***/data/minio/1770190214.json', '/opt/***/data/minio/1770190224.json', '/opt/***/data/minio/1770190236.json', '/opt/***/data/minio/1770190248.json', '/opt/***/data/minio/1770190260.json', '/opt/***/data/minio/1770190270.json', '/opt/***/data/minio/1770190281.json', '/opt/***/data/minio/1770190292.json', '/opt/***/data/minio/1770190302.json', '/opt/***/data/minio/1770190315.json', '/opt/***/data/minio/1770190325.json', '/opt/***/data/minio/1770190336.json', '/opt/***/data/minio/1770190347.json', '/opt/***/data/minio/1770190359.json', '/opt/***/data/minio/1770190370.json', '/opt/***/data/minio/1770190380.json', '/opt/***/data/minio/1770190391.json', '/opt/***/data/minio/1770190402.json', '/opt/***/data/minio/1770190413.json', '/opt/***/data/minio/1770190424.json', '/opt/***/data/minio/1770190434.json', '/opt/***/data/minio/1770190445.json', '/opt/***/data/minio/1770190455.json', '/opt/***/data/minio/1770190466.json', '/opt/***/data/minio/1770190477.json', '/opt/***/data/minio/1770190487.json', '/opt/***/data/minio/1770190498.json', '/opt/***/data/minio/1770190508.json', '/opt/***/data/minio/1770190519.json', '/opt/***/data/minio/1770190529.json', '/opt/***/data/minio/1770190540.json', '/opt/***/data/minio/1770190551.json', '/opt/***/data/minio/1770190561.json', '/opt/***/data/minio/1770190572.json', '/opt/***/data/minio/1770190582.json', '/opt/***/data/minio/1770190592.json', '/opt/***/data/minio/1770190603.json', '/opt/***/data/minio/1770190614.json', '/opt/***/data/minio/1770190624.json', '/opt/***/data/minio/1770190634.json', '/opt/***/data/minio/1770190645.json', '/opt/***/data/minio/1770190655.json', '/opt/***/data/minio/1770190665.json', '/opt/***/data/minio/1770190676.json', '/opt/***/data/minio/1770190686.json', '/opt/***/data/minio/1770190697.json', '/opt/***/data/minio/1770190707.json', '/opt/***/data/minio/1770190718.json', '/opt/***/data/minio/1770190728.json', '/opt/***/data/minio/1770190738.json', '/opt/***/data/minio/1770190749.json', '/opt/***/data/minio/1770190760.json', '/opt/***/data/minio/1770190770.json', '/opt/***/data/minio/1770190780.json', '/opt/***/data/minio/1770190791.json', '/opt/***/data/minio/1770190802.json', '/opt/***/data/minio/1770190813.json', '/opt/***/data/minio/1770190823.json', '/opt/***/data/minio/1770190834.json', '/opt/***/data/minio/1770190844.json', '/opt/***/data/minio/1770190855.json', '/opt/***/data/minio/1770190865.json', '/opt/***/data/minio/1770190876.json', '/opt/***/data/minio/1770190887.json', '/opt/***/data/minio/1770190899.json', '/opt/***/data/minio/1770190911.json', '/opt/***/data/minio/1770190922.json', '/opt/***/data/minio/1770190932.json', '/opt/***/data/minio/1770190943.json', '/opt/***/data/minio/1770190954.json', '/opt/***/data/minio/1770190965.json', '/opt/***/data/minio/1770190975.json', '/opt/***/data/minio/1770190987.json', '/opt/***/data/minio/1770190998.json', '/opt/***/data/minio/1770191009.json', '/opt/***/data/minio/1770191020.json', '/opt/***/data/minio/1770191031.json', '/opt/***/data/minio/1770191041.json', '/opt/***/data/minio/1770191052.json', '/opt/***/data/minio/1770191062.json', '/opt/***/data/minio/1770191073.json', '/opt/***/data/minio/1770191083.json', '/opt/***/data/minio/1770191094.json', '/opt/***/data/minio/1770191104.json', '/opt/***/data/minio/1770191114.json', '/opt/***/data/minio/1770191125.json', '/opt/***/data/minio/1770191136.json', '/opt/***/data/minio/1770191146.json', '/opt/***/data/minio/1770191157.json', '/opt/***/data/minio/1770191167.json', '/opt/***/data/minio/1770191178.json', '/opt/***/data/minio/1770191189.json', '/opt/***/data/minio/1770191200.json', '/opt/***/data/minio/1770191210.json', '/opt/***/data/minio/1770191221.json', '/opt/***/data/minio/1770191232.json', '/opt/***/data/minio/1770191243.json', '/opt/***/data/minio/1770191253.json', '/opt/***/data/minio/1770191264.json', '/opt/***/data/minio/1770191275.json', '/opt/***/data/minio/1770191285.json', '/opt/***/data/minio/1770190212.json', '/opt/***/data/minio/1770190222.json', '/opt/***/data/minio/1770190234.json', '/opt/***/data/minio/1770190246.json', '/opt/***/data/minio/1770190257.json', '/opt/***/data/minio/1770190268.json', '/opt/***/data/minio/1770190279.json', '/opt/***/data/minio/1770190290.json', '/opt/***/data/minio/1770190301.json', '/opt/***/data/minio/1770190311.json', '/opt/***/data/minio/1770190324.json', '/opt/***/data/minio/1770190334.json', '/opt/***/data/minio/1770190345.json', '/opt/***/data/minio/1770190357.json', '/opt/***/data/minio/1770190368.json', '/opt/***/data/minio/1770190379.json', '/opt/***/data/minio/1770190389.json', '/opt/***/data/minio/1770190400.json', '/opt/***/data/minio/1770190411.json', '/opt/***/data/minio/1770190422.json', '/opt/***/data/minio/1770190433.json', '/opt/***/data/minio/1770190443.json', '/opt/***/data/minio/1770190454.json', '/opt/***/data/minio/1770190464.json', '/opt/***/data/minio/1770190475.json', '/opt/***/data/minio/1770190486.json', '/opt/***/data/minio/1770190496.json', '/opt/***/data/minio/1770190507.json', '/opt/***/data/minio/1770190517.json', '/opt/***/data/minio/1770190528.json', '/opt/***/data/minio/1770190538.json', '/opt/***/data/minio/1770190549.json', '/opt/***/data/minio/1770190559.json', '/opt/***/data/minio/1770190570.json', '/opt/***/data/minio/1770190580.json', '/opt/***/data/minio/1770190591.json', '/opt/***/data/minio/1770190601.json', '/opt/***/data/minio/1770190612.json', '/opt/***/data/minio/1770190622.json', '/opt/***/data/minio/1770190632.json', '/opt/***/data/minio/1770190643.json', '/opt/***/data/minio/1770190653.json', '/opt/***/data/minio/1770190663.json', '/opt/***/data/minio/1770190674.json', '/opt/***/data/minio/1770190684.json', '/opt/***/data/minio/1770190695.json', '/opt/***/data/minio/1770190705.json', '/opt/***/data/minio/1770190716.json', '/opt/***/data/minio/1770190726.json', '/opt/***/data/minio/1770190737.json', '/opt/***/data/minio/1770190747.json', '/opt/***/data/minio/1770190758.json', '/opt/***/data/minio/1770190768.json', '/opt/***/data/minio/1770190779.json', '/opt/***/data/minio/1770190789.json', '/opt/***/data/minio/1770190800.json', '/opt/***/data/minio/1770190811.json', '/opt/***/data/minio/1770190821.json', '/opt/***/data/minio/1770190832.json', '/opt/***/data/minio/1770190842.json', '/opt/***/data/minio/1770190853.json', '/opt/***/data/minio/1770190863.json', '/opt/***/data/minio/1770190874.json', '/opt/***/data/minio/1770190885.json', '/opt/***/data/minio/1770190896.json', '/opt/***/data/minio/1770190909.json', '/opt/***/data/minio/1770190920.json', '/opt/***/data/minio/1770190930.json', '/opt/***/data/minio/1770190941.json', '/opt/***/data/minio/1770190952.json', '/opt/***/data/minio/1770190963.json', '/opt/***/data/minio/1770190973.json', '/opt/***/data/minio/1770190984.json', '/opt/***/data/minio/1770190996.json', '/opt/***/data/minio/1770191007.json', '/opt/***/data/minio/1770191018.json', '/opt/***/data/minio/1770191029.json', '/opt/***/data/minio/1770191040.json', '/opt/***/data/minio/1770191050.json', '/opt/***/data/minio/1770191061.json', '/opt/***/data/minio/1770191071.json', '/opt/***/data/minio/1770191081.json', '/opt/***/data/minio/1770191092.json', '/opt/***/data/minio/1770191102.json', '/opt/***/data/minio/1770191112.json', '/opt/***/data/minio/1770191123.json', '/opt/***/data/minio/1770191134.json', '/opt/***/data/minio/1770191145.json', '/opt/***/data/minio/1770191155.json', '/opt/***/data/minio/1770191165.json', '/opt/***/data/minio/1770191176.json', '/opt/***/data/minio/1770191187.json', '/opt/***/data/minio/1770191198.json', '/opt/***/data/minio/1770191209.json', '/opt/***/data/minio/1770191219.json', '/opt/***/data/minio/1770191230.json', '/opt/***/data/minio/1770191241.json', '/opt/***/data/minio/1770191252.json', '/opt/***/data/minio/1770191262.json', '/opt/***/data/minio/1770191273.json', '/opt/***/data/minio/1770191284.json', '/opt/***/data/minio/1770190213.json', '/opt/***/data/minio/1770190223.json', '/opt/***/data/minio/1770190235.json', '/opt/***/data/minio/1770190247.json', '/opt/***/data/minio/1770190259.json', '/opt/***/data/minio/1770190269.json', '/opt/***/data/minio/1770190280.json', '/opt/***/data/minio/1770190291.json', '/opt/***/data/minio/1770190302.json', '/opt/***/data/minio/1770190314.json', '/opt/***/data/minio/1770190325.json', '/opt/***/data/minio/1770190335.json', '/opt/***/data/minio/1770190346.json', '/opt/***/data/minio/1770190358.json', '/opt/***/data/minio/1770190369.json', '/opt/***/data/minio/1770190380.json', '/opt/***/data/minio/1770190390.json', '/opt/***/data/minio/1770190401.json', '/opt/***/data/minio/1770190412.json', '/opt/***/data/minio/1770190423.json', '/opt/***/data/minio/1770190433.json', '/opt/***/data/minio/1770190444.json', '/opt/***/data/minio/1770190455.json', '/opt/***/data/minio/1770190465.json', '/opt/***/data/minio/1770190476.json', '/opt/***/data/minio/1770190486.json', '/opt/***/data/minio/1770190497.json', '/opt/***/data/minio/1770190508.json', '/opt/***/data/minio/1770190518.json', '/opt/***/data/minio/1770190529.json', '/opt/***/data/minio/1770190539.json', '/opt/***/data/minio/1770190550.json', '/opt/***/data/minio/1770190560.json', '/opt/***/data/minio/1770190571.json', '/opt/***/data/minio/1770190581.json', '/opt/***/data/minio/1770190592.json', '/opt/***/data/minio/1770190602.json', '/opt/***/data/minio/1770190613.json', '/opt/***/data/minio/1770190623.json', '/opt/***/data/minio/1770190633.json', '/opt/***/data/minio/1770190644.json', '/opt/***/data/minio/1770190654.json', '/opt/***/data/minio/1770190664.json', '/opt/***/data/minio/1770190675.json', '/opt/***/data/minio/1770190685.json', '/opt/***/data/minio/1770190696.json', '/opt/***/data/minio/1770190706.json', '/opt/***/data/minio/1770190717.json', '/opt/***/data/minio/1770190727.json', '/opt/***/data/minio/1770190738.json', '/opt/***/data/minio/1770190748.json', '/opt/***/data/minio/1770190759.json', '/opt/***/data/minio/1770190769.json', '/opt/***/data/minio/1770190779.json', '/opt/***/data/minio/1770190790.json', '/opt/***/data/minio/1770190801.json', '/opt/***/data/minio/1770190812.json', '/opt/***/data/minio/1770190822.json', '/opt/***/data/minio/1770190833.json', '/opt/***/data/minio/1770190843.json', '/opt/***/data/minio/1770190854.json', '/opt/***/data/minio/1770190864.json', '/opt/***/data/minio/1770190875.json', '/opt/***/data/minio/1770190886.json', '/opt/***/data/minio/1770190898.json', '/opt/***/data/minio/1770190910.json', '/opt/***/data/minio/1770190921.json', '/opt/***/data/minio/1770190931.json', '/opt/***/data/minio/1770190942.json', '/opt/***/data/minio/1770190953.json', '/opt/***/data/minio/1770190964.json', '/opt/***/data/minio/1770190974.json', '/opt/***/data/minio/1770190985.json', '/opt/***/data/minio/1770190997.json', '/opt/***/data/minio/1770191008.json', '/opt/***/data/minio/1770191019.json', '/opt/***/data/minio/1770191030.json', '/opt/***/data/minio/1770191041.json', '/opt/***/data/minio/1770191051.json', '/opt/***/data/minio/1770191061.json', '/opt/***/data/minio/1770191072.json', '/opt/***/data/minio/1770191082.json', '/opt/***/data/minio/1770191093.json', '/opt/***/data/minio/1770191103.json', '/opt/***/data/minio/1770191113.json', '/opt/***/data/minio/1770191124.json', '/opt/***/data/minio/1770191135.json', '/opt/***/data/minio/1770191145.json', '/opt/***/data/minio/1770191156.json', '/opt/***/data/minio/1770191166.json', '/opt/***/data/minio/1770191177.json', '/opt/***/data/minio/1770191188.json', '/opt/***/data/minio/1770191199.json', '/opt/***/data/minio/1770191209.json', '/opt/***/data/minio/1770191220.json', '/opt/***/data/minio/1770191231.json', '/opt/***/data/minio/1770191242.json', '/opt/***/data/minio/1770191252.json', '/opt/***/data/minio/1770191263.json', '/opt/***/data/minio/1770191274.json', '/opt/***/data/minio/1770191284.json']
[2026-02-04T09:40:10.812+0000] {taskinstance.py:441} INFO - ::group::Post task execution logs
[2026-02-04T09:40:10.913+0000] {taskinstance.py:1206} INFO - Marking task as SUCCESS. dag_id=minio_to_snowflake, task_id=download_minio, run_id=scheduled__2026-02-04T09:39:00+00:00, execution_date=20260204T093900, start_date=20260204T094001, end_date=20260204T094010
[2026-02-04T09:40:11.023+0000] {local_task_job_runner.py:243} INFO - Task exited with return code 0
[2026-02-04T09:40:11.111+0000] {taskinstance.py:3503} INFO - 1 downstream tasks scheduled from follow-on schedule check
[2026-02-04T09:40:11.119+0000] {local_task_job_runner.py:222} INFO - ::endgroup::
