[2026-02-11T09:59:11.993+0000] {local_task_job_runner.py:120} INFO - ::group::Pre task execution logs
[2026-02-11T09:59:12.098+0000] {taskinstance.py:2076} INFO - Dependencies all met for dep_context=non-requeueable deps ti=<TaskInstance: minio_to_snowflake.load_snowflake scheduled__2026-02-11T09:58:00+00:00 [queued]>
[2026-02-11T09:59:12.123+0000] {taskinstance.py:2076} INFO - Dependencies all met for dep_context=requeueable deps ti=<TaskInstance: minio_to_snowflake.load_snowflake scheduled__2026-02-11T09:58:00+00:00 [queued]>
[2026-02-11T09:59:12.125+0000] {taskinstance.py:2306} INFO - Starting attempt 1 of 2
[2026-02-11T09:59:12.164+0000] {taskinstance.py:2330} INFO - Executing <Task(PythonOperator): load_snowflake> on 2026-02-11 09:58:00+00:00
[2026-02-11T09:59:12.192+0000] {logging_mixin.py:188} WARNING - /home/***/.local/lib/python3.12/site-packages/***/task/task_runner/standard_task_runner.py:62 DeprecationWarning: This process (pid=88875) is multi-threaded, use of fork() may lead to deadlocks in the child.
[2026-02-11T09:59:12.197+0000] {standard_task_runner.py:64} INFO - Started process 88912 to run task
[2026-02-11T09:59:12.192+0000] {standard_task_runner.py:90} INFO - Running: ['***', 'tasks', 'run', 'minio_to_snowflake', 'load_snowflake', 'scheduled__2026-02-11T09:58:00+00:00', '--job-id', '1229', '--raw', '--subdir', 'DAGS_FOLDER/minio_to_snowflake.py', '--cfg-path', '/tmp/tmpkwwdwzm8']
[2026-02-11T09:59:12.203+0000] {standard_task_runner.py:91} INFO - Job 1229: Subtask load_snowflake
[2026-02-11T09:59:12.523+0000] {task_command.py:426} INFO - Running <TaskInstance: minio_to_snowflake.load_snowflake scheduled__2026-02-11T09:58:00+00:00 [running]> on host 6729b10e6876
[2026-02-11T09:59:12.855+0000] {taskinstance.py:2648} INFO - Exporting env vars: AIRFLOW_CTX_DAG_OWNER='***' AIRFLOW_CTX_DAG_ID='minio_to_snowflake' AIRFLOW_CTX_TASK_ID='load_snowflake' AIRFLOW_CTX_EXECUTION_DATE='2026-02-11T09:58:00+00:00' AIRFLOW_CTX_TRY_NUMBER='1' AIRFLOW_CTX_DAG_RUN_ID='scheduled__2026-02-11T09:58:00+00:00'
[2026-02-11T09:59:12.859+0000] {taskinstance.py:430} INFO - ::endgroup::
[2026-02-11T09:59:12.944+0000] {connection.py:408} INFO - Snowflake Connector for Python Version: 3.11.0, Python Version: 3.12.4, Platform: Linux-6.6.87.2-microsoft-standard-WSL2-x86_64-with-glibc2.36
[2026-02-11T09:59:12.947+0000] {connection.py:1258} INFO - This connection is in OCSP Fail Open Mode. TLS Certificates would be checked for validity and revocation status. Any other Certificate Revocation related exceptions or OCSP Responder failures would be disregarded in favor of connectivity.
[2026-02-11T10:04:22.841+0000] {cursor.py:1149} INFO - Number of results in first chunk: 1
[2026-02-11T10:04:22.843+0000] {connection.py:773} INFO - closed
[2026-02-11T10:04:23.039+0000] {connection.py:779} INFO - No async queries seem to be running, deleting session
[2026-02-11T10:04:23.240+0000] {python.py:237} INFO - Done. Returned value was: None
[2026-02-11T10:04:23.243+0000] {taskinstance.py:441} INFO - ::group::Post task execution logs
[2026-02-11T10:04:23.286+0000] {taskinstance.py:1206} INFO - Marking task as SUCCESS. dag_id=minio_to_snowflake, task_id=load_snowflake, run_id=scheduled__2026-02-11T09:58:00+00:00, execution_date=20260211T095800, start_date=20260211T095912, end_date=20260211T100423
[2026-02-11T10:04:23.367+0000] {local_task_job_runner.py:243} INFO - Task exited with return code 0
[2026-02-11T10:04:23.424+0000] {taskinstance.py:3503} INFO - 0 downstream tasks scheduled from follow-on schedule check
[2026-02-11T10:04:23.429+0000] {local_task_job_runner.py:222} INFO - ::endgroup::
