[2026-01-29T14:06:20.035+0000] {local_task_job_runner.py:120} INFO - ::group::Pre task execution logs
[2026-01-29T14:06:20.205+0000] {taskinstance.py:2076} INFO - Dependencies all met for dep_context=non-requeueable deps ti=<TaskInstance: minio_to_snowflake.download_minio scheduled__2026-01-29T14:05:00+00:00 [queued]>
[2026-01-29T14:06:20.237+0000] {taskinstance.py:2076} INFO - Dependencies all met for dep_context=requeueable deps ti=<TaskInstance: minio_to_snowflake.download_minio scheduled__2026-01-29T14:05:00+00:00 [queued]>
[2026-01-29T14:06:20.240+0000] {taskinstance.py:2306} INFO - Starting attempt 1 of 2
[2026-01-29T14:06:20.291+0000] {taskinstance.py:2330} INFO - Executing <Task(PythonOperator): download_minio> on 2026-01-29 14:05:00+00:00
[2026-01-29T14:06:20.324+0000] {logging_mixin.py:188} WARNING - /home/***/.local/lib/python3.12/site-packages/***/task/task_runner/standard_task_runner.py:62 DeprecationWarning: This process (pid=33283) is multi-threaded, use of fork() may lead to deadlocks in the child.
[2026-01-29T14:06:20.332+0000] {standard_task_runner.py:64} INFO - Started process 33982 to run task
[2026-01-29T14:06:20.327+0000] {standard_task_runner.py:90} INFO - Running: ['***', 'tasks', 'run', 'minio_to_snowflake', 'download_minio', 'scheduled__2026-01-29T14:05:00+00:00', '--job-id', '290', '--raw', '--subdir', 'DAGS_FOLDER/minio_to_snowflake.py', '--cfg-path', '/tmp/tmpuc_na5ys']
[2026-01-29T14:06:20.340+0000] {standard_task_runner.py:91} INFO - Job 290: Subtask download_minio
[2026-01-29T14:06:20.737+0000] {task_command.py:426} INFO - Running <TaskInstance: minio_to_snowflake.download_minio scheduled__2026-01-29T14:05:00+00:00 [running]> on host 035a00487d49
[2026-01-29T14:06:21.282+0000] {taskinstance.py:2648} INFO - Exporting env vars: AIRFLOW_CTX_DAG_OWNER='***' AIRFLOW_CTX_DAG_ID='minio_to_snowflake' AIRFLOW_CTX_TASK_ID='download_minio' AIRFLOW_CTX_EXECUTION_DATE='2026-01-29T14:05:00+00:00' AIRFLOW_CTX_TRY_NUMBER='1' AIRFLOW_CTX_DAG_RUN_ID='scheduled__2026-01-29T14:05:00+00:00'
[2026-01-29T14:06:21.287+0000] {taskinstance.py:430} INFO - ::endgroup::
[2026-01-29T14:06:28.812+0000] {logging_mixin.py:188} INFO - Downloaded AAPL/1769692353.json
[2026-01-29T14:06:31.187+0000] {logging_mixin.py:188} INFO - Downloaded AAPL/1769692366.json
[2026-01-29T14:06:41.110+0000] {logging_mixin.py:188} INFO - Downloaded AAPL/1769692380.json
[2026-01-29T14:06:41.214+0000] {logging_mixin.py:188} INFO - Downloaded AAPL/1769692392.json
[2026-01-29T14:06:41.248+0000] {logging_mixin.py:188} INFO - Downloaded AAPL/1769692403.json
[2026-01-29T14:06:41.321+0000] {logging_mixin.py:188} INFO - Downloaded AAPL/1769692416.json
[2026-01-29T14:06:41.378+0000] {logging_mixin.py:188} INFO - Downloaded AAPL/1769692432.json
[2026-01-29T14:06:41.480+0000] {logging_mixin.py:188} INFO - Downloaded AAPL/1769692444.json
[2026-01-29T14:06:41.514+0000] {logging_mixin.py:188} INFO - Downloaded AAPL/1769692457.json
[2026-01-29T14:06:41.579+0000] {logging_mixin.py:188} INFO - Downloaded AAPL/1769692469.json
[2026-01-29T14:06:41.618+0000] {logging_mixin.py:188} INFO - Downloaded AAPL/1769692482.json
[2026-01-29T14:06:41.665+0000] {logging_mixin.py:188} INFO - Downloaded AAPL/1769692495.json
[2026-01-29T14:06:41.713+0000] {logging_mixin.py:188} INFO - Downloaded AAPL/1769692508.json
[2026-01-29T14:06:41.765+0000] {logging_mixin.py:188} INFO - Downloaded AAPL/1769692521.json
[2026-01-29T14:06:41.818+0000] {logging_mixin.py:188} INFO - Downloaded AAPL/1769692535.json
[2026-01-29T14:06:41.858+0000] {logging_mixin.py:188} INFO - Downloaded AAPL/1769692548.json
[2026-01-29T14:06:41.885+0000] {logging_mixin.py:188} INFO - Downloaded AAPL/1769692560.json
[2026-01-29T14:06:41.914+0000] {logging_mixin.py:188} INFO - Downloaded AAPL/1769692573.json
[2026-01-29T14:06:41.938+0000] {logging_mixin.py:188} INFO - Downloaded AAPL/1769692584.json
[2026-01-29T14:06:41.969+0000] {logging_mixin.py:188} INFO - Downloaded AAPL/1769692602.json
[2026-01-29T14:06:41.998+0000] {logging_mixin.py:188} INFO - Downloaded AAPL/1769692623.json
[2026-01-29T14:06:42.046+0000] {logging_mixin.py:188} INFO - Downloaded AAPL/1769692636.json
[2026-01-29T14:06:42.119+0000] {logging_mixin.py:188} INFO - Downloaded AAPL/1769692648.json
[2026-01-29T14:06:42.159+0000] {logging_mixin.py:188} INFO - Downloaded AAPL/1769692661.json
[2026-01-29T14:06:42.203+0000] {logging_mixin.py:188} INFO - Downloaded AAPL/1769692676.json
[2026-01-29T14:06:42.248+0000] {logging_mixin.py:188} INFO - Downloaded AAPL/1769692688.json
[2026-01-29T14:06:42.275+0000] {logging_mixin.py:188} INFO - Downloaded AAPL/1769692700.json
[2026-01-29T14:06:42.301+0000] {logging_mixin.py:188} INFO - Downloaded AAPL/1769692719.json
[2026-01-29T14:06:42.328+0000] {logging_mixin.py:188} INFO - Downloaded AAPL/1769692733.json
[2026-01-29T14:06:42.354+0000] {logging_mixin.py:188} INFO - Downloaded AAPL/1769692747.json
[2026-01-29T14:06:42.377+0000] {logging_mixin.py:188} INFO - Downloaded AAPL/1769692760.json
[2026-01-29T14:06:42.398+0000] {logging_mixin.py:188} INFO - Downloaded AAPL/1769692778.json
[2026-01-29T14:06:42.422+0000] {logging_mixin.py:188} INFO - Downloaded AAPL/1769692793.json
[2026-01-29T14:06:42.455+0000] {logging_mixin.py:188} INFO - Downloaded AAPL/1769692812.json
[2026-01-29T14:06:42.479+0000] {logging_mixin.py:188} INFO - Downloaded AAPL/1769692827.json
[2026-01-29T14:06:42.504+0000] {logging_mixin.py:188} INFO - Downloaded AAPL/1769692839.json
[2026-01-29T14:06:42.535+0000] {logging_mixin.py:188} INFO - Downloaded AAPL/1769692856.json
[2026-01-29T14:06:42.564+0000] {logging_mixin.py:188} INFO - Downloaded AAPL/1769692873.json
[2026-01-29T14:06:42.590+0000] {logging_mixin.py:188} INFO - Downloaded AAPL/1769692887.json
[2026-01-29T14:06:42.621+0000] {logging_mixin.py:188} INFO - Downloaded AAPL/1769692909.json
[2026-01-29T14:06:42.646+0000] {logging_mixin.py:188} INFO - Downloaded AAPL/1769692921.json
[2026-01-29T14:06:42.678+0000] {logging_mixin.py:188} INFO - Downloaded AAPL/1769692940.json
[2026-01-29T14:06:42.707+0000] {logging_mixin.py:188} INFO - Downloaded AAPL/1769692953.json
[2026-01-29T14:06:42.743+0000] {logging_mixin.py:188} INFO - Downloaded AAPL/1769692969.json
[2026-01-29T14:06:42.598+0000] {logging_mixin.py:188} INFO - Downloaded AAPL/1769692980.json
[2026-01-29T14:06:42.626+0000] {logging_mixin.py:188} INFO - Downloaded AAPL/1769692991.json
[2026-01-29T14:06:42.660+0000] {logging_mixin.py:188} INFO - Downloaded AAPL/1769693003.json
[2026-01-29T14:06:42.690+0000] {logging_mixin.py:188} INFO - Downloaded AAPL/1769693016.json
[2026-01-29T14:06:42.727+0000] {logging_mixin.py:188} INFO - Downloaded AAPL/1769693028.json
[2026-01-29T14:06:42.762+0000] {logging_mixin.py:188} INFO - Downloaded AAPL/1769693040.json
[2026-01-29T14:06:42.795+0000] {logging_mixin.py:188} INFO - Downloaded AAPL/1769693054.json
[2026-01-29T14:06:42.841+0000] {logging_mixin.py:188} INFO - Downloaded AAPL/1769693066.json
[2026-01-29T14:06:42.883+0000] {logging_mixin.py:188} INFO - Downloaded AAPL/1769693079.json
[2026-01-29T14:06:42.917+0000] {logging_mixin.py:188} INFO - Downloaded AAPL/1769693090.json
[2026-01-29T14:06:42.942+0000] {logging_mixin.py:188} INFO - Downloaded AAPL/1769693105.json
[2026-01-29T14:06:42.977+0000] {logging_mixin.py:188} INFO - Downloaded AAPL/1769693118.json
[2026-01-29T14:06:43.002+0000] {logging_mixin.py:188} INFO - Downloaded AAPL/1769693132.json
[2026-01-29T14:06:43.028+0000] {logging_mixin.py:188} INFO - Downloaded AAPL/1769693144.json
[2026-01-29T14:06:43.056+0000] {logging_mixin.py:188} INFO - Downloaded AAPL/1769693155.json
[2026-01-29T14:06:43.084+0000] {logging_mixin.py:188} INFO - Downloaded AAPL/1769693167.json
[2026-01-29T14:06:43.112+0000] {logging_mixin.py:188} INFO - Downloaded AAPL/1769693180.json
[2026-01-29T14:06:43.153+0000] {logging_mixin.py:188} INFO - Downloaded AAPL/1769693191.json
[2026-01-29T14:06:43.181+0000] {logging_mixin.py:188} INFO - Downloaded AAPL/1769693202.json
[2026-01-29T14:06:43.209+0000] {logging_mixin.py:188} INFO - Downloaded AAPL/1769693213.json
[2026-01-29T14:06:43.234+0000] {logging_mixin.py:188} INFO - Downloaded AAPL/1769693226.json
[2026-01-29T14:06:43.260+0000] {logging_mixin.py:188} INFO - Downloaded AAPL/1769693238.json
[2026-01-29T14:06:43.290+0000] {logging_mixin.py:188} INFO - Downloaded AAPL/1769693249.json
[2026-01-29T14:06:43.322+0000] {logging_mixin.py:188} INFO - Downloaded AAPL/1769693262.json
[2026-01-29T14:06:43.357+0000] {logging_mixin.py:188} INFO - Downloaded AAPL/1769693273.json
[2026-01-29T14:06:43.382+0000] {logging_mixin.py:188} INFO - Downloaded AAPL/1769693286.json
[2026-01-29T14:06:43.413+0000] {logging_mixin.py:188} INFO - Downloaded AAPL/1769693298.json
[2026-01-29T14:06:43.444+0000] {logging_mixin.py:188} INFO - Downloaded AAPL/1769693309.json
[2026-01-29T14:06:43.473+0000] {logging_mixin.py:188} INFO - Downloaded AAPL/1769693321.json
[2026-01-29T14:06:43.498+0000] {logging_mixin.py:188} INFO - Downloaded AAPL/1769693334.json
[2026-01-29T14:06:43.522+0000] {logging_mixin.py:188} INFO - Downloaded AAPL/1769693348.json
[2026-01-29T14:06:43.548+0000] {logging_mixin.py:188} INFO - Downloaded AAPL/1769693359.json
[2026-01-29T14:06:43.583+0000] {logging_mixin.py:188} INFO - Downloaded AAPL/1769693370.json
[2026-01-29T14:06:43.612+0000] {logging_mixin.py:188} INFO - Downloaded AAPL/1769693381.json
[2026-01-29T14:06:43.644+0000] {logging_mixin.py:188} INFO - Downloaded AAPL/1769693392.json
[2026-01-29T14:06:43.676+0000] {logging_mixin.py:188} INFO - Downloaded AAPL/1769693406.json
[2026-01-29T14:06:43.705+0000] {logging_mixin.py:188} INFO - Downloaded AAPL/1769693419.json
[2026-01-29T14:06:43.733+0000] {logging_mixin.py:188} INFO - Downloaded AAPL/1769693432.json
[2026-01-29T14:06:43.766+0000] {logging_mixin.py:188} INFO - Downloaded AAPL/1769693444.json
[2026-01-29T14:06:43.790+0000] {logging_mixin.py:188} INFO - Downloaded AAPL/1769693456.json
[2026-01-29T14:06:43.825+0000] {logging_mixin.py:188} INFO - Downloaded AAPL/1769693467.json
[2026-01-29T14:06:43.861+0000] {logging_mixin.py:188} INFO - Downloaded AAPL/1769693480.json
[2026-01-29T14:06:43.894+0000] {logging_mixin.py:188} INFO - Downloaded AAPL/1769693491.json
[2026-01-29T14:06:43.962+0000] {logging_mixin.py:188} INFO - Downloaded AAPL/1769693504.json
[2026-01-29T14:06:44.012+0000] {logging_mixin.py:188} INFO - Downloaded AAPL/1769693516.json
[2026-01-29T14:06:44.057+0000] {logging_mixin.py:188} INFO - Downloaded AAPL/1769693530.json
[2026-01-29T14:06:44.096+0000] {logging_mixin.py:188} INFO - Downloaded AAPL/1769693543.json
[2026-01-29T14:06:44.133+0000] {logging_mixin.py:188} INFO - Downloaded AAPL/1769693558.json
[2026-01-29T14:06:44.166+0000] {logging_mixin.py:188} INFO - Downloaded AAPL/1769693571.json
[2026-01-29T14:06:44.209+0000] {logging_mixin.py:188} INFO - Downloaded AAPL/1769693584.json
[2026-01-29T14:06:44.259+0000] {logging_mixin.py:188} INFO - Downloaded AAPL/1769693597.json
[2026-01-29T14:06:44.294+0000] {logging_mixin.py:188} INFO - Downloaded AAPL/1769693612.json
[2026-01-29T14:06:44.330+0000] {logging_mixin.py:188} INFO - Downloaded AAPL/1769693629.json
[2026-01-29T14:06:44.366+0000] {logging_mixin.py:188} INFO - Downloaded AMZN/1769692359.json
[2026-01-29T14:06:44.396+0000] {logging_mixin.py:188} INFO - Downloaded AMZN/1769692372.json
[2026-01-29T14:06:44.426+0000] {logging_mixin.py:188} INFO - Downloaded AMZN/1769692385.json
[2026-01-29T14:06:44.458+0000] {logging_mixin.py:188} INFO - Downloaded AMZN/1769692396.json
[2026-01-29T14:06:44.482+0000] {logging_mixin.py:188} INFO - Downloaded AMZN/1769692409.json
[2026-01-29T14:06:44.518+0000] {logging_mixin.py:188} INFO - Downloaded AMZN/1769692424.json
[2026-01-29T14:06:44.552+0000] {logging_mixin.py:188} INFO - Downloaded AMZN/1769692437.json
[2026-01-29T14:06:44.578+0000] {logging_mixin.py:188} INFO - Downloaded AMZN/1769692450.json
[2026-01-29T14:06:44.610+0000] {logging_mixin.py:188} INFO - Downloaded AMZN/1769692462.json
[2026-01-29T14:06:44.633+0000] {logging_mixin.py:188} INFO - Downloaded AMZN/1769692475.json
[2026-01-29T14:06:44.671+0000] {logging_mixin.py:188} INFO - Downloaded AMZN/1769692486.json
[2026-01-29T14:06:44.693+0000] {logging_mixin.py:188} INFO - Downloaded AMZN/1769692501.json
[2026-01-29T14:06:44.716+0000] {logging_mixin.py:188} INFO - Downloaded AMZN/1769692513.json
[2026-01-29T14:06:44.740+0000] {logging_mixin.py:188} INFO - Downloaded AMZN/1769692528.json
[2026-01-29T14:06:44.774+0000] {logging_mixin.py:188} INFO - Downloaded AMZN/1769692540.json
[2026-01-29T14:06:44.805+0000] {logging_mixin.py:188} INFO - Downloaded AMZN/1769692553.json
[2026-01-29T14:06:44.836+0000] {logging_mixin.py:188} INFO - Downloaded AMZN/1769692565.json
[2026-01-29T14:06:44.866+0000] {logging_mixin.py:188} INFO - Downloaded AMZN/1769692577.json
[2026-01-29T14:06:44.901+0000] {logging_mixin.py:188} INFO - Downloaded AMZN/1769692591.json
[2026-01-29T14:06:44.931+0000] {logging_mixin.py:188} INFO - Downloaded AMZN/1769692616.json
[2026-01-29T14:06:44.960+0000] {logging_mixin.py:188} INFO - Downloaded AMZN/1769692628.json
[2026-01-29T14:06:44.998+0000] {logging_mixin.py:188} INFO - Downloaded AMZN/1769692641.json
[2026-01-29T14:06:45.028+0000] {logging_mixin.py:188} INFO - Downloaded AMZN/1769692654.json
[2026-01-29T14:06:45.062+0000] {logging_mixin.py:188} INFO - Downloaded AMZN/1769692669.json
[2026-01-29T14:06:45.101+0000] {logging_mixin.py:188} INFO - Downloaded AMZN/1769692681.json
[2026-01-29T14:06:45.136+0000] {logging_mixin.py:188} INFO - Downloaded AMZN/1769692693.json
[2026-01-29T14:06:45.170+0000] {logging_mixin.py:188} INFO - Downloaded AMZN/1769692711.json
[2026-01-29T14:06:45.217+0000] {logging_mixin.py:188} INFO - Downloaded AMZN/1769692725.json
[2026-01-29T14:06:45.251+0000] {logging_mixin.py:188} INFO - Downloaded AMZN/1769692740.json
[2026-01-29T14:06:45.287+0000] {logging_mixin.py:188} INFO - Downloaded AMZN/1769692753.json
[2026-01-29T14:06:45.316+0000] {logging_mixin.py:188} INFO - Downloaded AMZN/1769692769.json
[2026-01-29T14:06:45.352+0000] {logging_mixin.py:188} INFO - Downloaded AMZN/1769692785.json
[2026-01-29T14:06:45.377+0000] {logging_mixin.py:188} INFO - Downloaded AMZN/1769692804.json
[2026-01-29T14:06:45.403+0000] {logging_mixin.py:188} INFO - Downloaded AMZN/1769692819.json
[2026-01-29T14:06:45.433+0000] {logging_mixin.py:188} INFO - Downloaded AMZN/1769692832.json
[2026-01-29T14:06:45.462+0000] {logging_mixin.py:188} INFO - Downloaded AMZN/1769692847.json
[2026-01-29T14:06:45.486+0000] {logging_mixin.py:188} INFO - Downloaded AMZN/1769692866.json
[2026-01-29T14:06:45.533+0000] {logging_mixin.py:188} INFO - Downloaded AMZN/1769692880.json
[2026-01-29T14:06:45.643+0000] {logging_mixin.py:188} INFO - Downloaded AMZN/1769692902.json
[2026-01-29T14:06:58.910+0000] {logging_mixin.py:188} INFO - Downloaded AMZN/1769692914.json
[2026-01-29T14:07:04.350+0000] {logging_mixin.py:188} INFO - Downloaded AMZN/1769692929.json
[2026-01-29T14:07:04.717+0000] {logging_mixin.py:188} INFO - Downloaded AMZN/1769692946.json
[2026-01-29T14:07:04.754+0000] {logging_mixin.py:188} INFO - Downloaded AMZN/1769692961.json
[2026-01-29T14:07:04.796+0000] {logging_mixin.py:188} INFO - Downloaded AMZN/1769692973.json
[2026-01-29T14:07:04.831+0000] {logging_mixin.py:188} INFO - Downloaded AMZN/1769692984.json
[2026-01-29T14:07:04.872+0000] {logging_mixin.py:188} INFO - Downloaded AMZN/1769692995.json
[2026-01-29T14:07:04.917+0000] {logging_mixin.py:188} INFO - Downloaded AMZN/1769693008.json
[2026-01-29T14:07:04.993+0000] {logging_mixin.py:188} INFO - Downloaded AMZN/1769693021.json
[2026-01-29T14:07:05.071+0000] {logging_mixin.py:188} INFO - Downloaded AMZN/1769693033.json
[2026-01-29T14:07:05.160+0000] {logging_mixin.py:188} INFO - Downloaded AMZN/1769693047.json
[2026-01-29T14:07:05.230+0000] {logging_mixin.py:188} INFO - Downloaded AMZN/1769693059.json
[2026-01-29T14:07:05.275+0000] {logging_mixin.py:188} INFO - Downloaded AMZN/1769693072.json
[2026-01-29T14:07:05.307+0000] {logging_mixin.py:188} INFO - Downloaded AMZN/1769693083.json
[2026-01-29T14:07:05.339+0000] {logging_mixin.py:188} INFO - Downloaded AMZN/1769693095.json
[2026-01-29T14:07:05.380+0000] {logging_mixin.py:188} INFO - Downloaded AMZN/1769693110.json
[2026-01-29T14:07:05.421+0000] {logging_mixin.py:188} INFO - Downloaded AMZN/1769693125.json
[2026-01-29T14:07:05.460+0000] {logging_mixin.py:188} INFO - Downloaded AMZN/1769693136.json
[2026-01-29T14:07:05.499+0000] {logging_mixin.py:188} INFO - Downloaded AMZN/1769693148.json
[2026-01-29T14:07:05.540+0000] {logging_mixin.py:188} INFO - Downloaded AMZN/1769693160.json
[2026-01-29T14:07:05.584+0000] {logging_mixin.py:188} INFO - Downloaded AMZN/1769693173.json
[2026-01-29T14:07:05.643+0000] {logging_mixin.py:188} INFO - Downloaded AMZN/1769693184.json
[2026-01-29T14:07:05.693+0000] {logging_mixin.py:188} INFO - Downloaded AMZN/1769693195.json
[2026-01-29T14:07:05.747+0000] {logging_mixin.py:188} INFO - Downloaded AMZN/1769693206.json
[2026-01-29T14:07:05.791+0000] {logging_mixin.py:188} INFO - Downloaded AMZN/1769693219.json
[2026-01-29T14:07:05.828+0000] {logging_mixin.py:188} INFO - Downloaded AMZN/1769693230.json
[2026-01-29T14:07:05.856+0000] {logging_mixin.py:188} INFO - Downloaded AMZN/1769693242.json
[2026-01-29T14:07:05.884+0000] {logging_mixin.py:188} INFO - Downloaded AMZN/1769693255.json
[2026-01-29T14:07:05.926+0000] {logging_mixin.py:188} INFO - Downloaded AMZN/1769693266.json
[2026-01-29T14:07:05.962+0000] {logging_mixin.py:188} INFO - Downloaded AMZN/1769693279.json
[2026-01-29T14:07:05.993+0000] {logging_mixin.py:188} INFO - Downloaded AMZN/1769693290.json
[2026-01-29T14:07:06.023+0000] {logging_mixin.py:188} INFO - Downloaded AMZN/1769693302.json
[2026-01-29T14:07:06.054+0000] {logging_mixin.py:188} INFO - Downloaded AMZN/1769693314.json
[2026-01-29T14:07:06.096+0000] {logging_mixin.py:188} INFO - Downloaded AMZN/1769693326.json
[2026-01-29T14:07:06.132+0000] {logging_mixin.py:188} INFO - Downloaded AMZN/1769693340.json
[2026-01-29T14:07:06.170+0000] {logging_mixin.py:188} INFO - Downloaded AMZN/1769693352.json
[2026-01-29T14:07:06.198+0000] {logging_mixin.py:188} INFO - Downloaded AMZN/1769693363.json
[2026-01-29T14:07:06.239+0000] {logging_mixin.py:188} INFO - Downloaded AMZN/1769693374.json
[2026-01-29T14:07:06.308+0000] {logging_mixin.py:188} INFO - Downloaded AMZN/1769693385.json
[2026-01-29T14:07:06.346+0000] {logging_mixin.py:188} INFO - Downloaded AMZN/1769693399.json
[2026-01-29T14:07:06.379+0000] {logging_mixin.py:188} INFO - Downloaded AMZN/1769693411.json
[2026-01-29T14:07:06.415+0000] {logging_mixin.py:188} INFO - Downloaded AMZN/1769693425.json
[2026-01-29T14:07:06.448+0000] {logging_mixin.py:188} INFO - Downloaded AMZN/1769693437.json
[2026-01-29T14:07:06.490+0000] {logging_mixin.py:188} INFO - Downloaded AMZN/1769693449.json
[2026-01-29T14:07:06.539+0000] {logging_mixin.py:188} INFO - Downloaded AMZN/1769693460.json
[2026-01-29T14:07:06.580+0000] {logging_mixin.py:188} INFO - Downloaded AMZN/1769693473.json
[2026-01-29T14:07:06.624+0000] {logging_mixin.py:188} INFO - Downloaded AMZN/1769693484.json
[2026-01-29T14:07:06.676+0000] {logging_mixin.py:188} INFO - Downloaded AMZN/1769693496.json
[2026-01-29T14:07:06.719+0000] {logging_mixin.py:188} INFO - Downloaded AMZN/1769693508.json
[2026-01-29T14:07:06.759+0000] {logging_mixin.py:188} INFO - Downloaded AMZN/1769693522.json
[2026-01-29T14:07:06.789+0000] {logging_mixin.py:188} INFO - Downloaded AMZN/1769693536.json
[2026-01-29T14:07:06.836+0000] {logging_mixin.py:188} INFO - Downloaded AMZN/1769693549.json
[2026-01-29T14:07:06.883+0000] {logging_mixin.py:188} INFO - Downloaded AMZN/1769693564.json
[2026-01-29T14:07:06.925+0000] {logging_mixin.py:188} INFO - Downloaded AMZN/1769693577.json
[2026-01-29T14:07:06.968+0000] {logging_mixin.py:188} INFO - Downloaded AMZN/1769693590.json
[2026-01-29T14:07:07.006+0000] {logging_mixin.py:188} INFO - Downloaded AMZN/1769693604.json
[2026-01-29T14:07:07.041+0000] {logging_mixin.py:188} INFO - Downloaded AMZN/1769693616.json
[2026-01-29T14:07:07.076+0000] {logging_mixin.py:188} INFO - Downloaded GOOGL/1769692357.json
[2026-01-29T14:07:07.107+0000] {logging_mixin.py:188} INFO - Downloaded GOOGL/1769692370.json
[2026-01-29T14:07:07.147+0000] {logging_mixin.py:188} INFO - Downloaded GOOGL/1769692383.json
[2026-01-29T14:07:07.199+0000] {logging_mixin.py:188} INFO - Downloaded GOOGL/1769692395.json
[2026-01-29T14:07:07.275+0000] {logging_mixin.py:188} INFO - Downloaded GOOGL/1769692407.json
[2026-01-29T14:07:07.307+0000] {logging_mixin.py:188} INFO - Downloaded GOOGL/1769692422.json
[2026-01-29T14:07:07.337+0000] {logging_mixin.py:188} INFO - Downloaded GOOGL/1769692436.json
[2026-01-29T14:07:07.378+0000] {logging_mixin.py:188} INFO - Downloaded GOOGL/1769692448.json
[2026-01-29T14:07:07.430+0000] {logging_mixin.py:188} INFO - Downloaded GOOGL/1769692461.json
[2026-01-29T14:07:07.468+0000] {logging_mixin.py:188} INFO - Downloaded GOOGL/1769692473.json
[2026-01-29T14:07:07.530+0000] {logging_mixin.py:188} INFO - Downloaded GOOGL/1769692485.json
[2026-01-29T14:07:07.584+0000] {logging_mixin.py:188} INFO - Downloaded GOOGL/1769692499.json
[2026-01-29T14:07:07.641+0000] {logging_mixin.py:188} INFO - Downloaded GOOGL/1769692513.json
[2026-01-29T14:07:07.695+0000] {logging_mixin.py:188} INFO - Downloaded GOOGL/1769692524.json
[2026-01-29T14:07:07.759+0000] {logging_mixin.py:188} INFO - Downloaded GOOGL/1769692538.json
[2026-01-29T14:07:07.839+0000] {logging_mixin.py:188} INFO - Downloaded GOOGL/1769692551.json
[2026-01-29T14:07:07.889+0000] {logging_mixin.py:188} INFO - Downloaded GOOGL/1769692564.json
[2026-01-29T14:07:07.928+0000] {logging_mixin.py:188} INFO - Downloaded GOOGL/1769692576.json
[2026-01-29T14:07:08.016+0000] {logging_mixin.py:188} INFO - Downloaded GOOGL/1769692589.json
[2026-01-29T14:07:08.058+0000] {logging_mixin.py:188} INFO - Downloaded GOOGL/1769692615.json
[2026-01-29T14:07:08.114+0000] {logging_mixin.py:188} INFO - Downloaded GOOGL/1769692627.json
[2026-01-29T14:07:08.175+0000] {logging_mixin.py:188} INFO - Downloaded GOOGL/1769692640.json
[2026-01-29T14:07:08.234+0000] {logging_mixin.py:188} INFO - Downloaded GOOGL/1769692652.json
[2026-01-29T14:07:08.291+0000] {logging_mixin.py:188} INFO - Downloaded GOOGL/1769692668.json
[2026-01-29T14:07:08.336+0000] {logging_mixin.py:188} INFO - Downloaded GOOGL/1769692680.json
[2026-01-29T14:07:08.372+0000] {logging_mixin.py:188} INFO - Downloaded GOOGL/1769692692.json
[2026-01-29T14:07:08.399+0000] {logging_mixin.py:188} INFO - Downloaded GOOGL/1769692710.json
[2026-01-29T14:07:08.426+0000] {logging_mixin.py:188} INFO - Downloaded GOOGL/1769692723.json
[2026-01-29T14:07:08.460+0000] {logging_mixin.py:188} INFO - Downloaded GOOGL/1769692739.json
[2026-01-29T14:07:08.493+0000] {logging_mixin.py:188} INFO - Downloaded GOOGL/1769692752.json
[2026-01-29T14:07:08.525+0000] {logging_mixin.py:188} INFO - Downloaded GOOGL/1769692765.json
[2026-01-29T14:07:08.567+0000] {logging_mixin.py:188} INFO - Downloaded GOOGL/1769692784.json
[2026-01-29T14:07:08.601+0000] {logging_mixin.py:188} INFO - Downloaded GOOGL/1769692803.json
[2026-01-29T14:07:08.649+0000] {logging_mixin.py:188} INFO - Downloaded GOOGL/1769692817.json
[2026-01-29T14:07:08.677+0000] {logging_mixin.py:188} INFO - Downloaded GOOGL/1769692831.json
[2026-01-29T14:07:08.711+0000] {logging_mixin.py:188} INFO - Downloaded GOOGL/1769692846.json
[2026-01-29T14:07:08.750+0000] {logging_mixin.py:188} INFO - Downloaded GOOGL/1769692864.json
[2026-01-29T14:07:08.793+0000] {logging_mixin.py:188} INFO - Downloaded GOOGL/1769692878.json
[2026-01-29T14:07:08.850+0000] {logging_mixin.py:188} INFO - Downloaded GOOGL/1769692913.json
[2026-01-29T14:07:08.897+0000] {logging_mixin.py:188} INFO - Downloaded GOOGL/1769692928.json
[2026-01-29T14:07:08.952+0000] {logging_mixin.py:188} INFO - Downloaded GOOGL/1769692944.json
[2026-01-29T14:07:08.999+0000] {logging_mixin.py:188} INFO - Downloaded GOOGL/1769692960.json
[2026-01-29T14:07:09.031+0000] {logging_mixin.py:188} INFO - Downloaded GOOGL/1769692972.json
[2026-01-29T14:07:09.066+0000] {logging_mixin.py:188} INFO - Downloaded GOOGL/1769692983.json
[2026-01-29T14:07:09.124+0000] {logging_mixin.py:188} INFO - Downloaded GOOGL/1769692994.json
[2026-01-29T14:07:09.177+0000] {logging_mixin.py:188} INFO - Downloaded GOOGL/1769693007.json
[2026-01-29T14:07:09.219+0000] {logging_mixin.py:188} INFO - Downloaded GOOGL/1769693020.json
[2026-01-29T14:07:09.254+0000] {logging_mixin.py:188} INFO - Downloaded GOOGL/1769693032.json
[2026-01-29T14:07:09.311+0000] {logging_mixin.py:188} INFO - Downloaded GOOGL/1769693044.json
[2026-01-29T14:07:09.364+0000] {logging_mixin.py:188} INFO - Downloaded GOOGL/1769693058.json
[2026-01-29T14:07:09.428+0000] {logging_mixin.py:188} INFO - Downloaded GOOGL/1769693071.json
[2026-01-29T14:07:09.508+0000] {logging_mixin.py:188} INFO - Downloaded GOOGL/1769693082.json
[2026-01-29T14:07:09.567+0000] {logging_mixin.py:188} INFO - Downloaded GOOGL/1769693094.json
[2026-01-29T14:07:09.611+0000] {logging_mixin.py:188} INFO - Downloaded GOOGL/1769693109.json
[2026-01-29T14:07:09.668+0000] {logging_mixin.py:188} INFO - Downloaded GOOGL/1769693124.json
[2026-01-29T14:07:09.717+0000] {logging_mixin.py:188} INFO - Downloaded GOOGL/1769693135.json
[2026-01-29T14:07:09.761+0000] {logging_mixin.py:188} INFO - Downloaded GOOGL/1769693147.json
[2026-01-29T14:07:09.823+0000] {logging_mixin.py:188} INFO - Downloaded GOOGL/1769693158.json
[2026-01-29T14:07:09.864+0000] {logging_mixin.py:188} INFO - Downloaded GOOGL/1769693172.json
[2026-01-29T14:07:09.913+0000] {logging_mixin.py:188} INFO - Downloaded GOOGL/1769693183.json
[2026-01-29T14:07:09.951+0000] {logging_mixin.py:188} INFO - Downloaded GOOGL/1769693194.json
[2026-01-29T14:07:09.985+0000] {logging_mixin.py:188} INFO - Downloaded GOOGL/1769693205.json
[2026-01-29T14:07:10.022+0000] {logging_mixin.py:188} INFO - Downloaded GOOGL/1769693218.json
[2026-01-29T14:07:10.070+0000] {logging_mixin.py:188} INFO - Downloaded GOOGL/1769693229.json
[2026-01-29T14:07:10.110+0000] {logging_mixin.py:188} INFO - Downloaded GOOGL/1769693241.json
[2026-01-29T14:07:10.166+0000] {logging_mixin.py:188} INFO - Downloaded GOOGL/1769693254.json
[2026-01-29T14:07:10.205+0000] {logging_mixin.py:188} INFO - Downloaded GOOGL/1769693265.json
[2026-01-29T14:07:10.250+0000] {logging_mixin.py:188} INFO - Downloaded GOOGL/1769693277.json
[2026-01-29T14:07:10.294+0000] {logging_mixin.py:188} INFO - Downloaded GOOGL/1769693289.json
[2026-01-29T14:07:10.363+0000] {logging_mixin.py:188} INFO - Downloaded GOOGL/1769693301.json
[2026-01-29T14:07:10.439+0000] {logging_mixin.py:188} INFO - Downloaded GOOGL/1769693313.json
[2026-01-29T14:07:10.481+0000] {logging_mixin.py:188} INFO - Downloaded GOOGL/1769693324.json
[2026-01-29T14:07:10.524+0000] {logging_mixin.py:188} INFO - Downloaded GOOGL/1769693339.json
[2026-01-29T14:07:10.584+0000] {logging_mixin.py:188} INFO - Downloaded GOOGL/1769693351.json
[2026-01-29T14:07:10.686+0000] {logging_mixin.py:188} INFO - Downloaded GOOGL/1769693362.json
[2026-01-29T14:07:10.791+0000] {logging_mixin.py:188} INFO - Downloaded GOOGL/1769693373.json
[2026-01-29T14:07:10.934+0000] {logging_mixin.py:188} INFO - Downloaded GOOGL/1769693384.json
[2026-01-29T14:07:11.109+0000] {logging_mixin.py:188} INFO - Downloaded GOOGL/1769693398.json
[2026-01-29T14:07:11.213+0000] {logging_mixin.py:188} INFO - Downloaded GOOGL/1769693410.json
[2026-01-29T14:07:11.255+0000] {logging_mixin.py:188} INFO - Downloaded GOOGL/1769693422.json
[2026-01-29T14:07:11.310+0000] {logging_mixin.py:188} INFO - Downloaded GOOGL/1769693436.json
[2026-01-29T14:07:11.368+0000] {logging_mixin.py:188} INFO - Downloaded GOOGL/1769693447.json
[2026-01-29T14:07:11.453+0000] {logging_mixin.py:188} INFO - Downloaded GOOGL/1769693459.json
[2026-01-29T14:07:11.492+0000] {logging_mixin.py:188} INFO - Downloaded GOOGL/1769693471.json
[2026-01-29T14:07:11.529+0000] {logging_mixin.py:188} INFO - Downloaded GOOGL/1769693483.json
[2026-01-29T14:07:11.569+0000] {logging_mixin.py:188} INFO - Downloaded GOOGL/1769693495.json
[2026-01-29T14:07:11.595+0000] {logging_mixin.py:188} INFO - Downloaded GOOGL/1769693507.json
[2026-01-29T14:07:11.637+0000] {logging_mixin.py:188} INFO - Downloaded GOOGL/1769693520.json
[2026-01-29T14:07:11.690+0000] {logging_mixin.py:188} INFO - Downloaded GOOGL/1769693533.json
[2026-01-29T14:07:11.721+0000] {logging_mixin.py:188} INFO - Downloaded GOOGL/1769693547.json
[2026-01-29T14:07:11.762+0000] {logging_mixin.py:188} INFO - Downloaded GOOGL/1769693562.json
[2026-01-29T14:07:11.798+0000] {logging_mixin.py:188} INFO - Downloaded GOOGL/1769693576.json
[2026-01-29T14:07:11.868+0000] {logging_mixin.py:188} INFO - Downloaded GOOGL/1769693587.json
[2026-01-29T14:07:11.909+0000] {logging_mixin.py:188} INFO - Downloaded GOOGL/1769693603.json
[2026-01-29T14:07:11.965+0000] {logging_mixin.py:188} INFO - Downloaded GOOGL/1769693615.json
[2026-01-29T14:07:12.030+0000] {logging_mixin.py:188} INFO - Downloaded MSFT/1769692355.json
[2026-01-29T14:07:12.072+0000] {logging_mixin.py:188} INFO - Downloaded MSFT/1769692368.json
[2026-01-29T14:07:12.114+0000] {logging_mixin.py:188} INFO - Downloaded MSFT/1769692381.json
[2026-01-29T14:07:12.157+0000] {logging_mixin.py:188} INFO - Downloaded MSFT/1769692393.json
[2026-01-29T14:07:12.204+0000] {logging_mixin.py:188} INFO - Downloaded MSFT/1769692405.json
[2026-01-29T14:07:12.241+0000] {logging_mixin.py:188} INFO - Downloaded MSFT/1769692417.json
[2026-01-29T14:07:12.294+0000] {logging_mixin.py:188} INFO - Downloaded MSFT/1769692433.json
[2026-01-29T14:07:12.334+0000] {logging_mixin.py:188} INFO - Downloaded MSFT/1769692446.json
[2026-01-29T14:07:12.399+0000] {logging_mixin.py:188} INFO - Downloaded MSFT/1769692458.json
[2026-01-29T14:07:12.441+0000] {logging_mixin.py:188} INFO - Downloaded MSFT/1769692471.json
[2026-01-29T14:07:12.480+0000] {logging_mixin.py:188} INFO - Downloaded MSFT/1769692483.json
[2026-01-29T14:07:12.524+0000] {logging_mixin.py:188} INFO - Downloaded MSFT/1769692497.json
[2026-01-29T14:07:12.565+0000] {logging_mixin.py:188} INFO - Downloaded MSFT/1769692511.json
[2026-01-29T14:07:12.598+0000] {logging_mixin.py:188} INFO - Downloaded MSFT/1769692522.json
[2026-01-29T14:07:12.644+0000] {logging_mixin.py:188} INFO - Downloaded MSFT/1769692536.json
[2026-01-29T14:07:12.698+0000] {logging_mixin.py:188} INFO - Downloaded MSFT/1769692549.json
[2026-01-29T14:07:12.735+0000] {logging_mixin.py:188} INFO - Downloaded MSFT/1769692561.json
[2026-01-29T14:07:12.803+0000] {logging_mixin.py:188} INFO - Downloaded MSFT/1769692574.json
[2026-01-29T14:07:12.845+0000] {logging_mixin.py:188} INFO - Downloaded MSFT/1769692586.json
[2026-01-29T14:07:12.940+0000] {logging_mixin.py:188} INFO - Downloaded MSFT/1769692605.json
[2026-01-29T14:07:12.982+0000] {logging_mixin.py:188} INFO - Downloaded MSFT/1769692624.json
[2026-01-29T14:07:13.014+0000] {logging_mixin.py:188} INFO - Downloaded MSFT/1769692638.json
[2026-01-29T14:07:13.044+0000] {logging_mixin.py:188} INFO - Downloaded MSFT/1769692649.json
[2026-01-29T14:07:13.090+0000] {logging_mixin.py:188} INFO - Downloaded MSFT/1769692663.json
[2026-01-29T14:07:13.132+0000] {logging_mixin.py:188} INFO - Downloaded MSFT/1769692678.json
[2026-01-29T14:07:13.216+0000] {logging_mixin.py:188} INFO - Downloaded MSFT/1769692690.json
[2026-01-29T14:07:13.263+0000] {logging_mixin.py:188} INFO - Downloaded MSFT/1769692701.json
[2026-01-29T14:07:13.300+0000] {logging_mixin.py:188} INFO - Downloaded MSFT/1769692721.json
[2026-01-29T14:07:13.342+0000] {logging_mixin.py:188} INFO - Downloaded MSFT/1769692736.json
[2026-01-29T14:07:13.376+0000] {logging_mixin.py:188} INFO - Downloaded MSFT/1769692749.json
[2026-01-29T14:07:13.408+0000] {logging_mixin.py:188} INFO - Downloaded MSFT/1769692762.json
[2026-01-29T14:07:13.450+0000] {logging_mixin.py:188} INFO - Downloaded MSFT/1769692780.json
[2026-01-29T14:07:13.484+0000] {logging_mixin.py:188} INFO - Downloaded MSFT/1769692798.json
[2026-01-29T14:07:13.518+0000] {logging_mixin.py:188} INFO - Downloaded MSFT/1769692813.json
[2026-01-29T14:07:13.584+0000] {logging_mixin.py:188} INFO - Downloaded MSFT/1769692828.json
[2026-01-29T14:07:46.061+0000] {logging_mixin.py:188} INFO - Downloaded MSFT/1769692844.json
[2026-01-29T14:07:46.364+0000] {logging_mixin.py:188} INFO - Downloaded MSFT/1769692860.json
[2026-01-29T14:07:46.408+0000] {logging_mixin.py:188} INFO - Downloaded MSFT/1769692874.json
[2026-01-29T14:07:46.488+0000] {logging_mixin.py:188} INFO - Downloaded MSFT/1769692889.json
[2026-01-29T14:07:46.515+0000] {logging_mixin.py:188} INFO - Downloaded MSFT/1769692910.json
[2026-01-29T14:07:46.567+0000] {logging_mixin.py:188} INFO - Downloaded MSFT/1769692926.json
[2026-01-29T14:07:46.608+0000] {logging_mixin.py:188} INFO - Downloaded MSFT/1769692941.json
[2026-01-29T14:07:46.650+0000] {logging_mixin.py:188} INFO - Downloaded MSFT/1769692954.json
[2026-01-29T14:07:46.700+0000] {logging_mixin.py:188} INFO - Downloaded MSFT/1769692970.json
[2026-01-29T14:07:46.738+0000] {logging_mixin.py:188} INFO - Downloaded MSFT/1769692981.json
[2026-01-29T14:07:46.782+0000] {logging_mixin.py:188} INFO - Downloaded MSFT/1769692992.json
[2026-01-29T14:07:46.838+0000] {logging_mixin.py:188} INFO - Downloaded MSFT/1769693004.json
[2026-01-29T14:07:47.000+0000] {logging_mixin.py:188} INFO - Downloaded MSFT/1769693017.json
[2026-01-29T14:08:12.245+0000] {logging_mixin.py:188} INFO - Downloaded MSFT/1769693030.json
[2026-01-29T14:08:12.295+0000] {logging_mixin.py:188} INFO - Downloaded MSFT/1769693041.json
[2026-01-29T14:08:12.331+0000] {logging_mixin.py:188} INFO - Downloaded MSFT/1769693055.json
[2026-01-29T14:08:12.361+0000] {logging_mixin.py:188} INFO - Downloaded MSFT/1769693067.json
[2026-01-29T14:08:12.386+0000] {logging_mixin.py:188} INFO - Downloaded MSFT/1769693080.json
[2026-01-29T14:08:12.414+0000] {logging_mixin.py:188} INFO - Downloaded MSFT/1769693092.json
[2026-01-29T14:08:12.447+0000] {logging_mixin.py:188} INFO - Downloaded MSFT/1769693107.json
[2026-01-29T14:08:12.482+0000] {logging_mixin.py:188} INFO - Downloaded MSFT/1769693119.json
[2026-01-29T14:08:12.515+0000] {logging_mixin.py:188} INFO - Downloaded MSFT/1769693133.json
[2026-01-29T14:08:12.561+0000] {logging_mixin.py:188} INFO - Downloaded MSFT/1769693145.json
[2026-01-29T14:08:12.600+0000] {logging_mixin.py:188} INFO - Downloaded MSFT/1769693156.json
[2026-01-29T14:08:12.646+0000] {logging_mixin.py:188} INFO - Downloaded MSFT/1769693168.json
[2026-01-29T14:08:12.674+0000] {logging_mixin.py:188} INFO - Downloaded MSFT/1769693181.json
[2026-01-29T14:08:12.703+0000] {logging_mixin.py:188} INFO - Downloaded MSFT/1769693192.json
[2026-01-29T14:08:12.732+0000] {logging_mixin.py:188} INFO - Downloaded MSFT/1769693203.json
[2026-01-29T14:08:12.771+0000] {logging_mixin.py:188} INFO - Downloaded MSFT/1769693215.json
[2026-01-29T14:08:12.816+0000] {logging_mixin.py:188} INFO - Downloaded MSFT/1769693227.json
[2026-01-29T14:08:12.849+0000] {logging_mixin.py:188} INFO - Downloaded MSFT/1769693239.json
[2026-01-29T14:08:12.873+0000] {logging_mixin.py:188} INFO - Downloaded MSFT/1769693250.json
[2026-01-29T14:08:12.909+0000] {logging_mixin.py:188} INFO - Downloaded MSFT/1769693263.json
[2026-01-29T14:08:12.945+0000] {logging_mixin.py:188} INFO - Downloaded MSFT/1769693275.json
[2026-01-29T14:08:12.968+0000] {logging_mixin.py:188} INFO - Downloaded MSFT/1769693287.json
[2026-01-29T14:08:13.001+0000] {logging_mixin.py:188} INFO - Downloaded MSFT/1769693299.json
[2026-01-29T14:08:13.026+0000] {logging_mixin.py:188} INFO - Downloaded MSFT/1769693310.json
[2026-01-29T14:08:13.066+0000] {logging_mixin.py:188} INFO - Downloaded MSFT/1769693322.json
[2026-01-29T14:08:13.096+0000] {logging_mixin.py:188} INFO - Downloaded MSFT/1769693335.json
[2026-01-29T14:08:13.134+0000] {logging_mixin.py:188} INFO - Downloaded MSFT/1769693349.json
[2026-01-29T14:08:13.175+0000] {logging_mixin.py:188} INFO - Downloaded MSFT/1769693360.json
[2026-01-29T14:08:13.220+0000] {logging_mixin.py:188} INFO - Downloaded MSFT/1769693371.json
[2026-01-29T14:08:13.259+0000] {logging_mixin.py:188} INFO - Downloaded MSFT/1769693382.json
[2026-01-29T14:08:13.298+0000] {logging_mixin.py:188} INFO - Downloaded MSFT/1769693394.json
[2026-01-29T14:08:13.339+0000] {logging_mixin.py:188} INFO - Downloaded MSFT/1769693407.json
[2026-01-29T14:08:13.380+0000] {logging_mixin.py:188} INFO - Downloaded MSFT/1769693420.json
[2026-01-29T14:08:13.409+0000] {logging_mixin.py:188} INFO - Downloaded MSFT/1769693434.json
[2026-01-29T14:08:13.440+0000] {logging_mixin.py:188} INFO - Downloaded MSFT/1769693445.json
[2026-01-29T14:08:13.468+0000] {logging_mixin.py:188} INFO - Downloaded MSFT/1769693457.json
[2026-01-29T14:08:13.495+0000] {logging_mixin.py:188} INFO - Downloaded MSFT/1769693469.json
[2026-01-29T14:08:13.524+0000] {logging_mixin.py:188} INFO - Downloaded MSFT/1769693481.json
[2026-01-29T14:08:13.556+0000] {logging_mixin.py:188} INFO - Downloaded MSFT/1769693492.json
[2026-01-29T14:08:13.586+0000] {logging_mixin.py:188} INFO - Downloaded MSFT/1769693505.json
[2026-01-29T14:08:13.626+0000] {logging_mixin.py:188} INFO - Downloaded MSFT/1769693517.json
[2026-01-29T14:08:13.665+0000] {logging_mixin.py:188} INFO - Downloaded MSFT/1769693531.json
[2026-01-29T14:08:13.695+0000] {logging_mixin.py:188} INFO - Downloaded MSFT/1769693544.json
[2026-01-29T14:08:13.737+0000] {logging_mixin.py:188} INFO - Downloaded MSFT/1769693559.json
[2026-01-29T14:08:13.774+0000] {logging_mixin.py:188} INFO - Downloaded MSFT/1769693574.json
[2026-01-29T14:08:13.813+0000] {logging_mixin.py:188} INFO - Downloaded MSFT/1769693585.json
[2026-01-29T14:08:13.856+0000] {logging_mixin.py:188} INFO - Downloaded MSFT/1769693600.json
[2026-01-29T14:08:13.906+0000] {logging_mixin.py:188} INFO - Downloaded MSFT/1769693613.json
[2026-01-29T14:08:13.942+0000] {logging_mixin.py:188} INFO - Downloaded TSLA/1769692356.json
[2026-01-29T14:08:13.973+0000] {logging_mixin.py:188} INFO - Downloaded TSLA/1769692369.json
[2026-01-29T14:08:14.007+0000] {logging_mixin.py:188} INFO - Downloaded TSLA/1769692382.json
[2026-01-29T14:08:14.038+0000] {logging_mixin.py:188} INFO - Downloaded TSLA/1769692394.json
[2026-01-29T14:08:14.114+0000] {logging_mixin.py:188} INFO - Downloaded TSLA/1769692406.json
[2026-01-29T14:08:14.164+0000] {logging_mixin.py:188} INFO - Downloaded TSLA/1769692419.json
[2026-01-29T14:08:14.213+0000] {logging_mixin.py:188} INFO - Downloaded TSLA/1769692434.json
[2026-01-29T14:08:14.255+0000] {logging_mixin.py:188} INFO - Downloaded TSLA/1769692447.json
[2026-01-29T14:08:14.302+0000] {logging_mixin.py:188} INFO - Downloaded TSLA/1769692460.json
[2026-01-29T14:08:14.331+0000] {logging_mixin.py:188} INFO - Downloaded TSLA/1769692472.json
[2026-01-29T14:08:14.358+0000] {logging_mixin.py:188} INFO - Downloaded TSLA/1769692484.json
[2026-01-29T14:08:14.391+0000] {logging_mixin.py:188} INFO - Downloaded TSLA/1769692498.json
[2026-01-29T14:08:14.430+0000] {logging_mixin.py:188} INFO - Downloaded TSLA/1769692512.json
[2026-01-29T14:08:14.470+0000] {logging_mixin.py:188} INFO - Downloaded TSLA/1769692523.json
[2026-01-29T14:08:14.515+0000] {logging_mixin.py:188} INFO - Downloaded TSLA/1769692537.json
[2026-01-29T14:08:14.558+0000] {logging_mixin.py:188} INFO - Downloaded TSLA/1769692550.json
[2026-01-29T14:08:14.640+0000] {logging_mixin.py:188} INFO - Downloaded TSLA/1769692563.json
[2026-01-29T14:08:14.672+0000] {logging_mixin.py:188} INFO - Downloaded TSLA/1769692575.json
[2026-01-29T14:08:14.724+0000] {logging_mixin.py:188} INFO - Downloaded TSLA/1769692588.json
[2026-01-29T14:08:14.754+0000] {logging_mixin.py:188} INFO - Downloaded TSLA/1769692610.json
[2026-01-29T14:08:14.785+0000] {logging_mixin.py:188} INFO - Downloaded TSLA/1769692626.json
[2026-01-29T14:08:14.812+0000] {logging_mixin.py:188} INFO - Downloaded TSLA/1769692639.json
[2026-01-29T14:08:14.834+0000] {logging_mixin.py:188} INFO - Downloaded TSLA/1769692651.json
[2026-01-29T14:08:14.859+0000] {logging_mixin.py:188} INFO - Downloaded TSLA/1769692666.json
[2026-01-29T14:08:14.902+0000] {logging_mixin.py:188} INFO - Downloaded TSLA/1769692679.json
[2026-01-29T14:08:14.928+0000] {logging_mixin.py:188} INFO - Downloaded TSLA/1769692691.json
[2026-01-29T14:08:14.954+0000] {logging_mixin.py:188} INFO - Downloaded TSLA/1769692708.json
[2026-01-29T14:08:14.984+0000] {logging_mixin.py:188} INFO - Downloaded TSLA/1769692722.json
[2026-01-29T14:08:15.015+0000] {logging_mixin.py:188} INFO - Downloaded TSLA/1769692737.json
[2026-01-29T14:08:15.049+0000] {logging_mixin.py:188} INFO - Downloaded TSLA/1769692750.json
[2026-01-29T14:08:15.076+0000] {logging_mixin.py:188} INFO - Downloaded TSLA/1769692763.json
[2026-01-29T14:08:15.122+0000] {logging_mixin.py:188} INFO - Downloaded TSLA/1769692782.json
[2026-01-29T14:08:15.154+0000] {logging_mixin.py:188} INFO - Downloaded TSLA/1769692802.json
[2026-01-29T14:08:15.182+0000] {logging_mixin.py:188} INFO - Downloaded TSLA/1769692816.json
[2026-01-29T14:08:15.209+0000] {logging_mixin.py:188} INFO - Downloaded TSLA/1769692830.json
[2026-01-29T14:08:15.252+0000] {logging_mixin.py:188} INFO - Downloaded TSLA/1769692845.json
[2026-01-29T14:08:15.281+0000] {logging_mixin.py:188} INFO - Downloaded TSLA/1769692861.json
[2026-01-29T14:08:15.316+0000] {logging_mixin.py:188} INFO - Downloaded TSLA/1769692875.json
[2026-01-29T14:08:15.348+0000] {logging_mixin.py:188} INFO - Downloaded TSLA/1769692890.json
[2026-01-29T14:08:15.380+0000] {logging_mixin.py:188} INFO - Downloaded TSLA/1769692912.json
[2026-01-29T14:08:15.415+0000] {logging_mixin.py:188} INFO - Downloaded TSLA/1769692927.json
[2026-01-29T14:08:15.443+0000] {logging_mixin.py:188} INFO - Downloaded TSLA/1769692942.json
[2026-01-29T14:08:15.479+0000] {logging_mixin.py:188} INFO - Downloaded TSLA/1769692956.json
[2026-01-29T14:08:15.518+0000] {logging_mixin.py:188} INFO - Downloaded TSLA/1769692971.json
[2026-01-29T14:08:15.554+0000] {logging_mixin.py:188} INFO - Downloaded TSLA/1769692982.json
[2026-01-29T14:08:15.583+0000] {logging_mixin.py:188} INFO - Downloaded TSLA/1769692993.json
[2026-01-29T14:08:15.623+0000] {logging_mixin.py:188} INFO - Downloaded TSLA/1769693006.json
[2026-01-29T14:08:15.666+0000] {logging_mixin.py:188} INFO - Downloaded TSLA/1769693018.json
[2026-01-29T14:08:15.709+0000] {logging_mixin.py:188} INFO - Downloaded TSLA/1769693031.json
[2026-01-29T14:08:15.757+0000] {logging_mixin.py:188} INFO - Downloaded TSLA/1769693043.json
[2026-01-29T14:08:15.815+0000] {logging_mixin.py:188} INFO - Downloaded TSLA/1769693056.json
[2026-01-29T14:08:15.917+0000] {logging_mixin.py:188} INFO - Downloaded TSLA/1769693069.json
[2026-01-29T14:08:16.048+0000] {logging_mixin.py:188} INFO - Downloaded TSLA/1769693081.json
[2026-01-29T14:08:16.086+0000] {logging_mixin.py:188} INFO - Downloaded TSLA/1769693093.json
[2026-01-29T14:08:16.122+0000] {logging_mixin.py:188} INFO - Downloaded TSLA/1769693108.json
[2026-01-29T14:08:16.180+0000] {logging_mixin.py:188} INFO - Downloaded TSLA/1769693122.json
[2026-01-29T14:08:16.212+0000] {logging_mixin.py:188} INFO - Downloaded TSLA/1769693134.json
[2026-01-29T14:08:16.245+0000] {logging_mixin.py:188} INFO - Downloaded TSLA/1769693146.json
[2026-01-29T14:08:16.276+0000] {logging_mixin.py:188} INFO - Downloaded TSLA/1769693157.json
[2026-01-29T14:08:16.316+0000] {logging_mixin.py:188} INFO - Downloaded TSLA/1769693169.json
[2026-01-29T14:08:16.347+0000] {logging_mixin.py:188} INFO - Downloaded TSLA/1769693181.json
[2026-01-29T14:08:16.371+0000] {logging_mixin.py:188} INFO - Downloaded TSLA/1769693193.json
[2026-01-29T14:08:16.398+0000] {logging_mixin.py:188} INFO - Downloaded TSLA/1769693204.json
[2026-01-29T14:08:16.428+0000] {logging_mixin.py:188} INFO - Downloaded TSLA/1769693216.json
[2026-01-29T14:08:16.454+0000] {logging_mixin.py:188} INFO - Downloaded TSLA/1769693228.json
[2026-01-29T14:08:16.481+0000] {logging_mixin.py:188} INFO - Downloaded TSLA/1769693240.json
[2026-01-29T14:08:16.506+0000] {logging_mixin.py:188} INFO - Downloaded TSLA/1769693253.json
[2026-01-29T14:08:16.530+0000] {logging_mixin.py:188} INFO - Downloaded TSLA/1769693264.json
[2026-01-29T14:08:16.554+0000] {logging_mixin.py:188} INFO - Downloaded TSLA/1769693276.json
[2026-01-29T14:08:16.577+0000] {logging_mixin.py:188} INFO - Downloaded TSLA/1769693288.json
[2026-01-29T14:08:16.612+0000] {logging_mixin.py:188} INFO - Downloaded TSLA/1769693300.json
[2026-01-29T14:08:16.635+0000] {logging_mixin.py:188} INFO - Downloaded TSLA/1769693312.json
[2026-01-29T14:08:16.671+0000] {logging_mixin.py:188} INFO - Downloaded TSLA/1769693323.json
[2026-01-29T14:08:16.711+0000] {logging_mixin.py:188} INFO - Downloaded TSLA/1769693337.json
[2026-01-29T14:08:16.763+0000] {logging_mixin.py:188} INFO - Downloaded TSLA/1769693350.json
[2026-01-29T14:08:16.807+0000] {logging_mixin.py:188} INFO - Downloaded TSLA/1769693361.json
[2026-01-29T14:08:16.836+0000] {logging_mixin.py:188} INFO - Downloaded TSLA/1769693372.json
[2026-01-29T14:08:16.880+0000] {logging_mixin.py:188} INFO - Downloaded TSLA/1769693383.json
[2026-01-29T14:08:16.921+0000] {logging_mixin.py:188} INFO - Downloaded TSLA/1769693396.json
[2026-01-29T14:08:16.972+0000] {logging_mixin.py:188} INFO - Downloaded TSLA/1769693409.json
[2026-01-29T14:08:17.019+0000] {logging_mixin.py:188} INFO - Downloaded TSLA/1769693421.json
[2026-01-29T14:08:17.075+0000] {logging_mixin.py:188} INFO - Downloaded TSLA/1769693435.json
[2026-01-29T14:08:17.114+0000] {logging_mixin.py:188} INFO - Downloaded TSLA/1769693446.json
[2026-01-29T14:08:17.149+0000] {logging_mixin.py:188} INFO - Downloaded TSLA/1769693458.json
[2026-01-29T14:08:17.178+0000] {logging_mixin.py:188} INFO - Downloaded TSLA/1769693470.json
[2026-01-29T14:08:17.205+0000] {logging_mixin.py:188} INFO - Downloaded TSLA/1769693482.json
[2026-01-29T14:08:17.252+0000] {logging_mixin.py:188} INFO - Downloaded TSLA/1769693493.json
[2026-01-29T14:08:17.293+0000] {logging_mixin.py:188} INFO - Downloaded TSLA/1769693506.json
[2026-01-29T14:08:17.327+0000] {logging_mixin.py:188} INFO - Downloaded TSLA/1769693518.json
[2026-01-29T14:08:17.362+0000] {logging_mixin.py:188} INFO - Downloaded TSLA/1769693532.json
[2026-01-29T14:08:17.397+0000] {logging_mixin.py:188} INFO - Downloaded TSLA/1769693545.json
[2026-01-29T14:08:17.431+0000] {logging_mixin.py:188} INFO - Downloaded TSLA/1769693560.json
[2026-01-29T14:08:17.462+0000] {logging_mixin.py:188} INFO - Downloaded TSLA/1769693575.json
[2026-01-29T14:08:17.495+0000] {logging_mixin.py:188} INFO - Downloaded TSLA/1769693586.json
[2026-01-29T14:08:17.521+0000] {logging_mixin.py:188} INFO - Downloaded TSLA/1769693602.json
[2026-01-29T14:08:17.554+0000] {logging_mixin.py:188} INFO - Downloaded TSLA/1769693614.json
[2026-01-29T14:08:17.575+0000] {python.py:237} INFO - Done. Returned value was: ['/opt/***/data/minio/1769692353.json', '/opt/***/data/minio/1769692366.json', '/opt/***/data/minio/1769692380.json', '/opt/***/data/minio/1769692392.json', '/opt/***/data/minio/1769692403.json', '/opt/***/data/minio/1769692416.json', '/opt/***/data/minio/1769692432.json', '/opt/***/data/minio/1769692444.json', '/opt/***/data/minio/1769692457.json', '/opt/***/data/minio/1769692469.json', '/opt/***/data/minio/1769692482.json', '/opt/***/data/minio/1769692495.json', '/opt/***/data/minio/1769692508.json', '/opt/***/data/minio/1769692521.json', '/opt/***/data/minio/1769692535.json', '/opt/***/data/minio/1769692548.json', '/opt/***/data/minio/1769692560.json', '/opt/***/data/minio/1769692573.json', '/opt/***/data/minio/1769692584.json', '/opt/***/data/minio/1769692602.json', '/opt/***/data/minio/1769692623.json', '/opt/***/data/minio/1769692636.json', '/opt/***/data/minio/1769692648.json', '/opt/***/data/minio/1769692661.json', '/opt/***/data/minio/1769692676.json', '/opt/***/data/minio/1769692688.json', '/opt/***/data/minio/1769692700.json', '/opt/***/data/minio/1769692719.json', '/opt/***/data/minio/1769692733.json', '/opt/***/data/minio/1769692747.json', '/opt/***/data/minio/1769692760.json', '/opt/***/data/minio/1769692778.json', '/opt/***/data/minio/1769692793.json', '/opt/***/data/minio/1769692812.json', '/opt/***/data/minio/1769692827.json', '/opt/***/data/minio/1769692839.json', '/opt/***/data/minio/1769692856.json', '/opt/***/data/minio/1769692873.json', '/opt/***/data/minio/1769692887.json', '/opt/***/data/minio/1769692909.json', '/opt/***/data/minio/1769692921.json', '/opt/***/data/minio/1769692940.json', '/opt/***/data/minio/1769692953.json', '/opt/***/data/minio/1769692969.json', '/opt/***/data/minio/1769692980.json', '/opt/***/data/minio/1769692991.json', '/opt/***/data/minio/1769693003.json', '/opt/***/data/minio/1769693016.json', '/opt/***/data/minio/1769693028.json', '/opt/***/data/minio/1769693040.json', '/opt/***/data/minio/1769693054.json', '/opt/***/data/minio/1769693066.json', '/opt/***/data/minio/1769693079.json', '/opt/***/data/minio/1769693090.json', '/opt/***/data/minio/1769693105.json', '/opt/***/data/minio/1769693118.json', '/opt/***/data/minio/1769693132.json', '/opt/***/data/minio/1769693144.json', '/opt/***/data/minio/1769693155.json', '/opt/***/data/minio/1769693167.json', '/opt/***/data/minio/1769693180.json', '/opt/***/data/minio/1769693191.json', '/opt/***/data/minio/1769693202.json', '/opt/***/data/minio/1769693213.json', '/opt/***/data/minio/1769693226.json', '/opt/***/data/minio/1769693238.json', '/opt/***/data/minio/1769693249.json', '/opt/***/data/minio/1769693262.json', '/opt/***/data/minio/1769693273.json', '/opt/***/data/minio/1769693286.json', '/opt/***/data/minio/1769693298.json', '/opt/***/data/minio/1769693309.json', '/opt/***/data/minio/1769693321.json', '/opt/***/data/minio/1769693334.json', '/opt/***/data/minio/1769693348.json', '/opt/***/data/minio/1769693359.json', '/opt/***/data/minio/1769693370.json', '/opt/***/data/minio/1769693381.json', '/opt/***/data/minio/1769693392.json', '/opt/***/data/minio/1769693406.json', '/opt/***/data/minio/1769693419.json', '/opt/***/data/minio/1769693432.json', '/opt/***/data/minio/1769693444.json', '/opt/***/data/minio/1769693456.json', '/opt/***/data/minio/1769693467.json', '/opt/***/data/minio/1769693480.json', '/opt/***/data/minio/1769693491.json', '/opt/***/data/minio/1769693504.json', '/opt/***/data/minio/1769693516.json', '/opt/***/data/minio/1769693530.json', '/opt/***/data/minio/1769693543.json', '/opt/***/data/minio/1769693558.json', '/opt/***/data/minio/1769693571.json', '/opt/***/data/minio/1769693584.json', '/opt/***/data/minio/1769693597.json', '/opt/***/data/minio/1769693612.json', '/opt/***/data/minio/1769693629.json', '/opt/***/data/minio/1769692359.json', '/opt/***/data/minio/1769692372.json', '/opt/***/data/minio/1769692385.json', '/opt/***/data/minio/1769692396.json', '/opt/***/data/minio/1769692409.json', '/opt/***/data/minio/1769692424.json', '/opt/***/data/minio/1769692437.json', '/opt/***/data/minio/1769692450.json', '/opt/***/data/minio/1769692462.json', '/opt/***/data/minio/1769692475.json', '/opt/***/data/minio/1769692486.json', '/opt/***/data/minio/1769692501.json', '/opt/***/data/minio/1769692513.json', '/opt/***/data/minio/1769692528.json', '/opt/***/data/minio/1769692540.json', '/opt/***/data/minio/1769692553.json', '/opt/***/data/minio/1769692565.json', '/opt/***/data/minio/1769692577.json', '/opt/***/data/minio/1769692591.json', '/opt/***/data/minio/1769692616.json', '/opt/***/data/minio/1769692628.json', '/opt/***/data/minio/1769692641.json', '/opt/***/data/minio/1769692654.json', '/opt/***/data/minio/1769692669.json', '/opt/***/data/minio/1769692681.json', '/opt/***/data/minio/1769692693.json', '/opt/***/data/minio/1769692711.json', '/opt/***/data/minio/1769692725.json', '/opt/***/data/minio/1769692740.json', '/opt/***/data/minio/1769692753.json', '/opt/***/data/minio/1769692769.json', '/opt/***/data/minio/1769692785.json', '/opt/***/data/minio/1769692804.json', '/opt/***/data/minio/1769692819.json', '/opt/***/data/minio/1769692832.json', '/opt/***/data/minio/1769692847.json', '/opt/***/data/minio/1769692866.json', '/opt/***/data/minio/1769692880.json', '/opt/***/data/minio/1769692902.json', '/opt/***/data/minio/1769692914.json', '/opt/***/data/minio/1769692929.json', '/opt/***/data/minio/1769692946.json', '/opt/***/data/minio/1769692961.json', '/opt/***/data/minio/1769692973.json', '/opt/***/data/minio/1769692984.json', '/opt/***/data/minio/1769692995.json', '/opt/***/data/minio/1769693008.json', '/opt/***/data/minio/1769693021.json', '/opt/***/data/minio/1769693033.json', '/opt/***/data/minio/1769693047.json', '/opt/***/data/minio/1769693059.json', '/opt/***/data/minio/1769693072.json', '/opt/***/data/minio/1769693083.json', '/opt/***/data/minio/1769693095.json', '/opt/***/data/minio/1769693110.json', '/opt/***/data/minio/1769693125.json', '/opt/***/data/minio/1769693136.json', '/opt/***/data/minio/1769693148.json', '/opt/***/data/minio/1769693160.json', '/opt/***/data/minio/1769693173.json', '/opt/***/data/minio/1769693184.json', '/opt/***/data/minio/1769693195.json', '/opt/***/data/minio/1769693206.json', '/opt/***/data/minio/1769693219.json', '/opt/***/data/minio/1769693230.json', '/opt/***/data/minio/1769693242.json', '/opt/***/data/minio/1769693255.json', '/opt/***/data/minio/1769693266.json', '/opt/***/data/minio/1769693279.json', '/opt/***/data/minio/1769693290.json', '/opt/***/data/minio/1769693302.json', '/opt/***/data/minio/1769693314.json', '/opt/***/data/minio/1769693326.json', '/opt/***/data/minio/1769693340.json', '/opt/***/data/minio/1769693352.json', '/opt/***/data/minio/1769693363.json', '/opt/***/data/minio/1769693374.json', '/opt/***/data/minio/1769693385.json', '/opt/***/data/minio/1769693399.json', '/opt/***/data/minio/1769693411.json', '/opt/***/data/minio/1769693425.json', '/opt/***/data/minio/1769693437.json', '/opt/***/data/minio/1769693449.json', '/opt/***/data/minio/1769693460.json', '/opt/***/data/minio/1769693473.json', '/opt/***/data/minio/1769693484.json', '/opt/***/data/minio/1769693496.json', '/opt/***/data/minio/1769693508.json', '/opt/***/data/minio/1769693522.json', '/opt/***/data/minio/1769693536.json', '/opt/***/data/minio/1769693549.json', '/opt/***/data/minio/1769693564.json', '/opt/***/data/minio/1769693577.json', '/opt/***/data/minio/1769693590.json', '/opt/***/data/minio/1769693604.json', '/opt/***/data/minio/1769693616.json', '/opt/***/data/minio/1769692357.json', '/opt/***/data/minio/1769692370.json', '/opt/***/data/minio/1769692383.json', '/opt/***/data/minio/1769692395.json', '/opt/***/data/minio/1769692407.json', '/opt/***/data/minio/1769692422.json', '/opt/***/data/minio/1769692436.json', '/opt/***/data/minio/1769692448.json', '/opt/***/data/minio/1769692461.json', '/opt/***/data/minio/1769692473.json', '/opt/***/data/minio/1769692485.json', '/opt/***/data/minio/1769692499.json', '/opt/***/data/minio/1769692513.json', '/opt/***/data/minio/1769692524.json', '/opt/***/data/minio/1769692538.json', '/opt/***/data/minio/1769692551.json', '/opt/***/data/minio/1769692564.json', '/opt/***/data/minio/1769692576.json', '/opt/***/data/minio/1769692589.json', '/opt/***/data/minio/1769692615.json', '/opt/***/data/minio/1769692627.json', '/opt/***/data/minio/1769692640.json', '/opt/***/data/minio/1769692652.json', '/opt/***/data/minio/1769692668.json', '/opt/***/data/minio/1769692680.json', '/opt/***/data/minio/1769692692.json', '/opt/***/data/minio/1769692710.json', '/opt/***/data/minio/1769692723.json', '/opt/***/data/minio/1769692739.json', '/opt/***/data/minio/1769692752.json', '/opt/***/data/minio/1769692765.json', '/opt/***/data/minio/1769692784.json', '/opt/***/data/minio/1769692803.json', '/opt/***/data/minio/1769692817.json', '/opt/***/data/minio/1769692831.json', '/opt/***/data/minio/1769692846.json', '/opt/***/data/minio/1769692864.json', '/opt/***/data/minio/1769692878.json', '/opt/***/data/minio/1769692913.json', '/opt/***/data/minio/1769692928.json', '/opt/***/data/minio/1769692944.json', '/opt/***/data/minio/1769692960.json', '/opt/***/data/minio/1769692972.json', '/opt/***/data/minio/1769692983.json', '/opt/***/data/minio/1769692994.json', '/opt/***/data/minio/1769693007.json', '/opt/***/data/minio/1769693020.json', '/opt/***/data/minio/1769693032.json', '/opt/***/data/minio/1769693044.json', '/opt/***/data/minio/1769693058.json', '/opt/***/data/minio/1769693071.json', '/opt/***/data/minio/1769693082.json', '/opt/***/data/minio/1769693094.json', '/opt/***/data/minio/1769693109.json', '/opt/***/data/minio/1769693124.json', '/opt/***/data/minio/1769693135.json', '/opt/***/data/minio/1769693147.json', '/opt/***/data/minio/1769693158.json', '/opt/***/data/minio/1769693172.json', '/opt/***/data/minio/1769693183.json', '/opt/***/data/minio/1769693194.json', '/opt/***/data/minio/1769693205.json', '/opt/***/data/minio/1769693218.json', '/opt/***/data/minio/1769693229.json', '/opt/***/data/minio/1769693241.json', '/opt/***/data/minio/1769693254.json', '/opt/***/data/minio/1769693265.json', '/opt/***/data/minio/1769693277.json', '/opt/***/data/minio/1769693289.json', '/opt/***/data/minio/1769693301.json', '/opt/***/data/minio/1769693313.json', '/opt/***/data/minio/1769693324.json', '/opt/***/data/minio/1769693339.json', '/opt/***/data/minio/1769693351.json', '/opt/***/data/minio/1769693362.json', '/opt/***/data/minio/1769693373.json', '/opt/***/data/minio/1769693384.json', '/opt/***/data/minio/1769693398.json', '/opt/***/data/minio/1769693410.json', '/opt/***/data/minio/1769693422.json', '/opt/***/data/minio/1769693436.json', '/opt/***/data/minio/1769693447.json', '/opt/***/data/minio/1769693459.json', '/opt/***/data/minio/1769693471.json', '/opt/***/data/minio/1769693483.json', '/opt/***/data/minio/1769693495.json', '/opt/***/data/minio/1769693507.json', '/opt/***/data/minio/1769693520.json', '/opt/***/data/minio/1769693533.json', '/opt/***/data/minio/1769693547.json', '/opt/***/data/minio/1769693562.json', '/opt/***/data/minio/1769693576.json', '/opt/***/data/minio/1769693587.json', '/opt/***/data/minio/1769693603.json', '/opt/***/data/minio/1769693615.json', '/opt/***/data/minio/1769692355.json', '/opt/***/data/minio/1769692368.json', '/opt/***/data/minio/1769692381.json', '/opt/***/data/minio/1769692393.json', '/opt/***/data/minio/1769692405.json', '/opt/***/data/minio/1769692417.json', '/opt/***/data/minio/1769692433.json', '/opt/***/data/minio/1769692446.json', '/opt/***/data/minio/1769692458.json', '/opt/***/data/minio/1769692471.json', '/opt/***/data/minio/1769692483.json', '/opt/***/data/minio/1769692497.json', '/opt/***/data/minio/1769692511.json', '/opt/***/data/minio/1769692522.json', '/opt/***/data/minio/1769692536.json', '/opt/***/data/minio/1769692549.json', '/opt/***/data/minio/1769692561.json', '/opt/***/data/minio/1769692574.json', '/opt/***/data/minio/1769692586.json', '/opt/***/data/minio/1769692605.json', '/opt/***/data/minio/1769692624.json', '/opt/***/data/minio/1769692638.json', '/opt/***/data/minio/1769692649.json', '/opt/***/data/minio/1769692663.json', '/opt/***/data/minio/1769692678.json', '/opt/***/data/minio/1769692690.json', '/opt/***/data/minio/1769692701.json', '/opt/***/data/minio/1769692721.json', '/opt/***/data/minio/1769692736.json', '/opt/***/data/minio/1769692749.json', '/opt/***/data/minio/1769692762.json', '/opt/***/data/minio/1769692780.json', '/opt/***/data/minio/1769692798.json', '/opt/***/data/minio/1769692813.json', '/opt/***/data/minio/1769692828.json', '/opt/***/data/minio/1769692844.json', '/opt/***/data/minio/1769692860.json', '/opt/***/data/minio/1769692874.json', '/opt/***/data/minio/1769692889.json', '/opt/***/data/minio/1769692910.json', '/opt/***/data/minio/1769692926.json', '/opt/***/data/minio/1769692941.json', '/opt/***/data/minio/1769692954.json', '/opt/***/data/minio/1769692970.json', '/opt/***/data/minio/1769692981.json', '/opt/***/data/minio/1769692992.json', '/opt/***/data/minio/1769693004.json', '/opt/***/data/minio/1769693017.json', '/opt/***/data/minio/1769693030.json', '/opt/***/data/minio/1769693041.json', '/opt/***/data/minio/1769693055.json', '/opt/***/data/minio/1769693067.json', '/opt/***/data/minio/1769693080.json', '/opt/***/data/minio/1769693092.json', '/opt/***/data/minio/1769693107.json', '/opt/***/data/minio/1769693119.json', '/opt/***/data/minio/1769693133.json', '/opt/***/data/minio/1769693145.json', '/opt/***/data/minio/1769693156.json', '/opt/***/data/minio/1769693168.json', '/opt/***/data/minio/1769693181.json', '/opt/***/data/minio/1769693192.json', '/opt/***/data/minio/1769693203.json', '/opt/***/data/minio/1769693215.json', '/opt/***/data/minio/1769693227.json', '/opt/***/data/minio/1769693239.json', '/opt/***/data/minio/1769693250.json', '/opt/***/data/minio/1769693263.json', '/opt/***/data/minio/1769693275.json', '/opt/***/data/minio/1769693287.json', '/opt/***/data/minio/1769693299.json', '/opt/***/data/minio/1769693310.json', '/opt/***/data/minio/1769693322.json', '/opt/***/data/minio/1769693335.json', '/opt/***/data/minio/1769693349.json', '/opt/***/data/minio/1769693360.json', '/opt/***/data/minio/1769693371.json', '/opt/***/data/minio/1769693382.json', '/opt/***/data/minio/1769693394.json', '/opt/***/data/minio/1769693407.json', '/opt/***/data/minio/1769693420.json', '/opt/***/data/minio/1769693434.json', '/opt/***/data/minio/1769693445.json', '/opt/***/data/minio/1769693457.json', '/opt/***/data/minio/1769693469.json', '/opt/***/data/minio/1769693481.json', '/opt/***/data/minio/1769693492.json', '/opt/***/data/minio/1769693505.json', '/opt/***/data/minio/1769693517.json', '/opt/***/data/minio/1769693531.json', '/opt/***/data/minio/1769693544.json', '/opt/***/data/minio/1769693559.json', '/opt/***/data/minio/1769693574.json', '/opt/***/data/minio/1769693585.json', '/opt/***/data/minio/1769693600.json', '/opt/***/data/minio/1769693613.json', '/opt/***/data/minio/1769692356.json', '/opt/***/data/minio/1769692369.json', '/opt/***/data/minio/1769692382.json', '/opt/***/data/minio/1769692394.json', '/opt/***/data/minio/1769692406.json', '/opt/***/data/minio/1769692419.json', '/opt/***/data/minio/1769692434.json', '/opt/***/data/minio/1769692447.json', '/opt/***/data/minio/1769692460.json', '/opt/***/data/minio/1769692472.json', '/opt/***/data/minio/1769692484.json', '/opt/***/data/minio/1769692498.json', '/opt/***/data/minio/1769692512.json', '/opt/***/data/minio/1769692523.json', '/opt/***/data/minio/1769692537.json', '/opt/***/data/minio/1769692550.json', '/opt/***/data/minio/1769692563.json', '/opt/***/data/minio/1769692575.json', '/opt/***/data/minio/1769692588.json', '/opt/***/data/minio/1769692610.json', '/opt/***/data/minio/1769692626.json', '/opt/***/data/minio/1769692639.json', '/opt/***/data/minio/1769692651.json', '/opt/***/data/minio/1769692666.json', '/opt/***/data/minio/1769692679.json', '/opt/***/data/minio/1769692691.json', '/opt/***/data/minio/1769692708.json', '/opt/***/data/minio/1769692722.json', '/opt/***/data/minio/1769692737.json', '/opt/***/data/minio/1769692750.json', '/opt/***/data/minio/1769692763.json', '/opt/***/data/minio/1769692782.json', '/opt/***/data/minio/1769692802.json', '/opt/***/data/minio/1769692816.json', '/opt/***/data/minio/1769692830.json', '/opt/***/data/minio/1769692845.json', '/opt/***/data/minio/1769692861.json', '/opt/***/data/minio/1769692875.json', '/opt/***/data/minio/1769692890.json', '/opt/***/data/minio/1769692912.json', '/opt/***/data/minio/1769692927.json', '/opt/***/data/minio/1769692942.json', '/opt/***/data/minio/1769692956.json', '/opt/***/data/minio/1769692971.json', '/opt/***/data/minio/1769692982.json', '/opt/***/data/minio/1769692993.json', '/opt/***/data/minio/1769693006.json', '/opt/***/data/minio/1769693018.json', '/opt/***/data/minio/1769693031.json', '/opt/***/data/minio/1769693043.json', '/opt/***/data/minio/1769693056.json', '/opt/***/data/minio/1769693069.json', '/opt/***/data/minio/1769693081.json', '/opt/***/data/minio/1769693093.json', '/opt/***/data/minio/1769693108.json', '/opt/***/data/minio/1769693122.json', '/opt/***/data/minio/1769693134.json', '/opt/***/data/minio/1769693146.json', '/opt/***/data/minio/1769693157.json', '/opt/***/data/minio/1769693169.json', '/opt/***/data/minio/1769693181.json', '/opt/***/data/minio/1769693193.json', '/opt/***/data/minio/1769693204.json', '/opt/***/data/minio/1769693216.json', '/opt/***/data/minio/1769693228.json', '/opt/***/data/minio/1769693240.json', '/opt/***/data/minio/1769693253.json', '/opt/***/data/minio/1769693264.json', '/opt/***/data/minio/1769693276.json', '/opt/***/data/minio/1769693288.json', '/opt/***/data/minio/1769693300.json', '/opt/***/data/minio/1769693312.json', '/opt/***/data/minio/1769693323.json', '/opt/***/data/minio/1769693337.json', '/opt/***/data/minio/1769693350.json', '/opt/***/data/minio/1769693361.json', '/opt/***/data/minio/1769693372.json', '/opt/***/data/minio/1769693383.json', '/opt/***/data/minio/1769693396.json', '/opt/***/data/minio/1769693409.json', '/opt/***/data/minio/1769693421.json', '/opt/***/data/minio/1769693435.json', '/opt/***/data/minio/1769693446.json', '/opt/***/data/minio/1769693458.json', '/opt/***/data/minio/1769693470.json', '/opt/***/data/minio/1769693482.json', '/opt/***/data/minio/1769693493.json', '/opt/***/data/minio/1769693506.json', '/opt/***/data/minio/1769693518.json', '/opt/***/data/minio/1769693532.json', '/opt/***/data/minio/1769693545.json', '/opt/***/data/minio/1769693560.json', '/opt/***/data/minio/1769693575.json', '/opt/***/data/minio/1769693586.json', '/opt/***/data/minio/1769693602.json', '/opt/***/data/minio/1769693614.json']
[2026-01-29T14:08:17.609+0000] {taskinstance.py:441} INFO - ::group::Post task execution logs
[2026-01-29T14:08:17.750+0000] {taskinstance.py:1206} INFO - Marking task as SUCCESS. dag_id=minio_to_snowflake, task_id=download_minio, run_id=scheduled__2026-01-29T14:05:00+00:00, execution_date=20260129T140500, start_date=20260129T140620, end_date=20260129T140817
[2026-01-29T14:08:17.599+0000] {local_task_job_runner.py:243} INFO - Task exited with return code 0
[2026-01-29T14:08:17.701+0000] {taskinstance.py:3503} INFO - 1 downstream tasks scheduled from follow-on schedule check
[2026-01-29T14:08:17.711+0000] {local_task_job_runner.py:222} INFO - ::endgroup::
