[2026-02-17T10:42:26.848+0000] {local_task_job_runner.py:120} INFO - ::group::Pre task execution logs
[2026-02-17T10:42:26.979+0000] {taskinstance.py:2076} INFO - Dependencies all met for dep_context=non-requeueable deps ti=<TaskInstance: minio_to_snowflake.download_minio scheduled__2026-02-17T08:10:00+00:00 [queued]>
[2026-02-17T10:42:27.013+0000] {taskinstance.py:2076} INFO - Dependencies all met for dep_context=requeueable deps ti=<TaskInstance: minio_to_snowflake.download_minio scheduled__2026-02-17T08:10:00+00:00 [queued]>
[2026-02-17T10:42:27.016+0000] {taskinstance.py:2306} INFO - Starting attempt 1 of 2
[2026-02-17T10:42:27.068+0000] {taskinstance.py:2330} INFO - Executing <Task(PythonOperator): download_minio> on 2026-02-17 08:10:00+00:00
[2026-02-17T10:42:27.116+0000] {standard_task_runner.py:90} INFO - Running: ['***', 'tasks', 'run', 'minio_to_snowflake', 'download_minio', 'scheduled__2026-02-17T08:10:00+00:00', '--job-id', '1515', '--raw', '--subdir', 'DAGS_FOLDER/minio_to_snowflake.py', '--cfg-path', '/tmp/tmppt6t6xx3']
[2026-02-17T10:42:27.129+0000] {standard_task_runner.py:91} INFO - Job 1515: Subtask download_minio
[2026-02-17T10:42:27.143+0000] {logging_mixin.py:188} WARNING - /home/***/.local/lib/python3.12/site-packages/***/task/task_runner/standard_task_runner.py:62 DeprecationWarning: This process (pid=168) is multi-threaded, use of fork() may lead to deadlocks in the child.
[2026-02-17T10:42:27.147+0000] {standard_task_runner.py:64} INFO - Started process 181 to run task
[2026-02-17T10:42:27.668+0000] {task_command.py:426} INFO - Running <TaskInstance: minio_to_snowflake.download_minio scheduled__2026-02-17T08:10:00+00:00 [running]> on host bc06947cd9a6
[2026-02-17T10:42:28.285+0000] {taskinstance.py:2648} INFO - Exporting env vars: AIRFLOW_CTX_DAG_OWNER='***' AIRFLOW_CTX_DAG_ID='minio_to_snowflake' AIRFLOW_CTX_TASK_ID='download_minio' AIRFLOW_CTX_EXECUTION_DATE='2026-02-17T08:10:00+00:00' AIRFLOW_CTX_TRY_NUMBER='1' AIRFLOW_CTX_DAG_RUN_ID='scheduled__2026-02-17T08:10:00+00:00'
[2026-02-17T10:42:28.303+0000] {taskinstance.py:430} INFO - ::endgroup::
[2026-02-17T10:42:30.862+0000] {taskinstance.py:441} INFO - ::group::Post task execution logs
[2026-02-17T10:42:30.865+0000] {taskinstance.py:2905} ERROR - Task failed with exception
Traceback (most recent call last):
  File "/home/airflow/.local/lib/python3.12/site-packages/airflow/models/taskinstance.py", line 465, in _execute_task
    result = _execute_callable(context=context, **execute_callable_kwargs)
             ^^^^^^^^^^^^^^^^^^^^^^^^^^^^^^^^^^^^^^^^^^^^^^^^^^^^^^^^^^^^^
  File "/home/airflow/.local/lib/python3.12/site-packages/airflow/models/taskinstance.py", line 432, in _execute_callable
    return execute_callable(context=context, **execute_callable_kwargs)
           ^^^^^^^^^^^^^^^^^^^^^^^^^^^^^^^^^^^^^^^^^^^^^^^^^^^^^^^^^^^^
  File "/home/airflow/.local/lib/python3.12/site-packages/airflow/models/baseoperator.py", line 401, in wrapper
    return func(self, *args, **kwargs)
           ^^^^^^^^^^^^^^^^^^^^^^^^^^^
  File "/home/airflow/.local/lib/python3.12/site-packages/airflow/operators/python.py", line 235, in execute
    return_value = self.execute_callable()
                   ^^^^^^^^^^^^^^^^^^^^^^^
  File "/home/airflow/.local/lib/python3.12/site-packages/airflow/operators/python.py", line 252, in execute_callable
    return self.python_callable(*self.op_args, **self.op_kwargs)
           ^^^^^^^^^^^^^^^^^^^^^^^^^^^^^^^^^^^^^^^^^^^^^^^^^^^^^
  File "/opt/airflow/dags/minio_to_snowflake.py", line 47, in download_from_minio
    for page in page_iterator:
  File "/home/airflow/.local/lib/python3.12/site-packages/botocore/paginate.py", line 269, in __iter__
    response = self._make_request(current_kwargs)
               ^^^^^^^^^^^^^^^^^^^^^^^^^^^^^^^^^^
  File "/home/airflow/.local/lib/python3.12/site-packages/botocore/paginate.py", line 357, in _make_request
    return self._method(**current_kwargs)
           ^^^^^^^^^^^^^^^^^^^^^^^^^^^^^^
  File "/home/airflow/.local/lib/python3.12/site-packages/botocore/client.py", line 565, in _api_call
    return self._make_api_call(operation_name, kwargs)
           ^^^^^^^^^^^^^^^^^^^^^^^^^^^^^^^^^^^^^^^^^^^
  File "/home/airflow/.local/lib/python3.12/site-packages/botocore/client.py", line 1021, in _make_api_call
    raise error_class(parsed_response, operation_name)
botocore.errorfactory.NoSuchBucket: An error occurred (NoSuchBucket) when calling the ListObjectsV2 operation: The specified bucket does not exist
[2026-02-17T10:42:30.959+0000] {taskinstance.py:1206} INFO - Marking task as UP_FOR_RETRY. dag_id=minio_to_snowflake, task_id=download_minio, run_id=scheduled__2026-02-17T08:10:00+00:00, execution_date=20260217T081000, start_date=20260217T104226, end_date=20260217T104230
[2026-02-17T10:42:31.058+0000] {standard_task_runner.py:110} ERROR - Failed to execute job 1515 for task download_minio (An error occurred (NoSuchBucket) when calling the ListObjectsV2 operation: The specified bucket does not exist; 181)
[2026-02-17T10:42:31.195+0000] {local_task_job_runner.py:243} INFO - Task exited with return code 1
[2026-02-17T10:42:31.404+0000] {taskinstance.py:3503} INFO - 0 downstream tasks scheduled from follow-on schedule check
[2026-02-17T10:42:31.410+0000] {local_task_job_runner.py:222} INFO - ::endgroup::
