[2026-02-02T08:16:10.746+0000] {local_task_job_runner.py:120} INFO - ::group::Pre task execution logs
[2026-02-02T08:16:11.163+0000] {taskinstance.py:2076} INFO - Dependencies all met for dep_context=non-requeueable deps ti=<TaskInstance: minio_to_snowflake.download_minio scheduled__2026-02-02T08:15:00+00:00 [queued]>
[2026-02-02T08:16:11.192+0000] {taskinstance.py:2076} INFO - Dependencies all met for dep_context=requeueable deps ti=<TaskInstance: minio_to_snowflake.download_minio scheduled__2026-02-02T08:15:00+00:00 [queued]>
[2026-02-02T08:16:11.194+0000] {taskinstance.py:2306} INFO - Starting attempt 1 of 2
[2026-02-02T08:16:11.240+0000] {taskinstance.py:2330} INFO - Executing <Task(PythonOperator): download_minio> on 2026-02-02 08:15:00+00:00
[2026-02-02T08:16:11.296+0000] {standard_task_runner.py:90} INFO - Running: ['***', 'tasks', 'run', 'minio_to_snowflake', 'download_minio', 'scheduled__2026-02-02T08:15:00+00:00', '--job-id', '560', '--raw', '--subdir', 'DAGS_FOLDER/minio_to_snowflake.py', '--cfg-path', '/tmp/tmpb_emynbb']
[2026-02-02T08:16:11.311+0000] {logging_mixin.py:188} WARNING - /home/***/.local/lib/python3.12/site-packages/***/task/task_runner/standard_task_runner.py:62 DeprecationWarning: This process (pid=1239) is multi-threaded, use of fork() may lead to deadlocks in the child.
[2026-02-02T08:16:11.312+0000] {standard_task_runner.py:91} INFO - Job 560: Subtask download_minio
[2026-02-02T08:16:11.314+0000] {standard_task_runner.py:64} INFO - Started process 1253 to run task
[2026-02-02T08:16:11.897+0000] {task_command.py:426} INFO - Running <TaskInstance: minio_to_snowflake.download_minio scheduled__2026-02-02T08:15:00+00:00 [running]> on host 035a00487d49
[2026-02-02T08:16:12.493+0000] {taskinstance.py:2648} INFO - Exporting env vars: AIRFLOW_CTX_DAG_OWNER='***' AIRFLOW_CTX_DAG_ID='minio_to_snowflake' AIRFLOW_CTX_TASK_ID='download_minio' AIRFLOW_CTX_EXECUTION_DATE='2026-02-02T08:15:00+00:00' AIRFLOW_CTX_TRY_NUMBER='1' AIRFLOW_CTX_DAG_RUN_ID='scheduled__2026-02-02T08:15:00+00:00'
[2026-02-02T08:16:12.499+0000] {taskinstance.py:430} INFO - ::endgroup::
[2026-02-02T08:16:14.117+0000] {logging_mixin.py:188} INFO - Downloaded AAPL/1769692353.json
[2026-02-02T08:16:14.149+0000] {logging_mixin.py:188} INFO - Downloaded AAPL/1769692366.json
[2026-02-02T08:16:14.202+0000] {logging_mixin.py:188} INFO - Downloaded AAPL/1769692380.json
[2026-02-02T08:16:14.240+0000] {logging_mixin.py:188} INFO - Downloaded AAPL/1769692392.json
[2026-02-02T08:16:14.307+0000] {logging_mixin.py:188} INFO - Downloaded AAPL/1769692403.json
[2026-02-02T08:16:14.366+0000] {logging_mixin.py:188} INFO - Downloaded AAPL/1769692416.json
[2026-02-02T08:16:14.414+0000] {logging_mixin.py:188} INFO - Downloaded AAPL/1769692432.json
[2026-02-02T08:16:14.470+0000] {logging_mixin.py:188} INFO - Downloaded AAPL/1769692444.json
[2026-02-02T08:16:14.520+0000] {logging_mixin.py:188} INFO - Downloaded AAPL/1769692457.json
[2026-02-02T08:16:14.571+0000] {logging_mixin.py:188} INFO - Downloaded AAPL/1769692469.json
[2026-02-02T08:16:14.612+0000] {logging_mixin.py:188} INFO - Downloaded AAPL/1769692482.json
[2026-02-02T08:16:14.658+0000] {logging_mixin.py:188} INFO - Downloaded AAPL/1769692495.json
[2026-02-02T08:16:14.709+0000] {logging_mixin.py:188} INFO - Downloaded AAPL/1769692508.json
[2026-02-02T08:16:14.752+0000] {logging_mixin.py:188} INFO - Downloaded AAPL/1769692521.json
[2026-02-02T08:16:14.806+0000] {logging_mixin.py:188} INFO - Downloaded AAPL/1769692535.json
[2026-02-02T08:16:14.898+0000] {logging_mixin.py:188} INFO - Downloaded AAPL/1769692548.json
[2026-02-02T08:16:14.941+0000] {logging_mixin.py:188} INFO - Downloaded AAPL/1769692560.json
[2026-02-02T08:16:14.998+0000] {logging_mixin.py:188} INFO - Downloaded AAPL/1769692573.json
[2026-02-02T08:16:15.024+0000] {logging_mixin.py:188} INFO - Downloaded AAPL/1769692584.json
[2026-02-02T08:16:15.062+0000] {logging_mixin.py:188} INFO - Downloaded AAPL/1769692602.json
[2026-02-02T08:16:15.085+0000] {logging_mixin.py:188} INFO - Downloaded AAPL/1769692623.json
[2026-02-02T08:16:15.114+0000] {logging_mixin.py:188} INFO - Downloaded AAPL/1769692636.json
[2026-02-02T08:16:15.146+0000] {logging_mixin.py:188} INFO - Downloaded AAPL/1769692648.json
[2026-02-02T08:16:15.184+0000] {logging_mixin.py:188} INFO - Downloaded AAPL/1769692661.json
[2026-02-02T08:16:15.226+0000] {logging_mixin.py:188} INFO - Downloaded AAPL/1769692676.json
[2026-02-02T08:16:15.262+0000] {logging_mixin.py:188} INFO - Downloaded AAPL/1769692688.json
[2026-02-02T08:16:15.318+0000] {logging_mixin.py:188} INFO - Downloaded AAPL/1769692700.json
[2026-02-02T08:16:15.361+0000] {logging_mixin.py:188} INFO - Downloaded AAPL/1769692719.json
[2026-02-02T08:16:15.403+0000] {logging_mixin.py:188} INFO - Downloaded AAPL/1769692733.json
[2026-02-02T08:16:15.443+0000] {logging_mixin.py:188} INFO - Downloaded AAPL/1769692747.json
[2026-02-02T08:16:15.480+0000] {logging_mixin.py:188} INFO - Downloaded AAPL/1769692760.json
[2026-02-02T08:16:15.520+0000] {logging_mixin.py:188} INFO - Downloaded AAPL/1769692778.json
[2026-02-02T08:16:15.558+0000] {logging_mixin.py:188} INFO - Downloaded AAPL/1769692793.json
[2026-02-02T08:16:15.605+0000] {logging_mixin.py:188} INFO - Downloaded AAPL/1769692812.json
[2026-02-02T08:16:15.648+0000] {logging_mixin.py:188} INFO - Downloaded AAPL/1769692827.json
[2026-02-02T08:16:15.811+0000] {logging_mixin.py:188} INFO - Downloaded AAPL/1769692839.json
[2026-02-02T08:16:15.851+0000] {logging_mixin.py:188} INFO - Downloaded AAPL/1769692856.json
[2026-02-02T08:16:16.361+0000] {logging_mixin.py:188} INFO - Downloaded AAPL/1769692873.json
[2026-02-02T08:16:16.526+0000] {logging_mixin.py:188} INFO - Downloaded AAPL/1769692887.json
[2026-02-02T08:16:16.635+0000] {logging_mixin.py:188} INFO - Downloaded AAPL/1769692909.json
[2026-02-02T08:16:16.841+0000] {logging_mixin.py:188} INFO - Downloaded AAPL/1769692921.json
[2026-02-02T08:16:16.935+0000] {logging_mixin.py:188} INFO - Downloaded AAPL/1769692940.json
[2026-02-02T08:16:17.215+0000] {logging_mixin.py:188} INFO - Downloaded AAPL/1769692953.json
[2026-02-02T08:16:17.318+0000] {logging_mixin.py:188} INFO - Downloaded AAPL/1769692969.json
[2026-02-02T08:16:17.415+0000] {logging_mixin.py:188} INFO - Downloaded AAPL/1769692980.json
[2026-02-02T08:16:17.483+0000] {logging_mixin.py:188} INFO - Downloaded AAPL/1769692991.json
[2026-02-02T08:16:17.538+0000] {logging_mixin.py:188} INFO - Downloaded AAPL/1769693003.json
[2026-02-02T08:16:17.627+0000] {logging_mixin.py:188} INFO - Downloaded AAPL/1769693016.json
[2026-02-02T08:16:17.747+0000] {logging_mixin.py:188} INFO - Downloaded AAPL/1769693028.json
[2026-02-02T08:16:17.803+0000] {logging_mixin.py:188} INFO - Downloaded AAPL/1769693040.json
[2026-02-02T08:16:17.877+0000] {logging_mixin.py:188} INFO - Downloaded AAPL/1769693054.json
[2026-02-02T08:16:17.934+0000] {logging_mixin.py:188} INFO - Downloaded AAPL/1769693066.json
[2026-02-02T08:16:17.974+0000] {logging_mixin.py:188} INFO - Downloaded AAPL/1769693079.json
[2026-02-02T08:16:18.037+0000] {logging_mixin.py:188} INFO - Downloaded AAPL/1769693090.json
[2026-02-02T08:16:18.076+0000] {logging_mixin.py:188} INFO - Downloaded AAPL/1769693105.json
[2026-02-02T08:16:18.120+0000] {logging_mixin.py:188} INFO - Downloaded AAPL/1769693118.json
[2026-02-02T08:16:18.158+0000] {logging_mixin.py:188} INFO - Downloaded AAPL/1769693132.json
[2026-02-02T08:16:18.205+0000] {logging_mixin.py:188} INFO - Downloaded AAPL/1769693144.json
[2026-02-02T08:16:18.266+0000] {logging_mixin.py:188} INFO - Downloaded AAPL/1769693155.json
[2026-02-02T08:16:18.373+0000] {logging_mixin.py:188} INFO - Downloaded AAPL/1769693167.json
[2026-02-02T08:16:18.411+0000] {logging_mixin.py:188} INFO - Downloaded AAPL/1769693180.json
[2026-02-02T08:16:18.463+0000] {logging_mixin.py:188} INFO - Downloaded AAPL/1769693191.json
[2026-02-02T08:16:18.540+0000] {logging_mixin.py:188} INFO - Downloaded AAPL/1769693202.json
[2026-02-02T08:16:18.662+0000] {logging_mixin.py:188} INFO - Downloaded AAPL/1769693213.json
[2026-02-02T08:16:18.779+0000] {logging_mixin.py:188} INFO - Downloaded AAPL/1769693226.json
[2026-02-02T08:16:18.867+0000] {logging_mixin.py:188} INFO - Downloaded AAPL/1769693238.json
[2026-02-02T08:16:18.900+0000] {logging_mixin.py:188} INFO - Downloaded AAPL/1769693249.json
[2026-02-02T08:16:18.932+0000] {logging_mixin.py:188} INFO - Downloaded AAPL/1769693262.json
[2026-02-02T08:16:18.957+0000] {logging_mixin.py:188} INFO - Downloaded AAPL/1769693273.json
[2026-02-02T08:16:18.989+0000] {logging_mixin.py:188} INFO - Downloaded AAPL/1769693286.json
[2026-02-02T08:16:19.022+0000] {logging_mixin.py:188} INFO - Downloaded AAPL/1769693298.json
[2026-02-02T08:16:19.052+0000] {logging_mixin.py:188} INFO - Downloaded AAPL/1769693309.json
[2026-02-02T08:16:19.091+0000] {logging_mixin.py:188} INFO - Downloaded AAPL/1769693321.json
[2026-02-02T08:16:19.127+0000] {logging_mixin.py:188} INFO - Downloaded AAPL/1769693334.json
[2026-02-02T08:16:19.166+0000] {logging_mixin.py:188} INFO - Downloaded AAPL/1769693348.json
[2026-02-02T08:16:19.197+0000] {logging_mixin.py:188} INFO - Downloaded AAPL/1769693359.json
[2026-02-02T08:16:19.227+0000] {logging_mixin.py:188} INFO - Downloaded AAPL/1769693370.json
[2026-02-02T08:16:19.255+0000] {logging_mixin.py:188} INFO - Downloaded AAPL/1769693381.json
[2026-02-02T08:16:19.289+0000] {logging_mixin.py:188} INFO - Downloaded AAPL/1769693392.json
[2026-02-02T08:16:19.315+0000] {logging_mixin.py:188} INFO - Downloaded AAPL/1769693406.json
[2026-02-02T08:16:19.341+0000] {logging_mixin.py:188} INFO - Downloaded AAPL/1769693419.json
[2026-02-02T08:16:19.371+0000] {logging_mixin.py:188} INFO - Downloaded AAPL/1769693432.json
[2026-02-02T08:16:19.412+0000] {logging_mixin.py:188} INFO - Downloaded AAPL/1769693444.json
[2026-02-02T08:16:19.459+0000] {logging_mixin.py:188} INFO - Downloaded AAPL/1769693456.json
[2026-02-02T08:16:19.509+0000] {logging_mixin.py:188} INFO - Downloaded AAPL/1769693467.json
[2026-02-02T08:16:19.537+0000] {logging_mixin.py:188} INFO - Downloaded AAPL/1769693480.json
[2026-02-02T08:16:19.571+0000] {logging_mixin.py:188} INFO - Downloaded AAPL/1769693491.json
[2026-02-02T08:16:19.607+0000] {logging_mixin.py:188} INFO - Downloaded AAPL/1769693504.json
[2026-02-02T08:16:19.634+0000] {logging_mixin.py:188} INFO - Downloaded AAPL/1769693516.json
[2026-02-02T08:16:19.665+0000] {logging_mixin.py:188} INFO - Downloaded AAPL/1769693530.json
[2026-02-02T08:16:19.711+0000] {logging_mixin.py:188} INFO - Downloaded AAPL/1769693543.json
[2026-02-02T08:16:19.751+0000] {logging_mixin.py:188} INFO - Downloaded AAPL/1769693558.json
[2026-02-02T08:16:19.801+0000] {logging_mixin.py:188} INFO - Downloaded AAPL/1769693571.json
[2026-02-02T08:16:19.939+0000] {logging_mixin.py:188} INFO - Downloaded AAPL/1769693584.json
[2026-02-02T08:16:19.988+0000] {logging_mixin.py:188} INFO - Downloaded AAPL/1769693597.json
[2026-02-02T08:16:20.084+0000] {logging_mixin.py:188} INFO - Downloaded AAPL/1769693612.json
[2026-02-02T08:16:20.161+0000] {logging_mixin.py:188} INFO - Downloaded AAPL/1769693629.json
[2026-02-02T08:16:20.213+0000] {logging_mixin.py:188} INFO - Downloaded AMZN/1769692359.json
[2026-02-02T08:16:20.299+0000] {logging_mixin.py:188} INFO - Downloaded AMZN/1769692372.json
[2026-02-02T08:16:20.360+0000] {logging_mixin.py:188} INFO - Downloaded AMZN/1769692385.json
[2026-02-02T08:16:20.400+0000] {logging_mixin.py:188} INFO - Downloaded AMZN/1769692396.json
[2026-02-02T08:16:20.471+0000] {logging_mixin.py:188} INFO - Downloaded AMZN/1769692409.json
[2026-02-02T08:16:20.542+0000] {logging_mixin.py:188} INFO - Downloaded AMZN/1769692424.json
[2026-02-02T08:16:20.592+0000] {logging_mixin.py:188} INFO - Downloaded AMZN/1769692437.json
[2026-02-02T08:16:20.683+0000] {logging_mixin.py:188} INFO - Downloaded AMZN/1769692450.json
[2026-02-02T08:16:20.764+0000] {logging_mixin.py:188} INFO - Downloaded AMZN/1769692462.json
[2026-02-02T08:16:20.841+0000] {logging_mixin.py:188} INFO - Downloaded AMZN/1769692475.json
[2026-02-02T08:16:20.897+0000] {logging_mixin.py:188} INFO - Downloaded AMZN/1769692486.json
[2026-02-02T08:16:20.952+0000] {logging_mixin.py:188} INFO - Downloaded AMZN/1769692501.json
[2026-02-02T08:16:21.077+0000] {logging_mixin.py:188} INFO - Downloaded AMZN/1769692513.json
[2026-02-02T08:16:21.136+0000] {logging_mixin.py:188} INFO - Downloaded AMZN/1769692528.json
[2026-02-02T08:16:21.183+0000] {logging_mixin.py:188} INFO - Downloaded AMZN/1769692540.json
[2026-02-02T08:16:21.231+0000] {logging_mixin.py:188} INFO - Downloaded AMZN/1769692553.json
[2026-02-02T08:16:21.278+0000] {logging_mixin.py:188} INFO - Downloaded AMZN/1769692565.json
[2026-02-02T08:16:21.345+0000] {logging_mixin.py:188} INFO - Downloaded AMZN/1769692577.json
[2026-02-02T08:16:21.414+0000] {logging_mixin.py:188} INFO - Downloaded AMZN/1769692591.json
[2026-02-02T08:16:21.515+0000] {logging_mixin.py:188} INFO - Downloaded AMZN/1769692616.json
[2026-02-02T08:16:21.569+0000] {logging_mixin.py:188} INFO - Downloaded AMZN/1769692628.json
[2026-02-02T08:16:21.606+0000] {logging_mixin.py:188} INFO - Downloaded AMZN/1769692641.json
[2026-02-02T08:16:21.671+0000] {logging_mixin.py:188} INFO - Downloaded AMZN/1769692654.json
[2026-02-02T08:16:21.705+0000] {logging_mixin.py:188} INFO - Downloaded AMZN/1769692669.json
[2026-02-02T08:16:21.763+0000] {logging_mixin.py:188} INFO - Downloaded AMZN/1769692681.json
[2026-02-02T08:16:21.795+0000] {logging_mixin.py:188} INFO - Downloaded AMZN/1769692693.json
[2026-02-02T08:16:21.836+0000] {logging_mixin.py:188} INFO - Downloaded AMZN/1769692711.json
[2026-02-02T08:16:21.901+0000] {logging_mixin.py:188} INFO - Downloaded AMZN/1769692725.json
[2026-02-02T08:16:21.958+0000] {logging_mixin.py:188} INFO - Downloaded AMZN/1769692740.json
[2026-02-02T08:16:22.001+0000] {logging_mixin.py:188} INFO - Downloaded AMZN/1769692753.json
[2026-02-02T08:16:22.040+0000] {logging_mixin.py:188} INFO - Downloaded AMZN/1769692769.json
[2026-02-02T08:16:22.082+0000] {logging_mixin.py:188} INFO - Downloaded AMZN/1769692785.json
[2026-02-02T08:16:22.158+0000] {logging_mixin.py:188} INFO - Downloaded AMZN/1769692804.json
[2026-02-02T08:16:22.249+0000] {logging_mixin.py:188} INFO - Downloaded AMZN/1769692819.json
[2026-02-02T08:16:22.299+0000] {logging_mixin.py:188} INFO - Downloaded AMZN/1769692832.json
[2026-02-02T08:16:22.338+0000] {logging_mixin.py:188} INFO - Downloaded AMZN/1769692847.json
[2026-02-02T08:16:22.378+0000] {logging_mixin.py:188} INFO - Downloaded AMZN/1769692866.json
[2026-02-02T08:16:22.413+0000] {logging_mixin.py:188} INFO - Downloaded AMZN/1769692880.json
[2026-02-02T08:16:22.443+0000] {logging_mixin.py:188} INFO - Downloaded AMZN/1769692902.json
[2026-02-02T08:16:22.476+0000] {logging_mixin.py:188} INFO - Downloaded AMZN/1769692914.json
[2026-02-02T08:16:22.507+0000] {logging_mixin.py:188} INFO - Downloaded AMZN/1769692929.json
[2026-02-02T08:16:22.533+0000] {logging_mixin.py:188} INFO - Downloaded AMZN/1769692946.json
[2026-02-02T08:16:22.569+0000] {logging_mixin.py:188} INFO - Downloaded AMZN/1769692961.json
[2026-02-02T08:16:22.622+0000] {logging_mixin.py:188} INFO - Downloaded AMZN/1769692973.json
[2026-02-02T08:16:22.665+0000] {logging_mixin.py:188} INFO - Downloaded AMZN/1769692984.json
[2026-02-02T08:16:22.686+0000] {logging_mixin.py:188} INFO - Downloaded AMZN/1769692995.json
[2026-02-02T08:16:22.710+0000] {logging_mixin.py:188} INFO - Downloaded AMZN/1769693008.json
[2026-02-02T08:16:22.757+0000] {logging_mixin.py:188} INFO - Downloaded AMZN/1769693021.json
[2026-02-02T08:16:22.803+0000] {logging_mixin.py:188} INFO - Downloaded AMZN/1769693033.json
[2026-02-02T08:16:22.839+0000] {logging_mixin.py:188} INFO - Downloaded AMZN/1769693047.json
[2026-02-02T08:16:22.874+0000] {logging_mixin.py:188} INFO - Downloaded AMZN/1769693059.json
[2026-02-02T08:16:22.907+0000] {logging_mixin.py:188} INFO - Downloaded AMZN/1769693072.json
[2026-02-02T08:16:22.934+0000] {logging_mixin.py:188} INFO - Downloaded AMZN/1769693083.json
[2026-02-02T08:16:22.965+0000] {logging_mixin.py:188} INFO - Downloaded AMZN/1769693095.json
[2026-02-02T08:16:22.996+0000] {logging_mixin.py:188} INFO - Downloaded AMZN/1769693110.json
[2026-02-02T08:16:23.030+0000] {logging_mixin.py:188} INFO - Downloaded AMZN/1769693125.json
[2026-02-02T08:16:23.068+0000] {logging_mixin.py:188} INFO - Downloaded AMZN/1769693136.json
[2026-02-02T08:16:23.105+0000] {logging_mixin.py:188} INFO - Downloaded AMZN/1769693148.json
[2026-02-02T08:16:23.141+0000] {logging_mixin.py:188} INFO - Downloaded AMZN/1769693160.json
[2026-02-02T08:16:23.206+0000] {logging_mixin.py:188} INFO - Downloaded AMZN/1769693173.json
[2026-02-02T08:16:23.249+0000] {logging_mixin.py:188} INFO - Downloaded AMZN/1769693184.json
[2026-02-02T08:16:23.288+0000] {logging_mixin.py:188} INFO - Downloaded AMZN/1769693195.json
[2026-02-02T08:16:23.343+0000] {logging_mixin.py:188} INFO - Downloaded AMZN/1769693206.json
[2026-02-02T08:16:23.411+0000] {logging_mixin.py:188} INFO - Downloaded AMZN/1769693219.json
[2026-02-02T08:16:23.456+0000] {logging_mixin.py:188} INFO - Downloaded AMZN/1769693230.json
[2026-02-02T08:16:23.519+0000] {logging_mixin.py:188} INFO - Downloaded AMZN/1769693242.json
[2026-02-02T08:16:23.548+0000] {logging_mixin.py:188} INFO - Downloaded AMZN/1769693255.json
[2026-02-02T08:16:23.591+0000] {logging_mixin.py:188} INFO - Downloaded AMZN/1769693266.json
[2026-02-02T08:16:23.635+0000] {logging_mixin.py:188} INFO - Downloaded AMZN/1769693279.json
[2026-02-02T08:16:23.685+0000] {logging_mixin.py:188} INFO - Downloaded AMZN/1769693290.json
[2026-02-02T08:16:23.720+0000] {logging_mixin.py:188} INFO - Downloaded AMZN/1769693302.json
[2026-02-02T08:16:23.780+0000] {logging_mixin.py:188} INFO - Downloaded AMZN/1769693314.json
[2026-02-02T08:16:23.855+0000] {logging_mixin.py:188} INFO - Downloaded AMZN/1769693326.json
[2026-02-02T08:16:23.898+0000] {logging_mixin.py:188} INFO - Downloaded AMZN/1769693340.json
[2026-02-02T08:16:23.942+0000] {logging_mixin.py:188} INFO - Downloaded AMZN/1769693352.json
[2026-02-02T08:16:23.986+0000] {logging_mixin.py:188} INFO - Downloaded AMZN/1769693363.json
[2026-02-02T08:16:24.036+0000] {logging_mixin.py:188} INFO - Downloaded AMZN/1769693374.json
[2026-02-02T08:16:24.081+0000] {logging_mixin.py:188} INFO - Downloaded AMZN/1769693385.json
[2026-02-02T08:16:24.120+0000] {logging_mixin.py:188} INFO - Downloaded AMZN/1769693399.json
[2026-02-02T08:16:24.162+0000] {logging_mixin.py:188} INFO - Downloaded AMZN/1769693411.json
[2026-02-02T08:16:24.192+0000] {logging_mixin.py:188} INFO - Downloaded AMZN/1769693425.json
[2026-02-02T08:16:24.225+0000] {logging_mixin.py:188} INFO - Downloaded AMZN/1769693437.json
[2026-02-02T08:16:24.262+0000] {logging_mixin.py:188} INFO - Downloaded AMZN/1769693449.json
[2026-02-02T08:16:24.305+0000] {logging_mixin.py:188} INFO - Downloaded AMZN/1769693460.json
[2026-02-02T08:16:24.344+0000] {logging_mixin.py:188} INFO - Downloaded AMZN/1769693473.json
[2026-02-02T08:16:24.385+0000] {logging_mixin.py:188} INFO - Downloaded AMZN/1769693484.json
[2026-02-02T08:16:24.427+0000] {logging_mixin.py:188} INFO - Downloaded AMZN/1769693496.json
[2026-02-02T08:16:24.468+0000] {logging_mixin.py:188} INFO - Downloaded AMZN/1769693508.json
[2026-02-02T08:16:24.533+0000] {logging_mixin.py:188} INFO - Downloaded AMZN/1769693522.json
[2026-02-02T08:16:24.617+0000] {logging_mixin.py:188} INFO - Downloaded AMZN/1769693536.json
[2026-02-02T08:16:24.728+0000] {logging_mixin.py:188} INFO - Downloaded AMZN/1769693549.json
[2026-02-02T08:16:24.825+0000] {logging_mixin.py:188} INFO - Downloaded AMZN/1769693564.json
[2026-02-02T08:16:24.898+0000] {logging_mixin.py:188} INFO - Downloaded AMZN/1769693577.json
[2026-02-02T08:16:24.950+0000] {logging_mixin.py:188} INFO - Downloaded AMZN/1769693590.json
[2026-02-02T08:16:25.040+0000] {logging_mixin.py:188} INFO - Downloaded AMZN/1769693604.json
[2026-02-02T08:16:25.148+0000] {logging_mixin.py:188} INFO - Downloaded AMZN/1769693616.json
[2026-02-02T08:16:25.184+0000] {logging_mixin.py:188} INFO - Downloaded GOOGL/1769692357.json
[2026-02-02T08:16:25.243+0000] {logging_mixin.py:188} INFO - Downloaded GOOGL/1769692370.json
[2026-02-02T08:16:25.281+0000] {logging_mixin.py:188} INFO - Downloaded GOOGL/1769692383.json
[2026-02-02T08:16:25.320+0000] {logging_mixin.py:188} INFO - Downloaded GOOGL/1769692395.json
[2026-02-02T08:16:25.364+0000] {logging_mixin.py:188} INFO - Downloaded GOOGL/1769692407.json
[2026-02-02T08:16:25.391+0000] {logging_mixin.py:188} INFO - Downloaded GOOGL/1769692422.json
[2026-02-02T08:16:25.432+0000] {logging_mixin.py:188} INFO - Downloaded GOOGL/1769692436.json
[2026-02-02T08:16:25.470+0000] {logging_mixin.py:188} INFO - Downloaded GOOGL/1769692448.json
[2026-02-02T08:16:25.501+0000] {logging_mixin.py:188} INFO - Downloaded GOOGL/1769692461.json
[2026-02-02T08:16:25.539+0000] {logging_mixin.py:188} INFO - Downloaded GOOGL/1769692473.json
[2026-02-02T08:16:25.577+0000] {logging_mixin.py:188} INFO - Downloaded GOOGL/1769692485.json
[2026-02-02T08:16:25.637+0000] {logging_mixin.py:188} INFO - Downloaded GOOGL/1769692499.json
[2026-02-02T08:16:25.689+0000] {logging_mixin.py:188} INFO - Downloaded GOOGL/1769692513.json
[2026-02-02T08:16:25.755+0000] {logging_mixin.py:188} INFO - Downloaded GOOGL/1769692524.json
[2026-02-02T08:16:25.790+0000] {logging_mixin.py:188} INFO - Downloaded GOOGL/1769692538.json
[2026-02-02T08:16:25.847+0000] {logging_mixin.py:188} INFO - Downloaded GOOGL/1769692551.json
[2026-02-02T08:16:25.901+0000] {logging_mixin.py:188} INFO - Downloaded GOOGL/1769692564.json
[2026-02-02T08:16:25.963+0000] {logging_mixin.py:188} INFO - Downloaded GOOGL/1769692576.json
[2026-02-02T08:16:26.063+0000] {logging_mixin.py:188} INFO - Downloaded GOOGL/1769692589.json
[2026-02-02T08:16:26.116+0000] {logging_mixin.py:188} INFO - Downloaded GOOGL/1769692615.json
[2026-02-02T08:16:26.163+0000] {logging_mixin.py:188} INFO - Downloaded GOOGL/1769692627.json
[2026-02-02T08:16:26.263+0000] {logging_mixin.py:188} INFO - Downloaded GOOGL/1769692640.json
[2026-02-02T08:16:26.331+0000] {logging_mixin.py:188} INFO - Downloaded GOOGL/1769692652.json
[2026-02-02T08:16:26.389+0000] {logging_mixin.py:188} INFO - Downloaded GOOGL/1769692668.json
[2026-02-02T08:16:26.463+0000] {logging_mixin.py:188} INFO - Downloaded GOOGL/1769692680.json
[2026-02-02T08:16:26.523+0000] {logging_mixin.py:188} INFO - Downloaded GOOGL/1769692692.json
[2026-02-02T08:16:26.615+0000] {logging_mixin.py:188} INFO - Downloaded GOOGL/1769692710.json
[2026-02-02T08:16:26.686+0000] {logging_mixin.py:188} INFO - Downloaded GOOGL/1769692723.json
[2026-02-02T08:16:26.738+0000] {logging_mixin.py:188} INFO - Downloaded GOOGL/1769692739.json
[2026-02-02T08:16:26.788+0000] {logging_mixin.py:188} INFO - Downloaded GOOGL/1769692752.json
[2026-02-02T08:16:26.846+0000] {logging_mixin.py:188} INFO - Downloaded GOOGL/1769692765.json
[2026-02-02T08:16:26.886+0000] {logging_mixin.py:188} INFO - Downloaded GOOGL/1769692784.json
[2026-02-02T08:16:26.938+0000] {logging_mixin.py:188} INFO - Downloaded GOOGL/1769692803.json
[2026-02-02T08:16:27.000+0000] {logging_mixin.py:188} INFO - Downloaded GOOGL/1769692817.json
[2026-02-02T08:16:27.114+0000] {logging_mixin.py:188} INFO - Downloaded GOOGL/1769692831.json
[2026-02-02T08:16:27.189+0000] {logging_mixin.py:188} INFO - Downloaded GOOGL/1769692846.json
[2026-02-02T08:16:27.266+0000] {logging_mixin.py:188} INFO - Downloaded GOOGL/1769692864.json
[2026-02-02T08:16:27.313+0000] {logging_mixin.py:188} INFO - Downloaded GOOGL/1769692878.json
[2026-02-02T08:16:27.366+0000] {logging_mixin.py:188} INFO - Downloaded GOOGL/1769692913.json
[2026-02-02T08:16:27.451+0000] {logging_mixin.py:188} INFO - Downloaded GOOGL/1769692928.json
[2026-02-02T08:16:27.518+0000] {logging_mixin.py:188} INFO - Downloaded GOOGL/1769692944.json
[2026-02-02T08:16:27.550+0000] {logging_mixin.py:188} INFO - Downloaded GOOGL/1769692960.json
[2026-02-02T08:16:27.603+0000] {logging_mixin.py:188} INFO - Downloaded GOOGL/1769692972.json
[2026-02-02T08:16:27.652+0000] {logging_mixin.py:188} INFO - Downloaded GOOGL/1769692983.json
[2026-02-02T08:16:27.689+0000] {logging_mixin.py:188} INFO - Downloaded GOOGL/1769692994.json
[2026-02-02T08:16:27.717+0000] {logging_mixin.py:188} INFO - Downloaded GOOGL/1769693007.json
[2026-02-02T08:16:27.748+0000] {logging_mixin.py:188} INFO - Downloaded GOOGL/1769693020.json
[2026-02-02T08:16:27.780+0000] {logging_mixin.py:188} INFO - Downloaded GOOGL/1769693032.json
[2026-02-02T08:16:27.820+0000] {logging_mixin.py:188} INFO - Downloaded GOOGL/1769693044.json
[2026-02-02T08:16:27.844+0000] {logging_mixin.py:188} INFO - Downloaded GOOGL/1769693058.json
[2026-02-02T08:16:27.875+0000] {logging_mixin.py:188} INFO - Downloaded GOOGL/1769693071.json
[2026-02-02T08:16:27.907+0000] {logging_mixin.py:188} INFO - Downloaded GOOGL/1769693082.json
[2026-02-02T08:16:27.933+0000] {logging_mixin.py:188} INFO - Downloaded GOOGL/1769693094.json
[2026-02-02T08:16:27.966+0000] {logging_mixin.py:188} INFO - Downloaded GOOGL/1769693109.json
[2026-02-02T08:16:27.996+0000] {logging_mixin.py:188} INFO - Downloaded GOOGL/1769693124.json
[2026-02-02T08:16:28.025+0000] {logging_mixin.py:188} INFO - Downloaded GOOGL/1769693135.json
[2026-02-02T08:16:28.063+0000] {logging_mixin.py:188} INFO - Downloaded GOOGL/1769693147.json
[2026-02-02T08:16:28.101+0000] {logging_mixin.py:188} INFO - Downloaded GOOGL/1769693158.json
[2026-02-02T08:16:28.136+0000] {logging_mixin.py:188} INFO - Downloaded GOOGL/1769693172.json
[2026-02-02T08:16:28.173+0000] {logging_mixin.py:188} INFO - Downloaded GOOGL/1769693183.json
[2026-02-02T08:16:28.208+0000] {logging_mixin.py:188} INFO - Downloaded GOOGL/1769693194.json
[2026-02-02T08:16:28.241+0000] {logging_mixin.py:188} INFO - Downloaded GOOGL/1769693205.json
[2026-02-02T08:16:28.272+0000] {logging_mixin.py:188} INFO - Downloaded GOOGL/1769693218.json
[2026-02-02T08:16:28.319+0000] {logging_mixin.py:188} INFO - Downloaded GOOGL/1769693229.json
[2026-02-02T08:16:28.357+0000] {logging_mixin.py:188} INFO - Downloaded GOOGL/1769693241.json
[2026-02-02T08:16:28.423+0000] {logging_mixin.py:188} INFO - Downloaded GOOGL/1769693254.json
[2026-02-02T08:16:28.520+0000] {logging_mixin.py:188} INFO - Downloaded GOOGL/1769693265.json
[2026-02-02T08:16:28.582+0000] {logging_mixin.py:188} INFO - Downloaded GOOGL/1769693277.json
[2026-02-02T08:16:28.647+0000] {logging_mixin.py:188} INFO - Downloaded GOOGL/1769693289.json
[2026-02-02T08:16:28.681+0000] {logging_mixin.py:188} INFO - Downloaded GOOGL/1769693301.json
[2026-02-02T08:16:28.724+0000] {logging_mixin.py:188} INFO - Downloaded GOOGL/1769693313.json
[2026-02-02T08:16:28.759+0000] {logging_mixin.py:188} INFO - Downloaded GOOGL/1769693324.json
[2026-02-02T08:16:28.783+0000] {logging_mixin.py:188} INFO - Downloaded GOOGL/1769693339.json
[2026-02-02T08:16:28.812+0000] {logging_mixin.py:188} INFO - Downloaded GOOGL/1769693351.json
[2026-02-02T08:16:28.839+0000] {logging_mixin.py:188} INFO - Downloaded GOOGL/1769693362.json
[2026-02-02T08:16:28.865+0000] {logging_mixin.py:188} INFO - Downloaded GOOGL/1769693373.json
[2026-02-02T08:16:28.887+0000] {logging_mixin.py:188} INFO - Downloaded GOOGL/1769693384.json
[2026-02-02T08:16:28.913+0000] {logging_mixin.py:188} INFO - Downloaded GOOGL/1769693398.json
[2026-02-02T08:16:28.940+0000] {logging_mixin.py:188} INFO - Downloaded GOOGL/1769693410.json
[2026-02-02T08:16:28.973+0000] {logging_mixin.py:188} INFO - Downloaded GOOGL/1769693422.json
[2026-02-02T08:16:29.001+0000] {logging_mixin.py:188} INFO - Downloaded GOOGL/1769693436.json
[2026-02-02T08:16:29.025+0000] {logging_mixin.py:188} INFO - Downloaded GOOGL/1769693447.json
[2026-02-02T08:16:29.049+0000] {logging_mixin.py:188} INFO - Downloaded GOOGL/1769693459.json
[2026-02-02T08:16:29.071+0000] {logging_mixin.py:188} INFO - Downloaded GOOGL/1769693471.json
[2026-02-02T08:16:29.121+0000] {logging_mixin.py:188} INFO - Downloaded GOOGL/1769693483.json
[2026-02-02T08:16:29.150+0000] {logging_mixin.py:188} INFO - Downloaded GOOGL/1769693495.json
[2026-02-02T08:16:29.171+0000] {logging_mixin.py:188} INFO - Downloaded GOOGL/1769693507.json
[2026-02-02T08:16:29.199+0000] {logging_mixin.py:188} INFO - Downloaded GOOGL/1769693520.json
[2026-02-02T08:16:29.224+0000] {logging_mixin.py:188} INFO - Downloaded GOOGL/1769693533.json
[2026-02-02T08:16:29.244+0000] {logging_mixin.py:188} INFO - Downloaded GOOGL/1769693547.json
[2026-02-02T08:16:29.265+0000] {logging_mixin.py:188} INFO - Downloaded GOOGL/1769693562.json
[2026-02-02T08:16:29.291+0000] {logging_mixin.py:188} INFO - Downloaded GOOGL/1769693576.json
[2026-02-02T08:16:29.313+0000] {logging_mixin.py:188} INFO - Downloaded GOOGL/1769693587.json
[2026-02-02T08:16:29.355+0000] {logging_mixin.py:188} INFO - Downloaded GOOGL/1769693603.json
[2026-02-02T08:16:29.404+0000] {logging_mixin.py:188} INFO - Downloaded GOOGL/1769693615.json
[2026-02-02T08:16:29.451+0000] {logging_mixin.py:188} INFO - Downloaded MSFT/1769692355.json
[2026-02-02T08:16:29.501+0000] {logging_mixin.py:188} INFO - Downloaded MSFT/1769692368.json
[2026-02-02T08:16:29.582+0000] {logging_mixin.py:188} INFO - Downloaded MSFT/1769692381.json
[2026-02-02T08:16:29.609+0000] {logging_mixin.py:188} INFO - Downloaded MSFT/1769692393.json
[2026-02-02T08:16:29.657+0000] {logging_mixin.py:188} INFO - Downloaded MSFT/1769692405.json
[2026-02-02T08:16:29.690+0000] {logging_mixin.py:188} INFO - Downloaded MSFT/1769692417.json
[2026-02-02T08:16:29.714+0000] {logging_mixin.py:188} INFO - Downloaded MSFT/1769692433.json
[2026-02-02T08:16:29.750+0000] {logging_mixin.py:188} INFO - Downloaded MSFT/1769692446.json
[2026-02-02T08:16:29.773+0000] {logging_mixin.py:188} INFO - Downloaded MSFT/1769692458.json
[2026-02-02T08:16:29.806+0000] {logging_mixin.py:188} INFO - Downloaded MSFT/1769692471.json
[2026-02-02T08:16:29.833+0000] {logging_mixin.py:188} INFO - Downloaded MSFT/1769692483.json
[2026-02-02T08:16:29.859+0000] {logging_mixin.py:188} INFO - Downloaded MSFT/1769692497.json
[2026-02-02T08:16:29.886+0000] {logging_mixin.py:188} INFO - Downloaded MSFT/1769692511.json
[2026-02-02T08:16:29.907+0000] {logging_mixin.py:188} INFO - Downloaded MSFT/1769692522.json
[2026-02-02T08:16:29.932+0000] {logging_mixin.py:188} INFO - Downloaded MSFT/1769692536.json
[2026-02-02T08:16:29.959+0000] {logging_mixin.py:188} INFO - Downloaded MSFT/1769692549.json
[2026-02-02T08:16:29.988+0000] {logging_mixin.py:188} INFO - Downloaded MSFT/1769692561.json
[2026-02-02T08:16:30.036+0000] {logging_mixin.py:188} INFO - Downloaded MSFT/1769692574.json
[2026-02-02T08:16:30.071+0000] {logging_mixin.py:188} INFO - Downloaded MSFT/1769692586.json
[2026-02-02T08:16:30.108+0000] {logging_mixin.py:188} INFO - Downloaded MSFT/1769692605.json
[2026-02-02T08:16:30.172+0000] {logging_mixin.py:188} INFO - Downloaded MSFT/1769692624.json
[2026-02-02T08:16:30.217+0000] {logging_mixin.py:188} INFO - Downloaded MSFT/1769692638.json
[2026-02-02T08:16:30.262+0000] {logging_mixin.py:188} INFO - Downloaded MSFT/1769692649.json
[2026-02-02T08:16:30.299+0000] {logging_mixin.py:188} INFO - Downloaded MSFT/1769692663.json
[2026-02-02T08:16:30.339+0000] {logging_mixin.py:188} INFO - Downloaded MSFT/1769692678.json
[2026-02-02T08:16:30.396+0000] {logging_mixin.py:188} INFO - Downloaded MSFT/1769692690.json
[2026-02-02T08:16:30.447+0000] {logging_mixin.py:188} INFO - Downloaded MSFT/1769692701.json
[2026-02-02T08:16:30.495+0000] {logging_mixin.py:188} INFO - Downloaded MSFT/1769692721.json
[2026-02-02T08:16:30.539+0000] {logging_mixin.py:188} INFO - Downloaded MSFT/1769692736.json
[2026-02-02T08:16:30.583+0000] {logging_mixin.py:188} INFO - Downloaded MSFT/1769692749.json
[2026-02-02T08:16:30.619+0000] {logging_mixin.py:188} INFO - Downloaded MSFT/1769692762.json
[2026-02-02T08:16:30.651+0000] {logging_mixin.py:188} INFO - Downloaded MSFT/1769692780.json
[2026-02-02T08:16:30.697+0000] {logging_mixin.py:188} INFO - Downloaded MSFT/1769692798.json
[2026-02-02T08:16:30.727+0000] {logging_mixin.py:188} INFO - Downloaded MSFT/1769692813.json
[2026-02-02T08:16:30.761+0000] {logging_mixin.py:188} INFO - Downloaded MSFT/1769692828.json
[2026-02-02T08:16:30.798+0000] {logging_mixin.py:188} INFO - Downloaded MSFT/1769692844.json
[2026-02-02T08:16:30.856+0000] {logging_mixin.py:188} INFO - Downloaded MSFT/1769692860.json
[2026-02-02T08:16:30.888+0000] {logging_mixin.py:188} INFO - Downloaded MSFT/1769692874.json
[2026-02-02T08:16:30.913+0000] {logging_mixin.py:188} INFO - Downloaded MSFT/1769692889.json
[2026-02-02T08:16:30.952+0000] {logging_mixin.py:188} INFO - Downloaded MSFT/1769692910.json
[2026-02-02T08:16:30.980+0000] {logging_mixin.py:188} INFO - Downloaded MSFT/1769692926.json
[2026-02-02T08:16:31.007+0000] {logging_mixin.py:188} INFO - Downloaded MSFT/1769692941.json
[2026-02-02T08:16:31.031+0000] {logging_mixin.py:188} INFO - Downloaded MSFT/1769692954.json
[2026-02-02T08:16:31.054+0000] {logging_mixin.py:188} INFO - Downloaded MSFT/1769692970.json
[2026-02-02T08:16:31.079+0000] {logging_mixin.py:188} INFO - Downloaded MSFT/1769692981.json
[2026-02-02T08:16:31.104+0000] {logging_mixin.py:188} INFO - Downloaded MSFT/1769692992.json
[2026-02-02T08:16:31.131+0000] {logging_mixin.py:188} INFO - Downloaded MSFT/1769693004.json
[2026-02-02T08:16:31.160+0000] {logging_mixin.py:188} INFO - Downloaded MSFT/1769693017.json
[2026-02-02T08:16:31.184+0000] {logging_mixin.py:188} INFO - Downloaded MSFT/1769693030.json
[2026-02-02T08:16:31.207+0000] {logging_mixin.py:188} INFO - Downloaded MSFT/1769693041.json
[2026-02-02T08:16:31.228+0000] {logging_mixin.py:188} INFO - Downloaded MSFT/1769693055.json
[2026-02-02T08:16:31.257+0000] {logging_mixin.py:188} INFO - Downloaded MSFT/1769693067.json
[2026-02-02T08:16:31.278+0000] {logging_mixin.py:188} INFO - Downloaded MSFT/1769693080.json
[2026-02-02T08:16:31.299+0000] {logging_mixin.py:188} INFO - Downloaded MSFT/1769693092.json
[2026-02-02T08:16:31.323+0000] {logging_mixin.py:188} INFO - Downloaded MSFT/1769693107.json
[2026-02-02T08:16:31.344+0000] {logging_mixin.py:188} INFO - Downloaded MSFT/1769693119.json
[2026-02-02T08:16:31.363+0000] {logging_mixin.py:188} INFO - Downloaded MSFT/1769693133.json
[2026-02-02T08:16:31.385+0000] {logging_mixin.py:188} INFO - Downloaded MSFT/1769693145.json
[2026-02-02T08:16:31.408+0000] {logging_mixin.py:188} INFO - Downloaded MSFT/1769693156.json
[2026-02-02T08:16:31.428+0000] {logging_mixin.py:188} INFO - Downloaded MSFT/1769693168.json
[2026-02-02T08:16:31.447+0000] {logging_mixin.py:188} INFO - Downloaded MSFT/1769693181.json
[2026-02-02T08:16:31.469+0000] {logging_mixin.py:188} INFO - Downloaded MSFT/1769693192.json
[2026-02-02T08:16:31.489+0000] {logging_mixin.py:188} INFO - Downloaded MSFT/1769693203.json
[2026-02-02T08:16:31.510+0000] {logging_mixin.py:188} INFO - Downloaded MSFT/1769693215.json
[2026-02-02T08:16:31.533+0000] {logging_mixin.py:188} INFO - Downloaded MSFT/1769693227.json
[2026-02-02T08:16:31.559+0000] {logging_mixin.py:188} INFO - Downloaded MSFT/1769693239.json
[2026-02-02T08:16:31.581+0000] {logging_mixin.py:188} INFO - Downloaded MSFT/1769693250.json
[2026-02-02T08:16:31.604+0000] {logging_mixin.py:188} INFO - Downloaded MSFT/1769693263.json
[2026-02-02T08:16:31.629+0000] {logging_mixin.py:188} INFO - Downloaded MSFT/1769693275.json
[2026-02-02T08:16:31.652+0000] {logging_mixin.py:188} INFO - Downloaded MSFT/1769693287.json
[2026-02-02T08:16:31.673+0000] {logging_mixin.py:188} INFO - Downloaded MSFT/1769693299.json
[2026-02-02T08:16:31.691+0000] {logging_mixin.py:188} INFO - Downloaded MSFT/1769693310.json
[2026-02-02T08:16:31.711+0000] {logging_mixin.py:188} INFO - Downloaded MSFT/1769693322.json
[2026-02-02T08:16:31.729+0000] {logging_mixin.py:188} INFO - Downloaded MSFT/1769693335.json
[2026-02-02T08:16:31.746+0000] {logging_mixin.py:188} INFO - Downloaded MSFT/1769693349.json
[2026-02-02T08:16:31.765+0000] {logging_mixin.py:188} INFO - Downloaded MSFT/1769693360.json
[2026-02-02T08:16:31.783+0000] {logging_mixin.py:188} INFO - Downloaded MSFT/1769693371.json
[2026-02-02T08:16:31.884+0000] {logging_mixin.py:188} INFO - Downloaded MSFT/1769693382.json
[2026-02-02T08:16:32.512+0000] {logging_mixin.py:188} INFO - Downloaded MSFT/1769693394.json
[2026-02-02T08:16:32.536+0000] {logging_mixin.py:188} INFO - Downloaded MSFT/1769693407.json
[2026-02-02T08:16:32.559+0000] {logging_mixin.py:188} INFO - Downloaded MSFT/1769693420.json
[2026-02-02T08:16:32.672+0000] {logging_mixin.py:188} INFO - Downloaded MSFT/1769693434.json
[2026-02-02T08:16:32.691+0000] {logging_mixin.py:188} INFO - Downloaded MSFT/1769693445.json
[2026-02-02T08:16:32.713+0000] {logging_mixin.py:188} INFO - Downloaded MSFT/1769693457.json
[2026-02-02T08:16:32.733+0000] {logging_mixin.py:188} INFO - Downloaded MSFT/1769693469.json
[2026-02-02T08:16:32.751+0000] {logging_mixin.py:188} INFO - Downloaded MSFT/1769693481.json
[2026-02-02T08:16:32.771+0000] {logging_mixin.py:188} INFO - Downloaded MSFT/1769693492.json
[2026-02-02T08:16:32.788+0000] {logging_mixin.py:188} INFO - Downloaded MSFT/1769693505.json
[2026-02-02T08:16:32.807+0000] {logging_mixin.py:188} INFO - Downloaded MSFT/1769693517.json
[2026-02-02T08:16:32.825+0000] {logging_mixin.py:188} INFO - Downloaded MSFT/1769693531.json
[2026-02-02T08:16:32.847+0000] {logging_mixin.py:188} INFO - Downloaded MSFT/1769693544.json
[2026-02-02T08:16:32.880+0000] {logging_mixin.py:188} INFO - Downloaded MSFT/1769693559.json
[2026-02-02T08:16:32.906+0000] {logging_mixin.py:188} INFO - Downloaded MSFT/1769693574.json
[2026-02-02T08:16:32.922+0000] {logging_mixin.py:188} INFO - Downloaded MSFT/1769693585.json
[2026-02-02T08:16:32.939+0000] {logging_mixin.py:188} INFO - Downloaded MSFT/1769693600.json
[2026-02-02T08:16:32.955+0000] {logging_mixin.py:188} INFO - Downloaded MSFT/1769693613.json
[2026-02-02T08:16:32.972+0000] {logging_mixin.py:188} INFO - Downloaded TSLA/1769692356.json
[2026-02-02T08:16:32.989+0000] {logging_mixin.py:188} INFO - Downloaded TSLA/1769692369.json
[2026-02-02T08:16:33.007+0000] {logging_mixin.py:188} INFO - Downloaded TSLA/1769692382.json
[2026-02-02T08:16:33.026+0000] {logging_mixin.py:188} INFO - Downloaded TSLA/1769692394.json
[2026-02-02T08:16:33.045+0000] {logging_mixin.py:188} INFO - Downloaded TSLA/1769692406.json
[2026-02-02T08:16:33.065+0000] {logging_mixin.py:188} INFO - Downloaded TSLA/1769692419.json
[2026-02-02T08:16:33.084+0000] {logging_mixin.py:188} INFO - Downloaded TSLA/1769692434.json
[2026-02-02T08:16:33.106+0000] {logging_mixin.py:188} INFO - Downloaded TSLA/1769692447.json
[2026-02-02T08:16:33.132+0000] {logging_mixin.py:188} INFO - Downloaded TSLA/1769692460.json
[2026-02-02T08:16:33.155+0000] {logging_mixin.py:188} INFO - Downloaded TSLA/1769692472.json
[2026-02-02T08:16:33.174+0000] {logging_mixin.py:188} INFO - Downloaded TSLA/1769692484.json
[2026-02-02T08:16:33.196+0000] {logging_mixin.py:188} INFO - Downloaded TSLA/1769692498.json
[2026-02-02T08:16:33.217+0000] {logging_mixin.py:188} INFO - Downloaded TSLA/1769692512.json
[2026-02-02T08:16:33.235+0000] {logging_mixin.py:188} INFO - Downloaded TSLA/1769692523.json
[2026-02-02T08:16:33.254+0000] {logging_mixin.py:188} INFO - Downloaded TSLA/1769692537.json
[2026-02-02T08:16:33.273+0000] {logging_mixin.py:188} INFO - Downloaded TSLA/1769692550.json
[2026-02-02T08:16:33.291+0000] {logging_mixin.py:188} INFO - Downloaded TSLA/1769692563.json
[2026-02-02T08:16:33.308+0000] {logging_mixin.py:188} INFO - Downloaded TSLA/1769692575.json
[2026-02-02T08:16:33.324+0000] {logging_mixin.py:188} INFO - Downloaded TSLA/1769692588.json
[2026-02-02T08:16:33.342+0000] {logging_mixin.py:188} INFO - Downloaded TSLA/1769692610.json
[2026-02-02T08:16:33.360+0000] {logging_mixin.py:188} INFO - Downloaded TSLA/1769692626.json
[2026-02-02T08:16:33.378+0000] {logging_mixin.py:188} INFO - Downloaded TSLA/1769692639.json
[2026-02-02T08:16:33.398+0000] {logging_mixin.py:188} INFO - Downloaded TSLA/1769692651.json
[2026-02-02T08:16:33.423+0000] {logging_mixin.py:188} INFO - Downloaded TSLA/1769692666.json
[2026-02-02T08:16:33.445+0000] {logging_mixin.py:188} INFO - Downloaded TSLA/1769692679.json
[2026-02-02T08:16:33.462+0000] {logging_mixin.py:188} INFO - Downloaded TSLA/1769692691.json
[2026-02-02T08:16:33.481+0000] {logging_mixin.py:188} INFO - Downloaded TSLA/1769692708.json
[2026-02-02T08:16:33.554+0000] {logging_mixin.py:188} INFO - Downloaded TSLA/1769692722.json
[2026-02-02T08:16:33.572+0000] {logging_mixin.py:188} INFO - Downloaded TSLA/1769692737.json
[2026-02-02T08:16:33.589+0000] {logging_mixin.py:188} INFO - Downloaded TSLA/1769692750.json
[2026-02-02T08:16:33.606+0000] {logging_mixin.py:188} INFO - Downloaded TSLA/1769692763.json
[2026-02-02T08:16:34.510+0000] {logging_mixin.py:188} INFO - Downloaded TSLA/1769692782.json
[2026-02-02T08:16:34.531+0000] {logging_mixin.py:188} INFO - Downloaded TSLA/1769692802.json
[2026-02-02T08:16:34.550+0000] {logging_mixin.py:188} INFO - Downloaded TSLA/1769692816.json
[2026-02-02T08:16:34.650+0000] {logging_mixin.py:188} INFO - Downloaded TSLA/1769692830.json
[2026-02-02T08:16:34.668+0000] {logging_mixin.py:188} INFO - Downloaded TSLA/1769692845.json
[2026-02-02T08:16:34.689+0000] {logging_mixin.py:188} INFO - Downloaded TSLA/1769692861.json
[2026-02-02T08:16:34.705+0000] {logging_mixin.py:188} INFO - Downloaded TSLA/1769692875.json
[2026-02-02T08:16:34.717+0000] {logging_mixin.py:188} INFO - Downloaded TSLA/1769692890.json
[2026-02-02T08:16:34.727+0000] {logging_mixin.py:188} INFO - Downloaded TSLA/1769692912.json
[2026-02-02T08:16:34.736+0000] {logging_mixin.py:188} INFO - Downloaded TSLA/1769692927.json
[2026-02-02T08:16:34.746+0000] {logging_mixin.py:188} INFO - Downloaded TSLA/1769692942.json
[2026-02-02T08:16:34.756+0000] {logging_mixin.py:188} INFO - Downloaded TSLA/1769692956.json
[2026-02-02T08:16:34.766+0000] {logging_mixin.py:188} INFO - Downloaded TSLA/1769692971.json
[2026-02-02T08:16:34.779+0000] {logging_mixin.py:188} INFO - Downloaded TSLA/1769692982.json
[2026-02-02T08:16:34.789+0000] {logging_mixin.py:188} INFO - Downloaded TSLA/1769692993.json
[2026-02-02T08:16:34.800+0000] {logging_mixin.py:188} INFO - Downloaded TSLA/1769693006.json
[2026-02-02T08:16:34.809+0000] {logging_mixin.py:188} INFO - Downloaded TSLA/1769693018.json
[2026-02-02T08:16:34.821+0000] {logging_mixin.py:188} INFO - Downloaded TSLA/1769693031.json
[2026-02-02T08:16:34.834+0000] {logging_mixin.py:188} INFO - Downloaded TSLA/1769693043.json
[2026-02-02T08:16:34.843+0000] {logging_mixin.py:188} INFO - Downloaded TSLA/1769693056.json
[2026-02-02T08:16:34.923+0000] {logging_mixin.py:188} INFO - Downloaded TSLA/1769693069.json
[2026-02-02T08:16:34.996+0000] {logging_mixin.py:188} INFO - Downloaded TSLA/1769693081.json
[2026-02-02T08:16:35.006+0000] {logging_mixin.py:188} INFO - Downloaded TSLA/1769693093.json
[2026-02-02T08:16:35.016+0000] {logging_mixin.py:188} INFO - Downloaded TSLA/1769693108.json
[2026-02-02T08:16:35.025+0000] {logging_mixin.py:188} INFO - Downloaded TSLA/1769693122.json
[2026-02-02T08:16:35.035+0000] {logging_mixin.py:188} INFO - Downloaded TSLA/1769693134.json
[2026-02-02T08:16:35.045+0000] {logging_mixin.py:188} INFO - Downloaded TSLA/1769693146.json
[2026-02-02T08:16:35.054+0000] {logging_mixin.py:188} INFO - Downloaded TSLA/1769693157.json
[2026-02-02T08:16:35.065+0000] {logging_mixin.py:188} INFO - Downloaded TSLA/1769693169.json
[2026-02-02T08:16:35.076+0000] {logging_mixin.py:188} INFO - Downloaded TSLA/1769693181.json
[2026-02-02T08:16:35.086+0000] {logging_mixin.py:188} INFO - Downloaded TSLA/1769693193.json
[2026-02-02T08:16:35.097+0000] {logging_mixin.py:188} INFO - Downloaded TSLA/1769693204.json
[2026-02-02T08:16:35.106+0000] {logging_mixin.py:188} INFO - Downloaded TSLA/1769693216.json
[2026-02-02T08:16:35.117+0000] {logging_mixin.py:188} INFO - Downloaded TSLA/1769693228.json
[2026-02-02T08:16:35.126+0000] {logging_mixin.py:188} INFO - Downloaded TSLA/1769693240.json
[2026-02-02T08:16:35.136+0000] {logging_mixin.py:188} INFO - Downloaded TSLA/1769693253.json
[2026-02-02T08:16:35.146+0000] {logging_mixin.py:188} INFO - Downloaded TSLA/1769693264.json
[2026-02-02T08:16:35.463+0000] {logging_mixin.py:188} INFO - Downloaded TSLA/1769693276.json
[2026-02-02T08:16:35.472+0000] {logging_mixin.py:188} INFO - Downloaded TSLA/1769693288.json
[2026-02-02T08:16:35.482+0000] {logging_mixin.py:188} INFO - Downloaded TSLA/1769693300.json
[2026-02-02T08:16:35.770+0000] {logging_mixin.py:188} INFO - Downloaded TSLA/1769693312.json
[2026-02-02T08:16:35.785+0000] {logging_mixin.py:188} INFO - Downloaded TSLA/1769693323.json
[2026-02-02T08:16:35.800+0000] {logging_mixin.py:188} INFO - Downloaded TSLA/1769693337.json
[2026-02-02T08:16:35.813+0000] {logging_mixin.py:188} INFO - Downloaded TSLA/1769693350.json
[2026-02-02T08:16:35.826+0000] {logging_mixin.py:188} INFO - Downloaded TSLA/1769693361.json
[2026-02-02T08:16:35.839+0000] {logging_mixin.py:188} INFO - Downloaded TSLA/1769693372.json
[2026-02-02T08:16:35.855+0000] {logging_mixin.py:188} INFO - Downloaded TSLA/1769693383.json
[2026-02-02T08:16:35.881+0000] {logging_mixin.py:188} INFO - Downloaded TSLA/1769693396.json
[2026-02-02T08:16:35.906+0000] {logging_mixin.py:188} INFO - Downloaded TSLA/1769693409.json
[2026-02-02T08:16:35.945+0000] {logging_mixin.py:188} INFO - Downloaded TSLA/1769693421.json
[2026-02-02T08:16:35.980+0000] {logging_mixin.py:188} INFO - Downloaded TSLA/1769693435.json
[2026-02-02T08:16:36.011+0000] {logging_mixin.py:188} INFO - Downloaded TSLA/1769693446.json
[2026-02-02T08:16:36.053+0000] {logging_mixin.py:188} INFO - Downloaded TSLA/1769693458.json
[2026-02-02T08:16:36.071+0000] {logging_mixin.py:188} INFO - Downloaded TSLA/1769693470.json
[2026-02-02T08:16:36.103+0000] {logging_mixin.py:188} INFO - Downloaded TSLA/1769693482.json
[2026-02-02T08:16:36.134+0000] {logging_mixin.py:188} INFO - Downloaded TSLA/1769693493.json
[2026-02-02T08:16:36.157+0000] {logging_mixin.py:188} INFO - Downloaded TSLA/1769693506.json
[2026-02-02T08:16:36.184+0000] {logging_mixin.py:188} INFO - Downloaded TSLA/1769693518.json
[2026-02-02T08:16:36.231+0000] {logging_mixin.py:188} INFO - Downloaded TSLA/1769693532.json
[2026-02-02T08:16:36.267+0000] {logging_mixin.py:188} INFO - Downloaded TSLA/1769693545.json
[2026-02-02T08:16:36.287+0000] {logging_mixin.py:188} INFO - Downloaded TSLA/1769693560.json
[2026-02-02T08:16:36.301+0000] {logging_mixin.py:188} INFO - Downloaded TSLA/1769693575.json
[2026-02-02T08:16:36.312+0000] {logging_mixin.py:188} INFO - Downloaded TSLA/1769693586.json
[2026-02-02T08:16:36.322+0000] {logging_mixin.py:188} INFO - Downloaded TSLA/1769693602.json
[2026-02-02T08:16:36.333+0000] {logging_mixin.py:188} INFO - Downloaded TSLA/1769693614.json
[2026-02-02T08:16:36.335+0000] {python.py:237} INFO - Done. Returned value was: ['/opt/***/data/minio/1769692353.json', '/opt/***/data/minio/1769692366.json', '/opt/***/data/minio/1769692380.json', '/opt/***/data/minio/1769692392.json', '/opt/***/data/minio/1769692403.json', '/opt/***/data/minio/1769692416.json', '/opt/***/data/minio/1769692432.json', '/opt/***/data/minio/1769692444.json', '/opt/***/data/minio/1769692457.json', '/opt/***/data/minio/1769692469.json', '/opt/***/data/minio/1769692482.json', '/opt/***/data/minio/1769692495.json', '/opt/***/data/minio/1769692508.json', '/opt/***/data/minio/1769692521.json', '/opt/***/data/minio/1769692535.json', '/opt/***/data/minio/1769692548.json', '/opt/***/data/minio/1769692560.json', '/opt/***/data/minio/1769692573.json', '/opt/***/data/minio/1769692584.json', '/opt/***/data/minio/1769692602.json', '/opt/***/data/minio/1769692623.json', '/opt/***/data/minio/1769692636.json', '/opt/***/data/minio/1769692648.json', '/opt/***/data/minio/1769692661.json', '/opt/***/data/minio/1769692676.json', '/opt/***/data/minio/1769692688.json', '/opt/***/data/minio/1769692700.json', '/opt/***/data/minio/1769692719.json', '/opt/***/data/minio/1769692733.json', '/opt/***/data/minio/1769692747.json', '/opt/***/data/minio/1769692760.json', '/opt/***/data/minio/1769692778.json', '/opt/***/data/minio/1769692793.json', '/opt/***/data/minio/1769692812.json', '/opt/***/data/minio/1769692827.json', '/opt/***/data/minio/1769692839.json', '/opt/***/data/minio/1769692856.json', '/opt/***/data/minio/1769692873.json', '/opt/***/data/minio/1769692887.json', '/opt/***/data/minio/1769692909.json', '/opt/***/data/minio/1769692921.json', '/opt/***/data/minio/1769692940.json', '/opt/***/data/minio/1769692953.json', '/opt/***/data/minio/1769692969.json', '/opt/***/data/minio/1769692980.json', '/opt/***/data/minio/1769692991.json', '/opt/***/data/minio/1769693003.json', '/opt/***/data/minio/1769693016.json', '/opt/***/data/minio/1769693028.json', '/opt/***/data/minio/1769693040.json', '/opt/***/data/minio/1769693054.json', '/opt/***/data/minio/1769693066.json', '/opt/***/data/minio/1769693079.json', '/opt/***/data/minio/1769693090.json', '/opt/***/data/minio/1769693105.json', '/opt/***/data/minio/1769693118.json', '/opt/***/data/minio/1769693132.json', '/opt/***/data/minio/1769693144.json', '/opt/***/data/minio/1769693155.json', '/opt/***/data/minio/1769693167.json', '/opt/***/data/minio/1769693180.json', '/opt/***/data/minio/1769693191.json', '/opt/***/data/minio/1769693202.json', '/opt/***/data/minio/1769693213.json', '/opt/***/data/minio/1769693226.json', '/opt/***/data/minio/1769693238.json', '/opt/***/data/minio/1769693249.json', '/opt/***/data/minio/1769693262.json', '/opt/***/data/minio/1769693273.json', '/opt/***/data/minio/1769693286.json', '/opt/***/data/minio/1769693298.json', '/opt/***/data/minio/1769693309.json', '/opt/***/data/minio/1769693321.json', '/opt/***/data/minio/1769693334.json', '/opt/***/data/minio/1769693348.json', '/opt/***/data/minio/1769693359.json', '/opt/***/data/minio/1769693370.json', '/opt/***/data/minio/1769693381.json', '/opt/***/data/minio/1769693392.json', '/opt/***/data/minio/1769693406.json', '/opt/***/data/minio/1769693419.json', '/opt/***/data/minio/1769693432.json', '/opt/***/data/minio/1769693444.json', '/opt/***/data/minio/1769693456.json', '/opt/***/data/minio/1769693467.json', '/opt/***/data/minio/1769693480.json', '/opt/***/data/minio/1769693491.json', '/opt/***/data/minio/1769693504.json', '/opt/***/data/minio/1769693516.json', '/opt/***/data/minio/1769693530.json', '/opt/***/data/minio/1769693543.json', '/opt/***/data/minio/1769693558.json', '/opt/***/data/minio/1769693571.json', '/opt/***/data/minio/1769693584.json', '/opt/***/data/minio/1769693597.json', '/opt/***/data/minio/1769693612.json', '/opt/***/data/minio/1769693629.json', '/opt/***/data/minio/1769692359.json', '/opt/***/data/minio/1769692372.json', '/opt/***/data/minio/1769692385.json', '/opt/***/data/minio/1769692396.json', '/opt/***/data/minio/1769692409.json', '/opt/***/data/minio/1769692424.json', '/opt/***/data/minio/1769692437.json', '/opt/***/data/minio/1769692450.json', '/opt/***/data/minio/1769692462.json', '/opt/***/data/minio/1769692475.json', '/opt/***/data/minio/1769692486.json', '/opt/***/data/minio/1769692501.json', '/opt/***/data/minio/1769692513.json', '/opt/***/data/minio/1769692528.json', '/opt/***/data/minio/1769692540.json', '/opt/***/data/minio/1769692553.json', '/opt/***/data/minio/1769692565.json', '/opt/***/data/minio/1769692577.json', '/opt/***/data/minio/1769692591.json', '/opt/***/data/minio/1769692616.json', '/opt/***/data/minio/1769692628.json', '/opt/***/data/minio/1769692641.json', '/opt/***/data/minio/1769692654.json', '/opt/***/data/minio/1769692669.json', '/opt/***/data/minio/1769692681.json', '/opt/***/data/minio/1769692693.json', '/opt/***/data/minio/1769692711.json', '/opt/***/data/minio/1769692725.json', '/opt/***/data/minio/1769692740.json', '/opt/***/data/minio/1769692753.json', '/opt/***/data/minio/1769692769.json', '/opt/***/data/minio/1769692785.json', '/opt/***/data/minio/1769692804.json', '/opt/***/data/minio/1769692819.json', '/opt/***/data/minio/1769692832.json', '/opt/***/data/minio/1769692847.json', '/opt/***/data/minio/1769692866.json', '/opt/***/data/minio/1769692880.json', '/opt/***/data/minio/1769692902.json', '/opt/***/data/minio/1769692914.json', '/opt/***/data/minio/1769692929.json', '/opt/***/data/minio/1769692946.json', '/opt/***/data/minio/1769692961.json', '/opt/***/data/minio/1769692973.json', '/opt/***/data/minio/1769692984.json', '/opt/***/data/minio/1769692995.json', '/opt/***/data/minio/1769693008.json', '/opt/***/data/minio/1769693021.json', '/opt/***/data/minio/1769693033.json', '/opt/***/data/minio/1769693047.json', '/opt/***/data/minio/1769693059.json', '/opt/***/data/minio/1769693072.json', '/opt/***/data/minio/1769693083.json', '/opt/***/data/minio/1769693095.json', '/opt/***/data/minio/1769693110.json', '/opt/***/data/minio/1769693125.json', '/opt/***/data/minio/1769693136.json', '/opt/***/data/minio/1769693148.json', '/opt/***/data/minio/1769693160.json', '/opt/***/data/minio/1769693173.json', '/opt/***/data/minio/1769693184.json', '/opt/***/data/minio/1769693195.json', '/opt/***/data/minio/1769693206.json', '/opt/***/data/minio/1769693219.json', '/opt/***/data/minio/1769693230.json', '/opt/***/data/minio/1769693242.json', '/opt/***/data/minio/1769693255.json', '/opt/***/data/minio/1769693266.json', '/opt/***/data/minio/1769693279.json', '/opt/***/data/minio/1769693290.json', '/opt/***/data/minio/1769693302.json', '/opt/***/data/minio/1769693314.json', '/opt/***/data/minio/1769693326.json', '/opt/***/data/minio/1769693340.json', '/opt/***/data/minio/1769693352.json', '/opt/***/data/minio/1769693363.json', '/opt/***/data/minio/1769693374.json', '/opt/***/data/minio/1769693385.json', '/opt/***/data/minio/1769693399.json', '/opt/***/data/minio/1769693411.json', '/opt/***/data/minio/1769693425.json', '/opt/***/data/minio/1769693437.json', '/opt/***/data/minio/1769693449.json', '/opt/***/data/minio/1769693460.json', '/opt/***/data/minio/1769693473.json', '/opt/***/data/minio/1769693484.json', '/opt/***/data/minio/1769693496.json', '/opt/***/data/minio/1769693508.json', '/opt/***/data/minio/1769693522.json', '/opt/***/data/minio/1769693536.json', '/opt/***/data/minio/1769693549.json', '/opt/***/data/minio/1769693564.json', '/opt/***/data/minio/1769693577.json', '/opt/***/data/minio/1769693590.json', '/opt/***/data/minio/1769693604.json', '/opt/***/data/minio/1769693616.json', '/opt/***/data/minio/1769692357.json', '/opt/***/data/minio/1769692370.json', '/opt/***/data/minio/1769692383.json', '/opt/***/data/minio/1769692395.json', '/opt/***/data/minio/1769692407.json', '/opt/***/data/minio/1769692422.json', '/opt/***/data/minio/1769692436.json', '/opt/***/data/minio/1769692448.json', '/opt/***/data/minio/1769692461.json', '/opt/***/data/minio/1769692473.json', '/opt/***/data/minio/1769692485.json', '/opt/***/data/minio/1769692499.json', '/opt/***/data/minio/1769692513.json', '/opt/***/data/minio/1769692524.json', '/opt/***/data/minio/1769692538.json', '/opt/***/data/minio/1769692551.json', '/opt/***/data/minio/1769692564.json', '/opt/***/data/minio/1769692576.json', '/opt/***/data/minio/1769692589.json', '/opt/***/data/minio/1769692615.json', '/opt/***/data/minio/1769692627.json', '/opt/***/data/minio/1769692640.json', '/opt/***/data/minio/1769692652.json', '/opt/***/data/minio/1769692668.json', '/opt/***/data/minio/1769692680.json', '/opt/***/data/minio/1769692692.json', '/opt/***/data/minio/1769692710.json', '/opt/***/data/minio/1769692723.json', '/opt/***/data/minio/1769692739.json', '/opt/***/data/minio/1769692752.json', '/opt/***/data/minio/1769692765.json', '/opt/***/data/minio/1769692784.json', '/opt/***/data/minio/1769692803.json', '/opt/***/data/minio/1769692817.json', '/opt/***/data/minio/1769692831.json', '/opt/***/data/minio/1769692846.json', '/opt/***/data/minio/1769692864.json', '/opt/***/data/minio/1769692878.json', '/opt/***/data/minio/1769692913.json', '/opt/***/data/minio/1769692928.json', '/opt/***/data/minio/1769692944.json', '/opt/***/data/minio/1769692960.json', '/opt/***/data/minio/1769692972.json', '/opt/***/data/minio/1769692983.json', '/opt/***/data/minio/1769692994.json', '/opt/***/data/minio/1769693007.json', '/opt/***/data/minio/1769693020.json', '/opt/***/data/minio/1769693032.json', '/opt/***/data/minio/1769693044.json', '/opt/***/data/minio/1769693058.json', '/opt/***/data/minio/1769693071.json', '/opt/***/data/minio/1769693082.json', '/opt/***/data/minio/1769693094.json', '/opt/***/data/minio/1769693109.json', '/opt/***/data/minio/1769693124.json', '/opt/***/data/minio/1769693135.json', '/opt/***/data/minio/1769693147.json', '/opt/***/data/minio/1769693158.json', '/opt/***/data/minio/1769693172.json', '/opt/***/data/minio/1769693183.json', '/opt/***/data/minio/1769693194.json', '/opt/***/data/minio/1769693205.json', '/opt/***/data/minio/1769693218.json', '/opt/***/data/minio/1769693229.json', '/opt/***/data/minio/1769693241.json', '/opt/***/data/minio/1769693254.json', '/opt/***/data/minio/1769693265.json', '/opt/***/data/minio/1769693277.json', '/opt/***/data/minio/1769693289.json', '/opt/***/data/minio/1769693301.json', '/opt/***/data/minio/1769693313.json', '/opt/***/data/minio/1769693324.json', '/opt/***/data/minio/1769693339.json', '/opt/***/data/minio/1769693351.json', '/opt/***/data/minio/1769693362.json', '/opt/***/data/minio/1769693373.json', '/opt/***/data/minio/1769693384.json', '/opt/***/data/minio/1769693398.json', '/opt/***/data/minio/1769693410.json', '/opt/***/data/minio/1769693422.json', '/opt/***/data/minio/1769693436.json', '/opt/***/data/minio/1769693447.json', '/opt/***/data/minio/1769693459.json', '/opt/***/data/minio/1769693471.json', '/opt/***/data/minio/1769693483.json', '/opt/***/data/minio/1769693495.json', '/opt/***/data/minio/1769693507.json', '/opt/***/data/minio/1769693520.json', '/opt/***/data/minio/1769693533.json', '/opt/***/data/minio/1769693547.json', '/opt/***/data/minio/1769693562.json', '/opt/***/data/minio/1769693576.json', '/opt/***/data/minio/1769693587.json', '/opt/***/data/minio/1769693603.json', '/opt/***/data/minio/1769693615.json', '/opt/***/data/minio/1769692355.json', '/opt/***/data/minio/1769692368.json', '/opt/***/data/minio/1769692381.json', '/opt/***/data/minio/1769692393.json', '/opt/***/data/minio/1769692405.json', '/opt/***/data/minio/1769692417.json', '/opt/***/data/minio/1769692433.json', '/opt/***/data/minio/1769692446.json', '/opt/***/data/minio/1769692458.json', '/opt/***/data/minio/1769692471.json', '/opt/***/data/minio/1769692483.json', '/opt/***/data/minio/1769692497.json', '/opt/***/data/minio/1769692511.json', '/opt/***/data/minio/1769692522.json', '/opt/***/data/minio/1769692536.json', '/opt/***/data/minio/1769692549.json', '/opt/***/data/minio/1769692561.json', '/opt/***/data/minio/1769692574.json', '/opt/***/data/minio/1769692586.json', '/opt/***/data/minio/1769692605.json', '/opt/***/data/minio/1769692624.json', '/opt/***/data/minio/1769692638.json', '/opt/***/data/minio/1769692649.json', '/opt/***/data/minio/1769692663.json', '/opt/***/data/minio/1769692678.json', '/opt/***/data/minio/1769692690.json', '/opt/***/data/minio/1769692701.json', '/opt/***/data/minio/1769692721.json', '/opt/***/data/minio/1769692736.json', '/opt/***/data/minio/1769692749.json', '/opt/***/data/minio/1769692762.json', '/opt/***/data/minio/1769692780.json', '/opt/***/data/minio/1769692798.json', '/opt/***/data/minio/1769692813.json', '/opt/***/data/minio/1769692828.json', '/opt/***/data/minio/1769692844.json', '/opt/***/data/minio/1769692860.json', '/opt/***/data/minio/1769692874.json', '/opt/***/data/minio/1769692889.json', '/opt/***/data/minio/1769692910.json', '/opt/***/data/minio/1769692926.json', '/opt/***/data/minio/1769692941.json', '/opt/***/data/minio/1769692954.json', '/opt/***/data/minio/1769692970.json', '/opt/***/data/minio/1769692981.json', '/opt/***/data/minio/1769692992.json', '/opt/***/data/minio/1769693004.json', '/opt/***/data/minio/1769693017.json', '/opt/***/data/minio/1769693030.json', '/opt/***/data/minio/1769693041.json', '/opt/***/data/minio/1769693055.json', '/opt/***/data/minio/1769693067.json', '/opt/***/data/minio/1769693080.json', '/opt/***/data/minio/1769693092.json', '/opt/***/data/minio/1769693107.json', '/opt/***/data/minio/1769693119.json', '/opt/***/data/minio/1769693133.json', '/opt/***/data/minio/1769693145.json', '/opt/***/data/minio/1769693156.json', '/opt/***/data/minio/1769693168.json', '/opt/***/data/minio/1769693181.json', '/opt/***/data/minio/1769693192.json', '/opt/***/data/minio/1769693203.json', '/opt/***/data/minio/1769693215.json', '/opt/***/data/minio/1769693227.json', '/opt/***/data/minio/1769693239.json', '/opt/***/data/minio/1769693250.json', '/opt/***/data/minio/1769693263.json', '/opt/***/data/minio/1769693275.json', '/opt/***/data/minio/1769693287.json', '/opt/***/data/minio/1769693299.json', '/opt/***/data/minio/1769693310.json', '/opt/***/data/minio/1769693322.json', '/opt/***/data/minio/1769693335.json', '/opt/***/data/minio/1769693349.json', '/opt/***/data/minio/1769693360.json', '/opt/***/data/minio/1769693371.json', '/opt/***/data/minio/1769693382.json', '/opt/***/data/minio/1769693394.json', '/opt/***/data/minio/1769693407.json', '/opt/***/data/minio/1769693420.json', '/opt/***/data/minio/1769693434.json', '/opt/***/data/minio/1769693445.json', '/opt/***/data/minio/1769693457.json', '/opt/***/data/minio/1769693469.json', '/opt/***/data/minio/1769693481.json', '/opt/***/data/minio/1769693492.json', '/opt/***/data/minio/1769693505.json', '/opt/***/data/minio/1769693517.json', '/opt/***/data/minio/1769693531.json', '/opt/***/data/minio/1769693544.json', '/opt/***/data/minio/1769693559.json', '/opt/***/data/minio/1769693574.json', '/opt/***/data/minio/1769693585.json', '/opt/***/data/minio/1769693600.json', '/opt/***/data/minio/1769693613.json', '/opt/***/data/minio/1769692356.json', '/opt/***/data/minio/1769692369.json', '/opt/***/data/minio/1769692382.json', '/opt/***/data/minio/1769692394.json', '/opt/***/data/minio/1769692406.json', '/opt/***/data/minio/1769692419.json', '/opt/***/data/minio/1769692434.json', '/opt/***/data/minio/1769692447.json', '/opt/***/data/minio/1769692460.json', '/opt/***/data/minio/1769692472.json', '/opt/***/data/minio/1769692484.json', '/opt/***/data/minio/1769692498.json', '/opt/***/data/minio/1769692512.json', '/opt/***/data/minio/1769692523.json', '/opt/***/data/minio/1769692537.json', '/opt/***/data/minio/1769692550.json', '/opt/***/data/minio/1769692563.json', '/opt/***/data/minio/1769692575.json', '/opt/***/data/minio/1769692588.json', '/opt/***/data/minio/1769692610.json', '/opt/***/data/minio/1769692626.json', '/opt/***/data/minio/1769692639.json', '/opt/***/data/minio/1769692651.json', '/opt/***/data/minio/1769692666.json', '/opt/***/data/minio/1769692679.json', '/opt/***/data/minio/1769692691.json', '/opt/***/data/minio/1769692708.json', '/opt/***/data/minio/1769692722.json', '/opt/***/data/minio/1769692737.json', '/opt/***/data/minio/1769692750.json', '/opt/***/data/minio/1769692763.json', '/opt/***/data/minio/1769692782.json', '/opt/***/data/minio/1769692802.json', '/opt/***/data/minio/1769692816.json', '/opt/***/data/minio/1769692830.json', '/opt/***/data/minio/1769692845.json', '/opt/***/data/minio/1769692861.json', '/opt/***/data/minio/1769692875.json', '/opt/***/data/minio/1769692890.json', '/opt/***/data/minio/1769692912.json', '/opt/***/data/minio/1769692927.json', '/opt/***/data/minio/1769692942.json', '/opt/***/data/minio/1769692956.json', '/opt/***/data/minio/1769692971.json', '/opt/***/data/minio/1769692982.json', '/opt/***/data/minio/1769692993.json', '/opt/***/data/minio/1769693006.json', '/opt/***/data/minio/1769693018.json', '/opt/***/data/minio/1769693031.json', '/opt/***/data/minio/1769693043.json', '/opt/***/data/minio/1769693056.json', '/opt/***/data/minio/1769693069.json', '/opt/***/data/minio/1769693081.json', '/opt/***/data/minio/1769693093.json', '/opt/***/data/minio/1769693108.json', '/opt/***/data/minio/1769693122.json', '/opt/***/data/minio/1769693134.json', '/opt/***/data/minio/1769693146.json', '/opt/***/data/minio/1769693157.json', '/opt/***/data/minio/1769693169.json', '/opt/***/data/minio/1769693181.json', '/opt/***/data/minio/1769693193.json', '/opt/***/data/minio/1769693204.json', '/opt/***/data/minio/1769693216.json', '/opt/***/data/minio/1769693228.json', '/opt/***/data/minio/1769693240.json', '/opt/***/data/minio/1769693253.json', '/opt/***/data/minio/1769693264.json', '/opt/***/data/minio/1769693276.json', '/opt/***/data/minio/1769693288.json', '/opt/***/data/minio/1769693300.json', '/opt/***/data/minio/1769693312.json', '/opt/***/data/minio/1769693323.json', '/opt/***/data/minio/1769693337.json', '/opt/***/data/minio/1769693350.json', '/opt/***/data/minio/1769693361.json', '/opt/***/data/minio/1769693372.json', '/opt/***/data/minio/1769693383.json', '/opt/***/data/minio/1769693396.json', '/opt/***/data/minio/1769693409.json', '/opt/***/data/minio/1769693421.json', '/opt/***/data/minio/1769693435.json', '/opt/***/data/minio/1769693446.json', '/opt/***/data/minio/1769693458.json', '/opt/***/data/minio/1769693470.json', '/opt/***/data/minio/1769693482.json', '/opt/***/data/minio/1769693493.json', '/opt/***/data/minio/1769693506.json', '/opt/***/data/minio/1769693518.json', '/opt/***/data/minio/1769693532.json', '/opt/***/data/minio/1769693545.json', '/opt/***/data/minio/1769693560.json', '/opt/***/data/minio/1769693575.json', '/opt/***/data/minio/1769693586.json', '/opt/***/data/minio/1769693602.json', '/opt/***/data/minio/1769693614.json']
[2026-02-02T08:16:36.342+0000] {taskinstance.py:441} INFO - ::group::Post task execution logs
[2026-02-02T08:16:36.385+0000] {taskinstance.py:1206} INFO - Marking task as SUCCESS. dag_id=minio_to_snowflake, task_id=download_minio, run_id=scheduled__2026-02-02T08:15:00+00:00, execution_date=20260202T081500, start_date=20260202T081611, end_date=20260202T081636
[2026-02-02T08:16:36.439+0000] {local_task_job_runner.py:243} INFO - Task exited with return code 0
[2026-02-02T08:16:36.475+0000] {taskinstance.py:3503} INFO - 1 downstream tasks scheduled from follow-on schedule check
[2026-02-02T08:16:36.480+0000] {local_task_job_runner.py:222} INFO - ::endgroup::
