[2026-01-29T14:09:10.228+0000] {local_task_job_runner.py:120} INFO - ::group::Pre task execution logs
[2026-01-29T14:09:10.366+0000] {taskinstance.py:2076} INFO - Dependencies all met for dep_context=non-requeueable deps ti=<TaskInstance: minio_to_snowflake.download_minio scheduled__2026-01-29T14:08:00+00:00 [queued]>
[2026-01-29T14:09:10.385+0000] {taskinstance.py:2076} INFO - Dependencies all met for dep_context=requeueable deps ti=<TaskInstance: minio_to_snowflake.download_minio scheduled__2026-01-29T14:08:00+00:00 [queued]>
[2026-01-29T14:09:10.387+0000] {taskinstance.py:2306} INFO - Starting attempt 1 of 2
[2026-01-29T14:09:10.430+0000] {taskinstance.py:2330} INFO - Executing <Task(PythonOperator): download_minio> on 2026-01-29 14:08:00+00:00
[2026-01-29T14:09:10.455+0000] {logging_mixin.py:188} WARNING - /home/***/.local/lib/python3.12/site-packages/***/task/task_runner/standard_task_runner.py:62 DeprecationWarning: This process (pid=37351) is multi-threaded, use of fork() may lead to deadlocks in the child.
[2026-01-29T14:09:10.458+0000] {standard_task_runner.py:64} INFO - Started process 38183 to run task
[2026-01-29T14:09:10.455+0000] {standard_task_runner.py:90} INFO - Running: ['***', 'tasks', 'run', 'minio_to_snowflake', 'download_minio', 'scheduled__2026-01-29T14:08:00+00:00', '--job-id', '296', '--raw', '--subdir', 'DAGS_FOLDER/minio_to_snowflake.py', '--cfg-path', '/tmp/tmpl5n4lq__']
[2026-01-29T14:09:10.462+0000] {standard_task_runner.py:91} INFO - Job 296: Subtask download_minio
[2026-01-29T14:09:10.704+0000] {task_command.py:426} INFO - Running <TaskInstance: minio_to_snowflake.download_minio scheduled__2026-01-29T14:08:00+00:00 [running]> on host 035a00487d49
[2026-01-29T14:09:11.361+0000] {taskinstance.py:2648} INFO - Exporting env vars: AIRFLOW_CTX_DAG_OWNER='***' AIRFLOW_CTX_DAG_ID='minio_to_snowflake' AIRFLOW_CTX_TASK_ID='download_minio' AIRFLOW_CTX_EXECUTION_DATE='2026-01-29T14:08:00+00:00' AIRFLOW_CTX_TRY_NUMBER='1' AIRFLOW_CTX_DAG_RUN_ID='scheduled__2026-01-29T14:08:00+00:00'
[2026-01-29T14:09:11.384+0000] {taskinstance.py:430} INFO - ::endgroup::
[2026-01-29T14:09:18.143+0000] {logging_mixin.py:188} INFO - Downloaded AAPL/1769692353.json
[2026-01-29T14:09:24.749+0000] {logging_mixin.py:188} INFO - Downloaded AAPL/1769692366.json
[2026-01-29T14:09:47.733+0000] {logging_mixin.py:188} INFO - Downloaded AAPL/1769692380.json
[2026-01-29T14:09:50.608+0000] {logging_mixin.py:188} INFO - Downloaded AAPL/1769692392.json
[2026-01-29T14:09:52.731+0000] {logging_mixin.py:188} INFO - Downloaded AAPL/1769692403.json
[2026-01-29T14:09:54.794+0000] {logging_mixin.py:188} INFO - Downloaded AAPL/1769692416.json
[2026-01-29T14:09:56.282+0000] {logging_mixin.py:188} INFO - Downloaded AAPL/1769692432.json
[2026-01-29T14:09:58.279+0000] {logging_mixin.py:188} INFO - Downloaded AAPL/1769692444.json
[2026-01-29T14:10:01.164+0000] {logging_mixin.py:188} INFO - Downloaded AAPL/1769692457.json
[2026-01-29T14:10:01.264+0000] {job.py:218} ERROR - Job heartbeat got an exception
Traceback (most recent call last):
  File "/home/airflow/.local/lib/python3.12/site-packages/sqlalchemy/engine/base.py", line 3371, in _wrap_pool_connect
    return fn()
           ^^^^
  File "/home/airflow/.local/lib/python3.12/site-packages/sqlalchemy/pool/base.py", line 327, in connect
    return _ConnectionFairy._checkout(self)
           ^^^^^^^^^^^^^^^^^^^^^^^^^^^^^^^^
  File "/home/airflow/.local/lib/python3.12/site-packages/sqlalchemy/pool/base.py", line 894, in _checkout
    fairy = _ConnectionRecord.checkout(pool)
            ^^^^^^^^^^^^^^^^^^^^^^^^^^^^^^^^
  File "/home/airflow/.local/lib/python3.12/site-packages/sqlalchemy/pool/base.py", line 493, in checkout
    rec = pool._do_get()
          ^^^^^^^^^^^^^^
  File "/home/airflow/.local/lib/python3.12/site-packages/sqlalchemy/pool/impl.py", line 256, in _do_get
    return self._create_connection()
           ^^^^^^^^^^^^^^^^^^^^^^^^^
  File "/home/airflow/.local/lib/python3.12/site-packages/sqlalchemy/pool/base.py", line 273, in _create_connection
    return _ConnectionRecord(self)
           ^^^^^^^^^^^^^^^^^^^^^^^
  File "/home/airflow/.local/lib/python3.12/site-packages/sqlalchemy/pool/base.py", line 388, in __init__
    self.__connect()
  File "/home/airflow/.local/lib/python3.12/site-packages/sqlalchemy/pool/base.py", line 690, in __connect
    with util.safe_reraise():
  File "/home/airflow/.local/lib/python3.12/site-packages/sqlalchemy/util/langhelpers.py", line 70, in __exit__
    compat.raise_(
  File "/home/airflow/.local/lib/python3.12/site-packages/sqlalchemy/util/compat.py", line 211, in raise_
    raise exception
  File "/home/airflow/.local/lib/python3.12/site-packages/sqlalchemy/pool/base.py", line 686, in __connect
    self.dbapi_connection = connection = pool._invoke_creator(self)
                                         ^^^^^^^^^^^^^^^^^^^^^^^^^^
  File "/home/airflow/.local/lib/python3.12/site-packages/sqlalchemy/engine/create.py", line 574, in connect
    return dialect.connect(*cargs, **cparams)
           ^^^^^^^^^^^^^^^^^^^^^^^^^^^^^^^^^^
  File "/home/airflow/.local/lib/python3.12/site-packages/sqlalchemy/engine/default.py", line 598, in connect
    return self.dbapi.connect(*cargs, **cparams)
           ^^^^^^^^^^^^^^^^^^^^^^^^^^^^^^^^^^^^^
  File "/home/airflow/.local/lib/python3.12/site-packages/psycopg2/__init__.py", line 122, in connect
    conn = _connect(dsn, connection_factory=connection_factory, **kwasync)
           ^^^^^^^^^^^^^^^^^^^^^^^^^^^^^^^^^^^^^^^^^^^^^^^^^^^^^^^^^^^^^^^
psycopg2.OperationalError: could not translate host name "postgres" to address: Temporary failure in name resolution


The above exception was the direct cause of the following exception:

Traceback (most recent call last):
  File "/home/airflow/.local/lib/python3.12/site-packages/airflow/jobs/job.py", line 213, in heartbeat
    heartbeat_callback(session)
  File "/home/airflow/.local/lib/python3.12/site-packages/airflow/utils/session.py", line 76, in wrapper
    return func(*args, **kwargs)
           ^^^^^^^^^^^^^^^^^^^^^
  File "/home/airflow/.local/lib/python3.12/site-packages/airflow/jobs/local_task_job_runner.py", line 261, in heartbeat_callback
    self.task_instance.refresh_from_db()
  File "/home/airflow/.local/lib/python3.12/site-packages/airflow/utils/session.py", line 79, in wrapper
    return func(*args, session=session, **kwargs)
           ^^^^^^^^^^^^^^^^^^^^^^^^^^^^^^^^^^^^^^
  File "/home/airflow/.local/lib/python3.12/site-packages/airflow/models/taskinstance.py", line 1821, in refresh_from_db
    _refresh_from_db(task_instance=self, session=session, lock_for_update=lock_for_update)
  File "/home/airflow/.local/lib/python3.12/site-packages/airflow/models/taskinstance.py", line 510, in _refresh_from_db
    ti = TaskInstance.get_task_instance(
         ^^^^^^^^^^^^^^^^^^^^^^^^^^^^^^^
  File "/home/airflow/.local/lib/python3.12/site-packages/airflow/api_internal/internal_api_call.py", line 115, in wrapper
    return func(*args, **kwargs)
           ^^^^^^^^^^^^^^^^^^^^^
  File "/home/airflow/.local/lib/python3.12/site-packages/airflow/utils/session.py", line 76, in wrapper
    return func(*args, **kwargs)
           ^^^^^^^^^^^^^^^^^^^^^
  File "/home/airflow/.local/lib/python3.12/site-packages/airflow/models/taskinstance.py", line 1807, in get_task_instance
    return query.one_or_none()
           ^^^^^^^^^^^^^^^^^^^
  File "/home/airflow/.local/lib/python3.12/site-packages/sqlalchemy/orm/query.py", line 2850, in one_or_none
    return self._iter().one_or_none()
           ^^^^^^^^^^^^
  File "/home/airflow/.local/lib/python3.12/site-packages/sqlalchemy/orm/query.py", line 2916, in _iter
    result = self.session.execute(
             ^^^^^^^^^^^^^^^^^^^^^
  File "/home/airflow/.local/lib/python3.12/site-packages/sqlalchemy/orm/session.py", line 1716, in execute
    conn = self._connection_for_bind(bind)
           ^^^^^^^^^^^^^^^^^^^^^^^^^^^^^^^
  File "/home/airflow/.local/lib/python3.12/site-packages/sqlalchemy/orm/session.py", line 1555, in _connection_for_bind
    return self._transaction._connection_for_bind(
           ^^^^^^^^^^^^^^^^^^^^^^^^^^^^^^^^^^^^^^^
  File "/home/airflow/.local/lib/python3.12/site-packages/sqlalchemy/orm/session.py", line 750, in _connection_for_bind
    conn = bind.connect()
           ^^^^^^^^^^^^^^
  File "/home/airflow/.local/lib/python3.12/site-packages/sqlalchemy/future/engine.py", line 412, in connect
    return super(Engine, self).connect()
           ^^^^^^^^^^^^^^^^^^^^^^^^^^^^^
  File "/home/airflow/.local/lib/python3.12/site-packages/sqlalchemy/engine/base.py", line 3325, in connect
    return self._connection_cls(self, close_with_result=close_with_result)
           ^^^^^^^^^^^^^^^^^^^^^^^^^^^^^^^^^^^^^^^^^^^^^^^^^^^^^^^^^^^^^^^
  File "/home/airflow/.local/lib/python3.12/site-packages/sqlalchemy/engine/base.py", line 96, in __init__
    else engine.raw_connection()
         ^^^^^^^^^^^^^^^^^^^^^^^
  File "/home/airflow/.local/lib/python3.12/site-packages/sqlalchemy/engine/base.py", line 3404, in raw_connection
    return self._wrap_pool_connect(self.pool.connect, _connection)
           ^^^^^^^^^^^^^^^^^^^^^^^^^^^^^^^^^^^^^^^^^^^^^^^^^^^^^^^
  File "/home/airflow/.local/lib/python3.12/site-packages/sqlalchemy/engine/base.py", line 3374, in _wrap_pool_connect
    Connection._handle_dbapi_exception_noconnection(
  File "/home/airflow/.local/lib/python3.12/site-packages/sqlalchemy/engine/base.py", line 2208, in _handle_dbapi_exception_noconnection
    util.raise_(
  File "/home/airflow/.local/lib/python3.12/site-packages/sqlalchemy/util/compat.py", line 211, in raise_
    raise exception
  File "/home/airflow/.local/lib/python3.12/site-packages/sqlalchemy/engine/base.py", line 3371, in _wrap_pool_connect
    return fn()
           ^^^^
  File "/home/airflow/.local/lib/python3.12/site-packages/sqlalchemy/pool/base.py", line 327, in connect
    return _ConnectionFairy._checkout(self)
           ^^^^^^^^^^^^^^^^^^^^^^^^^^^^^^^^
  File "/home/airflow/.local/lib/python3.12/site-packages/sqlalchemy/pool/base.py", line 894, in _checkout
    fairy = _ConnectionRecord.checkout(pool)
            ^^^^^^^^^^^^^^^^^^^^^^^^^^^^^^^^
  File "/home/airflow/.local/lib/python3.12/site-packages/sqlalchemy/pool/base.py", line 493, in checkout
    rec = pool._do_get()
          ^^^^^^^^^^^^^^
  File "/home/airflow/.local/lib/python3.12/site-packages/sqlalchemy/pool/impl.py", line 256, in _do_get
    return self._create_connection()
           ^^^^^^^^^^^^^^^^^^^^^^^^^
  File "/home/airflow/.local/lib/python3.12/site-packages/sqlalchemy/pool/base.py", line 273, in _create_connection
    return _ConnectionRecord(self)
           ^^^^^^^^^^^^^^^^^^^^^^^
  File "/home/airflow/.local/lib/python3.12/site-packages/sqlalchemy/pool/base.py", line 388, in __init__
    self.__connect()
  File "/home/airflow/.local/lib/python3.12/site-packages/sqlalchemy/pool/base.py", line 690, in __connect
    with util.safe_reraise():
  File "/home/airflow/.local/lib/python3.12/site-packages/sqlalchemy/util/langhelpers.py", line 70, in __exit__
    compat.raise_(
  File "/home/airflow/.local/lib/python3.12/site-packages/sqlalchemy/util/compat.py", line 211, in raise_
    raise exception
  File "/home/airflow/.local/lib/python3.12/site-packages/sqlalchemy/pool/base.py", line 686, in __connect
    self.dbapi_connection = connection = pool._invoke_creator(self)
                                         ^^^^^^^^^^^^^^^^^^^^^^^^^^
  File "/home/airflow/.local/lib/python3.12/site-packages/sqlalchemy/engine/create.py", line 574, in connect
    return dialect.connect(*cargs, **cparams)
           ^^^^^^^^^^^^^^^^^^^^^^^^^^^^^^^^^^
  File "/home/airflow/.local/lib/python3.12/site-packages/sqlalchemy/engine/default.py", line 598, in connect
    return self.dbapi.connect(*cargs, **cparams)
           ^^^^^^^^^^^^^^^^^^^^^^^^^^^^^^^^^^^^^
  File "/home/airflow/.local/lib/python3.12/site-packages/psycopg2/__init__.py", line 122, in connect
    conn = _connect(dsn, connection_factory=connection_factory, **kwasync)
           ^^^^^^^^^^^^^^^^^^^^^^^^^^^^^^^^^^^^^^^^^^^^^^^^^^^^^^^^^^^^^^^
sqlalchemy.exc.OperationalError: (psycopg2.OperationalError) could not translate host name "postgres" to address: Temporary failure in name resolution

(Background on this error at: https://sqlalche.me/e/14/e3q8)
[2026-01-29T14:10:01.525+0000] {job.py:221} ERROR - Job heartbeat failed with error. Scheduler may go into unhealthy state
[2026-01-29T14:10:08.637+0000] {logging_mixin.py:188} INFO - Downloaded AAPL/1769692469.json
[2026-01-29T14:11:03.949+0000] {logging_mixin.py:188} INFO - Downloaded AAPL/1769692482.json
[2026-01-29T14:11:04.024+0000] {logging_mixin.py:188} INFO - Downloaded AAPL/1769692495.json
[2026-01-29T14:11:04.095+0000] {logging_mixin.py:188} INFO - Downloaded AAPL/1769692508.json
[2026-01-29T14:11:04.147+0000] {logging_mixin.py:188} INFO - Downloaded AAPL/1769692521.json
[2026-01-29T14:11:04.199+0000] {logging_mixin.py:188} INFO - Downloaded AAPL/1769692535.json
[2026-01-29T14:11:04.240+0000] {logging_mixin.py:188} INFO - Downloaded AAPL/1769692548.json
[2026-01-29T14:11:04.276+0000] {logging_mixin.py:188} INFO - Downloaded AAPL/1769692560.json
[2026-01-29T14:11:04.308+0000] {logging_mixin.py:188} INFO - Downloaded AAPL/1769692573.json
[2026-01-29T14:11:04.341+0000] {logging_mixin.py:188} INFO - Downloaded AAPL/1769692584.json
[2026-01-29T14:11:04.373+0000] {logging_mixin.py:188} INFO - Downloaded AAPL/1769692602.json
[2026-01-29T14:11:04.406+0000] {logging_mixin.py:188} INFO - Downloaded AAPL/1769692623.json
[2026-01-29T14:11:04.455+0000] {logging_mixin.py:188} INFO - Downloaded AAPL/1769692636.json
[2026-01-29T14:11:04.495+0000] {logging_mixin.py:188} INFO - Downloaded AAPL/1769692648.json
[2026-01-29T14:11:04.547+0000] {logging_mixin.py:188} INFO - Downloaded AAPL/1769692661.json
[2026-01-29T14:11:04.601+0000] {logging_mixin.py:188} INFO - Downloaded AAPL/1769692676.json
[2026-01-29T14:11:04.633+0000] {logging_mixin.py:188} INFO - Downloaded AAPL/1769692688.json
[2026-01-29T14:11:04.690+0000] {logging_mixin.py:188} INFO - Downloaded AAPL/1769692700.json
[2026-01-29T14:11:04.751+0000] {logging_mixin.py:188} INFO - Downloaded AAPL/1769692719.json
[2026-01-29T14:11:04.803+0000] {logging_mixin.py:188} INFO - Downloaded AAPL/1769692733.json
[2026-01-29T14:11:04.847+0000] {logging_mixin.py:188} INFO - Downloaded AAPL/1769692747.json
[2026-01-29T14:11:04.887+0000] {logging_mixin.py:188} INFO - Downloaded AAPL/1769692760.json
[2026-01-29T14:11:04.924+0000] {logging_mixin.py:188} INFO - Downloaded AAPL/1769692778.json
[2026-01-29T14:11:04.958+0000] {logging_mixin.py:188} INFO - Downloaded AAPL/1769692793.json
[2026-01-29T14:11:04.984+0000] {logging_mixin.py:188} INFO - Downloaded AAPL/1769692812.json
[2026-01-29T14:11:05.008+0000] {logging_mixin.py:188} INFO - Downloaded AAPL/1769692827.json
[2026-01-29T14:11:05.036+0000] {logging_mixin.py:188} INFO - Downloaded AAPL/1769692839.json
[2026-01-29T14:11:05.064+0000] {logging_mixin.py:188} INFO - Downloaded AAPL/1769692856.json
[2026-01-29T14:11:05.100+0000] {logging_mixin.py:188} INFO - Downloaded AAPL/1769692873.json
[2026-01-29T14:11:05.162+0000] {logging_mixin.py:188} INFO - Downloaded AAPL/1769692887.json
[2026-01-29T14:11:05.218+0000] {logging_mixin.py:188} INFO - Downloaded AAPL/1769692909.json
[2026-01-29T14:11:05.289+0000] {logging_mixin.py:188} INFO - Downloaded AAPL/1769692921.json
[2026-01-29T14:11:05.337+0000] {logging_mixin.py:188} INFO - Downloaded AAPL/1769692940.json
[2026-01-29T14:11:05.373+0000] {logging_mixin.py:188} INFO - Downloaded AAPL/1769692953.json
[2026-01-29T14:11:05.391+0000] {logging_mixin.py:188} INFO - Downloaded AAPL/1769692969.json
[2026-01-29T14:11:05.424+0000] {logging_mixin.py:188} INFO - Downloaded AAPL/1769692980.json
[2026-01-29T14:11:05.456+0000] {logging_mixin.py:188} INFO - Downloaded AAPL/1769692991.json
[2026-01-29T14:11:05.482+0000] {logging_mixin.py:188} INFO - Downloaded AAPL/1769693003.json
[2026-01-29T14:11:05.507+0000] {logging_mixin.py:188} INFO - Downloaded AAPL/1769693016.json
[2026-01-29T14:11:05.541+0000] {logging_mixin.py:188} INFO - Downloaded AAPL/1769693028.json
[2026-01-29T14:11:05.589+0000] {logging_mixin.py:188} INFO - Downloaded AAPL/1769693040.json
[2026-01-29T14:11:05.651+0000] {logging_mixin.py:188} INFO - Downloaded AAPL/1769693054.json
[2026-01-29T14:11:05.680+0000] {logging_mixin.py:188} INFO - Downloaded AAPL/1769693066.json
[2026-01-29T14:11:05.719+0000] {logging_mixin.py:188} INFO - Downloaded AAPL/1769693079.json
[2026-01-29T14:11:05.752+0000] {logging_mixin.py:188} INFO - Downloaded AAPL/1769693090.json
[2026-01-29T14:11:05.791+0000] {logging_mixin.py:188} INFO - Downloaded AAPL/1769693105.json
[2026-01-29T14:11:05.843+0000] {logging_mixin.py:188} INFO - Downloaded AAPL/1769693118.json
[2026-01-29T14:11:05.875+0000] {logging_mixin.py:188} INFO - Downloaded AAPL/1769693132.json
[2026-01-29T14:11:05.902+0000] {logging_mixin.py:188} INFO - Downloaded AAPL/1769693144.json
[2026-01-29T14:11:05.929+0000] {logging_mixin.py:188} INFO - Downloaded AAPL/1769693155.json
[2026-01-29T14:11:05.953+0000] {logging_mixin.py:188} INFO - Downloaded AAPL/1769693167.json
[2026-01-29T14:11:05.983+0000] {logging_mixin.py:188} INFO - Downloaded AAPL/1769693180.json
[2026-01-29T14:11:06.014+0000] {logging_mixin.py:188} INFO - Downloaded AAPL/1769693191.json
[2026-01-29T14:11:06.053+0000] {logging_mixin.py:188} INFO - Downloaded AAPL/1769693202.json
[2026-01-29T14:11:06.083+0000] {logging_mixin.py:188} INFO - Downloaded AAPL/1769693213.json
[2026-01-29T14:11:06.113+0000] {logging_mixin.py:188} INFO - Downloaded AAPL/1769693226.json
[2026-01-29T14:11:06.144+0000] {logging_mixin.py:188} INFO - Downloaded AAPL/1769693238.json
[2026-01-29T14:11:06.181+0000] {logging_mixin.py:188} INFO - Downloaded AAPL/1769693249.json
[2026-01-29T14:11:06.206+0000] {logging_mixin.py:188} INFO - Downloaded AAPL/1769693262.json
[2026-01-29T14:11:06.226+0000] {logging_mixin.py:188} INFO - Downloaded AAPL/1769693273.json
[2026-01-29T14:11:06.247+0000] {logging_mixin.py:188} INFO - Downloaded AAPL/1769693286.json
[2026-01-29T14:11:06.270+0000] {logging_mixin.py:188} INFO - Downloaded AAPL/1769693298.json
[2026-01-29T14:11:06.289+0000] {logging_mixin.py:188} INFO - Downloaded AAPL/1769693309.json
[2026-01-29T14:11:06.312+0000] {logging_mixin.py:188} INFO - Downloaded AAPL/1769693321.json
[2026-01-29T14:11:06.331+0000] {logging_mixin.py:188} INFO - Downloaded AAPL/1769693334.json
[2026-01-29T14:11:06.354+0000] {logging_mixin.py:188} INFO - Downloaded AAPL/1769693348.json
[2026-01-29T14:11:06.389+0000] {logging_mixin.py:188} INFO - Downloaded AAPL/1769693359.json
[2026-01-29T14:11:06.426+0000] {logging_mixin.py:188} INFO - Downloaded AAPL/1769693370.json
[2026-01-29T14:11:06.461+0000] {logging_mixin.py:188} INFO - Downloaded AAPL/1769693381.json
[2026-01-29T14:11:06.491+0000] {logging_mixin.py:188} INFO - Downloaded AAPL/1769693392.json
[2026-01-29T14:11:06.527+0000] {logging_mixin.py:188} INFO - Downloaded AAPL/1769693406.json
[2026-01-29T14:11:06.550+0000] {logging_mixin.py:188} INFO - Downloaded AAPL/1769693419.json
[2026-01-29T14:11:06.573+0000] {logging_mixin.py:188} INFO - Downloaded AAPL/1769693432.json
[2026-01-29T14:11:06.593+0000] {logging_mixin.py:188} INFO - Downloaded AAPL/1769693444.json
[2026-01-29T14:11:06.613+0000] {logging_mixin.py:188} INFO - Downloaded AAPL/1769693456.json
[2026-01-29T14:11:06.639+0000] {logging_mixin.py:188} INFO - Downloaded AAPL/1769693467.json
[2026-01-29T14:11:06.666+0000] {logging_mixin.py:188} INFO - Downloaded AAPL/1769693480.json
[2026-01-29T14:11:06.695+0000] {logging_mixin.py:188} INFO - Downloaded AAPL/1769693491.json
[2026-01-29T14:11:06.727+0000] {logging_mixin.py:188} INFO - Downloaded AAPL/1769693504.json
[2026-01-29T14:11:06.755+0000] {logging_mixin.py:188} INFO - Downloaded AAPL/1769693516.json
[2026-01-29T14:11:06.782+0000] {logging_mixin.py:188} INFO - Downloaded AAPL/1769693530.json
[2026-01-29T14:11:06.806+0000] {logging_mixin.py:188} INFO - Downloaded AAPL/1769693543.json
[2026-01-29T14:11:06.826+0000] {logging_mixin.py:188} INFO - Downloaded AAPL/1769693558.json
[2026-01-29T14:11:06.845+0000] {logging_mixin.py:188} INFO - Downloaded AAPL/1769693571.json
[2026-01-29T14:11:06.869+0000] {logging_mixin.py:188} INFO - Downloaded AAPL/1769693584.json
[2026-01-29T14:11:06.887+0000] {logging_mixin.py:188} INFO - Downloaded AAPL/1769693597.json
[2026-01-29T14:11:06.907+0000] {logging_mixin.py:188} INFO - Downloaded AAPL/1769693612.json
[2026-01-29T14:11:06.927+0000] {logging_mixin.py:188} INFO - Downloaded AAPL/1769693629.json
[2026-01-29T14:11:06.948+0000] {logging_mixin.py:188} INFO - Downloaded AMZN/1769692359.json
[2026-01-29T14:11:06.971+0000] {logging_mixin.py:188} INFO - Downloaded AMZN/1769692372.json
[2026-01-29T14:11:06.993+0000] {logging_mixin.py:188} INFO - Downloaded AMZN/1769692385.json
[2026-01-29T14:11:07.015+0000] {logging_mixin.py:188} INFO - Downloaded AMZN/1769692396.json
[2026-01-29T14:11:07.037+0000] {logging_mixin.py:188} INFO - Downloaded AMZN/1769692409.json
[2026-01-29T14:11:07.064+0000] {logging_mixin.py:188} INFO - Downloaded AMZN/1769692424.json
[2026-01-29T14:11:07.085+0000] {logging_mixin.py:188} INFO - Downloaded AMZN/1769692437.json
[2026-01-29T14:11:07.106+0000] {logging_mixin.py:188} INFO - Downloaded AMZN/1769692450.json
[2026-01-29T14:11:07.125+0000] {logging_mixin.py:188} INFO - Downloaded AMZN/1769692462.json
[2026-01-29T14:11:07.146+0000] {logging_mixin.py:188} INFO - Downloaded AMZN/1769692475.json
[2026-01-29T14:11:07.168+0000] {logging_mixin.py:188} INFO - Downloaded AMZN/1769692486.json
[2026-01-29T14:11:07.189+0000] {logging_mixin.py:188} INFO - Downloaded AMZN/1769692501.json
[2026-01-29T14:11:07.214+0000] {logging_mixin.py:188} INFO - Downloaded AMZN/1769692513.json
[2026-01-29T14:11:07.236+0000] {logging_mixin.py:188} INFO - Downloaded AMZN/1769692528.json
[2026-01-29T14:11:07.258+0000] {logging_mixin.py:188} INFO - Downloaded AMZN/1769692540.json
[2026-01-29T14:11:07.278+0000] {logging_mixin.py:188} INFO - Downloaded AMZN/1769692553.json
[2026-01-29T14:11:07.298+0000] {logging_mixin.py:188} INFO - Downloaded AMZN/1769692565.json
[2026-01-29T14:11:07.320+0000] {logging_mixin.py:188} INFO - Downloaded AMZN/1769692577.json
[2026-01-29T14:11:07.347+0000] {logging_mixin.py:188} INFO - Downloaded AMZN/1769692591.json
[2026-01-29T14:11:07.368+0000] {logging_mixin.py:188} INFO - Downloaded AMZN/1769692616.json
[2026-01-29T14:11:07.391+0000] {logging_mixin.py:188} INFO - Downloaded AMZN/1769692628.json
[2026-01-29T14:11:07.412+0000] {logging_mixin.py:188} INFO - Downloaded AMZN/1769692641.json
[2026-01-29T14:11:07.434+0000] {logging_mixin.py:188} INFO - Downloaded AMZN/1769692654.json
[2026-01-29T14:11:07.456+0000] {logging_mixin.py:188} INFO - Downloaded AMZN/1769692669.json
[2026-01-29T14:11:07.477+0000] {logging_mixin.py:188} INFO - Downloaded AMZN/1769692681.json
[2026-01-29T14:11:07.499+0000] {logging_mixin.py:188} INFO - Downloaded AMZN/1769692693.json
[2026-01-29T14:11:07.520+0000] {logging_mixin.py:188} INFO - Downloaded AMZN/1769692711.json
[2026-01-29T14:11:07.548+0000] {logging_mixin.py:188} INFO - Downloaded AMZN/1769692725.json
[2026-01-29T14:11:07.574+0000] {logging_mixin.py:188} INFO - Downloaded AMZN/1769692740.json
[2026-01-29T14:11:07.601+0000] {logging_mixin.py:188} INFO - Downloaded AMZN/1769692753.json
[2026-01-29T14:11:07.630+0000] {logging_mixin.py:188} INFO - Downloaded AMZN/1769692769.json
[2026-01-29T14:11:07.660+0000] {logging_mixin.py:188} INFO - Downloaded AMZN/1769692785.json
[2026-01-29T14:11:07.702+0000] {logging_mixin.py:188} INFO - Downloaded AMZN/1769692804.json
[2026-01-29T14:11:07.735+0000] {logging_mixin.py:188} INFO - Downloaded AMZN/1769692819.json
[2026-01-29T14:11:07.761+0000] {logging_mixin.py:188} INFO - Downloaded AMZN/1769692832.json
[2026-01-29T14:11:07.792+0000] {logging_mixin.py:188} INFO - Downloaded AMZN/1769692847.json
[2026-01-29T14:11:07.826+0000] {logging_mixin.py:188} INFO - Downloaded AMZN/1769692866.json
[2026-01-29T14:11:07.867+0000] {logging_mixin.py:188} INFO - Downloaded AMZN/1769692880.json
[2026-01-29T14:11:07.904+0000] {logging_mixin.py:188} INFO - Downloaded AMZN/1769692902.json
[2026-01-29T14:11:07.939+0000] {logging_mixin.py:188} INFO - Downloaded AMZN/1769692914.json
[2026-01-29T14:11:07.971+0000] {logging_mixin.py:188} INFO - Downloaded AMZN/1769692929.json
[2026-01-29T14:11:08.004+0000] {logging_mixin.py:188} INFO - Downloaded AMZN/1769692946.json
[2026-01-29T14:11:08.043+0000] {logging_mixin.py:188} INFO - Downloaded AMZN/1769692961.json
[2026-01-29T14:11:08.072+0000] {logging_mixin.py:188} INFO - Downloaded AMZN/1769692973.json
[2026-01-29T14:11:08.100+0000] {logging_mixin.py:188} INFO - Downloaded AMZN/1769692984.json
[2026-01-29T14:11:08.127+0000] {logging_mixin.py:188} INFO - Downloaded AMZN/1769692995.json
[2026-01-29T14:11:08.154+0000] {logging_mixin.py:188} INFO - Downloaded AMZN/1769693008.json
[2026-01-29T14:11:08.179+0000] {logging_mixin.py:188} INFO - Downloaded AMZN/1769693021.json
[2026-01-29T14:11:08.200+0000] {logging_mixin.py:188} INFO - Downloaded AMZN/1769693033.json
[2026-01-29T14:11:08.222+0000] {logging_mixin.py:188} INFO - Downloaded AMZN/1769693047.json
[2026-01-29T14:11:08.245+0000] {logging_mixin.py:188} INFO - Downloaded AMZN/1769693059.json
[2026-01-29T14:11:08.265+0000] {logging_mixin.py:188} INFO - Downloaded AMZN/1769693072.json
[2026-01-29T14:11:08.285+0000] {logging_mixin.py:188} INFO - Downloaded AMZN/1769693083.json
[2026-01-29T14:11:08.313+0000] {logging_mixin.py:188} INFO - Downloaded AMZN/1769693095.json
[2026-01-29T14:11:08.334+0000] {logging_mixin.py:188} INFO - Downloaded AMZN/1769693110.json
[2026-01-29T14:11:08.355+0000] {logging_mixin.py:188} INFO - Downloaded AMZN/1769693125.json
[2026-01-29T14:11:08.376+0000] {logging_mixin.py:188} INFO - Downloaded AMZN/1769693136.json
[2026-01-29T14:11:08.397+0000] {logging_mixin.py:188} INFO - Downloaded AMZN/1769693148.json
[2026-01-29T14:11:08.418+0000] {logging_mixin.py:188} INFO - Downloaded AMZN/1769693160.json
[2026-01-29T14:11:08.438+0000] {logging_mixin.py:188} INFO - Downloaded AMZN/1769693173.json
[2026-01-29T14:11:08.460+0000] {logging_mixin.py:188} INFO - Downloaded AMZN/1769693184.json
[2026-01-29T14:11:08.486+0000] {logging_mixin.py:188} INFO - Downloaded AMZN/1769693195.json
[2026-01-29T14:11:08.510+0000] {logging_mixin.py:188} INFO - Downloaded AMZN/1769693206.json
[2026-01-29T14:11:08.532+0000] {logging_mixin.py:188} INFO - Downloaded AMZN/1769693219.json
[2026-01-29T14:11:08.554+0000] {logging_mixin.py:188} INFO - Downloaded AMZN/1769693230.json
[2026-01-29T14:11:08.575+0000] {logging_mixin.py:188} INFO - Downloaded AMZN/1769693242.json
[2026-01-29T14:11:08.596+0000] {logging_mixin.py:188} INFO - Downloaded AMZN/1769693255.json
[2026-01-29T14:11:08.616+0000] {logging_mixin.py:188} INFO - Downloaded AMZN/1769693266.json
[2026-01-29T14:11:08.636+0000] {logging_mixin.py:188} INFO - Downloaded AMZN/1769693279.json
[2026-01-29T14:11:08.657+0000] {logging_mixin.py:188} INFO - Downloaded AMZN/1769693290.json
[2026-01-29T14:11:08.677+0000] {logging_mixin.py:188} INFO - Downloaded AMZN/1769693302.json
[2026-01-29T14:11:08.696+0000] {logging_mixin.py:188} INFO - Downloaded AMZN/1769693314.json
[2026-01-29T14:11:08.717+0000] {logging_mixin.py:188} INFO - Downloaded AMZN/1769693326.json
[2026-01-29T14:11:08.738+0000] {logging_mixin.py:188} INFO - Downloaded AMZN/1769693340.json
[2026-01-29T14:11:08.761+0000] {logging_mixin.py:188} INFO - Downloaded AMZN/1769693352.json
[2026-01-29T14:11:08.792+0000] {logging_mixin.py:188} INFO - Downloaded AMZN/1769693363.json
[2026-01-29T14:11:08.817+0000] {logging_mixin.py:188} INFO - Downloaded AMZN/1769693374.json
[2026-01-29T14:11:08.845+0000] {logging_mixin.py:188} INFO - Downloaded AMZN/1769693385.json
[2026-01-29T14:11:08.875+0000] {logging_mixin.py:188} INFO - Downloaded AMZN/1769693399.json
[2026-01-29T14:11:08.900+0000] {logging_mixin.py:188} INFO - Downloaded AMZN/1769693411.json
[2026-01-29T14:11:08.930+0000] {logging_mixin.py:188} INFO - Downloaded AMZN/1769693425.json
[2026-01-29T14:11:08.951+0000] {logging_mixin.py:188} INFO - Downloaded AMZN/1769693437.json
[2026-01-29T14:11:08.977+0000] {logging_mixin.py:188} INFO - Downloaded AMZN/1769693449.json
[2026-01-29T14:11:09.001+0000] {logging_mixin.py:188} INFO - Downloaded AMZN/1769693460.json
[2026-01-29T14:11:09.022+0000] {logging_mixin.py:188} INFO - Downloaded AMZN/1769693473.json
[2026-01-29T14:11:09.045+0000] {logging_mixin.py:188} INFO - Downloaded AMZN/1769693484.json
[2026-01-29T14:11:09.081+0000] {logging_mixin.py:188} INFO - Downloaded AMZN/1769693496.json
[2026-01-29T14:11:09.104+0000] {logging_mixin.py:188} INFO - Downloaded AMZN/1769693508.json
[2026-01-29T14:11:09.126+0000] {logging_mixin.py:188} INFO - Downloaded AMZN/1769693522.json
[2026-01-29T14:11:09.147+0000] {logging_mixin.py:188} INFO - Downloaded AMZN/1769693536.json
[2026-01-29T14:11:09.168+0000] {logging_mixin.py:188} INFO - Downloaded AMZN/1769693549.json
[2026-01-29T14:11:09.189+0000] {logging_mixin.py:188} INFO - Downloaded AMZN/1769693564.json
[2026-01-29T14:11:09.209+0000] {logging_mixin.py:188} INFO - Downloaded AMZN/1769693577.json
[2026-01-29T14:11:09.230+0000] {logging_mixin.py:188} INFO - Downloaded AMZN/1769693590.json
[2026-01-29T14:11:09.254+0000] {logging_mixin.py:188} INFO - Downloaded AMZN/1769693604.json
[2026-01-29T14:11:09.277+0000] {logging_mixin.py:188} INFO - Downloaded AMZN/1769693616.json
[2026-01-29T14:11:09.301+0000] {logging_mixin.py:188} INFO - Downloaded GOOGL/1769692357.json
[2026-01-29T14:11:09.322+0000] {logging_mixin.py:188} INFO - Downloaded GOOGL/1769692370.json
[2026-01-29T14:11:09.346+0000] {logging_mixin.py:188} INFO - Downloaded GOOGL/1769692383.json
[2026-01-29T14:11:09.366+0000] {logging_mixin.py:188} INFO - Downloaded GOOGL/1769692395.json
[2026-01-29T14:11:09.389+0000] {logging_mixin.py:188} INFO - Downloaded GOOGL/1769692407.json
[2026-01-29T14:11:09.411+0000] {logging_mixin.py:188} INFO - Downloaded GOOGL/1769692422.json
[2026-01-29T14:11:09.439+0000] {logging_mixin.py:188} INFO - Downloaded GOOGL/1769692436.json
[2026-01-29T14:11:09.462+0000] {logging_mixin.py:188} INFO - Downloaded GOOGL/1769692448.json
[2026-01-29T14:11:09.482+0000] {logging_mixin.py:188} INFO - Downloaded GOOGL/1769692461.json
[2026-01-29T14:11:09.502+0000] {logging_mixin.py:188} INFO - Downloaded GOOGL/1769692473.json
[2026-01-29T14:11:09.525+0000] {logging_mixin.py:188} INFO - Downloaded GOOGL/1769692485.json
[2026-01-29T14:11:09.545+0000] {logging_mixin.py:188} INFO - Downloaded GOOGL/1769692499.json
[2026-01-29T14:11:09.567+0000] {logging_mixin.py:188} INFO - Downloaded GOOGL/1769692513.json
[2026-01-29T14:11:09.595+0000] {logging_mixin.py:188} INFO - Downloaded GOOGL/1769692524.json
[2026-01-29T14:11:09.633+0000] {logging_mixin.py:188} INFO - Downloaded GOOGL/1769692538.json
[2026-01-29T14:11:09.668+0000] {logging_mixin.py:188} INFO - Downloaded GOOGL/1769692551.json
[2026-01-29T14:11:09.695+0000] {logging_mixin.py:188} INFO - Downloaded GOOGL/1769692564.json
[2026-01-29T14:11:09.721+0000] {logging_mixin.py:188} INFO - Downloaded GOOGL/1769692576.json
[2026-01-29T14:11:09.740+0000] {logging_mixin.py:188} INFO - Downloaded GOOGL/1769692589.json
[2026-01-29T14:11:09.764+0000] {logging_mixin.py:188} INFO - Downloaded GOOGL/1769692615.json
[2026-01-29T14:11:09.785+0000] {logging_mixin.py:188} INFO - Downloaded GOOGL/1769692627.json
[2026-01-29T14:11:09.811+0000] {logging_mixin.py:188} INFO - Downloaded GOOGL/1769692640.json
[2026-01-29T14:11:09.835+0000] {logging_mixin.py:188} INFO - Downloaded GOOGL/1769692652.json
[2026-01-29T14:11:09.855+0000] {logging_mixin.py:188} INFO - Downloaded GOOGL/1769692668.json
[2026-01-29T14:11:09.878+0000] {logging_mixin.py:188} INFO - Downloaded GOOGL/1769692680.json
[2026-01-29T14:11:09.905+0000] {logging_mixin.py:188} INFO - Downloaded GOOGL/1769692692.json
[2026-01-29T14:11:09.928+0000] {logging_mixin.py:188} INFO - Downloaded GOOGL/1769692710.json
[2026-01-29T14:11:09.952+0000] {logging_mixin.py:188} INFO - Downloaded GOOGL/1769692723.json
[2026-01-29T14:11:09.977+0000] {logging_mixin.py:188} INFO - Downloaded GOOGL/1769692739.json
[2026-01-29T14:11:10.006+0000] {logging_mixin.py:188} INFO - Downloaded GOOGL/1769692752.json
[2026-01-29T14:11:10.030+0000] {logging_mixin.py:188} INFO - Downloaded GOOGL/1769692765.json
[2026-01-29T14:11:10.061+0000] {logging_mixin.py:188} INFO - Downloaded GOOGL/1769692784.json
[2026-01-29T14:11:10.087+0000] {logging_mixin.py:188} INFO - Downloaded GOOGL/1769692803.json
[2026-01-29T14:11:10.109+0000] {logging_mixin.py:188} INFO - Downloaded GOOGL/1769692817.json
[2026-01-29T14:11:10.130+0000] {logging_mixin.py:188} INFO - Downloaded GOOGL/1769692831.json
[2026-01-29T14:11:10.152+0000] {logging_mixin.py:188} INFO - Downloaded GOOGL/1769692846.json
[2026-01-29T14:11:10.171+0000] {logging_mixin.py:188} INFO - Downloaded GOOGL/1769692864.json
[2026-01-29T14:11:10.191+0000] {logging_mixin.py:188} INFO - Downloaded GOOGL/1769692878.json
[2026-01-29T14:11:10.220+0000] {logging_mixin.py:188} INFO - Downloaded GOOGL/1769692913.json
[2026-01-29T14:11:10.240+0000] {logging_mixin.py:188} INFO - Downloaded GOOGL/1769692928.json
[2026-01-29T14:11:10.262+0000] {logging_mixin.py:188} INFO - Downloaded GOOGL/1769692944.json
[2026-01-29T14:11:10.282+0000] {logging_mixin.py:188} INFO - Downloaded GOOGL/1769692960.json
[2026-01-29T14:11:10.305+0000] {logging_mixin.py:188} INFO - Downloaded GOOGL/1769692972.json
[2026-01-29T14:11:10.326+0000] {logging_mixin.py:188} INFO - Downloaded GOOGL/1769692983.json
[2026-01-29T14:11:10.347+0000] {logging_mixin.py:188} INFO - Downloaded GOOGL/1769692994.json
[2026-01-29T14:11:10.367+0000] {logging_mixin.py:188} INFO - Downloaded GOOGL/1769693007.json
[2026-01-29T14:11:10.392+0000] {logging_mixin.py:188} INFO - Downloaded GOOGL/1769693020.json
[2026-01-29T14:11:10.414+0000] {logging_mixin.py:188} INFO - Downloaded GOOGL/1769693032.json
[2026-01-29T14:11:10.434+0000] {logging_mixin.py:188} INFO - Downloaded GOOGL/1769693044.json
[2026-01-29T14:11:10.455+0000] {logging_mixin.py:188} INFO - Downloaded GOOGL/1769693058.json
[2026-01-29T14:11:10.479+0000] {logging_mixin.py:188} INFO - Downloaded GOOGL/1769693071.json
[2026-01-29T14:11:10.499+0000] {logging_mixin.py:188} INFO - Downloaded GOOGL/1769693082.json
[2026-01-29T14:11:10.522+0000] {logging_mixin.py:188} INFO - Downloaded GOOGL/1769693094.json
[2026-01-29T14:11:10.545+0000] {logging_mixin.py:188} INFO - Downloaded GOOGL/1769693109.json
[2026-01-29T14:11:10.565+0000] {logging_mixin.py:188} INFO - Downloaded GOOGL/1769693124.json
[2026-01-29T14:11:10.584+0000] {logging_mixin.py:188} INFO - Downloaded GOOGL/1769693135.json
[2026-01-29T14:11:10.605+0000] {logging_mixin.py:188} INFO - Downloaded GOOGL/1769693147.json
[2026-01-29T14:11:10.629+0000] {logging_mixin.py:188} INFO - Downloaded GOOGL/1769693158.json
[2026-01-29T14:11:10.651+0000] {logging_mixin.py:188} INFO - Downloaded GOOGL/1769693172.json
[2026-01-29T14:11:10.672+0000] {logging_mixin.py:188} INFO - Downloaded GOOGL/1769693183.json
[2026-01-29T14:11:10.698+0000] {logging_mixin.py:188} INFO - Downloaded GOOGL/1769693194.json
[2026-01-29T14:11:10.720+0000] {logging_mixin.py:188} INFO - Downloaded GOOGL/1769693205.json
[2026-01-29T14:11:10.742+0000] {logging_mixin.py:188} INFO - Downloaded GOOGL/1769693218.json
[2026-01-29T14:11:10.765+0000] {logging_mixin.py:188} INFO - Downloaded GOOGL/1769693229.json
[2026-01-29T14:11:10.788+0000] {logging_mixin.py:188} INFO - Downloaded GOOGL/1769693241.json
[2026-01-29T14:11:10.808+0000] {logging_mixin.py:188} INFO - Downloaded GOOGL/1769693254.json
[2026-01-29T14:11:10.832+0000] {logging_mixin.py:188} INFO - Downloaded GOOGL/1769693265.json
[2026-01-29T14:11:10.853+0000] {logging_mixin.py:188} INFO - Downloaded GOOGL/1769693277.json
[2026-01-29T14:11:10.875+0000] {logging_mixin.py:188} INFO - Downloaded GOOGL/1769693289.json
[2026-01-29T14:11:10.896+0000] {logging_mixin.py:188} INFO - Downloaded GOOGL/1769693301.json
[2026-01-29T14:11:10.916+0000] {logging_mixin.py:188} INFO - Downloaded GOOGL/1769693313.json
[2026-01-29T14:11:10.952+0000] {logging_mixin.py:188} INFO - Downloaded GOOGL/1769693324.json
[2026-01-29T14:11:10.979+0000] {logging_mixin.py:188} INFO - Downloaded GOOGL/1769693339.json
[2026-01-29T14:11:11.003+0000] {logging_mixin.py:188} INFO - Downloaded GOOGL/1769693351.json
[2026-01-29T14:11:11.044+0000] {logging_mixin.py:188} INFO - Downloaded GOOGL/1769693362.json
[2026-01-29T14:11:11.092+0000] {logging_mixin.py:188} INFO - Downloaded GOOGL/1769693373.json
[2026-01-29T14:11:11.131+0000] {logging_mixin.py:188} INFO - Downloaded GOOGL/1769693384.json
[2026-01-29T14:11:11.199+0000] {logging_mixin.py:188} INFO - Downloaded GOOGL/1769693398.json
[2026-01-29T14:11:11.251+0000] {logging_mixin.py:188} INFO - Downloaded GOOGL/1769693410.json
[2026-01-29T14:11:11.313+0000] {logging_mixin.py:188} INFO - Downloaded GOOGL/1769693422.json
[2026-01-29T14:11:11.361+0000] {logging_mixin.py:188} INFO - Downloaded GOOGL/1769693436.json
[2026-01-29T14:11:11.401+0000] {logging_mixin.py:188} INFO - Downloaded GOOGL/1769693447.json
[2026-01-29T14:11:11.453+0000] {logging_mixin.py:188} INFO - Downloaded GOOGL/1769693459.json
[2026-01-29T14:11:11.486+0000] {logging_mixin.py:188} INFO - Downloaded GOOGL/1769693471.json
[2026-01-29T14:11:11.523+0000] {logging_mixin.py:188} INFO - Downloaded GOOGL/1769693483.json
[2026-01-29T14:11:11.560+0000] {logging_mixin.py:188} INFO - Downloaded GOOGL/1769693495.json
[2026-01-29T14:11:11.602+0000] {logging_mixin.py:188} INFO - Downloaded GOOGL/1769693507.json
[2026-01-29T14:11:11.639+0000] {logging_mixin.py:188} INFO - Downloaded GOOGL/1769693520.json
[2026-01-29T14:11:11.681+0000] {logging_mixin.py:188} INFO - Downloaded GOOGL/1769693533.json
[2026-01-29T14:11:11.722+0000] {logging_mixin.py:188} INFO - Downloaded GOOGL/1769693547.json
[2026-01-29T14:11:11.780+0000] {logging_mixin.py:188} INFO - Downloaded GOOGL/1769693562.json
[2026-01-29T14:11:11.848+0000] {logging_mixin.py:188} INFO - Downloaded GOOGL/1769693576.json
[2026-01-29T14:11:11.883+0000] {logging_mixin.py:188} INFO - Downloaded GOOGL/1769693587.json
[2026-01-29T14:11:11.927+0000] {logging_mixin.py:188} INFO - Downloaded GOOGL/1769693603.json
[2026-01-29T14:11:11.962+0000] {logging_mixin.py:188} INFO - Downloaded GOOGL/1769693615.json
[2026-01-29T14:11:11.985+0000] {logging_mixin.py:188} INFO - Downloaded MSFT/1769692355.json
[2026-01-29T14:11:12.004+0000] {logging_mixin.py:188} INFO - Downloaded MSFT/1769692368.json
[2026-01-29T14:11:12.024+0000] {logging_mixin.py:188} INFO - Downloaded MSFT/1769692381.json
[2026-01-29T14:11:12.045+0000] {logging_mixin.py:188} INFO - Downloaded MSFT/1769692393.json
[2026-01-29T14:11:12.068+0000] {logging_mixin.py:188} INFO - Downloaded MSFT/1769692405.json
[2026-01-29T14:11:12.089+0000] {logging_mixin.py:188} INFO - Downloaded MSFT/1769692417.json
[2026-01-29T14:11:12.112+0000] {logging_mixin.py:188} INFO - Downloaded MSFT/1769692433.json
[2026-01-29T14:11:12.136+0000] {logging_mixin.py:188} INFO - Downloaded MSFT/1769692446.json
[2026-01-29T14:11:12.160+0000] {logging_mixin.py:188} INFO - Downloaded MSFT/1769692458.json
[2026-01-29T14:11:12.189+0000] {logging_mixin.py:188} INFO - Downloaded MSFT/1769692471.json
[2026-01-29T14:11:12.209+0000] {logging_mixin.py:188} INFO - Downloaded MSFT/1769692483.json
[2026-01-29T14:11:12.228+0000] {logging_mixin.py:188} INFO - Downloaded MSFT/1769692497.json
[2026-01-29T14:11:12.251+0000] {logging_mixin.py:188} INFO - Downloaded MSFT/1769692511.json
[2026-01-29T14:11:12.272+0000] {logging_mixin.py:188} INFO - Downloaded MSFT/1769692522.json
[2026-01-29T14:11:12.291+0000] {logging_mixin.py:188} INFO - Downloaded MSFT/1769692536.json
[2026-01-29T14:11:12.312+0000] {logging_mixin.py:188} INFO - Downloaded MSFT/1769692549.json
[2026-01-29T14:11:12.333+0000] {logging_mixin.py:188} INFO - Downloaded MSFT/1769692561.json
[2026-01-29T14:11:12.353+0000] {logging_mixin.py:188} INFO - Downloaded MSFT/1769692574.json
[2026-01-29T14:11:12.387+0000] {logging_mixin.py:188} INFO - Downloaded MSFT/1769692586.json
[2026-01-29T14:11:12.416+0000] {logging_mixin.py:188} INFO - Downloaded MSFT/1769692605.json
[2026-01-29T14:11:12.443+0000] {logging_mixin.py:188} INFO - Downloaded MSFT/1769692624.json
[2026-01-29T14:11:12.488+0000] {logging_mixin.py:188} INFO - Downloaded MSFT/1769692638.json
[2026-01-29T14:11:12.519+0000] {logging_mixin.py:188} INFO - Downloaded MSFT/1769692649.json
[2026-01-29T14:11:12.547+0000] {logging_mixin.py:188} INFO - Downloaded MSFT/1769692663.json
[2026-01-29T14:11:12.572+0000] {logging_mixin.py:188} INFO - Downloaded MSFT/1769692678.json
[2026-01-29T14:11:12.594+0000] {logging_mixin.py:188} INFO - Downloaded MSFT/1769692690.json
[2026-01-29T14:11:12.615+0000] {logging_mixin.py:188} INFO - Downloaded MSFT/1769692701.json
[2026-01-29T14:11:12.637+0000] {logging_mixin.py:188} INFO - Downloaded MSFT/1769692721.json
[2026-01-29T14:11:12.662+0000] {logging_mixin.py:188} INFO - Downloaded MSFT/1769692736.json
[2026-01-29T14:11:12.696+0000] {logging_mixin.py:188} INFO - Downloaded MSFT/1769692749.json
[2026-01-29T14:11:12.721+0000] {logging_mixin.py:188} INFO - Downloaded MSFT/1769692762.json
[2026-01-29T14:11:12.747+0000] {logging_mixin.py:188} INFO - Downloaded MSFT/1769692780.json
[2026-01-29T14:11:12.767+0000] {logging_mixin.py:188} INFO - Downloaded MSFT/1769692798.json
[2026-01-29T14:11:12.792+0000] {logging_mixin.py:188} INFO - Downloaded MSFT/1769692813.json
[2026-01-29T14:11:12.823+0000] {logging_mixin.py:188} INFO - Downloaded MSFT/1769692828.json
[2026-01-29T14:11:12.852+0000] {logging_mixin.py:188} INFO - Downloaded MSFT/1769692844.json
[2026-01-29T14:11:12.886+0000] {logging_mixin.py:188} INFO - Downloaded MSFT/1769692860.json
[2026-01-29T14:11:12.913+0000] {logging_mixin.py:188} INFO - Downloaded MSFT/1769692874.json
[2026-01-29T14:11:12.936+0000] {logging_mixin.py:188} INFO - Downloaded MSFT/1769692889.json
[2026-01-29T14:11:12.960+0000] {logging_mixin.py:188} INFO - Downloaded MSFT/1769692910.json
[2026-01-29T14:11:12.984+0000] {logging_mixin.py:188} INFO - Downloaded MSFT/1769692926.json
[2026-01-29T14:11:13.009+0000] {logging_mixin.py:188} INFO - Downloaded MSFT/1769692941.json
[2026-01-29T14:11:13.033+0000] {logging_mixin.py:188} INFO - Downloaded MSFT/1769692954.json
[2026-01-29T14:11:13.060+0000] {logging_mixin.py:188} INFO - Downloaded MSFT/1769692970.json
[2026-01-29T14:11:13.082+0000] {logging_mixin.py:188} INFO - Downloaded MSFT/1769692981.json
[2026-01-29T14:11:13.103+0000] {logging_mixin.py:188} INFO - Downloaded MSFT/1769692992.json
[2026-01-29T14:11:13.127+0000] {logging_mixin.py:188} INFO - Downloaded MSFT/1769693004.json
[2026-01-29T14:11:13.152+0000] {logging_mixin.py:188} INFO - Downloaded MSFT/1769693017.json
[2026-01-29T14:11:13.179+0000] {logging_mixin.py:188} INFO - Downloaded MSFT/1769693030.json
[2026-01-29T14:11:13.203+0000] {logging_mixin.py:188} INFO - Downloaded MSFT/1769693041.json
[2026-01-29T14:11:13.224+0000] {logging_mixin.py:188} INFO - Downloaded MSFT/1769693055.json
[2026-01-29T14:11:13.251+0000] {logging_mixin.py:188} INFO - Downloaded MSFT/1769693067.json
[2026-01-29T14:11:13.272+0000] {logging_mixin.py:188} INFO - Downloaded MSFT/1769693080.json
[2026-01-29T14:11:13.296+0000] {logging_mixin.py:188} INFO - Downloaded MSFT/1769693092.json
[2026-01-29T14:11:13.314+0000] {logging_mixin.py:188} INFO - Downloaded MSFT/1769693107.json
[2026-01-29T14:11:13.336+0000] {logging_mixin.py:188} INFO - Downloaded MSFT/1769693119.json
[2026-01-29T14:11:13.357+0000] {logging_mixin.py:188} INFO - Downloaded MSFT/1769693133.json
[2026-01-29T14:11:13.379+0000] {logging_mixin.py:188} INFO - Downloaded MSFT/1769693145.json
[2026-01-29T14:11:13.413+0000] {logging_mixin.py:188} INFO - Downloaded MSFT/1769693156.json
[2026-01-29T14:11:13.437+0000] {logging_mixin.py:188} INFO - Downloaded MSFT/1769693168.json
[2026-01-29T14:11:13.463+0000] {logging_mixin.py:188} INFO - Downloaded MSFT/1769693181.json
[2026-01-29T14:11:13.485+0000] {logging_mixin.py:188} INFO - Downloaded MSFT/1769693192.json
[2026-01-29T14:11:13.507+0000] {logging_mixin.py:188} INFO - Downloaded MSFT/1769693203.json
[2026-01-29T14:11:13.529+0000] {logging_mixin.py:188} INFO - Downloaded MSFT/1769693215.json
[2026-01-29T14:11:13.554+0000] {logging_mixin.py:188} INFO - Downloaded MSFT/1769693227.json
[2026-01-29T14:11:13.582+0000] {logging_mixin.py:188} INFO - Downloaded MSFT/1769693239.json
[2026-01-29T14:11:13.614+0000] {logging_mixin.py:188} INFO - Downloaded MSFT/1769693250.json
[2026-01-29T14:11:13.660+0000] {logging_mixin.py:188} INFO - Downloaded MSFT/1769693263.json
[2026-01-29T14:11:13.696+0000] {logging_mixin.py:188} INFO - Downloaded MSFT/1769693275.json
[2026-01-29T14:11:13.739+0000] {logging_mixin.py:188} INFO - Downloaded MSFT/1769693287.json
[2026-01-29T14:11:13.767+0000] {logging_mixin.py:188} INFO - Downloaded MSFT/1769693299.json
[2026-01-29T14:11:13.803+0000] {logging_mixin.py:188} INFO - Downloaded MSFT/1769693310.json
[2026-01-29T14:11:13.829+0000] {logging_mixin.py:188} INFO - Downloaded MSFT/1769693322.json
[2026-01-29T14:11:13.858+0000] {logging_mixin.py:188} INFO - Downloaded MSFT/1769693335.json
[2026-01-29T14:11:13.942+0000] {logging_mixin.py:188} INFO - Downloaded MSFT/1769693349.json
[2026-01-29T14:11:13.971+0000] {logging_mixin.py:188} INFO - Downloaded MSFT/1769693360.json
[2026-01-29T14:11:13.989+0000] {logging_mixin.py:188} INFO - Downloaded MSFT/1769693371.json
[2026-01-29T14:11:14.011+0000] {logging_mixin.py:188} INFO - Downloaded MSFT/1769693382.json
[2026-01-29T14:11:14.032+0000] {logging_mixin.py:188} INFO - Downloaded MSFT/1769693394.json
[2026-01-29T14:11:14.056+0000] {logging_mixin.py:188} INFO - Downloaded MSFT/1769693407.json
[2026-01-29T14:11:14.084+0000] {logging_mixin.py:188} INFO - Downloaded MSFT/1769693420.json
[2026-01-29T14:11:14.108+0000] {logging_mixin.py:188} INFO - Downloaded MSFT/1769693434.json
[2026-01-29T14:11:14.131+0000] {logging_mixin.py:188} INFO - Downloaded MSFT/1769693445.json
[2026-01-29T14:11:14.150+0000] {logging_mixin.py:188} INFO - Downloaded MSFT/1769693457.json
[2026-01-29T14:11:14.169+0000] {logging_mixin.py:188} INFO - Downloaded MSFT/1769693469.json
[2026-01-29T14:11:14.190+0000] {logging_mixin.py:188} INFO - Downloaded MSFT/1769693481.json
[2026-01-29T14:11:14.218+0000] {logging_mixin.py:188} INFO - Downloaded MSFT/1769693492.json
[2026-01-29T14:11:14.240+0000] {logging_mixin.py:188} INFO - Downloaded MSFT/1769693505.json
[2026-01-29T14:11:14.264+0000] {logging_mixin.py:188} INFO - Downloaded MSFT/1769693517.json
[2026-01-29T14:11:14.290+0000] {logging_mixin.py:188} INFO - Downloaded MSFT/1769693531.json
[2026-01-29T14:11:14.315+0000] {logging_mixin.py:188} INFO - Downloaded MSFT/1769693544.json
[2026-01-29T14:11:14.344+0000] {logging_mixin.py:188} INFO - Downloaded MSFT/1769693559.json
[2026-01-29T14:11:14.367+0000] {logging_mixin.py:188} INFO - Downloaded MSFT/1769693574.json
[2026-01-29T14:11:14.389+0000] {logging_mixin.py:188} INFO - Downloaded MSFT/1769693585.json
[2026-01-29T14:11:14.414+0000] {logging_mixin.py:188} INFO - Downloaded MSFT/1769693600.json
[2026-01-29T14:11:14.436+0000] {logging_mixin.py:188} INFO - Downloaded MSFT/1769693613.json
[2026-01-29T14:11:14.485+0000] {logging_mixin.py:188} INFO - Downloaded TSLA/1769692356.json
[2026-01-29T14:11:14.513+0000] {logging_mixin.py:188} INFO - Downloaded TSLA/1769692369.json
[2026-01-29T14:11:14.540+0000] {logging_mixin.py:188} INFO - Downloaded TSLA/1769692382.json
[2026-01-29T14:11:14.566+0000] {logging_mixin.py:188} INFO - Downloaded TSLA/1769692394.json
[2026-01-29T14:11:14.592+0000] {logging_mixin.py:188} INFO - Downloaded TSLA/1769692406.json
[2026-01-29T14:11:14.615+0000] {logging_mixin.py:188} INFO - Downloaded TSLA/1769692419.json
[2026-01-29T14:11:14.641+0000] {logging_mixin.py:188} INFO - Downloaded TSLA/1769692434.json
[2026-01-29T14:11:14.669+0000] {logging_mixin.py:188} INFO - Downloaded TSLA/1769692447.json
[2026-01-29T14:11:14.701+0000] {logging_mixin.py:188} INFO - Downloaded TSLA/1769692460.json
[2026-01-29T14:11:14.734+0000] {logging_mixin.py:188} INFO - Downloaded TSLA/1769692472.json
[2026-01-29T14:11:14.791+0000] {logging_mixin.py:188} INFO - Downloaded TSLA/1769692484.json
[2026-01-29T14:11:14.858+0000] {logging_mixin.py:188} INFO - Downloaded TSLA/1769692498.json
[2026-01-29T14:11:14.926+0000] {logging_mixin.py:188} INFO - Downloaded TSLA/1769692512.json
[2026-01-29T14:11:14.959+0000] {logging_mixin.py:188} INFO - Downloaded TSLA/1769692523.json
[2026-01-29T14:11:14.986+0000] {logging_mixin.py:188} INFO - Downloaded TSLA/1769692537.json
[2026-01-29T14:11:15.016+0000] {logging_mixin.py:188} INFO - Downloaded TSLA/1769692550.json
[2026-01-29T14:11:15.051+0000] {logging_mixin.py:188} INFO - Downloaded TSLA/1769692563.json
[2026-01-29T14:11:15.073+0000] {logging_mixin.py:188} INFO - Downloaded TSLA/1769692575.json
[2026-01-29T14:11:15.098+0000] {logging_mixin.py:188} INFO - Downloaded TSLA/1769692588.json
[2026-01-29T14:11:15.122+0000] {logging_mixin.py:188} INFO - Downloaded TSLA/1769692610.json
[2026-01-29T14:11:15.148+0000] {logging_mixin.py:188} INFO - Downloaded TSLA/1769692626.json
[2026-01-29T14:11:15.177+0000] {logging_mixin.py:188} INFO - Downloaded TSLA/1769692639.json
[2026-01-29T14:11:15.222+0000] {logging_mixin.py:188} INFO - Downloaded TSLA/1769692651.json
[2026-01-29T14:11:15.261+0000] {logging_mixin.py:188} INFO - Downloaded TSLA/1769692666.json
[2026-01-29T14:11:15.307+0000] {logging_mixin.py:188} INFO - Downloaded TSLA/1769692679.json
[2026-01-29T14:11:15.348+0000] {logging_mixin.py:188} INFO - Downloaded TSLA/1769692691.json
[2026-01-29T14:11:15.392+0000] {logging_mixin.py:188} INFO - Downloaded TSLA/1769692708.json
[2026-01-29T14:11:15.432+0000] {logging_mixin.py:188} INFO - Downloaded TSLA/1769692722.json
[2026-01-29T14:11:15.460+0000] {logging_mixin.py:188} INFO - Downloaded TSLA/1769692737.json
[2026-01-29T14:11:15.488+0000] {logging_mixin.py:188} INFO - Downloaded TSLA/1769692750.json
[2026-01-29T14:11:15.515+0000] {logging_mixin.py:188} INFO - Downloaded TSLA/1769692763.json
[2026-01-29T14:11:15.544+0000] {logging_mixin.py:188} INFO - Downloaded TSLA/1769692782.json
[2026-01-29T14:11:15.589+0000] {logging_mixin.py:188} INFO - Downloaded TSLA/1769692802.json
[2026-01-29T14:11:15.630+0000] {logging_mixin.py:188} INFO - Downloaded TSLA/1769692816.json
[2026-01-29T14:11:15.663+0000] {logging_mixin.py:188} INFO - Downloaded TSLA/1769692830.json
[2026-01-29T14:11:15.702+0000] {logging_mixin.py:188} INFO - Downloaded TSLA/1769692845.json
[2026-01-29T14:11:15.736+0000] {logging_mixin.py:188} INFO - Downloaded TSLA/1769692861.json
[2026-01-29T14:11:15.768+0000] {logging_mixin.py:188} INFO - Downloaded TSLA/1769692875.json
[2026-01-29T14:11:15.817+0000] {logging_mixin.py:188} INFO - Downloaded TSLA/1769692890.json
[2026-01-29T14:11:15.845+0000] {logging_mixin.py:188} INFO - Downloaded TSLA/1769692912.json
[2026-01-29T14:11:15.881+0000] {logging_mixin.py:188} INFO - Downloaded TSLA/1769692927.json
[2026-01-29T14:11:15.914+0000] {logging_mixin.py:188} INFO - Downloaded TSLA/1769692942.json
[2026-01-29T14:11:15.950+0000] {logging_mixin.py:188} INFO - Downloaded TSLA/1769692956.json
[2026-01-29T14:11:15.988+0000] {logging_mixin.py:188} INFO - Downloaded TSLA/1769692971.json
[2026-01-29T14:11:16.029+0000] {logging_mixin.py:188} INFO - Downloaded TSLA/1769692982.json
[2026-01-29T14:11:16.117+0000] {logging_mixin.py:188} INFO - Downloaded TSLA/1769692993.json
[2026-01-29T14:11:16.152+0000] {logging_mixin.py:188} INFO - Downloaded TSLA/1769693006.json
[2026-01-29T14:11:16.185+0000] {logging_mixin.py:188} INFO - Downloaded TSLA/1769693018.json
[2026-01-29T14:11:16.210+0000] {logging_mixin.py:188} INFO - Downloaded TSLA/1769693031.json
[2026-01-29T14:11:16.239+0000] {logging_mixin.py:188} INFO - Downloaded TSLA/1769693043.json
[2026-01-29T14:11:16.265+0000] {logging_mixin.py:188} INFO - Downloaded TSLA/1769693056.json
[2026-01-29T14:11:16.301+0000] {logging_mixin.py:188} INFO - Downloaded TSLA/1769693069.json
[2026-01-29T14:11:16.330+0000] {logging_mixin.py:188} INFO - Downloaded TSLA/1769693081.json
[2026-01-29T14:11:16.360+0000] {logging_mixin.py:188} INFO - Downloaded TSLA/1769693093.json
[2026-01-29T14:11:16.384+0000] {logging_mixin.py:188} INFO - Downloaded TSLA/1769693108.json
[2026-01-29T14:11:16.408+0000] {logging_mixin.py:188} INFO - Downloaded TSLA/1769693122.json
[2026-01-29T14:11:16.431+0000] {logging_mixin.py:188} INFO - Downloaded TSLA/1769693134.json
[2026-01-29T14:11:16.453+0000] {logging_mixin.py:188} INFO - Downloaded TSLA/1769693146.json
[2026-01-29T14:11:16.475+0000] {logging_mixin.py:188} INFO - Downloaded TSLA/1769693157.json
[2026-01-29T14:11:16.497+0000] {logging_mixin.py:188} INFO - Downloaded TSLA/1769693169.json
[2026-01-29T14:11:16.517+0000] {logging_mixin.py:188} INFO - Downloaded TSLA/1769693181.json
[2026-01-29T14:11:16.539+0000] {logging_mixin.py:188} INFO - Downloaded TSLA/1769693193.json
[2026-01-29T14:11:16.561+0000] {logging_mixin.py:188} INFO - Downloaded TSLA/1769693204.json
[2026-01-29T14:11:16.583+0000] {logging_mixin.py:188} INFO - Downloaded TSLA/1769693216.json
[2026-01-29T14:11:16.610+0000] {logging_mixin.py:188} INFO - Downloaded TSLA/1769693228.json
[2026-01-29T14:11:16.635+0000] {logging_mixin.py:188} INFO - Downloaded TSLA/1769693240.json
[2026-01-29T14:11:16.664+0000] {logging_mixin.py:188} INFO - Downloaded TSLA/1769693253.json
[2026-01-29T14:11:16.686+0000] {logging_mixin.py:188} INFO - Downloaded TSLA/1769693264.json
[2026-01-29T14:11:16.709+0000] {logging_mixin.py:188} INFO - Downloaded TSLA/1769693276.json
[2026-01-29T14:11:16.734+0000] {logging_mixin.py:188} INFO - Downloaded TSLA/1769693288.json
[2026-01-29T14:11:16.753+0000] {logging_mixin.py:188} INFO - Downloaded TSLA/1769693300.json
[2026-01-29T14:11:16.785+0000] {logging_mixin.py:188} INFO - Downloaded TSLA/1769693312.json
[2026-01-29T14:11:16.837+0000] {logging_mixin.py:188} INFO - Downloaded TSLA/1769693323.json
[2026-01-29T14:11:16.891+0000] {logging_mixin.py:188} INFO - Downloaded TSLA/1769693337.json
[2026-01-29T14:11:16.920+0000] {logging_mixin.py:188} INFO - Downloaded TSLA/1769693350.json
[2026-01-29T14:11:16.946+0000] {logging_mixin.py:188} INFO - Downloaded TSLA/1769693361.json
[2026-01-29T14:11:16.969+0000] {logging_mixin.py:188} INFO - Downloaded TSLA/1769693372.json
[2026-01-29T14:11:16.998+0000] {logging_mixin.py:188} INFO - Downloaded TSLA/1769693383.json
[2026-01-29T14:11:17.030+0000] {logging_mixin.py:188} INFO - Downloaded TSLA/1769693396.json
[2026-01-29T14:11:17.065+0000] {logging_mixin.py:188} INFO - Downloaded TSLA/1769693409.json
[2026-01-29T14:11:17.090+0000] {logging_mixin.py:188} INFO - Downloaded TSLA/1769693421.json
[2026-01-29T14:11:17.114+0000] {logging_mixin.py:188} INFO - Downloaded TSLA/1769693435.json
[2026-01-29T14:11:17.140+0000] {logging_mixin.py:188} INFO - Downloaded TSLA/1769693446.json
[2026-01-29T14:11:17.173+0000] {logging_mixin.py:188} INFO - Downloaded TSLA/1769693458.json
[2026-01-29T14:11:17.203+0000] {logging_mixin.py:188} INFO - Downloaded TSLA/1769693470.json
[2026-01-29T14:11:17.236+0000] {logging_mixin.py:188} INFO - Downloaded TSLA/1769693482.json
[2026-01-29T14:11:17.266+0000] {logging_mixin.py:188} INFO - Downloaded TSLA/1769693493.json
[2026-01-29T14:11:17.321+0000] {logging_mixin.py:188} INFO - Downloaded TSLA/1769693506.json
[2026-01-29T14:11:17.362+0000] {logging_mixin.py:188} INFO - Downloaded TSLA/1769693518.json
[2026-01-29T14:11:17.407+0000] {logging_mixin.py:188} INFO - Downloaded TSLA/1769693532.json
[2026-01-29T14:11:17.429+0000] {logging_mixin.py:188} INFO - Downloaded TSLA/1769693545.json
[2026-01-29T14:11:17.463+0000] {logging_mixin.py:188} INFO - Downloaded TSLA/1769693560.json
[2026-01-29T14:11:17.485+0000] {logging_mixin.py:188} INFO - Downloaded TSLA/1769693575.json
[2026-01-29T14:11:17.510+0000] {logging_mixin.py:188} INFO - Downloaded TSLA/1769693586.json
[2026-01-29T14:11:17.534+0000] {logging_mixin.py:188} INFO - Downloaded TSLA/1769693602.json
[2026-01-29T14:11:17.572+0000] {logging_mixin.py:188} INFO - Downloaded TSLA/1769693614.json
[2026-01-29T14:11:17.588+0000] {python.py:237} INFO - Done. Returned value was: ['/opt/***/data/minio/1769692353.json', '/opt/***/data/minio/1769692366.json', '/opt/***/data/minio/1769692380.json', '/opt/***/data/minio/1769692392.json', '/opt/***/data/minio/1769692403.json', '/opt/***/data/minio/1769692416.json', '/opt/***/data/minio/1769692432.json', '/opt/***/data/minio/1769692444.json', '/opt/***/data/minio/1769692457.json', '/opt/***/data/minio/1769692469.json', '/opt/***/data/minio/1769692482.json', '/opt/***/data/minio/1769692495.json', '/opt/***/data/minio/1769692508.json', '/opt/***/data/minio/1769692521.json', '/opt/***/data/minio/1769692535.json', '/opt/***/data/minio/1769692548.json', '/opt/***/data/minio/1769692560.json', '/opt/***/data/minio/1769692573.json', '/opt/***/data/minio/1769692584.json', '/opt/***/data/minio/1769692602.json', '/opt/***/data/minio/1769692623.json', '/opt/***/data/minio/1769692636.json', '/opt/***/data/minio/1769692648.json', '/opt/***/data/minio/1769692661.json', '/opt/***/data/minio/1769692676.json', '/opt/***/data/minio/1769692688.json', '/opt/***/data/minio/1769692700.json', '/opt/***/data/minio/1769692719.json', '/opt/***/data/minio/1769692733.json', '/opt/***/data/minio/1769692747.json', '/opt/***/data/minio/1769692760.json', '/opt/***/data/minio/1769692778.json', '/opt/***/data/minio/1769692793.json', '/opt/***/data/minio/1769692812.json', '/opt/***/data/minio/1769692827.json', '/opt/***/data/minio/1769692839.json', '/opt/***/data/minio/1769692856.json', '/opt/***/data/minio/1769692873.json', '/opt/***/data/minio/1769692887.json', '/opt/***/data/minio/1769692909.json', '/opt/***/data/minio/1769692921.json', '/opt/***/data/minio/1769692940.json', '/opt/***/data/minio/1769692953.json', '/opt/***/data/minio/1769692969.json', '/opt/***/data/minio/1769692980.json', '/opt/***/data/minio/1769692991.json', '/opt/***/data/minio/1769693003.json', '/opt/***/data/minio/1769693016.json', '/opt/***/data/minio/1769693028.json', '/opt/***/data/minio/1769693040.json', '/opt/***/data/minio/1769693054.json', '/opt/***/data/minio/1769693066.json', '/opt/***/data/minio/1769693079.json', '/opt/***/data/minio/1769693090.json', '/opt/***/data/minio/1769693105.json', '/opt/***/data/minio/1769693118.json', '/opt/***/data/minio/1769693132.json', '/opt/***/data/minio/1769693144.json', '/opt/***/data/minio/1769693155.json', '/opt/***/data/minio/1769693167.json', '/opt/***/data/minio/1769693180.json', '/opt/***/data/minio/1769693191.json', '/opt/***/data/minio/1769693202.json', '/opt/***/data/minio/1769693213.json', '/opt/***/data/minio/1769693226.json', '/opt/***/data/minio/1769693238.json', '/opt/***/data/minio/1769693249.json', '/opt/***/data/minio/1769693262.json', '/opt/***/data/minio/1769693273.json', '/opt/***/data/minio/1769693286.json', '/opt/***/data/minio/1769693298.json', '/opt/***/data/minio/1769693309.json', '/opt/***/data/minio/1769693321.json', '/opt/***/data/minio/1769693334.json', '/opt/***/data/minio/1769693348.json', '/opt/***/data/minio/1769693359.json', '/opt/***/data/minio/1769693370.json', '/opt/***/data/minio/1769693381.json', '/opt/***/data/minio/1769693392.json', '/opt/***/data/minio/1769693406.json', '/opt/***/data/minio/1769693419.json', '/opt/***/data/minio/1769693432.json', '/opt/***/data/minio/1769693444.json', '/opt/***/data/minio/1769693456.json', '/opt/***/data/minio/1769693467.json', '/opt/***/data/minio/1769693480.json', '/opt/***/data/minio/1769693491.json', '/opt/***/data/minio/1769693504.json', '/opt/***/data/minio/1769693516.json', '/opt/***/data/minio/1769693530.json', '/opt/***/data/minio/1769693543.json', '/opt/***/data/minio/1769693558.json', '/opt/***/data/minio/1769693571.json', '/opt/***/data/minio/1769693584.json', '/opt/***/data/minio/1769693597.json', '/opt/***/data/minio/1769693612.json', '/opt/***/data/minio/1769693629.json', '/opt/***/data/minio/1769692359.json', '/opt/***/data/minio/1769692372.json', '/opt/***/data/minio/1769692385.json', '/opt/***/data/minio/1769692396.json', '/opt/***/data/minio/1769692409.json', '/opt/***/data/minio/1769692424.json', '/opt/***/data/minio/1769692437.json', '/opt/***/data/minio/1769692450.json', '/opt/***/data/minio/1769692462.json', '/opt/***/data/minio/1769692475.json', '/opt/***/data/minio/1769692486.json', '/opt/***/data/minio/1769692501.json', '/opt/***/data/minio/1769692513.json', '/opt/***/data/minio/1769692528.json', '/opt/***/data/minio/1769692540.json', '/opt/***/data/minio/1769692553.json', '/opt/***/data/minio/1769692565.json', '/opt/***/data/minio/1769692577.json', '/opt/***/data/minio/1769692591.json', '/opt/***/data/minio/1769692616.json', '/opt/***/data/minio/1769692628.json', '/opt/***/data/minio/1769692641.json', '/opt/***/data/minio/1769692654.json', '/opt/***/data/minio/1769692669.json', '/opt/***/data/minio/1769692681.json', '/opt/***/data/minio/1769692693.json', '/opt/***/data/minio/1769692711.json', '/opt/***/data/minio/1769692725.json', '/opt/***/data/minio/1769692740.json', '/opt/***/data/minio/1769692753.json', '/opt/***/data/minio/1769692769.json', '/opt/***/data/minio/1769692785.json', '/opt/***/data/minio/1769692804.json', '/opt/***/data/minio/1769692819.json', '/opt/***/data/minio/1769692832.json', '/opt/***/data/minio/1769692847.json', '/opt/***/data/minio/1769692866.json', '/opt/***/data/minio/1769692880.json', '/opt/***/data/minio/1769692902.json', '/opt/***/data/minio/1769692914.json', '/opt/***/data/minio/1769692929.json', '/opt/***/data/minio/1769692946.json', '/opt/***/data/minio/1769692961.json', '/opt/***/data/minio/1769692973.json', '/opt/***/data/minio/1769692984.json', '/opt/***/data/minio/1769692995.json', '/opt/***/data/minio/1769693008.json', '/opt/***/data/minio/1769693021.json', '/opt/***/data/minio/1769693033.json', '/opt/***/data/minio/1769693047.json', '/opt/***/data/minio/1769693059.json', '/opt/***/data/minio/1769693072.json', '/opt/***/data/minio/1769693083.json', '/opt/***/data/minio/1769693095.json', '/opt/***/data/minio/1769693110.json', '/opt/***/data/minio/1769693125.json', '/opt/***/data/minio/1769693136.json', '/opt/***/data/minio/1769693148.json', '/opt/***/data/minio/1769693160.json', '/opt/***/data/minio/1769693173.json', '/opt/***/data/minio/1769693184.json', '/opt/***/data/minio/1769693195.json', '/opt/***/data/minio/1769693206.json', '/opt/***/data/minio/1769693219.json', '/opt/***/data/minio/1769693230.json', '/opt/***/data/minio/1769693242.json', '/opt/***/data/minio/1769693255.json', '/opt/***/data/minio/1769693266.json', '/opt/***/data/minio/1769693279.json', '/opt/***/data/minio/1769693290.json', '/opt/***/data/minio/1769693302.json', '/opt/***/data/minio/1769693314.json', '/opt/***/data/minio/1769693326.json', '/opt/***/data/minio/1769693340.json', '/opt/***/data/minio/1769693352.json', '/opt/***/data/minio/1769693363.json', '/opt/***/data/minio/1769693374.json', '/opt/***/data/minio/1769693385.json', '/opt/***/data/minio/1769693399.json', '/opt/***/data/minio/1769693411.json', '/opt/***/data/minio/1769693425.json', '/opt/***/data/minio/1769693437.json', '/opt/***/data/minio/1769693449.json', '/opt/***/data/minio/1769693460.json', '/opt/***/data/minio/1769693473.json', '/opt/***/data/minio/1769693484.json', '/opt/***/data/minio/1769693496.json', '/opt/***/data/minio/1769693508.json', '/opt/***/data/minio/1769693522.json', '/opt/***/data/minio/1769693536.json', '/opt/***/data/minio/1769693549.json', '/opt/***/data/minio/1769693564.json', '/opt/***/data/minio/1769693577.json', '/opt/***/data/minio/1769693590.json', '/opt/***/data/minio/1769693604.json', '/opt/***/data/minio/1769693616.json', '/opt/***/data/minio/1769692357.json', '/opt/***/data/minio/1769692370.json', '/opt/***/data/minio/1769692383.json', '/opt/***/data/minio/1769692395.json', '/opt/***/data/minio/1769692407.json', '/opt/***/data/minio/1769692422.json', '/opt/***/data/minio/1769692436.json', '/opt/***/data/minio/1769692448.json', '/opt/***/data/minio/1769692461.json', '/opt/***/data/minio/1769692473.json', '/opt/***/data/minio/1769692485.json', '/opt/***/data/minio/1769692499.json', '/opt/***/data/minio/1769692513.json', '/opt/***/data/minio/1769692524.json', '/opt/***/data/minio/1769692538.json', '/opt/***/data/minio/1769692551.json', '/opt/***/data/minio/1769692564.json', '/opt/***/data/minio/1769692576.json', '/opt/***/data/minio/1769692589.json', '/opt/***/data/minio/1769692615.json', '/opt/***/data/minio/1769692627.json', '/opt/***/data/minio/1769692640.json', '/opt/***/data/minio/1769692652.json', '/opt/***/data/minio/1769692668.json', '/opt/***/data/minio/1769692680.json', '/opt/***/data/minio/1769692692.json', '/opt/***/data/minio/1769692710.json', '/opt/***/data/minio/1769692723.json', '/opt/***/data/minio/1769692739.json', '/opt/***/data/minio/1769692752.json', '/opt/***/data/minio/1769692765.json', '/opt/***/data/minio/1769692784.json', '/opt/***/data/minio/1769692803.json', '/opt/***/data/minio/1769692817.json', '/opt/***/data/minio/1769692831.json', '/opt/***/data/minio/1769692846.json', '/opt/***/data/minio/1769692864.json', '/opt/***/data/minio/1769692878.json', '/opt/***/data/minio/1769692913.json', '/opt/***/data/minio/1769692928.json', '/opt/***/data/minio/1769692944.json', '/opt/***/data/minio/1769692960.json', '/opt/***/data/minio/1769692972.json', '/opt/***/data/minio/1769692983.json', '/opt/***/data/minio/1769692994.json', '/opt/***/data/minio/1769693007.json', '/opt/***/data/minio/1769693020.json', '/opt/***/data/minio/1769693032.json', '/opt/***/data/minio/1769693044.json', '/opt/***/data/minio/1769693058.json', '/opt/***/data/minio/1769693071.json', '/opt/***/data/minio/1769693082.json', '/opt/***/data/minio/1769693094.json', '/opt/***/data/minio/1769693109.json', '/opt/***/data/minio/1769693124.json', '/opt/***/data/minio/1769693135.json', '/opt/***/data/minio/1769693147.json', '/opt/***/data/minio/1769693158.json', '/opt/***/data/minio/1769693172.json', '/opt/***/data/minio/1769693183.json', '/opt/***/data/minio/1769693194.json', '/opt/***/data/minio/1769693205.json', '/opt/***/data/minio/1769693218.json', '/opt/***/data/minio/1769693229.json', '/opt/***/data/minio/1769693241.json', '/opt/***/data/minio/1769693254.json', '/opt/***/data/minio/1769693265.json', '/opt/***/data/minio/1769693277.json', '/opt/***/data/minio/1769693289.json', '/opt/***/data/minio/1769693301.json', '/opt/***/data/minio/1769693313.json', '/opt/***/data/minio/1769693324.json', '/opt/***/data/minio/1769693339.json', '/opt/***/data/minio/1769693351.json', '/opt/***/data/minio/1769693362.json', '/opt/***/data/minio/1769693373.json', '/opt/***/data/minio/1769693384.json', '/opt/***/data/minio/1769693398.json', '/opt/***/data/minio/1769693410.json', '/opt/***/data/minio/1769693422.json', '/opt/***/data/minio/1769693436.json', '/opt/***/data/minio/1769693447.json', '/opt/***/data/minio/1769693459.json', '/opt/***/data/minio/1769693471.json', '/opt/***/data/minio/1769693483.json', '/opt/***/data/minio/1769693495.json', '/opt/***/data/minio/1769693507.json', '/opt/***/data/minio/1769693520.json', '/opt/***/data/minio/1769693533.json', '/opt/***/data/minio/1769693547.json', '/opt/***/data/minio/1769693562.json', '/opt/***/data/minio/1769693576.json', '/opt/***/data/minio/1769693587.json', '/opt/***/data/minio/1769693603.json', '/opt/***/data/minio/1769693615.json', '/opt/***/data/minio/1769692355.json', '/opt/***/data/minio/1769692368.json', '/opt/***/data/minio/1769692381.json', '/opt/***/data/minio/1769692393.json', '/opt/***/data/minio/1769692405.json', '/opt/***/data/minio/1769692417.json', '/opt/***/data/minio/1769692433.json', '/opt/***/data/minio/1769692446.json', '/opt/***/data/minio/1769692458.json', '/opt/***/data/minio/1769692471.json', '/opt/***/data/minio/1769692483.json', '/opt/***/data/minio/1769692497.json', '/opt/***/data/minio/1769692511.json', '/opt/***/data/minio/1769692522.json', '/opt/***/data/minio/1769692536.json', '/opt/***/data/minio/1769692549.json', '/opt/***/data/minio/1769692561.json', '/opt/***/data/minio/1769692574.json', '/opt/***/data/minio/1769692586.json', '/opt/***/data/minio/1769692605.json', '/opt/***/data/minio/1769692624.json', '/opt/***/data/minio/1769692638.json', '/opt/***/data/minio/1769692649.json', '/opt/***/data/minio/1769692663.json', '/opt/***/data/minio/1769692678.json', '/opt/***/data/minio/1769692690.json', '/opt/***/data/minio/1769692701.json', '/opt/***/data/minio/1769692721.json', '/opt/***/data/minio/1769692736.json', '/opt/***/data/minio/1769692749.json', '/opt/***/data/minio/1769692762.json', '/opt/***/data/minio/1769692780.json', '/opt/***/data/minio/1769692798.json', '/opt/***/data/minio/1769692813.json', '/opt/***/data/minio/1769692828.json', '/opt/***/data/minio/1769692844.json', '/opt/***/data/minio/1769692860.json', '/opt/***/data/minio/1769692874.json', '/opt/***/data/minio/1769692889.json', '/opt/***/data/minio/1769692910.json', '/opt/***/data/minio/1769692926.json', '/opt/***/data/minio/1769692941.json', '/opt/***/data/minio/1769692954.json', '/opt/***/data/minio/1769692970.json', '/opt/***/data/minio/1769692981.json', '/opt/***/data/minio/1769692992.json', '/opt/***/data/minio/1769693004.json', '/opt/***/data/minio/1769693017.json', '/opt/***/data/minio/1769693030.json', '/opt/***/data/minio/1769693041.json', '/opt/***/data/minio/1769693055.json', '/opt/***/data/minio/1769693067.json', '/opt/***/data/minio/1769693080.json', '/opt/***/data/minio/1769693092.json', '/opt/***/data/minio/1769693107.json', '/opt/***/data/minio/1769693119.json', '/opt/***/data/minio/1769693133.json', '/opt/***/data/minio/1769693145.json', '/opt/***/data/minio/1769693156.json', '/opt/***/data/minio/1769693168.json', '/opt/***/data/minio/1769693181.json', '/opt/***/data/minio/1769693192.json', '/opt/***/data/minio/1769693203.json', '/opt/***/data/minio/1769693215.json', '/opt/***/data/minio/1769693227.json', '/opt/***/data/minio/1769693239.json', '/opt/***/data/minio/1769693250.json', '/opt/***/data/minio/1769693263.json', '/opt/***/data/minio/1769693275.json', '/opt/***/data/minio/1769693287.json', '/opt/***/data/minio/1769693299.json', '/opt/***/data/minio/1769693310.json', '/opt/***/data/minio/1769693322.json', '/opt/***/data/minio/1769693335.json', '/opt/***/data/minio/1769693349.json', '/opt/***/data/minio/1769693360.json', '/opt/***/data/minio/1769693371.json', '/opt/***/data/minio/1769693382.json', '/opt/***/data/minio/1769693394.json', '/opt/***/data/minio/1769693407.json', '/opt/***/data/minio/1769693420.json', '/opt/***/data/minio/1769693434.json', '/opt/***/data/minio/1769693445.json', '/opt/***/data/minio/1769693457.json', '/opt/***/data/minio/1769693469.json', '/opt/***/data/minio/1769693481.json', '/opt/***/data/minio/1769693492.json', '/opt/***/data/minio/1769693505.json', '/opt/***/data/minio/1769693517.json', '/opt/***/data/minio/1769693531.json', '/opt/***/data/minio/1769693544.json', '/opt/***/data/minio/1769693559.json', '/opt/***/data/minio/1769693574.json', '/opt/***/data/minio/1769693585.json', '/opt/***/data/minio/1769693600.json', '/opt/***/data/minio/1769693613.json', '/opt/***/data/minio/1769692356.json', '/opt/***/data/minio/1769692369.json', '/opt/***/data/minio/1769692382.json', '/opt/***/data/minio/1769692394.json', '/opt/***/data/minio/1769692406.json', '/opt/***/data/minio/1769692419.json', '/opt/***/data/minio/1769692434.json', '/opt/***/data/minio/1769692447.json', '/opt/***/data/minio/1769692460.json', '/opt/***/data/minio/1769692472.json', '/opt/***/data/minio/1769692484.json', '/opt/***/data/minio/1769692498.json', '/opt/***/data/minio/1769692512.json', '/opt/***/data/minio/1769692523.json', '/opt/***/data/minio/1769692537.json', '/opt/***/data/minio/1769692550.json', '/opt/***/data/minio/1769692563.json', '/opt/***/data/minio/1769692575.json', '/opt/***/data/minio/1769692588.json', '/opt/***/data/minio/1769692610.json', '/opt/***/data/minio/1769692626.json', '/opt/***/data/minio/1769692639.json', '/opt/***/data/minio/1769692651.json', '/opt/***/data/minio/1769692666.json', '/opt/***/data/minio/1769692679.json', '/opt/***/data/minio/1769692691.json', '/opt/***/data/minio/1769692708.json', '/opt/***/data/minio/1769692722.json', '/opt/***/data/minio/1769692737.json', '/opt/***/data/minio/1769692750.json', '/opt/***/data/minio/1769692763.json', '/opt/***/data/minio/1769692782.json', '/opt/***/data/minio/1769692802.json', '/opt/***/data/minio/1769692816.json', '/opt/***/data/minio/1769692830.json', '/opt/***/data/minio/1769692845.json', '/opt/***/data/minio/1769692861.json', '/opt/***/data/minio/1769692875.json', '/opt/***/data/minio/1769692890.json', '/opt/***/data/minio/1769692912.json', '/opt/***/data/minio/1769692927.json', '/opt/***/data/minio/1769692942.json', '/opt/***/data/minio/1769692956.json', '/opt/***/data/minio/1769692971.json', '/opt/***/data/minio/1769692982.json', '/opt/***/data/minio/1769692993.json', '/opt/***/data/minio/1769693006.json', '/opt/***/data/minio/1769693018.json', '/opt/***/data/minio/1769693031.json', '/opt/***/data/minio/1769693043.json', '/opt/***/data/minio/1769693056.json', '/opt/***/data/minio/1769693069.json', '/opt/***/data/minio/1769693081.json', '/opt/***/data/minio/1769693093.json', '/opt/***/data/minio/1769693108.json', '/opt/***/data/minio/1769693122.json', '/opt/***/data/minio/1769693134.json', '/opt/***/data/minio/1769693146.json', '/opt/***/data/minio/1769693157.json', '/opt/***/data/minio/1769693169.json', '/opt/***/data/minio/1769693181.json', '/opt/***/data/minio/1769693193.json', '/opt/***/data/minio/1769693204.json', '/opt/***/data/minio/1769693216.json', '/opt/***/data/minio/1769693228.json', '/opt/***/data/minio/1769693240.json', '/opt/***/data/minio/1769693253.json', '/opt/***/data/minio/1769693264.json', '/opt/***/data/minio/1769693276.json', '/opt/***/data/minio/1769693288.json', '/opt/***/data/minio/1769693300.json', '/opt/***/data/minio/1769693312.json', '/opt/***/data/minio/1769693323.json', '/opt/***/data/minio/1769693337.json', '/opt/***/data/minio/1769693350.json', '/opt/***/data/minio/1769693361.json', '/opt/***/data/minio/1769693372.json', '/opt/***/data/minio/1769693383.json', '/opt/***/data/minio/1769693396.json', '/opt/***/data/minio/1769693409.json', '/opt/***/data/minio/1769693421.json', '/opt/***/data/minio/1769693435.json', '/opt/***/data/minio/1769693446.json', '/opt/***/data/minio/1769693458.json', '/opt/***/data/minio/1769693470.json', '/opt/***/data/minio/1769693482.json', '/opt/***/data/minio/1769693493.json', '/opt/***/data/minio/1769693506.json', '/opt/***/data/minio/1769693518.json', '/opt/***/data/minio/1769693532.json', '/opt/***/data/minio/1769693545.json', '/opt/***/data/minio/1769693560.json', '/opt/***/data/minio/1769693575.json', '/opt/***/data/minio/1769693586.json', '/opt/***/data/minio/1769693602.json', '/opt/***/data/minio/1769693614.json']
[2026-01-29T14:11:17.603+0000] {taskinstance.py:441} INFO - ::group::Post task execution logs
[2026-01-29T14:11:17.783+0000] {taskinstance.py:1206} INFO - Marking task as SUCCESS. dag_id=minio_to_snowflake, task_id=download_minio, run_id=scheduled__2026-01-29T14:08:00+00:00, execution_date=20260129T140800, start_date=20260129T140910, end_date=20260129T141117
[2026-01-29T14:11:17.860+0000] {local_task_job_runner.py:243} INFO - Task exited with return code 0
[2026-01-29T14:11:17.939+0000] {taskinstance.py:3503} INFO - 1 downstream tasks scheduled from follow-on schedule check
[2026-01-29T14:11:17.945+0000] {local_task_job_runner.py:222} INFO - ::endgroup::
