[2026-02-11T08:52:05.334+0000] {local_task_job_runner.py:120} INFO - ::group::Pre task execution logs
[2026-02-11T08:52:05.903+0000] {taskinstance.py:2076} INFO - Dependencies all met for dep_context=non-requeueable deps ti=<TaskInstance: minio_to_snowflake.download_minio scheduled__2026-02-11T08:45:00+00:00 [queued]>
[2026-02-11T08:52:05.932+0000] {taskinstance.py:2076} INFO - Dependencies all met for dep_context=requeueable deps ti=<TaskInstance: minio_to_snowflake.download_minio scheduled__2026-02-11T08:45:00+00:00 [queued]>
[2026-02-11T08:52:05.938+0000] {taskinstance.py:2306} INFO - Starting attempt 2 of 2
[2026-02-11T08:52:06.991+0000] {taskinstance.py:2330} INFO - Executing <Task(PythonOperator): download_minio> on 2026-02-11 08:45:00+00:00
[2026-02-11T08:52:07.132+0000] {standard_task_runner.py:90} INFO - Running: ['***', 'tasks', 'run', 'minio_to_snowflake', 'download_minio', 'scheduled__2026-02-11T08:45:00+00:00', '--job-id', '1117', '--raw', '--subdir', 'DAGS_FOLDER/minio_to_snowflake.py', '--cfg-path', '/tmp/tmpwd_bdzo_']
[2026-02-11T08:52:07.142+0000] {standard_task_runner.py:91} INFO - Job 1117: Subtask download_minio
[2026-02-11T08:52:07.490+0000] {logging_mixin.py:188} WARNING - /home/***/.local/lib/python3.12/site-packages/***/task/task_runner/standard_task_runner.py:62 DeprecationWarning: This process (pid=81752) is multi-threaded, use of fork() may lead to deadlocks in the child.
[2026-02-11T08:52:07.497+0000] {standard_task_runner.py:64} INFO - Started process 82151 to run task
[2026-02-11T08:52:08.145+0000] {task_command.py:426} INFO - Running <TaskInstance: minio_to_snowflake.download_minio scheduled__2026-02-11T08:45:00+00:00 [running]> on host 6729b10e6876
[2026-02-11T08:52:11.800+0000] {taskinstance.py:2648} INFO - Exporting env vars: AIRFLOW_CTX_DAG_OWNER='***' AIRFLOW_CTX_DAG_ID='minio_to_snowflake' AIRFLOW_CTX_TASK_ID='download_minio' AIRFLOW_CTX_EXECUTION_DATE='2026-02-11T08:45:00+00:00' AIRFLOW_CTX_TRY_NUMBER='2' AIRFLOW_CTX_DAG_RUN_ID='scheduled__2026-02-11T08:45:00+00:00'
[2026-02-11T08:52:11.806+0000] {taskinstance.py:430} INFO - ::endgroup::
[2026-02-11T08:52:46.766+0000] {logging_mixin.py:188} INFO - Downloaded AAPL/1770795801.json
[2026-02-11T08:52:46.785+0000] {logging_mixin.py:188} INFO - Downloaded AAPL/1770795811.json
[2026-02-11T08:52:46.807+0000] {logging_mixin.py:188} INFO - Downloaded AAPL/1770795821.json
[2026-02-11T08:52:46.830+0000] {logging_mixin.py:188} INFO - Downloaded AAPL/1770795832.json
[2026-02-11T08:52:46.845+0000] {logging_mixin.py:188} INFO - Downloaded AAPL/1770795843.json
[2026-02-11T08:52:46.862+0000] {logging_mixin.py:188} INFO - Downloaded AAPL/1770795854.json
[2026-02-11T08:52:46.876+0000] {logging_mixin.py:188} INFO - Downloaded AAPL/1770795864.json
[2026-02-11T08:52:46.895+0000] {logging_mixin.py:188} INFO - Downloaded AAPL/1770795875.json
[2026-02-11T08:52:46.907+0000] {logging_mixin.py:188} INFO - Downloaded AAPL/1770795889.json
[2026-02-11T08:52:46.918+0000] {logging_mixin.py:188} INFO - Downloaded AAPL/1770795899.json
[2026-02-11T08:52:46.931+0000] {logging_mixin.py:188} INFO - Downloaded AAPL/1770795910.json
[2026-02-11T08:52:46.942+0000] {logging_mixin.py:188} INFO - Downloaded AAPL/1770795920.json
[2026-02-11T08:52:47.017+0000] {logging_mixin.py:188} INFO - Downloaded AAPL/1770795931.json
[2026-02-11T08:52:47.045+0000] {logging_mixin.py:188} INFO - Downloaded AAPL/1770795942.json
[2026-02-11T08:52:47.089+0000] {logging_mixin.py:188} INFO - Downloaded AAPL/1770795952.json
[2026-02-11T08:52:47.106+0000] {logging_mixin.py:188} INFO - Downloaded AAPL/1770795962.json
[2026-02-11T08:52:47.116+0000] {logging_mixin.py:188} INFO - Downloaded AAPL/1770795973.json
[2026-02-11T08:52:47.174+0000] {logging_mixin.py:188} INFO - Downloaded AAPL/1770795984.json
[2026-02-11T08:52:47.186+0000] {logging_mixin.py:188} INFO - Downloaded AAPL/1770795995.json
[2026-02-11T08:52:47.198+0000] {logging_mixin.py:188} INFO - Downloaded AAPL/1770796006.json
[2026-02-11T08:52:47.216+0000] {logging_mixin.py:188} INFO - Downloaded AAPL/1770796016.json
[2026-02-11T08:52:47.239+0000] {logging_mixin.py:188} INFO - Downloaded AAPL/1770796027.json
[2026-02-11T08:52:47.250+0000] {logging_mixin.py:188} INFO - Downloaded AAPL/1770796038.json
[2026-02-11T08:52:47.262+0000] {logging_mixin.py:188} INFO - Downloaded AAPL/1770796048.json
[2026-02-11T08:52:47.363+0000] {logging_mixin.py:188} INFO - Downloaded AAPL/1770796059.json
[2026-02-11T08:52:47.379+0000] {logging_mixin.py:188} INFO - Downloaded AAPL/1770796069.json
[2026-02-11T08:52:47.390+0000] {logging_mixin.py:188} INFO - Downloaded AAPL/1770796079.json
[2026-02-11T08:52:47.401+0000] {logging_mixin.py:188} INFO - Downloaded AAPL/1770796091.json
[2026-02-11T08:52:47.418+0000] {logging_mixin.py:188} INFO - Downloaded AAPL/1770796102.json
[2026-02-11T08:52:47.432+0000] {logging_mixin.py:188} INFO - Downloaded AAPL/1770796113.json
[2026-02-11T08:52:47.441+0000] {logging_mixin.py:188} INFO - Downloaded AAPL/1770796123.json
[2026-02-11T08:52:47.453+0000] {logging_mixin.py:188} INFO - Downloaded AAPL/1770796133.json
[2026-02-11T08:52:47.463+0000] {logging_mixin.py:188} INFO - Downloaded AAPL/1770796143.json
[2026-02-11T08:52:47.516+0000] {logging_mixin.py:188} INFO - Downloaded AAPL/1770796156.json
[2026-02-11T08:52:47.601+0000] {logging_mixin.py:188} INFO - Downloaded AAPL/1770796166.json
[2026-02-11T08:52:47.627+0000] {logging_mixin.py:188} INFO - Downloaded AAPL/1770796178.json
[2026-02-11T08:52:47.653+0000] {logging_mixin.py:188} INFO - Downloaded AAPL/1770796188.json
[2026-02-11T08:52:47.668+0000] {logging_mixin.py:188} INFO - Downloaded AAPL/1770796200.json
[2026-02-11T08:52:47.680+0000] {logging_mixin.py:188} INFO - Downloaded AAPL/1770796211.json
[2026-02-11T08:52:47.690+0000] {logging_mixin.py:188} INFO - Downloaded AAPL/1770796222.json
[2026-02-11T08:52:47.700+0000] {logging_mixin.py:188} INFO - Downloaded AAPL/1770796233.json
[2026-02-11T08:52:47.714+0000] {logging_mixin.py:188} INFO - Downloaded AAPL/1770796243.json
[2026-02-11T08:52:47.728+0000] {logging_mixin.py:188} INFO - Downloaded AAPL/1770796253.json
[2026-02-11T08:52:47.742+0000] {logging_mixin.py:188} INFO - Downloaded AAPL/1770796264.json
[2026-02-11T08:52:47.754+0000] {logging_mixin.py:188} INFO - Downloaded AAPL/1770796275.json
[2026-02-11T08:52:47.769+0000] {logging_mixin.py:188} INFO - Downloaded AAPL/1770796286.json
[2026-02-11T08:52:47.782+0000] {logging_mixin.py:188} INFO - Downloaded AAPL/1770796297.json
[2026-02-11T08:52:47.793+0000] {logging_mixin.py:188} INFO - Downloaded AAPL/1770796307.json
[2026-02-11T08:52:47.805+0000] {logging_mixin.py:188} INFO - Downloaded AAPL/1770796318.json
[2026-02-11T08:52:47.817+0000] {logging_mixin.py:188} INFO - Downloaded AAPL/1770796328.json
[2026-02-11T08:52:47.831+0000] {logging_mixin.py:188} INFO - Downloaded AAPL/1770796339.json
[2026-02-11T08:52:47.843+0000] {logging_mixin.py:188} INFO - Downloaded AAPL/1770796350.json
[2026-02-11T08:52:47.859+0000] {logging_mixin.py:188} INFO - Downloaded AAPL/1770796360.json
[2026-02-11T08:52:47.874+0000] {logging_mixin.py:188} INFO - Downloaded AAPL/1770796371.json
[2026-02-11T08:52:47.896+0000] {logging_mixin.py:188} INFO - Downloaded AAPL/1770796381.json
[2026-02-11T08:52:47.921+0000] {logging_mixin.py:188} INFO - Downloaded AAPL/1770796392.json
[2026-02-11T08:52:47.939+0000] {logging_mixin.py:188} INFO - Downloaded AAPL/1770796402.json
[2026-02-11T08:52:47.986+0000] {logging_mixin.py:188} INFO - Downloaded AAPL/1770796413.json
[2026-02-11T08:52:48.000+0000] {logging_mixin.py:188} INFO - Downloaded AAPL/1770796424.json
[2026-02-11T08:52:48.019+0000] {logging_mixin.py:188} INFO - Downloaded AAPL/1770796435.json
[2026-02-11T08:52:48.050+0000] {logging_mixin.py:188} INFO - Downloaded AAPL/1770796446.json
[2026-02-11T08:52:48.060+0000] {logging_mixin.py:188} INFO - Downloaded AAPL/1770796456.json
[2026-02-11T08:52:48.070+0000] {logging_mixin.py:188} INFO - Downloaded AAPL/1770796467.json
[2026-02-11T08:52:48.085+0000] {logging_mixin.py:188} INFO - Downloaded AAPL/1770796478.json
[2026-02-11T08:52:48.101+0000] {logging_mixin.py:188} INFO - Downloaded AAPL/1770796488.json
[2026-02-11T08:52:48.111+0000] {logging_mixin.py:188} INFO - Downloaded AAPL/1770796499.json
[2026-02-11T08:52:48.121+0000] {logging_mixin.py:188} INFO - Downloaded AAPL/1770796510.json
[2026-02-11T08:52:48.132+0000] {logging_mixin.py:188} INFO - Downloaded AAPL/1770796521.json
[2026-02-11T08:52:48.160+0000] {logging_mixin.py:188} INFO - Downloaded AAPL/1770796531.json
[2026-02-11T08:52:48.174+0000] {logging_mixin.py:188} INFO - Downloaded AAPL/1770796541.json
[2026-02-11T08:52:48.186+0000] {logging_mixin.py:188} INFO - Downloaded AAPL/1770796552.json
[2026-02-11T08:52:48.199+0000] {logging_mixin.py:188} INFO - Downloaded AAPL/1770796562.json
[2026-02-11T08:52:48.242+0000] {logging_mixin.py:188} INFO - Downloaded AAPL/1770796573.json
[2026-02-11T08:52:48.294+0000] {logging_mixin.py:188} INFO - Downloaded AAPL/1770796584.json
[2026-02-11T08:52:48.308+0000] {logging_mixin.py:188} INFO - Downloaded AAPL/1770796595.json
[2026-02-11T08:52:48.330+0000] {logging_mixin.py:188} INFO - Downloaded AAPL/1770796606.json
[2026-02-11T08:52:48.408+0000] {logging_mixin.py:188} INFO - Downloaded AAPL/1770796618.json
[2026-02-11T08:52:48.418+0000] {logging_mixin.py:188} INFO - Downloaded AAPL/1770796628.json
[2026-02-11T08:52:48.427+0000] {logging_mixin.py:188} INFO - Downloaded AAPL/1770796640.json
[2026-02-11T08:52:48.436+0000] {logging_mixin.py:188} INFO - Downloaded AAPL/1770796650.json
[2026-02-11T08:52:48.445+0000] {logging_mixin.py:188} INFO - Downloaded AAPL/1770796661.json
[2026-02-11T08:52:48.502+0000] {logging_mixin.py:188} INFO - Downloaded AAPL/1770796672.json
[2026-02-11T08:52:48.525+0000] {logging_mixin.py:188} INFO - Downloaded AAPL/1770796682.json
[2026-02-11T08:52:48.599+0000] {logging_mixin.py:188} INFO - Downloaded AAPL/1770796693.json
[2026-02-11T08:52:48.661+0000] {logging_mixin.py:188} INFO - Downloaded AAPL/1770796703.json
[2026-02-11T08:52:48.697+0000] {logging_mixin.py:188} INFO - Downloaded AAPL/1770796714.json
[2026-02-11T08:52:48.732+0000] {logging_mixin.py:188} INFO - Downloaded AAPL/1770796724.json
[2026-02-11T08:52:48.782+0000] {logging_mixin.py:188} INFO - Downloaded AAPL/1770796735.json
[2026-02-11T08:52:48.801+0000] {logging_mixin.py:188} INFO - Downloaded AAPL/1770796746.json
[2026-02-11T08:52:48.820+0000] {logging_mixin.py:188} INFO - Downloaded AAPL/1770796757.json
[2026-02-11T08:52:48.877+0000] {logging_mixin.py:188} INFO - Downloaded AAPL/1770796768.json
[2026-02-11T08:52:48.939+0000] {logging_mixin.py:188} INFO - Downloaded AAPL/1770796780.json
[2026-02-11T08:52:48.954+0000] {logging_mixin.py:188} INFO - Downloaded AAPL/1770796790.json
[2026-02-11T08:52:48.987+0000] {logging_mixin.py:188} INFO - Downloaded AAPL/1770796801.json
[2026-02-11T08:52:49.018+0000] {logging_mixin.py:188} INFO - Downloaded AAPL/1770796813.json
[2026-02-11T08:52:49.035+0000] {logging_mixin.py:188} INFO - Downloaded AAPL/1770796823.json
[2026-02-11T08:52:49.054+0000] {logging_mixin.py:188} INFO - Downloaded AAPL/1770796834.json
[2026-02-11T08:52:49.117+0000] {logging_mixin.py:188} INFO - Downloaded AAPL/1770796844.json
[2026-02-11T08:52:49.148+0000] {logging_mixin.py:188} INFO - Downloaded AAPL/1770796855.json
[2026-02-11T08:52:49.211+0000] {logging_mixin.py:188} INFO - Downloaded AAPL/1770796866.json
[2026-02-11T08:52:49.230+0000] {logging_mixin.py:188} INFO - Downloaded AAPL/1770796877.json
[2026-02-11T08:52:49.280+0000] {logging_mixin.py:188} INFO - Downloaded AAPL/1770796887.json
[2026-02-11T08:52:49.322+0000] {logging_mixin.py:188} INFO - Downloaded AAPL/1770796898.json
[2026-02-11T08:52:49.370+0000] {logging_mixin.py:188} INFO - Downloaded AAPL/1770796909.json
[2026-02-11T08:52:49.416+0000] {logging_mixin.py:188} INFO - Downloaded AAPL/1770796920.json
[2026-02-11T08:52:49.432+0000] {logging_mixin.py:188} INFO - Downloaded AAPL/1770796930.json
[2026-02-11T08:52:49.471+0000] {logging_mixin.py:188} INFO - Downloaded AAPL/1770796943.json
[2026-02-11T08:52:49.514+0000] {logging_mixin.py:188} INFO - Downloaded AAPL/1770796954.json
[2026-02-11T08:52:49.525+0000] {logging_mixin.py:188} INFO - Downloaded AAPL/1770796965.json
[2026-02-11T08:52:49.569+0000] {logging_mixin.py:188} INFO - Downloaded AAPL/1770796976.json
[2026-02-11T08:52:49.605+0000] {logging_mixin.py:188} INFO - Downloaded AAPL/1770796987.json
[2026-02-11T08:52:49.623+0000] {logging_mixin.py:188} INFO - Downloaded AAPL/1770796998.json
[2026-02-11T08:52:49.635+0000] {logging_mixin.py:188} INFO - Downloaded AAPL/1770797047.json
[2026-02-11T08:52:49.646+0000] {logging_mixin.py:188} INFO - Downloaded AAPL/1770797059.json
[2026-02-11T08:52:49.711+0000] {logging_mixin.py:188} INFO - Downloaded AAPL/1770797069.json
[2026-02-11T08:52:49.725+0000] {logging_mixin.py:188} INFO - Downloaded AAPL/1770797082.json
[2026-02-11T08:52:49.788+0000] {logging_mixin.py:188} INFO - Downloaded AAPL/1770797095.json
[2026-02-11T08:52:49.817+0000] {logging_mixin.py:188} INFO - Downloaded AAPL/1770797106.json
[2026-02-11T08:52:49.843+0000] {logging_mixin.py:188} INFO - Downloaded AAPL/1770797117.json
[2026-02-11T08:52:49.913+0000] {logging_mixin.py:188} INFO - Downloaded AAPL/1770797128.json
[2026-02-11T08:52:49.982+0000] {logging_mixin.py:188} INFO - Downloaded AAPL/1770797139.json
[2026-02-11T08:52:50.060+0000] {logging_mixin.py:188} INFO - Downloaded AAPL/1770797149.json
[2026-02-11T08:52:50.137+0000] {logging_mixin.py:188} INFO - Downloaded AAPL/1770797159.json
[2026-02-11T08:52:50.168+0000] {logging_mixin.py:188} INFO - Downloaded AAPL/1770797171.json
[2026-02-11T08:52:50.210+0000] {logging_mixin.py:188} INFO - Downloaded AMZN/1770795804.json
[2026-02-11T08:52:50.280+0000] {logging_mixin.py:188} INFO - Downloaded AMZN/1770795815.json
[2026-02-11T08:52:50.333+0000] {logging_mixin.py:188} INFO - Downloaded AMZN/1770795825.json
[2026-02-11T08:52:50.381+0000] {logging_mixin.py:188} INFO - Downloaded AMZN/1770795836.json
[2026-02-11T08:52:50.396+0000] {logging_mixin.py:188} INFO - Downloaded AMZN/1770795847.json
[2026-02-11T08:52:50.440+0000] {logging_mixin.py:188} INFO - Downloaded AMZN/1770795857.json
[2026-02-11T08:52:50.519+0000] {logging_mixin.py:188} INFO - Downloaded AMZN/1770795868.json
[2026-02-11T08:52:50.532+0000] {logging_mixin.py:188} INFO - Downloaded AMZN/1770795882.json
[2026-02-11T08:52:50.548+0000] {logging_mixin.py:188} INFO - Downloaded AMZN/1770795892.json
[2026-02-11T08:52:50.568+0000] {logging_mixin.py:188} INFO - Downloaded AMZN/1770795903.json
[2026-02-11T08:52:50.598+0000] {logging_mixin.py:188} INFO - Downloaded AMZN/1770795913.json
[2026-02-11T08:52:50.608+0000] {logging_mixin.py:188} INFO - Downloaded AMZN/1770795924.json
[2026-02-11T08:52:50.641+0000] {logging_mixin.py:188} INFO - Downloaded AMZN/1770795935.json
[2026-02-11T08:52:50.669+0000] {logging_mixin.py:188} INFO - Downloaded AMZN/1770795945.json
[2026-02-11T08:52:50.692+0000] {logging_mixin.py:188} INFO - Downloaded AMZN/1770795955.json
[2026-02-11T08:52:50.775+0000] {logging_mixin.py:188} INFO - Downloaded AMZN/1770795966.json
[2026-02-11T08:52:50.839+0000] {logging_mixin.py:188} INFO - Downloaded AMZN/1770795977.json
[2026-02-11T08:52:51.022+0000] {logging_mixin.py:188} INFO - Downloaded AMZN/1770795988.json
[2026-02-11T08:52:51.040+0000] {logging_mixin.py:188} INFO - Downloaded AMZN/1770795999.json
[2026-02-11T08:52:51.051+0000] {logging_mixin.py:188} INFO - Downloaded AMZN/1770796009.json
[2026-02-11T08:52:51.069+0000] {logging_mixin.py:188} INFO - Downloaded AMZN/1770796020.json
[2026-02-11T08:52:51.095+0000] {logging_mixin.py:188} INFO - Downloaded AMZN/1770796031.json
[2026-02-11T08:52:51.115+0000] {logging_mixin.py:188} INFO - Downloaded AMZN/1770796041.json
[2026-02-11T08:52:51.156+0000] {logging_mixin.py:188} INFO - Downloaded AMZN/1770796052.json
[2026-02-11T08:52:51.191+0000] {logging_mixin.py:188} INFO - Downloaded AMZN/1770796062.json
[2026-02-11T08:52:51.208+0000] {logging_mixin.py:188} INFO - Downloaded AMZN/1770796072.json
[2026-02-11T08:52:51.233+0000] {logging_mixin.py:188} INFO - Downloaded AMZN/1770796084.json
[2026-02-11T08:52:51.254+0000] {logging_mixin.py:188} INFO - Downloaded AMZN/1770796095.json
[2026-02-11T08:52:51.272+0000] {logging_mixin.py:188} INFO - Downloaded AMZN/1770796106.json
[2026-02-11T08:52:51.311+0000] {logging_mixin.py:188} INFO - Downloaded AMZN/1770796116.json
[2026-02-11T08:52:51.328+0000] {logging_mixin.py:188} INFO - Downloaded AMZN/1770796126.json
[2026-02-11T08:52:51.346+0000] {logging_mixin.py:188} INFO - Downloaded AMZN/1770796136.json
[2026-02-11T08:52:51.364+0000] {logging_mixin.py:188} INFO - Downloaded AMZN/1770796149.json
[2026-02-11T08:52:51.381+0000] {logging_mixin.py:188} INFO - Downloaded AMZN/1770796159.json
[2026-02-11T08:52:51.415+0000] {logging_mixin.py:188} INFO - Downloaded AMZN/1770796171.json
[2026-02-11T08:52:51.424+0000] {logging_mixin.py:188} INFO - Downloaded AMZN/1770796181.json
[2026-02-11T08:52:51.440+0000] {logging_mixin.py:188} INFO - Downloaded AMZN/1770796192.json
[2026-02-11T08:52:51.546+0000] {logging_mixin.py:188} INFO - Downloaded AMZN/1770796204.json
[2026-02-11T08:52:51.567+0000] {logging_mixin.py:188} INFO - Downloaded AMZN/1770796215.json
[2026-02-11T08:52:51.586+0000] {logging_mixin.py:188} INFO - Downloaded AMZN/1770796226.json
[2026-02-11T08:52:51.629+0000] {logging_mixin.py:188} INFO - Downloaded AMZN/1770796236.json
[2026-02-11T08:52:51.647+0000] {logging_mixin.py:188} INFO - Downloaded AMZN/1770796247.json
[2026-02-11T08:52:51.682+0000] {logging_mixin.py:188} INFO - Downloaded AMZN/1770796257.json
[2026-02-11T08:52:51.719+0000] {logging_mixin.py:188} INFO - Downloaded AMZN/1770796268.json
[2026-02-11T08:52:51.730+0000] {logging_mixin.py:188} INFO - Downloaded AMZN/1770796279.json
[2026-02-11T08:52:51.741+0000] {logging_mixin.py:188} INFO - Downloaded AMZN/1770796290.json
[2026-02-11T08:52:51.754+0000] {logging_mixin.py:188} INFO - Downloaded AMZN/1770796300.json
[2026-02-11T08:52:51.787+0000] {logging_mixin.py:188} INFO - Downloaded AMZN/1770796311.json
[2026-02-11T08:52:51.805+0000] {logging_mixin.py:188} INFO - Downloaded AMZN/1770796321.json
[2026-02-11T08:52:51.824+0000] {logging_mixin.py:188} INFO - Downloaded AMZN/1770796332.json
[2026-02-11T08:52:51.841+0000] {logging_mixin.py:188} INFO - Downloaded AMZN/1770796343.json
[2026-02-11T08:52:51.858+0000] {logging_mixin.py:188} INFO - Downloaded AMZN/1770796353.json
[2026-02-11T08:52:51.875+0000] {logging_mixin.py:188} INFO - Downloaded AMZN/1770796364.json
[2026-02-11T08:52:51.896+0000] {logging_mixin.py:188} INFO - Downloaded AMZN/1770796375.json
[2026-02-11T08:52:51.907+0000] {logging_mixin.py:188} INFO - Downloaded AMZN/1770796385.json
[2026-02-11T08:52:51.926+0000] {logging_mixin.py:188} INFO - Downloaded AMZN/1770796396.json
[2026-02-11T08:52:51.945+0000] {logging_mixin.py:188} INFO - Downloaded AMZN/1770796406.json
[2026-02-11T08:52:51.984+0000] {logging_mixin.py:188} INFO - Downloaded AMZN/1770796417.json
[2026-02-11T08:52:52.006+0000] {logging_mixin.py:188} INFO - Downloaded AMZN/1770796428.json
[2026-02-11T08:52:52.038+0000] {logging_mixin.py:188} INFO - Downloaded AMZN/1770796438.json
[2026-02-11T08:52:52.092+0000] {logging_mixin.py:188} INFO - Downloaded AMZN/1770796450.json
[2026-02-11T08:52:52.103+0000] {logging_mixin.py:188} INFO - Downloaded AMZN/1770796460.json
[2026-02-11T08:52:52.114+0000] {logging_mixin.py:188} INFO - Downloaded AMZN/1770796471.json
[2026-02-11T08:52:52.133+0000] {logging_mixin.py:188} INFO - Downloaded AMZN/1770796481.json
[2026-02-11T08:52:52.159+0000] {logging_mixin.py:188} INFO - Downloaded AMZN/1770796492.json
[2026-02-11T08:52:52.224+0000] {logging_mixin.py:188} INFO - Downloaded AMZN/1770796503.json
[2026-02-11T08:52:52.250+0000] {logging_mixin.py:188} INFO - Downloaded AMZN/1770796514.json
[2026-02-11T08:52:52.271+0000] {logging_mixin.py:188} INFO - Downloaded AMZN/1770796524.json
[2026-02-11T08:52:52.288+0000] {logging_mixin.py:188} INFO - Downloaded AMZN/1770796534.json
[2026-02-11T08:52:52.308+0000] {logging_mixin.py:188} INFO - Downloaded AMZN/1770796545.json
[2026-02-11T08:52:52.345+0000] {logging_mixin.py:188} INFO - Downloaded AMZN/1770796555.json
[2026-02-11T08:52:52.363+0000] {logging_mixin.py:188} INFO - Downloaded AMZN/1770796566.json
[2026-02-11T08:52:52.411+0000] {logging_mixin.py:188} INFO - Downloaded AMZN/1770796577.json
[2026-02-11T08:52:52.431+0000] {logging_mixin.py:188} INFO - Downloaded AMZN/1770796588.json
[2026-02-11T08:52:52.446+0000] {logging_mixin.py:188} INFO - Downloaded AMZN/1770796599.json
[2026-02-11T08:52:52.470+0000] {logging_mixin.py:188} INFO - Downloaded AMZN/1770796611.json
[2026-02-11T08:52:52.484+0000] {logging_mixin.py:188} INFO - Downloaded AMZN/1770796621.json
[2026-02-11T08:52:52.497+0000] {logging_mixin.py:188} INFO - Downloaded AMZN/1770796633.json
[2026-02-11T08:52:52.518+0000] {logging_mixin.py:188} INFO - Downloaded AMZN/1770796643.json
[2026-02-11T08:52:52.530+0000] {logging_mixin.py:188} INFO - Downloaded AMZN/1770796654.json
[2026-02-11T08:52:52.554+0000] {logging_mixin.py:188} INFO - Downloaded AMZN/1770796665.json
[2026-02-11T08:52:52.579+0000] {logging_mixin.py:188} INFO - Downloaded AMZN/1770796675.json
[2026-02-11T08:52:52.604+0000] {logging_mixin.py:188} INFO - Downloaded AMZN/1770796686.json
[2026-02-11T08:52:52.627+0000] {logging_mixin.py:188} INFO - Downloaded AMZN/1770796696.json
[2026-02-11T08:52:52.664+0000] {logging_mixin.py:188} INFO - Downloaded AMZN/1770796707.json
[2026-02-11T08:52:52.697+0000] {logging_mixin.py:188} INFO - Downloaded AMZN/1770796717.json
[2026-02-11T08:52:52.717+0000] {logging_mixin.py:188} INFO - Downloaded AMZN/1770796728.json
[2026-02-11T08:52:52.751+0000] {logging_mixin.py:188} INFO - Downloaded AMZN/1770796739.json
[2026-02-11T08:52:52.783+0000] {logging_mixin.py:188} INFO - Downloaded AMZN/1770796750.json
[2026-02-11T08:52:52.859+0000] {logging_mixin.py:188} INFO - Downloaded AMZN/1770796762.json
[2026-02-11T08:52:52.919+0000] {logging_mixin.py:188} INFO - Downloaded AMZN/1770796773.json
[2026-02-11T08:52:52.977+0000] {logging_mixin.py:188} INFO - Downloaded AMZN/1770796783.json
[2026-02-11T08:52:53.072+0000] {logging_mixin.py:188} INFO - Downloaded AMZN/1770796794.json
[2026-02-11T08:52:53.081+0000] {logging_mixin.py:188} INFO - Downloaded AMZN/1770796806.json
[2026-02-11T08:52:53.092+0000] {logging_mixin.py:188} INFO - Downloaded AMZN/1770796817.json
[2026-02-11T08:52:53.117+0000] {logging_mixin.py:188} INFO - Downloaded AMZN/1770796827.json
[2026-02-11T08:52:53.304+0000] {logging_mixin.py:188} INFO - Downloaded AMZN/1770796837.json
[2026-02-11T08:52:53.313+0000] {logging_mixin.py:188} INFO - Downloaded AMZN/1770796848.json
[2026-02-11T08:52:53.323+0000] {logging_mixin.py:188} INFO - Downloaded AMZN/1770796859.json
[2026-02-11T08:52:53.334+0000] {logging_mixin.py:188} INFO - Downloaded AMZN/1770796870.json
[2026-02-11T08:52:53.348+0000] {logging_mixin.py:188} INFO - Downloaded AMZN/1770796880.json
[2026-02-11T08:52:53.359+0000] {logging_mixin.py:188} INFO - Downloaded AMZN/1770796891.json
[2026-02-11T08:52:53.380+0000] {logging_mixin.py:188} INFO - Downloaded AMZN/1770796901.json
[2026-02-11T08:52:53.403+0000] {logging_mixin.py:188} INFO - Downloaded AMZN/1770796913.json
[2026-02-11T08:52:53.466+0000] {logging_mixin.py:188} INFO - Downloaded AMZN/1770796924.json
[2026-02-11T08:52:53.499+0000] {logging_mixin.py:188} INFO - Downloaded AMZN/1770796937.json
[2026-02-11T08:52:53.602+0000] {logging_mixin.py:188} INFO - Downloaded AMZN/1770796947.json
[2026-02-11T08:52:53.650+0000] {logging_mixin.py:188} INFO - Downloaded AMZN/1770796958.json
[2026-02-11T08:52:53.706+0000] {logging_mixin.py:188} INFO - Downloaded AMZN/1770796969.json
[2026-02-11T08:52:53.767+0000] {logging_mixin.py:188} INFO - Downloaded AMZN/1770796980.json
[2026-02-11T08:52:53.798+0000] {logging_mixin.py:188} INFO - Downloaded AMZN/1770796991.json
[2026-02-11T08:52:53.822+0000] {logging_mixin.py:188} INFO - Downloaded AMZN/1770797002.json
[2026-02-11T08:52:53.845+0000] {logging_mixin.py:188} INFO - Downloaded AMZN/1770797039.json
[2026-02-11T08:52:53.862+0000] {logging_mixin.py:188} INFO - Downloaded AMZN/1770797052.json
[2026-02-11T08:52:53.880+0000] {logging_mixin.py:188} INFO - Downloaded AMZN/1770797062.json
[2026-02-11T08:52:53.898+0000] {logging_mixin.py:188} INFO - Downloaded AMZN/1770797074.json
[2026-02-11T08:52:53.935+0000] {logging_mixin.py:188} INFO - Downloaded AMZN/1770797088.json
[2026-02-11T08:52:53.971+0000] {logging_mixin.py:188} INFO - Downloaded AMZN/1770797099.json
[2026-02-11T08:52:53.989+0000] {logging_mixin.py:188} INFO - Downloaded AMZN/1770797110.json
[2026-02-11T08:52:54.012+0000] {logging_mixin.py:188} INFO - Downloaded AMZN/1770797121.json
[2026-02-11T08:52:54.032+0000] {logging_mixin.py:188} INFO - Downloaded AMZN/1770797132.json
[2026-02-11T08:52:54.072+0000] {logging_mixin.py:188} INFO - Downloaded AMZN/1770797142.json
[2026-02-11T08:52:54.241+0000] {logging_mixin.py:188} INFO - Downloaded AMZN/1770797152.json
[2026-02-11T08:52:54.254+0000] {logging_mixin.py:188} INFO - Downloaded AMZN/1770797164.json
[2026-02-11T08:52:54.273+0000] {logging_mixin.py:188} INFO - Downloaded AMZN/1770797175.json
[2026-02-11T08:52:54.328+0000] {logging_mixin.py:188} INFO - Downloaded GOOGL/1770795803.json
[2026-02-11T08:52:54.422+0000] {logging_mixin.py:188} INFO - Downloaded GOOGL/1770795814.json
[2026-02-11T08:52:54.543+0000] {logging_mixin.py:188} INFO - Downloaded GOOGL/1770795824.json
[2026-02-11T08:52:54.603+0000] {logging_mixin.py:188} INFO - Downloaded GOOGL/1770795835.json
[2026-02-11T08:52:54.649+0000] {logging_mixin.py:188} INFO - Downloaded GOOGL/1770795846.json
[2026-02-11T08:52:54.684+0000] {logging_mixin.py:188} INFO - Downloaded GOOGL/1770795857.json
[2026-02-11T08:52:54.723+0000] {logging_mixin.py:188} INFO - Downloaded GOOGL/1770795867.json
[2026-02-11T08:52:54.761+0000] {logging_mixin.py:188} INFO - Downloaded GOOGL/1770795879.json
[2026-02-11T08:52:54.780+0000] {logging_mixin.py:188} INFO - Downloaded GOOGL/1770795891.json
[2026-02-11T08:52:54.811+0000] {logging_mixin.py:188} INFO - Downloaded GOOGL/1770795902.json
[2026-02-11T08:52:54.859+0000] {logging_mixin.py:188} INFO - Downloaded GOOGL/1770795912.json
[2026-02-11T08:52:54.908+0000] {logging_mixin.py:188} INFO - Downloaded GOOGL/1770795923.json
[2026-02-11T08:52:55.163+0000] {logging_mixin.py:188} INFO - Downloaded GOOGL/1770795934.json
[2026-02-11T08:52:55.173+0000] {logging_mixin.py:188} INFO - Downloaded GOOGL/1770795944.json
[2026-02-11T08:52:55.231+0000] {logging_mixin.py:188} INFO - Downloaded GOOGL/1770795954.json
[2026-02-11T08:52:55.259+0000] {logging_mixin.py:188} INFO - Downloaded GOOGL/1770795965.json
[2026-02-11T08:52:55.320+0000] {logging_mixin.py:188} INFO - Downloaded GOOGL/1770795976.json
[2026-02-11T08:52:55.372+0000] {logging_mixin.py:188} INFO - Downloaded GOOGL/1770795987.json
[2026-02-11T08:52:55.404+0000] {logging_mixin.py:188} INFO - Downloaded GOOGL/1770795998.json
[2026-02-11T08:52:55.437+0000] {logging_mixin.py:188} INFO - Downloaded GOOGL/1770796008.json
[2026-02-11T08:52:55.491+0000] {logging_mixin.py:188} INFO - Downloaded GOOGL/1770796019.json
[2026-02-11T08:52:55.508+0000] {logging_mixin.py:188} INFO - Downloaded GOOGL/1770796030.json
[2026-02-11T08:52:55.571+0000] {logging_mixin.py:188} INFO - Downloaded GOOGL/1770796040.json
[2026-02-11T08:52:55.590+0000] {logging_mixin.py:188} INFO - Downloaded GOOGL/1770796051.json
[2026-02-11T08:52:55.641+0000] {logging_mixin.py:188} INFO - Downloaded GOOGL/1770796061.json
[2026-02-11T08:52:55.660+0000] {logging_mixin.py:188} INFO - Downloaded GOOGL/1770796071.json
[2026-02-11T08:52:55.671+0000] {logging_mixin.py:188} INFO - Downloaded GOOGL/1770796083.json
[2026-02-11T08:52:55.727+0000] {logging_mixin.py:188} INFO - Downloaded GOOGL/1770796094.json
[2026-02-11T08:52:55.762+0000] {logging_mixin.py:188} INFO - Downloaded GOOGL/1770796105.json
[2026-02-11T08:52:55.799+0000] {logging_mixin.py:188} INFO - Downloaded GOOGL/1770796115.json
[2026-02-11T08:52:55.815+0000] {logging_mixin.py:188} INFO - Downloaded GOOGL/1770796125.json
[2026-02-11T08:52:55.882+0000] {logging_mixin.py:188} INFO - Downloaded GOOGL/1770796136.json
[2026-02-11T08:52:55.900+0000] {logging_mixin.py:188} INFO - Downloaded GOOGL/1770796147.json
[2026-02-11T08:52:56.020+0000] {logging_mixin.py:188} INFO - Downloaded GOOGL/1770796158.json
[2026-02-11T08:52:56.047+0000] {logging_mixin.py:188} INFO - Downloaded GOOGL/1770796170.json
[2026-02-11T08:52:56.142+0000] {logging_mixin.py:188} INFO - Downloaded GOOGL/1770796180.json
[2026-02-11T08:52:56.151+0000] {logging_mixin.py:188} INFO - Downloaded GOOGL/1770796191.json
[2026-02-11T08:52:56.160+0000] {logging_mixin.py:188} INFO - Downloaded GOOGL/1770796203.json
[2026-02-11T08:52:56.173+0000] {logging_mixin.py:188} INFO - Downloaded GOOGL/1770796214.json
[2026-02-11T08:52:56.191+0000] {logging_mixin.py:188} INFO - Downloaded GOOGL/1770796225.json
[2026-02-11T08:52:56.217+0000] {logging_mixin.py:188} INFO - Downloaded GOOGL/1770796236.json
[2026-02-11T08:52:56.225+0000] {logging_mixin.py:188} INFO - Downloaded GOOGL/1770796246.json
[2026-02-11T08:52:56.282+0000] {logging_mixin.py:188} INFO - Downloaded GOOGL/1770796256.json
[2026-02-11T08:52:56.329+0000] {logging_mixin.py:188} INFO - Downloaded GOOGL/1770796267.json
[2026-02-11T08:52:56.394+0000] {logging_mixin.py:188} INFO - Downloaded GOOGL/1770796277.json
[2026-02-11T08:52:56.413+0000] {logging_mixin.py:188} INFO - Downloaded GOOGL/1770796289.json
[2026-02-11T08:52:56.430+0000] {logging_mixin.py:188} INFO - Downloaded GOOGL/1770796299.json
[2026-02-11T08:52:56.482+0000] {logging_mixin.py:188} INFO - Downloaded GOOGL/1770796310.json
[2026-02-11T08:52:56.492+0000] {logging_mixin.py:188} INFO - Downloaded GOOGL/1770796321.json
[2026-02-11T08:52:56.512+0000] {logging_mixin.py:188} INFO - Downloaded GOOGL/1770796331.json
[2026-02-11T08:52:56.530+0000] {logging_mixin.py:188} INFO - Downloaded GOOGL/1770796342.json
[2026-02-11T08:52:56.543+0000] {logging_mixin.py:188} INFO - Downloaded GOOGL/1770796352.json
[2026-02-11T08:52:56.582+0000] {logging_mixin.py:188} INFO - Downloaded GOOGL/1770796363.json
[2026-02-11T08:52:56.613+0000] {logging_mixin.py:188} INFO - Downloaded GOOGL/1770796374.json
[2026-02-11T08:52:56.631+0000] {logging_mixin.py:188} INFO - Downloaded GOOGL/1770796384.json
[2026-02-11T08:52:56.670+0000] {logging_mixin.py:188} INFO - Downloaded GOOGL/1770796395.json
[2026-02-11T08:52:56.742+0000] {logging_mixin.py:188} INFO - Downloaded GOOGL/1770796406.json
[2026-02-11T08:52:56.779+0000] {logging_mixin.py:188} INFO - Downloaded GOOGL/1770796416.json
[2026-02-11T08:52:56.835+0000] {logging_mixin.py:188} INFO - Downloaded GOOGL/1770796427.json
[2026-02-11T08:52:56.894+0000] {logging_mixin.py:188} INFO - Downloaded GOOGL/1770796438.json
[2026-02-11T08:52:56.943+0000] {logging_mixin.py:188} INFO - Downloaded GOOGL/1770796449.json
[2026-02-11T08:52:56.980+0000] {logging_mixin.py:188} INFO - Downloaded GOOGL/1770796459.json
[2026-02-11T08:52:57.014+0000] {logging_mixin.py:188} INFO - Downloaded GOOGL/1770796470.json
[2026-02-11T08:52:57.023+0000] {logging_mixin.py:188} INFO - Downloaded GOOGL/1770796480.json
[2026-02-11T08:52:57.066+0000] {logging_mixin.py:188} INFO - Downloaded GOOGL/1770796491.json
[2026-02-11T08:52:57.118+0000] {logging_mixin.py:188} INFO - Downloaded GOOGL/1770796502.json
[2026-02-11T08:52:57.182+0000] {logging_mixin.py:188} INFO - Downloaded GOOGL/1770796513.json
[2026-02-11T08:52:57.199+0000] {logging_mixin.py:188} INFO - Downloaded GOOGL/1770796523.json
[2026-02-11T08:52:57.214+0000] {logging_mixin.py:188} INFO - Downloaded GOOGL/1770796534.json
[2026-02-11T08:52:57.356+0000] {logging_mixin.py:188} INFO - Downloaded GOOGL/1770796544.json
[2026-02-11T08:52:57.375+0000] {logging_mixin.py:188} INFO - Downloaded GOOGL/1770796554.json
[2026-02-11T08:52:57.387+0000] {logging_mixin.py:188} INFO - Downloaded GOOGL/1770796565.json
[2026-02-11T08:52:57.440+0000] {logging_mixin.py:188} INFO - Downloaded GOOGL/1770796576.json
[2026-02-11T08:52:57.458+0000] {logging_mixin.py:188} INFO - Downloaded GOOGL/1770796587.json
[2026-02-11T08:52:57.595+0000] {logging_mixin.py:188} INFO - Downloaded GOOGL/1770796598.json
[2026-02-11T08:52:57.652+0000] {logging_mixin.py:188} INFO - Downloaded GOOGL/1770796610.json
[2026-02-11T08:52:57.675+0000] {logging_mixin.py:188} INFO - Downloaded GOOGL/1770796620.json
[2026-02-11T08:52:57.771+0000] {logging_mixin.py:188} INFO - Downloaded GOOGL/1770796632.json
[2026-02-11T08:52:57.780+0000] {logging_mixin.py:188} INFO - Downloaded GOOGL/1770796642.json
[2026-02-11T08:52:57.789+0000] {logging_mixin.py:188} INFO - Downloaded GOOGL/1770796653.json
[2026-02-11T08:52:57.831+0000] {logging_mixin.py:188} INFO - Downloaded GOOGL/1770796664.json
[2026-02-11T08:52:57.843+0000] {logging_mixin.py:188} INFO - Downloaded GOOGL/1770796674.json
[2026-02-11T08:52:57.892+0000] {logging_mixin.py:188} INFO - Downloaded GOOGL/1770796685.json
[2026-02-11T08:52:57.974+0000] {logging_mixin.py:188} INFO - Downloaded GOOGL/1770796696.json
[2026-02-11T08:52:58.025+0000] {logging_mixin.py:188} INFO - Downloaded GOOGL/1770796706.json
[2026-02-11T08:52:58.249+0000] {logging_mixin.py:188} INFO - Downloaded GOOGL/1770796716.json
[2026-02-11T08:52:58.567+0000] {logging_mixin.py:188} INFO - Downloaded GOOGL/1770796727.json
[2026-02-11T08:52:59.454+0000] {logging_mixin.py:188} INFO - Downloaded GOOGL/1770796738.json
[2026-02-11T08:52:59.604+0000] {logging_mixin.py:188} INFO - Downloaded GOOGL/1770796749.json
[2026-02-11T08:52:59.706+0000] {logging_mixin.py:188} INFO - Downloaded GOOGL/1770796761.json
[2026-02-11T08:52:59.770+0000] {logging_mixin.py:188} INFO - Downloaded GOOGL/1770796772.json
[2026-02-11T08:52:59.790+0000] {logging_mixin.py:188} INFO - Downloaded GOOGL/1770796783.json
[2026-02-11T08:52:59.992+0000] {logging_mixin.py:188} INFO - Downloaded GOOGL/1770796793.json
[2026-02-11T08:53:00.041+0000] {logging_mixin.py:188} INFO - Downloaded GOOGL/1770796804.json
[2026-02-11T08:53:00.140+0000] {logging_mixin.py:188} INFO - Downloaded GOOGL/1770796815.json
[2026-02-11T08:53:00.195+0000] {logging_mixin.py:188} INFO - Downloaded GOOGL/1770796826.json
[2026-02-11T08:53:00.237+0000] {logging_mixin.py:188} INFO - Downloaded GOOGL/1770796837.json
[2026-02-11T08:53:00.254+0000] {logging_mixin.py:188} INFO - Downloaded GOOGL/1770796847.json
[2026-02-11T08:53:00.273+0000] {logging_mixin.py:188} INFO - Downloaded GOOGL/1770796858.json
[2026-02-11T08:53:00.338+0000] {logging_mixin.py:188} INFO - Downloaded GOOGL/1770796869.json
[2026-02-11T08:53:00.414+0000] {logging_mixin.py:188} INFO - Downloaded GOOGL/1770796879.json
[2026-02-11T08:53:00.479+0000] {logging_mixin.py:188} INFO - Downloaded GOOGL/1770796890.json
[2026-02-11T08:53:00.561+0000] {logging_mixin.py:188} INFO - Downloaded GOOGL/1770796900.json
[2026-02-11T08:53:00.741+0000] {logging_mixin.py:188} INFO - Downloaded GOOGL/1770796912.json
[2026-02-11T08:53:00.802+0000] {logging_mixin.py:188} INFO - Downloaded GOOGL/1770796923.json
[2026-02-11T08:53:00.895+0000] {logging_mixin.py:188} INFO - Downloaded GOOGL/1770796933.json
[2026-02-11T08:53:01.063+0000] {logging_mixin.py:188} INFO - Downloaded GOOGL/1770796946.json
[2026-02-11T08:53:01.084+0000] {logging_mixin.py:188} INFO - Downloaded GOOGL/1770796957.json
[2026-02-11T08:53:01.164+0000] {logging_mixin.py:188} INFO - Downloaded GOOGL/1770796968.json
[2026-02-11T08:53:01.237+0000] {logging_mixin.py:188} INFO - Downloaded GOOGL/1770796979.json
[2026-02-11T08:53:01.340+0000] {logging_mixin.py:188} INFO - Downloaded GOOGL/1770796990.json
[2026-02-11T08:53:01.355+0000] {logging_mixin.py:188} INFO - Downloaded GOOGL/1770797001.json
[2026-02-11T08:53:01.420+0000] {logging_mixin.py:188} INFO - Downloaded GOOGL/1770797037.json
[2026-02-11T08:53:01.510+0000] {logging_mixin.py:188} INFO - Downloaded GOOGL/1770797051.json
[2026-02-11T08:53:01.576+0000] {logging_mixin.py:188} INFO - Downloaded GOOGL/1770797061.json
[2026-02-11T08:53:01.630+0000] {logging_mixin.py:188} INFO - Downloaded GOOGL/1770797072.json
[2026-02-11T08:53:01.656+0000] {logging_mixin.py:188} INFO - Downloaded GOOGL/1770797087.json
[2026-02-11T08:53:01.689+0000] {logging_mixin.py:188} INFO - Downloaded GOOGL/1770797098.json
[2026-02-11T08:53:01.764+0000] {logging_mixin.py:188} INFO - Downloaded GOOGL/1770797109.json
[2026-02-11T08:53:01.846+0000] {logging_mixin.py:188} INFO - Downloaded GOOGL/1770797120.json
[2026-02-11T08:53:01.868+0000] {logging_mixin.py:188} INFO - Downloaded GOOGL/1770797131.json
[2026-02-11T08:53:01.977+0000] {logging_mixin.py:188} INFO - Downloaded GOOGL/1770797141.json
[2026-02-11T08:53:02.060+0000] {logging_mixin.py:188} INFO - Downloaded GOOGL/1770797151.json
[2026-02-11T08:53:02.084+0000] {logging_mixin.py:188} INFO - Downloaded GOOGL/1770797163.json
[2026-02-11T08:53:02.112+0000] {logging_mixin.py:188} INFO - Downloaded GOOGL/1770797174.json
[2026-02-11T08:53:02.141+0000] {logging_mixin.py:188} INFO - Downloaded MSFT/1770795802.json
[2026-02-11T08:53:02.255+0000] {logging_mixin.py:188} INFO - Downloaded MSFT/1770795812.json
[2026-02-11T08:53:02.305+0000] {logging_mixin.py:188} INFO - Downloaded MSFT/1770795822.json
[2026-02-11T08:53:02.449+0000] {logging_mixin.py:188} INFO - Downloaded MSFT/1770795833.json
[2026-02-11T08:53:02.481+0000] {logging_mixin.py:188} INFO - Downloaded MSFT/1770795844.json
[2026-02-11T08:53:02.502+0000] {logging_mixin.py:188} INFO - Downloaded MSFT/1770795855.json
[2026-02-11T08:53:02.522+0000] {logging_mixin.py:188} INFO - Downloaded MSFT/1770795865.json
[2026-02-11T08:53:02.550+0000] {logging_mixin.py:188} INFO - Downloaded MSFT/1770795876.json
[2026-02-11T08:53:02.591+0000] {logging_mixin.py:188} INFO - Downloaded MSFT/1770795890.json
[2026-02-11T08:53:02.618+0000] {logging_mixin.py:188} INFO - Downloaded MSFT/1770795900.json
[2026-02-11T08:53:02.630+0000] {logging_mixin.py:188} INFO - Downloaded MSFT/1770795910.json
[2026-02-11T08:53:02.658+0000] {logging_mixin.py:188} INFO - Downloaded MSFT/1770795921.json
[2026-02-11T08:53:02.678+0000] {logging_mixin.py:188} INFO - Downloaded MSFT/1770795932.json
[2026-02-11T08:53:02.692+0000] {logging_mixin.py:188} INFO - Downloaded MSFT/1770795942.json
[2026-02-11T08:53:02.799+0000] {logging_mixin.py:188} INFO - Downloaded MSFT/1770795953.json
[2026-02-11T08:53:02.836+0000] {logging_mixin.py:188} INFO - Downloaded MSFT/1770795963.json
[2026-02-11T08:53:02.879+0000] {logging_mixin.py:188} INFO - Downloaded MSFT/1770795974.json
[2026-02-11T08:53:02.932+0000] {logging_mixin.py:188} INFO - Downloaded MSFT/1770795985.json
[2026-02-11T08:53:02.944+0000] {logging_mixin.py:188} INFO - Downloaded MSFT/1770795996.json
[2026-02-11T08:53:02.994+0000] {logging_mixin.py:188} INFO - Downloaded MSFT/1770796007.json
[2026-02-11T08:53:03.108+0000] {logging_mixin.py:188} INFO - Downloaded MSFT/1770796017.json
[2026-02-11T08:53:03.118+0000] {logging_mixin.py:188} INFO - Downloaded MSFT/1770796028.json
[2026-02-11T08:53:03.393+0000] {logging_mixin.py:188} INFO - Downloaded MSFT/1770796039.json
[2026-02-11T08:53:03.500+0000] {logging_mixin.py:188} INFO - Downloaded MSFT/1770796049.json
[2026-02-11T08:53:03.608+0000] {logging_mixin.py:188} INFO - Downloaded MSFT/1770796060.json
[2026-02-11T08:53:03.627+0000] {logging_mixin.py:188} INFO - Downloaded MSFT/1770796070.json
[2026-02-11T08:53:03.647+0000] {logging_mixin.py:188} INFO - Downloaded MSFT/1770796080.json
[2026-02-11T08:53:03.715+0000] {logging_mixin.py:188} INFO - Downloaded MSFT/1770796092.json
[2026-02-11T08:53:03.770+0000] {logging_mixin.py:188} INFO - Downloaded MSFT/1770796103.json
[2026-02-11T08:53:03.812+0000] {logging_mixin.py:188} INFO - Downloaded MSFT/1770796113.json
[2026-02-11T08:53:03.831+0000] {logging_mixin.py:188} INFO - Downloaded MSFT/1770796123.json
[2026-02-11T08:53:03.899+0000] {logging_mixin.py:188} INFO - Downloaded MSFT/1770796134.json
[2026-02-11T08:53:04.112+0000] {logging_mixin.py:188} INFO - Downloaded MSFT/1770796145.json
[2026-02-11T08:53:04.152+0000] {logging_mixin.py:188} INFO - Downloaded MSFT/1770796157.json
[2026-02-11T08:53:10.142+0000] {job.py:218} ERROR - Job heartbeat got an exception
Traceback (most recent call last):
  File "/home/airflow/.local/lib/python3.12/site-packages/sqlalchemy/engine/base.py", line 3371, in _wrap_pool_connect
    return fn()
           ^^^^
  File "/home/airflow/.local/lib/python3.12/site-packages/sqlalchemy/pool/base.py", line 327, in connect
    return _ConnectionFairy._checkout(self)
           ^^^^^^^^^^^^^^^^^^^^^^^^^^^^^^^^
  File "/home/airflow/.local/lib/python3.12/site-packages/sqlalchemy/pool/base.py", line 894, in _checkout
    fairy = _ConnectionRecord.checkout(pool)
            ^^^^^^^^^^^^^^^^^^^^^^^^^^^^^^^^
  File "/home/airflow/.local/lib/python3.12/site-packages/sqlalchemy/pool/base.py", line 493, in checkout
    rec = pool._do_get()
          ^^^^^^^^^^^^^^
  File "/home/airflow/.local/lib/python3.12/site-packages/sqlalchemy/pool/impl.py", line 256, in _do_get
    return self._create_connection()
           ^^^^^^^^^^^^^^^^^^^^^^^^^
  File "/home/airflow/.local/lib/python3.12/site-packages/sqlalchemy/pool/base.py", line 273, in _create_connection
    return _ConnectionRecord(self)
           ^^^^^^^^^^^^^^^^^^^^^^^
  File "/home/airflow/.local/lib/python3.12/site-packages/sqlalchemy/pool/base.py", line 388, in __init__
    self.__connect()
  File "/home/airflow/.local/lib/python3.12/site-packages/sqlalchemy/pool/base.py", line 690, in __connect
    with util.safe_reraise():
  File "/home/airflow/.local/lib/python3.12/site-packages/sqlalchemy/util/langhelpers.py", line 70, in __exit__
    compat.raise_(
  File "/home/airflow/.local/lib/python3.12/site-packages/sqlalchemy/util/compat.py", line 211, in raise_
    raise exception
  File "/home/airflow/.local/lib/python3.12/site-packages/sqlalchemy/pool/base.py", line 686, in __connect
    self.dbapi_connection = connection = pool._invoke_creator(self)
                                         ^^^^^^^^^^^^^^^^^^^^^^^^^^
  File "/home/airflow/.local/lib/python3.12/site-packages/sqlalchemy/engine/create.py", line 574, in connect
    return dialect.connect(*cargs, **cparams)
           ^^^^^^^^^^^^^^^^^^^^^^^^^^^^^^^^^^
  File "/home/airflow/.local/lib/python3.12/site-packages/sqlalchemy/engine/default.py", line 598, in connect
    return self.dbapi.connect(*cargs, **cparams)
           ^^^^^^^^^^^^^^^^^^^^^^^^^^^^^^^^^^^^^
  File "/home/airflow/.local/lib/python3.12/site-packages/psycopg2/__init__.py", line 122, in connect
    conn = _connect(dsn, connection_factory=connection_factory, **kwasync)
           ^^^^^^^^^^^^^^^^^^^^^^^^^^^^^^^^^^^^^^^^^^^^^^^^^^^^^^^^^^^^^^^
psycopg2.OperationalError: could not translate host name "postgres" to address: Temporary failure in name resolution


The above exception was the direct cause of the following exception:

Traceback (most recent call last):
  File "/home/airflow/.local/lib/python3.12/site-packages/airflow/jobs/job.py", line 213, in heartbeat
    heartbeat_callback(session)
  File "/home/airflow/.local/lib/python3.12/site-packages/airflow/utils/session.py", line 76, in wrapper
    return func(*args, **kwargs)
           ^^^^^^^^^^^^^^^^^^^^^
  File "/home/airflow/.local/lib/python3.12/site-packages/airflow/jobs/local_task_job_runner.py", line 261, in heartbeat_callback
    self.task_instance.refresh_from_db()
  File "/home/airflow/.local/lib/python3.12/site-packages/airflow/utils/session.py", line 79, in wrapper
    return func(*args, session=session, **kwargs)
           ^^^^^^^^^^^^^^^^^^^^^^^^^^^^^^^^^^^^^^
  File "/home/airflow/.local/lib/python3.12/site-packages/airflow/models/taskinstance.py", line 1821, in refresh_from_db
    _refresh_from_db(task_instance=self, session=session, lock_for_update=lock_for_update)
  File "/home/airflow/.local/lib/python3.12/site-packages/airflow/models/taskinstance.py", line 510, in _refresh_from_db
    ti = TaskInstance.get_task_instance(
         ^^^^^^^^^^^^^^^^^^^^^^^^^^^^^^^
  File "/home/airflow/.local/lib/python3.12/site-packages/airflow/api_internal/internal_api_call.py", line 115, in wrapper
    return func(*args, **kwargs)
           ^^^^^^^^^^^^^^^^^^^^^
  File "/home/airflow/.local/lib/python3.12/site-packages/airflow/utils/session.py", line 76, in wrapper
    return func(*args, **kwargs)
           ^^^^^^^^^^^^^^^^^^^^^
  File "/home/airflow/.local/lib/python3.12/site-packages/airflow/models/taskinstance.py", line 1807, in get_task_instance
    return query.one_or_none()
           ^^^^^^^^^^^^^^^^^^^
  File "/home/airflow/.local/lib/python3.12/site-packages/sqlalchemy/orm/query.py", line 2850, in one_or_none
    return self._iter().one_or_none()
           ^^^^^^^^^^^^
  File "/home/airflow/.local/lib/python3.12/site-packages/sqlalchemy/orm/query.py", line 2916, in _iter
    result = self.session.execute(
             ^^^^^^^^^^^^^^^^^^^^^
  File "/home/airflow/.local/lib/python3.12/site-packages/sqlalchemy/orm/session.py", line 1716, in execute
    conn = self._connection_for_bind(bind)
           ^^^^^^^^^^^^^^^^^^^^^^^^^^^^^^^
  File "/home/airflow/.local/lib/python3.12/site-packages/sqlalchemy/orm/session.py", line 1555, in _connection_for_bind
    return self._transaction._connection_for_bind(
           ^^^^^^^^^^^^^^^^^^^^^^^^^^^^^^^^^^^^^^^
  File "/home/airflow/.local/lib/python3.12/site-packages/sqlalchemy/orm/session.py", line 750, in _connection_for_bind
    conn = bind.connect()
           ^^^^^^^^^^^^^^
  File "/home/airflow/.local/lib/python3.12/site-packages/sqlalchemy/future/engine.py", line 412, in connect
    return super(Engine, self).connect()
           ^^^^^^^^^^^^^^^^^^^^^^^^^^^^^
  File "/home/airflow/.local/lib/python3.12/site-packages/sqlalchemy/engine/base.py", line 3325, in connect
    return self._connection_cls(self, close_with_result=close_with_result)
           ^^^^^^^^^^^^^^^^^^^^^^^^^^^^^^^^^^^^^^^^^^^^^^^^^^^^^^^^^^^^^^^
  File "/home/airflow/.local/lib/python3.12/site-packages/sqlalchemy/engine/base.py", line 96, in __init__
    else engine.raw_connection()
         ^^^^^^^^^^^^^^^^^^^^^^^
  File "/home/airflow/.local/lib/python3.12/site-packages/sqlalchemy/engine/base.py", line 3404, in raw_connection
    return self._wrap_pool_connect(self.pool.connect, _connection)
           ^^^^^^^^^^^^^^^^^^^^^^^^^^^^^^^^^^^^^^^^^^^^^^^^^^^^^^^
  File "/home/airflow/.local/lib/python3.12/site-packages/sqlalchemy/engine/base.py", line 3374, in _wrap_pool_connect
    Connection._handle_dbapi_exception_noconnection(
  File "/home/airflow/.local/lib/python3.12/site-packages/sqlalchemy/engine/base.py", line 2208, in _handle_dbapi_exception_noconnection
    util.raise_(
  File "/home/airflow/.local/lib/python3.12/site-packages/sqlalchemy/util/compat.py", line 211, in raise_
    raise exception
  File "/home/airflow/.local/lib/python3.12/site-packages/sqlalchemy/engine/base.py", line 3371, in _wrap_pool_connect
    return fn()
           ^^^^
  File "/home/airflow/.local/lib/python3.12/site-packages/sqlalchemy/pool/base.py", line 327, in connect
    return _ConnectionFairy._checkout(self)
           ^^^^^^^^^^^^^^^^^^^^^^^^^^^^^^^^
  File "/home/airflow/.local/lib/python3.12/site-packages/sqlalchemy/pool/base.py", line 894, in _checkout
    fairy = _ConnectionRecord.checkout(pool)
            ^^^^^^^^^^^^^^^^^^^^^^^^^^^^^^^^
  File "/home/airflow/.local/lib/python3.12/site-packages/sqlalchemy/pool/base.py", line 493, in checkout
    rec = pool._do_get()
          ^^^^^^^^^^^^^^
  File "/home/airflow/.local/lib/python3.12/site-packages/sqlalchemy/pool/impl.py", line 256, in _do_get
    return self._create_connection()
           ^^^^^^^^^^^^^^^^^^^^^^^^^
  File "/home/airflow/.local/lib/python3.12/site-packages/sqlalchemy/pool/base.py", line 273, in _create_connection
    return _ConnectionRecord(self)
           ^^^^^^^^^^^^^^^^^^^^^^^
  File "/home/airflow/.local/lib/python3.12/site-packages/sqlalchemy/pool/base.py", line 388, in __init__
    self.__connect()
  File "/home/airflow/.local/lib/python3.12/site-packages/sqlalchemy/pool/base.py", line 690, in __connect
    with util.safe_reraise():
  File "/home/airflow/.local/lib/python3.12/site-packages/sqlalchemy/util/langhelpers.py", line 70, in __exit__
    compat.raise_(
  File "/home/airflow/.local/lib/python3.12/site-packages/sqlalchemy/util/compat.py", line 211, in raise_
    raise exception
  File "/home/airflow/.local/lib/python3.12/site-packages/sqlalchemy/pool/base.py", line 686, in __connect
    self.dbapi_connection = connection = pool._invoke_creator(self)
                                         ^^^^^^^^^^^^^^^^^^^^^^^^^^
  File "/home/airflow/.local/lib/python3.12/site-packages/sqlalchemy/engine/create.py", line 574, in connect
    return dialect.connect(*cargs, **cparams)
           ^^^^^^^^^^^^^^^^^^^^^^^^^^^^^^^^^^
  File "/home/airflow/.local/lib/python3.12/site-packages/sqlalchemy/engine/default.py", line 598, in connect
    return self.dbapi.connect(*cargs, **cparams)
           ^^^^^^^^^^^^^^^^^^^^^^^^^^^^^^^^^^^^^
  File "/home/airflow/.local/lib/python3.12/site-packages/psycopg2/__init__.py", line 122, in connect
    conn = _connect(dsn, connection_factory=connection_factory, **kwasync)
           ^^^^^^^^^^^^^^^^^^^^^^^^^^^^^^^^^^^^^^^^^^^^^^^^^^^^^^^^^^^^^^^
sqlalchemy.exc.OperationalError: (psycopg2.OperationalError) could not translate host name "postgres" to address: Temporary failure in name resolution

(Background on this error at: https://sqlalche.me/e/14/e3q8)
[2026-02-11T08:53:12.226+0000] {job.py:226} ERROR - Job heartbeat failed with error. Scheduler is in unhealthy state
[2026-02-11T08:53:16.126+0000] {logging_mixin.py:188} INFO - Downloaded MSFT/1770796167.json
[2026-02-11T08:53:16.236+0000] {logging_mixin.py:188} INFO - Downloaded MSFT/1770796179.json
[2026-02-11T08:53:16.361+0000] {logging_mixin.py:188} INFO - Downloaded MSFT/1770796189.json
[2026-02-11T08:53:16.395+0000] {logging_mixin.py:188} INFO - Downloaded MSFT/1770796201.json
[2026-02-11T08:53:16.434+0000] {logging_mixin.py:188} INFO - Downloaded MSFT/1770796212.json
[2026-02-11T08:53:16.527+0000] {logging_mixin.py:188} INFO - Downloaded MSFT/1770796223.json
[2026-02-11T08:53:16.566+0000] {logging_mixin.py:188} INFO - Downloaded MSFT/1770796234.json
[2026-02-11T08:53:16.603+0000] {logging_mixin.py:188} INFO - Downloaded MSFT/1770796244.json
[2026-02-11T08:53:16.620+0000] {logging_mixin.py:188} INFO - Downloaded MSFT/1770796254.json
[2026-02-11T08:53:16.639+0000] {logging_mixin.py:188} INFO - Downloaded MSFT/1770796265.json
[2026-02-11T08:53:16.717+0000] {logging_mixin.py:188} INFO - Downloaded MSFT/1770796276.json
[2026-02-11T08:53:16.760+0000] {logging_mixin.py:188} INFO - Downloaded MSFT/1770796287.json
[2026-02-11T08:53:16.829+0000] {logging_mixin.py:188} INFO - Downloaded MSFT/1770796297.json
[2026-02-11T08:53:16.847+0000] {logging_mixin.py:188} INFO - Downloaded MSFT/1770796308.json
[2026-02-11T08:53:16.907+0000] {logging_mixin.py:188} INFO - Downloaded MSFT/1770796319.json
[2026-02-11T08:53:16.989+0000] {logging_mixin.py:188} INFO - Downloaded MSFT/1770796329.json
[2026-02-11T08:53:17.010+0000] {logging_mixin.py:188} INFO - Downloaded MSFT/1770796340.json
[2026-02-11T08:53:17.064+0000] {logging_mixin.py:188} INFO - Downloaded MSFT/1770796351.json
[2026-02-11T08:53:17.101+0000] {logging_mixin.py:188} INFO - Downloaded MSFT/1770796361.json
[2026-02-11T08:53:17.113+0000] {logging_mixin.py:188} INFO - Downloaded MSFT/1770796372.json
[2026-02-11T08:53:17.191+0000] {logging_mixin.py:188} INFO - Downloaded MSFT/1770796382.json
[2026-02-11T08:53:17.268+0000] {logging_mixin.py:188} INFO - Downloaded MSFT/1770796393.json
[2026-02-11T08:53:17.285+0000] {logging_mixin.py:188} INFO - Downloaded MSFT/1770796403.json
[2026-02-11T08:53:17.306+0000] {logging_mixin.py:188} INFO - Downloaded MSFT/1770796414.json
[2026-02-11T08:53:17.320+0000] {logging_mixin.py:188} INFO - Downloaded MSFT/1770796425.json
[2026-02-11T08:53:17.351+0000] {logging_mixin.py:188} INFO - Downloaded MSFT/1770796435.json
[2026-02-11T08:53:17.393+0000] {logging_mixin.py:188} INFO - Downloaded MSFT/1770796446.json
[2026-02-11T08:53:17.489+0000] {logging_mixin.py:188} INFO - Downloaded MSFT/1770796457.json
[2026-02-11T08:53:17.636+0000] {logging_mixin.py:188} INFO - Downloaded MSFT/1770796468.json
[2026-02-11T08:53:17.646+0000] {logging_mixin.py:188} INFO - Downloaded MSFT/1770796478.json
[2026-02-11T08:53:17.677+0000] {logging_mixin.py:188} INFO - Downloaded MSFT/1770796489.json
[2026-02-11T08:53:17.742+0000] {logging_mixin.py:188} INFO - Downloaded MSFT/1770796500.json
[2026-02-11T08:53:17.847+0000] {logging_mixin.py:188} INFO - Downloaded MSFT/1770796511.json
[2026-02-11T08:53:17.915+0000] {logging_mixin.py:188} INFO - Downloaded MSFT/1770796521.json
[2026-02-11T08:53:17.933+0000] {logging_mixin.py:188} INFO - Downloaded MSFT/1770796532.json
[2026-02-11T08:53:17.944+0000] {logging_mixin.py:188} INFO - Downloaded MSFT/1770796542.json
[2026-02-11T08:53:18.009+0000] {logging_mixin.py:188} INFO - Downloaded MSFT/1770796553.json
[2026-02-11T08:53:18.091+0000] {logging_mixin.py:188} INFO - Downloaded MSFT/1770796563.json
[2026-02-11T08:53:18.115+0000] {logging_mixin.py:188} INFO - Downloaded MSFT/1770796574.json
[2026-02-11T08:53:18.153+0000] {logging_mixin.py:188} INFO - Downloaded MSFT/1770796585.json
[2026-02-11T08:53:18.186+0000] {logging_mixin.py:188} INFO - Downloaded MSFT/1770796596.json
[2026-02-11T08:53:18.253+0000] {logging_mixin.py:188} INFO - Downloaded MSFT/1770796607.json
[2026-02-11T08:53:18.310+0000] {logging_mixin.py:188} INFO - Downloaded MSFT/1770796619.json
[2026-02-11T08:53:18.454+0000] {logging_mixin.py:188} INFO - Downloaded MSFT/1770796629.json
[2026-02-11T08:53:18.520+0000] {logging_mixin.py:188} INFO - Downloaded MSFT/1770796640.json
[2026-02-11T08:53:18.678+0000] {logging_mixin.py:188} INFO - Downloaded MSFT/1770796651.json
[2026-02-11T08:53:18.687+0000] {logging_mixin.py:188} INFO - Downloaded MSFT/1770796662.json
[2026-02-11T08:53:18.750+0000] {logging_mixin.py:188} INFO - Downloaded MSFT/1770796672.json
[2026-02-11T08:53:18.773+0000] {logging_mixin.py:188} INFO - Downloaded MSFT/1770796683.json
[2026-02-11T08:53:18.824+0000] {logging_mixin.py:188} INFO - Downloaded MSFT/1770796694.json
[2026-02-11T08:53:18.843+0000] {logging_mixin.py:188} INFO - Downloaded MSFT/1770796704.json
[2026-02-11T08:53:18.898+0000] {logging_mixin.py:188} INFO - Downloaded MSFT/1770796714.json
[2026-02-11T08:53:18.963+0000] {logging_mixin.py:188} INFO - Downloaded MSFT/1770796725.json
[2026-02-11T08:53:19.012+0000] {logging_mixin.py:188} INFO - Downloaded MSFT/1770796736.json
[2026-02-11T08:53:19.032+0000] {logging_mixin.py:188} INFO - Downloaded MSFT/1770796747.json
[2026-02-11T08:53:19.125+0000] {logging_mixin.py:188} INFO - Downloaded MSFT/1770796758.json
[2026-02-11T08:53:19.192+0000] {logging_mixin.py:188} INFO - Downloaded MSFT/1770796770.json
[2026-02-11T08:53:19.261+0000] {logging_mixin.py:188} INFO - Downloaded MSFT/1770796780.json
[2026-02-11T08:53:19.278+0000] {logging_mixin.py:188} INFO - Downloaded MSFT/1770796791.json
[2026-02-11T08:53:19.300+0000] {logging_mixin.py:188} INFO - Downloaded MSFT/1770796802.json
[2026-02-11T08:53:19.365+0000] {logging_mixin.py:188} INFO - Downloaded MSFT/1770796814.json
[2026-02-11T08:53:19.419+0000] {logging_mixin.py:188} INFO - Downloaded MSFT/1770796824.json
[2026-02-11T08:53:19.473+0000] {logging_mixin.py:188} INFO - Downloaded MSFT/1770796835.json
[2026-02-11T08:53:19.553+0000] {logging_mixin.py:188} INFO - Downloaded MSFT/1770796845.json
[2026-02-11T08:53:19.573+0000] {logging_mixin.py:188} INFO - Downloaded MSFT/1770796856.json
[2026-02-11T08:53:19.650+0000] {logging_mixin.py:188} INFO - Downloaded MSFT/1770796867.json
[2026-02-11T08:53:19.684+0000] {logging_mixin.py:188} INFO - Downloaded MSFT/1770796878.json
[2026-02-11T08:53:19.707+0000] {logging_mixin.py:188} INFO - Downloaded MSFT/1770796888.json
[2026-02-11T08:53:19.790+0000] {logging_mixin.py:188} INFO - Downloaded MSFT/1770796899.json
[2026-02-11T08:53:19.812+0000] {logging_mixin.py:188} INFO - Downloaded MSFT/1770796910.json
[2026-02-11T08:53:19.827+0000] {logging_mixin.py:188} INFO - Downloaded MSFT/1770796921.json
[2026-02-11T08:53:19.876+0000] {logging_mixin.py:188} INFO - Downloaded MSFT/1770796932.json
[2026-02-11T08:53:19.922+0000] {logging_mixin.py:188} INFO - Downloaded MSFT/1770796944.json
[2026-02-11T08:53:19.952+0000] {logging_mixin.py:188} INFO - Downloaded MSFT/1770796955.json
[2026-02-11T08:53:19.970+0000] {logging_mixin.py:188} INFO - Downloaded MSFT/1770796966.json
[2026-02-11T08:53:20.013+0000] {logging_mixin.py:188} INFO - Downloaded MSFT/1770796977.json
[2026-02-11T08:53:20.074+0000] {logging_mixin.py:188} INFO - Downloaded MSFT/1770796988.json
[2026-02-11T08:53:20.093+0000] {logging_mixin.py:188} INFO - Downloaded MSFT/1770796999.json
[2026-02-11T08:53:20.130+0000] {logging_mixin.py:188} INFO - Downloaded MSFT/1770797048.json
[2026-02-11T08:53:20.181+0000] {logging_mixin.py:188} INFO - Downloaded MSFT/1770797059.json
[2026-02-11T08:53:20.244+0000] {logging_mixin.py:188} INFO - Downloaded MSFT/1770797071.json
[2026-02-11T08:53:20.342+0000] {logging_mixin.py:188} INFO - Downloaded MSFT/1770797083.json
[2026-02-11T08:53:20.403+0000] {logging_mixin.py:188} INFO - Downloaded MSFT/1770797096.json
[2026-02-11T08:53:20.414+0000] {logging_mixin.py:188} INFO - Downloaded MSFT/1770797107.json
[2026-02-11T08:53:20.440+0000] {logging_mixin.py:188} INFO - Downloaded MSFT/1770797118.json
[2026-02-11T08:53:20.472+0000] {logging_mixin.py:188} INFO - Downloaded MSFT/1770797129.json
[2026-02-11T08:53:20.535+0000] {logging_mixin.py:188} INFO - Downloaded MSFT/1770797139.json
[2026-02-11T08:53:20.577+0000] {logging_mixin.py:188} INFO - Downloaded MSFT/1770797150.json
[2026-02-11T08:53:20.627+0000] {logging_mixin.py:188} INFO - Downloaded MSFT/1770797161.json
[2026-02-11T08:53:20.645+0000] {logging_mixin.py:188} INFO - Downloaded MSFT/1770797172.json
[2026-02-11T08:53:20.770+0000] {logging_mixin.py:188} INFO - Downloaded TSLA/1770795803.json
[2026-02-11T08:53:20.819+0000] {logging_mixin.py:188} INFO - Downloaded TSLA/1770795813.json
[2026-02-11T08:53:20.835+0000] {logging_mixin.py:188} INFO - Downloaded TSLA/1770795823.json
[2026-02-11T08:53:20.858+0000] {logging_mixin.py:188} INFO - Downloaded TSLA/1770795834.json
[2026-02-11T08:53:20.891+0000] {logging_mixin.py:188} INFO - Downloaded TSLA/1770795845.json
[2026-02-11T08:53:20.917+0000] {logging_mixin.py:188} INFO - Downloaded TSLA/1770795856.json
[2026-02-11T08:53:20.935+0000] {logging_mixin.py:188} INFO - Downloaded TSLA/1770795866.json
[2026-02-11T08:53:20.991+0000] {logging_mixin.py:188} INFO - Downloaded TSLA/1770795878.json
[2026-02-11T08:53:21.030+0000] {logging_mixin.py:188} INFO - Downloaded TSLA/1770795891.json
[2026-02-11T08:53:21.113+0000] {logging_mixin.py:188} INFO - Downloaded TSLA/1770795901.json
[2026-02-11T08:53:21.149+0000] {logging_mixin.py:188} INFO - Downloaded TSLA/1770795911.json
[2026-02-11T08:53:21.184+0000] {logging_mixin.py:188} INFO - Downloaded TSLA/1770795922.json
[2026-02-11T08:53:21.252+0000] {logging_mixin.py:188} INFO - Downloaded TSLA/1770795933.json
[2026-02-11T08:53:21.275+0000] {logging_mixin.py:188} INFO - Downloaded TSLA/1770795943.json
[2026-02-11T08:53:21.304+0000] {logging_mixin.py:188} INFO - Downloaded TSLA/1770795953.json
[2026-02-11T08:53:21.356+0000] {logging_mixin.py:188} INFO - Downloaded TSLA/1770795964.json
[2026-02-11T08:53:21.435+0000] {logging_mixin.py:188} INFO - Downloaded TSLA/1770795975.json
[2026-02-11T08:53:21.548+0000] {logging_mixin.py:188} INFO - Downloaded TSLA/1770795986.json
[2026-02-11T08:53:21.568+0000] {logging_mixin.py:188} INFO - Downloaded TSLA/1770795997.json
[2026-02-11T08:53:21.641+0000] {logging_mixin.py:188} INFO - Downloaded TSLA/1770796007.json
[2026-02-11T08:53:21.660+0000] {logging_mixin.py:188} INFO - Downloaded TSLA/1770796018.json
[2026-02-11T08:53:21.709+0000] {logging_mixin.py:188} INFO - Downloaded TSLA/1770796029.json
[2026-02-11T08:53:21.746+0000] {logging_mixin.py:188} INFO - Downloaded TSLA/1770796039.json
[2026-02-11T08:53:21.764+0000] {logging_mixin.py:188} INFO - Downloaded TSLA/1770796050.json
[2026-02-11T08:53:21.799+0000] {logging_mixin.py:188} INFO - Downloaded TSLA/1770796060.json
[2026-02-11T08:53:21.835+0000] {logging_mixin.py:188} INFO - Downloaded TSLA/1770796071.json
[2026-02-11T08:53:21.897+0000] {logging_mixin.py:188} INFO - Downloaded TSLA/1770796081.json
[2026-02-11T08:53:21.912+0000] {logging_mixin.py:188} INFO - Downloaded TSLA/1770796093.json
[2026-02-11T08:53:21.928+0000] {logging_mixin.py:188} INFO - Downloaded TSLA/1770796104.json
[2026-02-11T08:53:21.964+0000] {logging_mixin.py:188} INFO - Downloaded TSLA/1770796114.json
[2026-02-11T08:53:22.001+0000] {logging_mixin.py:188} INFO - Downloaded TSLA/1770796124.json
[2026-02-11T08:53:22.019+0000] {logging_mixin.py:188} INFO - Downloaded TSLA/1770796135.json
[2026-02-11T08:53:22.053+0000] {logging_mixin.py:188} INFO - Downloaded TSLA/1770796146.json
[2026-02-11T08:53:22.078+0000] {logging_mixin.py:188} INFO - Downloaded TSLA/1770796157.json
[2026-02-11T08:53:22.693+0000] {logging_mixin.py:188} INFO - Downloaded TSLA/1770796169.json
[2026-02-11T08:53:22.718+0000] {logging_mixin.py:188} INFO - Downloaded TSLA/1770796180.json
[2026-02-11T08:53:22.795+0000] {logging_mixin.py:188} INFO - Downloaded TSLA/1770796190.json
[2026-02-11T08:53:22.830+0000] {logging_mixin.py:188} INFO - Downloaded TSLA/1770796202.json
[2026-02-11T08:53:22.848+0000] {logging_mixin.py:188} INFO - Downloaded TSLA/1770796213.json
[2026-02-11T08:53:22.865+0000] {logging_mixin.py:188} INFO - Downloaded TSLA/1770796224.json
[2026-02-11T08:53:22.884+0000] {logging_mixin.py:188} INFO - Downloaded TSLA/1770796235.json
[2026-02-11T08:53:22.904+0000] {logging_mixin.py:188} INFO - Downloaded TSLA/1770796245.json
[2026-02-11T08:53:22.997+0000] {logging_mixin.py:188} INFO - Downloaded TSLA/1770796255.json
[2026-02-11T08:53:23.007+0000] {logging_mixin.py:188} INFO - Downloaded TSLA/1770796266.json
[2026-02-11T08:53:23.028+0000] {logging_mixin.py:188} INFO - Downloaded TSLA/1770796277.json
[2026-02-11T08:53:23.102+0000] {logging_mixin.py:188} INFO - Downloaded TSLA/1770796288.json
[2026-02-11T08:53:23.124+0000] {logging_mixin.py:188} INFO - Downloaded TSLA/1770796298.json
[2026-02-11T08:53:23.142+0000] {logging_mixin.py:188} INFO - Downloaded TSLA/1770796309.json
[2026-02-11T08:53:23.180+0000] {logging_mixin.py:188} INFO - Downloaded TSLA/1770796320.json
[2026-02-11T08:53:23.224+0000] {logging_mixin.py:188} INFO - Downloaded TSLA/1770796330.json
[2026-02-11T08:53:23.264+0000] {logging_mixin.py:188} INFO - Downloaded TSLA/1770796341.json
[2026-02-11T08:53:23.274+0000] {logging_mixin.py:188} INFO - Downloaded TSLA/1770796352.json
[2026-02-11T08:53:23.308+0000] {logging_mixin.py:188} INFO - Downloaded TSLA/1770796362.json
[2026-02-11T08:53:23.329+0000] {logging_mixin.py:188} INFO - Downloaded TSLA/1770796373.json
[2026-02-11T08:53:23.359+0000] {logging_mixin.py:188} INFO - Downloaded TSLA/1770796383.json
[2026-02-11T08:53:23.472+0000] {logging_mixin.py:188} INFO - Downloaded TSLA/1770796394.json
[2026-02-11T08:53:23.524+0000] {logging_mixin.py:188} INFO - Downloaded TSLA/1770796404.json
[2026-02-11T08:53:23.541+0000] {logging_mixin.py:188} INFO - Downloaded TSLA/1770796415.json
[2026-02-11T08:53:23.555+0000] {logging_mixin.py:188} INFO - Downloaded TSLA/1770796426.json
[2026-02-11T08:53:23.582+0000] {logging_mixin.py:188} INFO - Downloaded TSLA/1770796437.json
[2026-02-11T08:53:23.608+0000] {logging_mixin.py:188} INFO - Downloaded TSLA/1770796448.json
[2026-02-11T08:53:23.630+0000] {logging_mixin.py:188} INFO - Downloaded TSLA/1770796458.json
[2026-02-11T08:53:23.662+0000] {logging_mixin.py:188} INFO - Downloaded TSLA/1770796469.json
[2026-02-11T08:53:23.688+0000] {logging_mixin.py:188} INFO - Downloaded TSLA/1770796479.json
[2026-02-11T08:53:23.701+0000] {logging_mixin.py:188} INFO - Downloaded TSLA/1770796490.json
[2026-02-11T08:53:23.715+0000] {logging_mixin.py:188} INFO - Downloaded TSLA/1770796501.json
[2026-02-11T08:53:23.768+0000] {logging_mixin.py:188} INFO - Downloaded TSLA/1770796512.json
[2026-02-11T08:53:23.785+0000] {logging_mixin.py:188} INFO - Downloaded TSLA/1770796522.json
[2026-02-11T08:53:23.821+0000] {logging_mixin.py:188} INFO - Downloaded TSLA/1770796533.json
[2026-02-11T08:53:23.846+0000] {logging_mixin.py:188} INFO - Downloaded TSLA/1770796543.json
[2026-02-11T08:53:23.869+0000] {logging_mixin.py:188} INFO - Downloaded TSLA/1770796553.json
[2026-02-11T08:53:23.882+0000] {logging_mixin.py:188} INFO - Downloaded TSLA/1770796564.json
[2026-02-11T08:53:23.906+0000] {logging_mixin.py:188} INFO - Downloaded TSLA/1770796575.json
[2026-02-11T08:53:23.960+0000] {logging_mixin.py:188} INFO - Downloaded TSLA/1770796586.json
[2026-02-11T08:53:24.030+0000] {logging_mixin.py:188} INFO - Downloaded TSLA/1770796597.json
[2026-02-11T08:53:24.052+0000] {logging_mixin.py:188} INFO - Downloaded TSLA/1770796609.json
[2026-02-11T08:53:24.074+0000] {logging_mixin.py:188} INFO - Downloaded TSLA/1770796619.json
[2026-02-11T08:53:24.096+0000] {logging_mixin.py:188} INFO - Downloaded TSLA/1770796630.json
[2026-02-11T08:53:24.121+0000] {logging_mixin.py:188} INFO - Downloaded TSLA/1770796641.json
[2026-02-11T08:53:24.212+0000] {logging_mixin.py:188} INFO - Downloaded TSLA/1770796652.json
[2026-02-11T08:53:24.232+0000] {logging_mixin.py:188} INFO - Downloaded TSLA/1770796663.json
[2026-02-11T08:53:24.269+0000] {logging_mixin.py:188} INFO - Downloaded TSLA/1770796673.json
[2026-02-11T08:53:24.320+0000] {logging_mixin.py:188} INFO - Downloaded TSLA/1770796684.json
[2026-02-11T08:53:24.337+0000] {logging_mixin.py:188} INFO - Downloaded TSLA/1770796695.json
[2026-02-11T08:53:24.352+0000] {logging_mixin.py:188} INFO - Downloaded TSLA/1770796705.json
[2026-02-11T08:53:24.380+0000] {logging_mixin.py:188} INFO - Downloaded TSLA/1770796715.json
[2026-02-11T08:53:24.419+0000] {logging_mixin.py:188} INFO - Downloaded TSLA/1770796726.json
[2026-02-11T08:53:24.437+0000] {logging_mixin.py:188} INFO - Downloaded TSLA/1770796737.json
[2026-02-11T08:53:24.471+0000] {logging_mixin.py:188} INFO - Downloaded TSLA/1770796748.json
[2026-02-11T08:53:24.500+0000] {logging_mixin.py:188} INFO - Downloaded TSLA/1770796760.json
[2026-02-11T08:53:24.529+0000] {logging_mixin.py:188} INFO - Downloaded TSLA/1770796771.json
[2026-02-11T08:53:24.719+0000] {logging_mixin.py:188} INFO - Downloaded TSLA/1770796781.json
[2026-02-11T08:53:24.822+0000] {logging_mixin.py:188} INFO - Downloaded TSLA/1770796792.json
[2026-02-11T08:53:24.968+0000] {logging_mixin.py:188} INFO - Downloaded TSLA/1770796803.json
[2026-02-11T08:53:25.018+0000] {logging_mixin.py:188} INFO - Downloaded TSLA/1770796814.json
[2026-02-11T08:53:25.106+0000] {logging_mixin.py:188} INFO - Downloaded TSLA/1770796825.json
[2026-02-11T08:53:25.141+0000] {logging_mixin.py:188} INFO - Downloaded TSLA/1770796836.json
[2026-02-11T08:53:25.237+0000] {logging_mixin.py:188} INFO - Downloaded TSLA/1770796846.json
[2026-02-11T08:53:25.250+0000] {logging_mixin.py:188} INFO - Downloaded TSLA/1770796857.json
[2026-02-11T08:53:25.259+0000] {logging_mixin.py:188} INFO - Downloaded TSLA/1770796868.json
[2026-02-11T08:53:25.280+0000] {logging_mixin.py:188} INFO - Downloaded TSLA/1770796878.json
[2026-02-11T08:53:25.291+0000] {logging_mixin.py:188} INFO - Downloaded TSLA/1770796889.json
[2026-02-11T08:53:25.308+0000] {logging_mixin.py:188} INFO - Downloaded TSLA/1770796899.json
[2026-02-11T08:53:25.327+0000] {logging_mixin.py:188} INFO - Downloaded TSLA/1770796911.json
[2026-02-11T08:53:25.399+0000] {logging_mixin.py:188} INFO - Downloaded TSLA/1770796922.json
[2026-02-11T08:53:25.468+0000] {logging_mixin.py:188} INFO - Downloaded TSLA/1770796932.json
[2026-02-11T08:53:25.483+0000] {logging_mixin.py:188} INFO - Downloaded TSLA/1770796945.json
[2026-02-11T08:53:25.506+0000] {logging_mixin.py:188} INFO - Downloaded TSLA/1770796956.json
[2026-02-11T08:53:25.580+0000] {logging_mixin.py:188} INFO - Downloaded TSLA/1770796967.json
[2026-02-11T08:53:25.647+0000] {logging_mixin.py:188} INFO - Downloaded TSLA/1770796978.json
[2026-02-11T08:53:25.683+0000] {logging_mixin.py:188} INFO - Downloaded TSLA/1770796989.json
[2026-02-11T08:53:25.716+0000] {logging_mixin.py:188} INFO - Downloaded TSLA/1770797000.json
[2026-02-11T08:53:25.751+0000] {logging_mixin.py:188} INFO - Downloaded TSLA/1770797035.json
[2026-02-11T08:53:25.823+0000] {logging_mixin.py:188} INFO - Downloaded TSLA/1770797049.json
[2026-02-11T08:53:25.847+0000] {logging_mixin.py:188} INFO - Downloaded TSLA/1770797060.json
[2026-02-11T08:53:25.875+0000] {logging_mixin.py:188} INFO - Downloaded TSLA/1770797072.json
[2026-02-11T08:53:25.885+0000] {logging_mixin.py:188} INFO - Downloaded TSLA/1770797085.json
[2026-02-11T08:53:25.922+0000] {logging_mixin.py:188} INFO - Downloaded TSLA/1770797097.json
[2026-02-11T08:53:26.014+0000] {logging_mixin.py:188} INFO - Downloaded TSLA/1770797108.json
[2026-02-11T08:53:26.079+0000] {logging_mixin.py:188} INFO - Downloaded TSLA/1770797119.json
[2026-02-11T08:53:26.151+0000] {logging_mixin.py:188} INFO - Downloaded TSLA/1770797130.json
[2026-02-11T08:53:26.229+0000] {logging_mixin.py:188} INFO - Downloaded TSLA/1770797140.json
[2026-02-11T08:53:26.240+0000] {logging_mixin.py:188} INFO - Downloaded TSLA/1770797151.json
[2026-02-11T08:53:26.254+0000] {logging_mixin.py:188} INFO - Downloaded TSLA/1770797162.json
[2026-02-11T08:53:26.268+0000] {logging_mixin.py:188} INFO - Downloaded TSLA/1770797173.json
[2026-02-11T08:53:26.293+0000] {python.py:237} INFO - Done. Returned value was: ['/opt/***/data/minio/1770795801.json', '/opt/***/data/minio/1770795811.json', '/opt/***/data/minio/1770795821.json', '/opt/***/data/minio/1770795832.json', '/opt/***/data/minio/1770795843.json', '/opt/***/data/minio/1770795854.json', '/opt/***/data/minio/1770795864.json', '/opt/***/data/minio/1770795875.json', '/opt/***/data/minio/1770795889.json', '/opt/***/data/minio/1770795899.json', '/opt/***/data/minio/1770795910.json', '/opt/***/data/minio/1770795920.json', '/opt/***/data/minio/1770795931.json', '/opt/***/data/minio/1770795942.json', '/opt/***/data/minio/1770795952.json', '/opt/***/data/minio/1770795962.json', '/opt/***/data/minio/1770795973.json', '/opt/***/data/minio/1770795984.json', '/opt/***/data/minio/1770795995.json', '/opt/***/data/minio/1770796006.json', '/opt/***/data/minio/1770796016.json', '/opt/***/data/minio/1770796027.json', '/opt/***/data/minio/1770796038.json', '/opt/***/data/minio/1770796048.json', '/opt/***/data/minio/1770796059.json', '/opt/***/data/minio/1770796069.json', '/opt/***/data/minio/1770796079.json', '/opt/***/data/minio/1770796091.json', '/opt/***/data/minio/1770796102.json', '/opt/***/data/minio/1770796113.json', '/opt/***/data/minio/1770796123.json', '/opt/***/data/minio/1770796133.json', '/opt/***/data/minio/1770796143.json', '/opt/***/data/minio/1770796156.json', '/opt/***/data/minio/1770796166.json', '/opt/***/data/minio/1770796178.json', '/opt/***/data/minio/1770796188.json', '/opt/***/data/minio/1770796200.json', '/opt/***/data/minio/1770796211.json', '/opt/***/data/minio/1770796222.json', '/opt/***/data/minio/1770796233.json', '/opt/***/data/minio/1770796243.json', '/opt/***/data/minio/1770796253.json', '/opt/***/data/minio/1770796264.json', '/opt/***/data/minio/1770796275.json', '/opt/***/data/minio/1770796286.json', '/opt/***/data/minio/1770796297.json', '/opt/***/data/minio/1770796307.json', '/opt/***/data/minio/1770796318.json', '/opt/***/data/minio/1770796328.json', '/opt/***/data/minio/1770796339.json', '/opt/***/data/minio/1770796350.json', '/opt/***/data/minio/1770796360.json', '/opt/***/data/minio/1770796371.json', '/opt/***/data/minio/1770796381.json', '/opt/***/data/minio/1770796392.json', '/opt/***/data/minio/1770796402.json', '/opt/***/data/minio/1770796413.json', '/opt/***/data/minio/1770796424.json', '/opt/***/data/minio/1770796435.json', '/opt/***/data/minio/1770796446.json', '/opt/***/data/minio/1770796456.json', '/opt/***/data/minio/1770796467.json', '/opt/***/data/minio/1770796478.json', '/opt/***/data/minio/1770796488.json', '/opt/***/data/minio/1770796499.json', '/opt/***/data/minio/1770796510.json', '/opt/***/data/minio/1770796521.json', '/opt/***/data/minio/1770796531.json', '/opt/***/data/minio/1770796541.json', '/opt/***/data/minio/1770796552.json', '/opt/***/data/minio/1770796562.json', '/opt/***/data/minio/1770796573.json', '/opt/***/data/minio/1770796584.json', '/opt/***/data/minio/1770796595.json', '/opt/***/data/minio/1770796606.json', '/opt/***/data/minio/1770796618.json', '/opt/***/data/minio/1770796628.json', '/opt/***/data/minio/1770796640.json', '/opt/***/data/minio/1770796650.json', '/opt/***/data/minio/1770796661.json', '/opt/***/data/minio/1770796672.json', '/opt/***/data/minio/1770796682.json', '/opt/***/data/minio/1770796693.json', '/opt/***/data/minio/1770796703.json', '/opt/***/data/minio/1770796714.json', '/opt/***/data/minio/1770796724.json', '/opt/***/data/minio/1770796735.json', '/opt/***/data/minio/1770796746.json', '/opt/***/data/minio/1770796757.json', '/opt/***/data/minio/1770796768.json', '/opt/***/data/minio/1770796780.json', '/opt/***/data/minio/1770796790.json', '/opt/***/data/minio/1770796801.json', '/opt/***/data/minio/1770796813.json', '/opt/***/data/minio/1770796823.json', '/opt/***/data/minio/1770796834.json', '/opt/***/data/minio/1770796844.json', '/opt/***/data/minio/1770796855.json', '/opt/***/data/minio/1770796866.json', '/opt/***/data/minio/1770796877.json', '/opt/***/data/minio/1770796887.json', '/opt/***/data/minio/1770796898.json', '/opt/***/data/minio/1770796909.json', '/opt/***/data/minio/1770796920.json', '/opt/***/data/minio/1770796930.json', '/opt/***/data/minio/1770796943.json', '/opt/***/data/minio/1770796954.json', '/opt/***/data/minio/1770796965.json', '/opt/***/data/minio/1770796976.json', '/opt/***/data/minio/1770796987.json', '/opt/***/data/minio/1770796998.json', '/opt/***/data/minio/1770797047.json', '/opt/***/data/minio/1770797059.json', '/opt/***/data/minio/1770797069.json', '/opt/***/data/minio/1770797082.json', '/opt/***/data/minio/1770797095.json', '/opt/***/data/minio/1770797106.json', '/opt/***/data/minio/1770797117.json', '/opt/***/data/minio/1770797128.json', '/opt/***/data/minio/1770797139.json', '/opt/***/data/minio/1770797149.json', '/opt/***/data/minio/1770797159.json', '/opt/***/data/minio/1770797171.json', '/opt/***/data/minio/1770795804.json', '/opt/***/data/minio/1770795815.json', '/opt/***/data/minio/1770795825.json', '/opt/***/data/minio/1770795836.json', '/opt/***/data/minio/1770795847.json', '/opt/***/data/minio/1770795857.json', '/opt/***/data/minio/1770795868.json', '/opt/***/data/minio/1770795882.json', '/opt/***/data/minio/1770795892.json', '/opt/***/data/minio/1770795903.json', '/opt/***/data/minio/1770795913.json', '/opt/***/data/minio/1770795924.json', '/opt/***/data/minio/1770795935.json', '/opt/***/data/minio/1770795945.json', '/opt/***/data/minio/1770795955.json', '/opt/***/data/minio/1770795966.json', '/opt/***/data/minio/1770795977.json', '/opt/***/data/minio/1770795988.json', '/opt/***/data/minio/1770795999.json', '/opt/***/data/minio/1770796009.json', '/opt/***/data/minio/1770796020.json', '/opt/***/data/minio/1770796031.json', '/opt/***/data/minio/1770796041.json', '/opt/***/data/minio/1770796052.json', '/opt/***/data/minio/1770796062.json', '/opt/***/data/minio/1770796072.json', '/opt/***/data/minio/1770796084.json', '/opt/***/data/minio/1770796095.json', '/opt/***/data/minio/1770796106.json', '/opt/***/data/minio/1770796116.json', '/opt/***/data/minio/1770796126.json', '/opt/***/data/minio/1770796136.json', '/opt/***/data/minio/1770796149.json', '/opt/***/data/minio/1770796159.json', '/opt/***/data/minio/1770796171.json', '/opt/***/data/minio/1770796181.json', '/opt/***/data/minio/1770796192.json', '/opt/***/data/minio/1770796204.json', '/opt/***/data/minio/1770796215.json', '/opt/***/data/minio/1770796226.json', '/opt/***/data/minio/1770796236.json', '/opt/***/data/minio/1770796247.json', '/opt/***/data/minio/1770796257.json', '/opt/***/data/minio/1770796268.json', '/opt/***/data/minio/1770796279.json', '/opt/***/data/minio/1770796290.json', '/opt/***/data/minio/1770796300.json', '/opt/***/data/minio/1770796311.json', '/opt/***/data/minio/1770796321.json', '/opt/***/data/minio/1770796332.json', '/opt/***/data/minio/1770796343.json', '/opt/***/data/minio/1770796353.json', '/opt/***/data/minio/1770796364.json', '/opt/***/data/minio/1770796375.json', '/opt/***/data/minio/1770796385.json', '/opt/***/data/minio/1770796396.json', '/opt/***/data/minio/1770796406.json', '/opt/***/data/minio/1770796417.json', '/opt/***/data/minio/1770796428.json', '/opt/***/data/minio/1770796438.json', '/opt/***/data/minio/1770796450.json', '/opt/***/data/minio/1770796460.json', '/opt/***/data/minio/1770796471.json', '/opt/***/data/minio/1770796481.json', '/opt/***/data/minio/1770796492.json', '/opt/***/data/minio/1770796503.json', '/opt/***/data/minio/1770796514.json', '/opt/***/data/minio/1770796524.json', '/opt/***/data/minio/1770796534.json', '/opt/***/data/minio/1770796545.json', '/opt/***/data/minio/1770796555.json', '/opt/***/data/minio/1770796566.json', '/opt/***/data/minio/1770796577.json', '/opt/***/data/minio/1770796588.json', '/opt/***/data/minio/1770796599.json', '/opt/***/data/minio/1770796611.json', '/opt/***/data/minio/1770796621.json', '/opt/***/data/minio/1770796633.json', '/opt/***/data/minio/1770796643.json', '/opt/***/data/minio/1770796654.json', '/opt/***/data/minio/1770796665.json', '/opt/***/data/minio/1770796675.json', '/opt/***/data/minio/1770796686.json', '/opt/***/data/minio/1770796696.json', '/opt/***/data/minio/1770796707.json', '/opt/***/data/minio/1770796717.json', '/opt/***/data/minio/1770796728.json', '/opt/***/data/minio/1770796739.json', '/opt/***/data/minio/1770796750.json', '/opt/***/data/minio/1770796762.json', '/opt/***/data/minio/1770796773.json', '/opt/***/data/minio/1770796783.json', '/opt/***/data/minio/1770796794.json', '/opt/***/data/minio/1770796806.json', '/opt/***/data/minio/1770796817.json', '/opt/***/data/minio/1770796827.json', '/opt/***/data/minio/1770796837.json', '/opt/***/data/minio/1770796848.json', '/opt/***/data/minio/1770796859.json', '/opt/***/data/minio/1770796870.json', '/opt/***/data/minio/1770796880.json', '/opt/***/data/minio/1770796891.json', '/opt/***/data/minio/1770796901.json', '/opt/***/data/minio/1770796913.json', '/opt/***/data/minio/1770796924.json', '/opt/***/data/minio/1770796937.json', '/opt/***/data/minio/1770796947.json', '/opt/***/data/minio/1770796958.json', '/opt/***/data/minio/1770796969.json', '/opt/***/data/minio/1770796980.json', '/opt/***/data/minio/1770796991.json', '/opt/***/data/minio/1770797002.json', '/opt/***/data/minio/1770797039.json', '/opt/***/data/minio/1770797052.json', '/opt/***/data/minio/1770797062.json', '/opt/***/data/minio/1770797074.json', '/opt/***/data/minio/1770797088.json', '/opt/***/data/minio/1770797099.json', '/opt/***/data/minio/1770797110.json', '/opt/***/data/minio/1770797121.json', '/opt/***/data/minio/1770797132.json', '/opt/***/data/minio/1770797142.json', '/opt/***/data/minio/1770797152.json', '/opt/***/data/minio/1770797164.json', '/opt/***/data/minio/1770797175.json', '/opt/***/data/minio/1770795803.json', '/opt/***/data/minio/1770795814.json', '/opt/***/data/minio/1770795824.json', '/opt/***/data/minio/1770795835.json', '/opt/***/data/minio/1770795846.json', '/opt/***/data/minio/1770795857.json', '/opt/***/data/minio/1770795867.json', '/opt/***/data/minio/1770795879.json', '/opt/***/data/minio/1770795891.json', '/opt/***/data/minio/1770795902.json', '/opt/***/data/minio/1770795912.json', '/opt/***/data/minio/1770795923.json', '/opt/***/data/minio/1770795934.json', '/opt/***/data/minio/1770795944.json', '/opt/***/data/minio/1770795954.json', '/opt/***/data/minio/1770795965.json', '/opt/***/data/minio/1770795976.json', '/opt/***/data/minio/1770795987.json', '/opt/***/data/minio/1770795998.json', '/opt/***/data/minio/1770796008.json', '/opt/***/data/minio/1770796019.json', '/opt/***/data/minio/1770796030.json', '/opt/***/data/minio/1770796040.json', '/opt/***/data/minio/1770796051.json', '/opt/***/data/minio/1770796061.json', '/opt/***/data/minio/1770796071.json', '/opt/***/data/minio/1770796083.json', '/opt/***/data/minio/1770796094.json', '/opt/***/data/minio/1770796105.json', '/opt/***/data/minio/1770796115.json', '/opt/***/data/minio/1770796125.json', '/opt/***/data/minio/1770796136.json', '/opt/***/data/minio/1770796147.json', '/opt/***/data/minio/1770796158.json', '/opt/***/data/minio/1770796170.json', '/opt/***/data/minio/1770796180.json', '/opt/***/data/minio/1770796191.json', '/opt/***/data/minio/1770796203.json', '/opt/***/data/minio/1770796214.json', '/opt/***/data/minio/1770796225.json', '/opt/***/data/minio/1770796236.json', '/opt/***/data/minio/1770796246.json', '/opt/***/data/minio/1770796256.json', '/opt/***/data/minio/1770796267.json', '/opt/***/data/minio/1770796277.json', '/opt/***/data/minio/1770796289.json', '/opt/***/data/minio/1770796299.json', '/opt/***/data/minio/1770796310.json', '/opt/***/data/minio/1770796321.json', '/opt/***/data/minio/1770796331.json', '/opt/***/data/minio/1770796342.json', '/opt/***/data/minio/1770796352.json', '/opt/***/data/minio/1770796363.json', '/opt/***/data/minio/1770796374.json', '/opt/***/data/minio/1770796384.json', '/opt/***/data/minio/1770796395.json', '/opt/***/data/minio/1770796406.json', '/opt/***/data/minio/1770796416.json', '/opt/***/data/minio/1770796427.json', '/opt/***/data/minio/1770796438.json', '/opt/***/data/minio/1770796449.json', '/opt/***/data/minio/1770796459.json', '/opt/***/data/minio/1770796470.json', '/opt/***/data/minio/1770796480.json', '/opt/***/data/minio/1770796491.json', '/opt/***/data/minio/1770796502.json', '/opt/***/data/minio/1770796513.json', '/opt/***/data/minio/1770796523.json', '/opt/***/data/minio/1770796534.json', '/opt/***/data/minio/1770796544.json', '/opt/***/data/minio/1770796554.json', '/opt/***/data/minio/1770796565.json', '/opt/***/data/minio/1770796576.json', '/opt/***/data/minio/1770796587.json', '/opt/***/data/minio/1770796598.json', '/opt/***/data/minio/1770796610.json', '/opt/***/data/minio/1770796620.json', '/opt/***/data/minio/1770796632.json', '/opt/***/data/minio/1770796642.json', '/opt/***/data/minio/1770796653.json', '/opt/***/data/minio/1770796664.json', '/opt/***/data/minio/1770796674.json', '/opt/***/data/minio/1770796685.json', '/opt/***/data/minio/1770796696.json', '/opt/***/data/minio/1770796706.json', '/opt/***/data/minio/1770796716.json', '/opt/***/data/minio/1770796727.json', '/opt/***/data/minio/1770796738.json', '/opt/***/data/minio/1770796749.json', '/opt/***/data/minio/1770796761.json', '/opt/***/data/minio/1770796772.json', '/opt/***/data/minio/1770796783.json', '/opt/***/data/minio/1770796793.json', '/opt/***/data/minio/1770796804.json', '/opt/***/data/minio/1770796815.json', '/opt/***/data/minio/1770796826.json', '/opt/***/data/minio/1770796837.json', '/opt/***/data/minio/1770796847.json', '/opt/***/data/minio/1770796858.json', '/opt/***/data/minio/1770796869.json', '/opt/***/data/minio/1770796879.json', '/opt/***/data/minio/1770796890.json', '/opt/***/data/minio/1770796900.json', '/opt/***/data/minio/1770796912.json', '/opt/***/data/minio/1770796923.json', '/opt/***/data/minio/1770796933.json', '/opt/***/data/minio/1770796946.json', '/opt/***/data/minio/1770796957.json', '/opt/***/data/minio/1770796968.json', '/opt/***/data/minio/1770796979.json', '/opt/***/data/minio/1770796990.json', '/opt/***/data/minio/1770797001.json', '/opt/***/data/minio/1770797037.json', '/opt/***/data/minio/1770797051.json', '/opt/***/data/minio/1770797061.json', '/opt/***/data/minio/1770797072.json', '/opt/***/data/minio/1770797087.json', '/opt/***/data/minio/1770797098.json', '/opt/***/data/minio/1770797109.json', '/opt/***/data/minio/1770797120.json', '/opt/***/data/minio/1770797131.json', '/opt/***/data/minio/1770797141.json', '/opt/***/data/minio/1770797151.json', '/opt/***/data/minio/1770797163.json', '/opt/***/data/minio/1770797174.json', '/opt/***/data/minio/1770795802.json', '/opt/***/data/minio/1770795812.json', '/opt/***/data/minio/1770795822.json', '/opt/***/data/minio/1770795833.json', '/opt/***/data/minio/1770795844.json', '/opt/***/data/minio/1770795855.json', '/opt/***/data/minio/1770795865.json', '/opt/***/data/minio/1770795876.json', '/opt/***/data/minio/1770795890.json', '/opt/***/data/minio/1770795900.json', '/opt/***/data/minio/1770795910.json', '/opt/***/data/minio/1770795921.json', '/opt/***/data/minio/1770795932.json', '/opt/***/data/minio/1770795942.json', '/opt/***/data/minio/1770795953.json', '/opt/***/data/minio/1770795963.json', '/opt/***/data/minio/1770795974.json', '/opt/***/data/minio/1770795985.json', '/opt/***/data/minio/1770795996.json', '/opt/***/data/minio/1770796007.json', '/opt/***/data/minio/1770796017.json', '/opt/***/data/minio/1770796028.json', '/opt/***/data/minio/1770796039.json', '/opt/***/data/minio/1770796049.json', '/opt/***/data/minio/1770796060.json', '/opt/***/data/minio/1770796070.json', '/opt/***/data/minio/1770796080.json', '/opt/***/data/minio/1770796092.json', '/opt/***/data/minio/1770796103.json', '/opt/***/data/minio/1770796113.json', '/opt/***/data/minio/1770796123.json', '/opt/***/data/minio/1770796134.json', '/opt/***/data/minio/1770796145.json', '/opt/***/data/minio/1770796157.json', '/opt/***/data/minio/1770796167.json', '/opt/***/data/minio/1770796179.json', '/opt/***/data/minio/1770796189.json', '/opt/***/data/minio/1770796201.json', '/opt/***/data/minio/1770796212.json', '/opt/***/data/minio/1770796223.json', '/opt/***/data/minio/1770796234.json', '/opt/***/data/minio/1770796244.json', '/opt/***/data/minio/1770796254.json', '/opt/***/data/minio/1770796265.json', '/opt/***/data/minio/1770796276.json', '/opt/***/data/minio/1770796287.json', '/opt/***/data/minio/1770796297.json', '/opt/***/data/minio/1770796308.json', '/opt/***/data/minio/1770796319.json', '/opt/***/data/minio/1770796329.json', '/opt/***/data/minio/1770796340.json', '/opt/***/data/minio/1770796351.json', '/opt/***/data/minio/1770796361.json', '/opt/***/data/minio/1770796372.json', '/opt/***/data/minio/1770796382.json', '/opt/***/data/minio/1770796393.json', '/opt/***/data/minio/1770796403.json', '/opt/***/data/minio/1770796414.json', '/opt/***/data/minio/1770796425.json', '/opt/***/data/minio/1770796435.json', '/opt/***/data/minio/1770796446.json', '/opt/***/data/minio/1770796457.json', '/opt/***/data/minio/1770796468.json', '/opt/***/data/minio/1770796478.json', '/opt/***/data/minio/1770796489.json', '/opt/***/data/minio/1770796500.json', '/opt/***/data/minio/1770796511.json', '/opt/***/data/minio/1770796521.json', '/opt/***/data/minio/1770796532.json', '/opt/***/data/minio/1770796542.json', '/opt/***/data/minio/1770796553.json', '/opt/***/data/minio/1770796563.json', '/opt/***/data/minio/1770796574.json', '/opt/***/data/minio/1770796585.json', '/opt/***/data/minio/1770796596.json', '/opt/***/data/minio/1770796607.json', '/opt/***/data/minio/1770796619.json', '/opt/***/data/minio/1770796629.json', '/opt/***/data/minio/1770796640.json', '/opt/***/data/minio/1770796651.json', '/opt/***/data/minio/1770796662.json', '/opt/***/data/minio/1770796672.json', '/opt/***/data/minio/1770796683.json', '/opt/***/data/minio/1770796694.json', '/opt/***/data/minio/1770796704.json', '/opt/***/data/minio/1770796714.json', '/opt/***/data/minio/1770796725.json', '/opt/***/data/minio/1770796736.json', '/opt/***/data/minio/1770796747.json', '/opt/***/data/minio/1770796758.json', '/opt/***/data/minio/1770796770.json', '/opt/***/data/minio/1770796780.json', '/opt/***/data/minio/1770796791.json', '/opt/***/data/minio/1770796802.json', '/opt/***/data/minio/1770796814.json', '/opt/***/data/minio/1770796824.json', '/opt/***/data/minio/1770796835.json', '/opt/***/data/minio/1770796845.json', '/opt/***/data/minio/1770796856.json', '/opt/***/data/minio/1770796867.json', '/opt/***/data/minio/1770796878.json', '/opt/***/data/minio/1770796888.json', '/opt/***/data/minio/1770796899.json', '/opt/***/data/minio/1770796910.json', '/opt/***/data/minio/1770796921.json', '/opt/***/data/minio/1770796932.json', '/opt/***/data/minio/1770796944.json', '/opt/***/data/minio/1770796955.json', '/opt/***/data/minio/1770796966.json', '/opt/***/data/minio/1770796977.json', '/opt/***/data/minio/1770796988.json', '/opt/***/data/minio/1770796999.json', '/opt/***/data/minio/1770797048.json', '/opt/***/data/minio/1770797059.json', '/opt/***/data/minio/1770797071.json', '/opt/***/data/minio/1770797083.json', '/opt/***/data/minio/1770797096.json', '/opt/***/data/minio/1770797107.json', '/opt/***/data/minio/1770797118.json', '/opt/***/data/minio/1770797129.json', '/opt/***/data/minio/1770797139.json', '/opt/***/data/minio/1770797150.json', '/opt/***/data/minio/1770797161.json', '/opt/***/data/minio/1770797172.json', '/opt/***/data/minio/1770795803.json', '/opt/***/data/minio/1770795813.json', '/opt/***/data/minio/1770795823.json', '/opt/***/data/minio/1770795834.json', '/opt/***/data/minio/1770795845.json', '/opt/***/data/minio/1770795856.json', '/opt/***/data/minio/1770795866.json', '/opt/***/data/minio/1770795878.json', '/opt/***/data/minio/1770795891.json', '/opt/***/data/minio/1770795901.json', '/opt/***/data/minio/1770795911.json', '/opt/***/data/minio/1770795922.json', '/opt/***/data/minio/1770795933.json', '/opt/***/data/minio/1770795943.json', '/opt/***/data/minio/1770795953.json', '/opt/***/data/minio/1770795964.json', '/opt/***/data/minio/1770795975.json', '/opt/***/data/minio/1770795986.json', '/opt/***/data/minio/1770795997.json', '/opt/***/data/minio/1770796007.json', '/opt/***/data/minio/1770796018.json', '/opt/***/data/minio/1770796029.json', '/opt/***/data/minio/1770796039.json', '/opt/***/data/minio/1770796050.json', '/opt/***/data/minio/1770796060.json', '/opt/***/data/minio/1770796071.json', '/opt/***/data/minio/1770796081.json', '/opt/***/data/minio/1770796093.json', '/opt/***/data/minio/1770796104.json', '/opt/***/data/minio/1770796114.json', '/opt/***/data/minio/1770796124.json', '/opt/***/data/minio/1770796135.json', '/opt/***/data/minio/1770796146.json', '/opt/***/data/minio/1770796157.json', '/opt/***/data/minio/1770796169.json', '/opt/***/data/minio/1770796180.json', '/opt/***/data/minio/1770796190.json', '/opt/***/data/minio/1770796202.json', '/opt/***/data/minio/1770796213.json', '/opt/***/data/minio/1770796224.json', '/opt/***/data/minio/1770796235.json', '/opt/***/data/minio/1770796245.json', '/opt/***/data/minio/1770796255.json', '/opt/***/data/minio/1770796266.json', '/opt/***/data/minio/1770796277.json', '/opt/***/data/minio/1770796288.json', '/opt/***/data/minio/1770796298.json', '/opt/***/data/minio/1770796309.json', '/opt/***/data/minio/1770796320.json', '/opt/***/data/minio/1770796330.json', '/opt/***/data/minio/1770796341.json', '/opt/***/data/minio/1770796352.json', '/opt/***/data/minio/1770796362.json', '/opt/***/data/minio/1770796373.json', '/opt/***/data/minio/1770796383.json', '/opt/***/data/minio/1770796394.json', '/opt/***/data/minio/1770796404.json', '/opt/***/data/minio/1770796415.json', '/opt/***/data/minio/1770796426.json', '/opt/***/data/minio/1770796437.json', '/opt/***/data/minio/1770796448.json', '/opt/***/data/minio/1770796458.json', '/opt/***/data/minio/1770796469.json', '/opt/***/data/minio/1770796479.json', '/opt/***/data/minio/1770796490.json', '/opt/***/data/minio/1770796501.json', '/opt/***/data/minio/1770796512.json', '/opt/***/data/minio/1770796522.json', '/opt/***/data/minio/1770796533.json', '/opt/***/data/minio/1770796543.json', '/opt/***/data/minio/1770796553.json', '/opt/***/data/minio/1770796564.json', '/opt/***/data/minio/1770796575.json', '/opt/***/data/minio/1770796586.json', '/opt/***/data/minio/1770796597.json', '/opt/***/data/minio/1770796609.json', '/opt/***/data/minio/1770796619.json', '/opt/***/data/minio/1770796630.json', '/opt/***/data/minio/1770796641.json', '/opt/***/data/minio/1770796652.json', '/opt/***/data/minio/1770796663.json', '/opt/***/data/minio/1770796673.json', '/opt/***/data/minio/1770796684.json', '/opt/***/data/minio/1770796695.json', '/opt/***/data/minio/1770796705.json', '/opt/***/data/minio/1770796715.json', '/opt/***/data/minio/1770796726.json', '/opt/***/data/minio/1770796737.json', '/opt/***/data/minio/1770796748.json', '/opt/***/data/minio/1770796760.json', '/opt/***/data/minio/1770796771.json', '/opt/***/data/minio/1770796781.json', '/opt/***/data/minio/1770796792.json', '/opt/***/data/minio/1770796803.json', '/opt/***/data/minio/1770796814.json', '/opt/***/data/minio/1770796825.json', '/opt/***/data/minio/1770796836.json', '/opt/***/data/minio/1770796846.json', '/opt/***/data/minio/1770796857.json', '/opt/***/data/minio/1770796868.json', '/opt/***/data/minio/1770796878.json', '/opt/***/data/minio/1770796889.json', '/opt/***/data/minio/1770796899.json', '/opt/***/data/minio/1770796911.json', '/opt/***/data/minio/1770796922.json', '/opt/***/data/minio/1770796932.json', '/opt/***/data/minio/1770796945.json', '/opt/***/data/minio/1770796956.json', '/opt/***/data/minio/1770796967.json', '/opt/***/data/minio/1770796978.json', '/opt/***/data/minio/1770796989.json', '/opt/***/data/minio/1770797000.json', '/opt/***/data/minio/1770797035.json', '/opt/***/data/minio/1770797049.json', '/opt/***/data/minio/1770797060.json', '/opt/***/data/minio/1770797072.json', '/opt/***/data/minio/1770797085.json', '/opt/***/data/minio/1770797097.json', '/opt/***/data/minio/1770797108.json', '/opt/***/data/minio/1770797119.json', '/opt/***/data/minio/1770797130.json', '/opt/***/data/minio/1770797140.json', '/opt/***/data/minio/1770797151.json', '/opt/***/data/minio/1770797162.json', '/opt/***/data/minio/1770797173.json']
[2026-02-11T08:53:26.310+0000] {taskinstance.py:441} INFO - ::group::Post task execution logs
[2026-02-11T08:53:26.378+0000] {taskinstance.py:1206} INFO - Marking task as SUCCESS. dag_id=minio_to_snowflake, task_id=download_minio, run_id=scheduled__2026-02-11T08:45:00+00:00, execution_date=20260211T084500, start_date=20260211T085205, end_date=20260211T085326
[2026-02-11T08:53:26.430+0000] {local_task_job_runner.py:243} INFO - Task exited with return code 0
[2026-02-11T08:53:26.471+0000] {taskinstance.py:3503} INFO - 1 downstream tasks scheduled from follow-on schedule check
[2026-02-11T08:53:26.474+0000] {local_task_job_runner.py:222} INFO - ::endgroup::
